<?xml version="1.0"?>
<link_info>
   <banner>TMS320C2000 Linker PC v15.12.3.LTS</banner>
   <copyright>Copyright (c) 1996-2015 Texas Instruments Incorporated</copyright>
   <link_time>0x5dce3fd4</link_time>
   <link_errors>0x0</link_errors>
   <output_file>GaitRehabiltationRobot_MODE2_MODE3(20190812).out</output_file>
   <entry_point>
      <name>_c_int00</name>
      <address>0x33a5ca</address>
   </entry_point>
   <input_file_list>
      <input_file id="fl-2">
         <path>.\</path>
         <kind>object</kind>
         <file>DSP2833x_ADC_cal.obj</file>
         <name>DSP2833x_ADC_cal.obj</name>
      </input_file>
      <input_file id="fl-3">
         <path>.\</path>
         <kind>object</kind>
         <file>DSP2833x_Adc.obj</file>
         <name>DSP2833x_Adc.obj</name>
      </input_file>
      <input_file id="fl-4">
         <path>.\</path>
         <kind>object</kind>
         <file>DSP2833x_CSMPasswords.obj</file>
         <name>DSP2833x_CSMPasswords.obj</name>
      </input_file>
      <input_file id="fl-5">
         <path>.\</path>
         <kind>object</kind>
         <file>DSP2833x_CodeStartBranch.obj</file>
         <name>DSP2833x_CodeStartBranch.obj</name>
      </input_file>
      <input_file id="fl-6">
         <path>.\</path>
         <kind>object</kind>
         <file>DSP2833x_CpuTimers.obj</file>
         <name>DSP2833x_CpuTimers.obj</name>
      </input_file>
      <input_file id="fl-7">
         <path>.\</path>
         <kind>object</kind>
         <file>DSP2833x_DBGIER.obj</file>
         <name>DSP2833x_DBGIER.obj</name>
      </input_file>
      <input_file id="fl-8">
         <path>.\</path>
         <kind>object</kind>
         <file>DSP2833x_DMA.obj</file>
         <name>DSP2833x_DMA.obj</name>
      </input_file>
      <input_file id="fl-9">
         <path>.\</path>
         <kind>object</kind>
         <file>DSP2833x_DefaultIsr.obj</file>
         <name>DSP2833x_DefaultIsr.obj</name>
      </input_file>
      <input_file id="fl-a">
         <path>.\</path>
         <kind>object</kind>
         <file>DSP2833x_DisInt.obj</file>
         <name>DSP2833x_DisInt.obj</name>
      </input_file>
      <input_file id="fl-b">
         <path>.\</path>
         <kind>object</kind>
         <file>DSP2833x_ECan.obj</file>
         <name>DSP2833x_ECan.obj</name>
      </input_file>
      <input_file id="fl-c">
         <path>.\</path>
         <kind>object</kind>
         <file>DSP2833x_ECap.obj</file>
         <name>DSP2833x_ECap.obj</name>
      </input_file>
      <input_file id="fl-d">
         <path>.\</path>
         <kind>object</kind>
         <file>DSP2833x_EPwm.obj</file>
         <name>DSP2833x_EPwm.obj</name>
      </input_file>
      <input_file id="fl-e">
         <path>.\</path>
         <kind>object</kind>
         <file>DSP2833x_EQep.obj</file>
         <name>DSP2833x_EQep.obj</name>
      </input_file>
      <input_file id="fl-f">
         <path>.\</path>
         <kind>object</kind>
         <file>DSP2833x_GlobalVariableDefs.obj</file>
         <name>DSP2833x_GlobalVariableDefs.obj</name>
      </input_file>
      <input_file id="fl-10">
         <path>.\</path>
         <kind>object</kind>
         <file>DSP2833x_Gpio.obj</file>
         <name>DSP2833x_Gpio.obj</name>
      </input_file>
      <input_file id="fl-11">
         <path>.\</path>
         <kind>object</kind>
         <file>DSP2833x_I2C.obj</file>
         <name>DSP2833x_I2C.obj</name>
      </input_file>
      <input_file id="fl-12">
         <path>.\</path>
         <kind>object</kind>
         <file>DSP2833x_Mcbsp.obj</file>
         <name>DSP2833x_Mcbsp.obj</name>
      </input_file>
      <input_file id="fl-13">
         <path>.\</path>
         <kind>object</kind>
         <file>DSP2833x_MemCopy.obj</file>
         <name>DSP2833x_MemCopy.obj</name>
      </input_file>
      <input_file id="fl-14">
         <path>.\</path>
         <kind>object</kind>
         <file>DSP2833x_PieCtrl.obj</file>
         <name>DSP2833x_PieCtrl.obj</name>
      </input_file>
      <input_file id="fl-15">
         <path>.\</path>
         <kind>object</kind>
         <file>DSP2833x_PieVect.obj</file>
         <name>DSP2833x_PieVect.obj</name>
      </input_file>
      <input_file id="fl-16">
         <path>.\</path>
         <kind>object</kind>
         <file>DSP2833x_Sci.obj</file>
         <name>DSP2833x_Sci.obj</name>
      </input_file>
      <input_file id="fl-17">
         <path>.\</path>
         <kind>object</kind>
         <file>DSP2833x_Spi.obj</file>
         <name>DSP2833x_Spi.obj</name>
      </input_file>
      <input_file id="fl-18">
         <path>.\</path>
         <kind>object</kind>
         <file>DSP2833x_SysCtrl.obj</file>
         <name>DSP2833x_SysCtrl.obj</name>
      </input_file>
      <input_file id="fl-19">
         <path>.\</path>
         <kind>object</kind>
         <file>DSP2833x_Xintf.obj</file>
         <name>DSP2833x_Xintf.obj</name>
      </input_file>
      <input_file id="fl-1a">
         <path>.\</path>
         <kind>object</kind>
         <file>DSP2833x_usDelay.obj</file>
         <name>DSP2833x_usDelay.obj</name>
      </input_file>
      <input_file id="fl-1b">
         <path>.\</path>
         <kind>object</kind>
         <file>main.obj</file>
         <name>main.obj</name>
      </input_file>
      <input_file id="fl-26">
         <path>C:\ti\ccsv6\tools\compiler\c2000_15.12.3.LTS\lib\</path>
         <kind>archive</kind>
         <file>rts2800_fpu32.lib</file>
         <name>atof.obj</name>
      </input_file>
      <input_file id="fl-27">
         <path>C:\ti\ccsv6\tools\compiler\c2000_15.12.3.LTS\lib\</path>
         <kind>archive</kind>
         <file>rts2800_fpu32.lib</file>
         <name>boot.obj</name>
      </input_file>
      <input_file id="fl-28">
         <path>C:\ti\ccsv6\tools\compiler\c2000_15.12.3.LTS\lib\</path>
         <kind>archive</kind>
         <file>rts2800_fpu32.lib</file>
         <name>cpy_tbl.obj</name>
      </input_file>
      <input_file id="fl-29">
         <path>C:\ti\ccsv6\tools\compiler\c2000_15.12.3.LTS\lib\</path>
         <kind>archive</kind>
         <file>rts2800_fpu32.lib</file>
         <name>cpy_utils.obj</name>
      </input_file>
      <input_file id="fl-2a">
         <path>C:\ti\ccsv6\tools\compiler\c2000_15.12.3.LTS\lib\</path>
         <kind>archive</kind>
         <file>rts2800_fpu32.lib</file>
         <name>exit.obj</name>
      </input_file>
      <input_file id="fl-2b">
         <path>C:\ti\ccsv6\tools\compiler\c2000_15.12.3.LTS\lib\</path>
         <kind>archive</kind>
         <file>rts2800_fpu32.lib</file>
         <name>fd_div.obj</name>
      </input_file>
      <input_file id="fl-2c">
         <path>C:\ti\ccsv6\tools\compiler\c2000_15.12.3.LTS\lib\</path>
         <kind>archive</kind>
         <file>rts2800_fpu32.lib</file>
         <name>fd_mpy.obj</name>
      </input_file>
      <input_file id="fl-2d">
         <path>C:\ti\ccsv6\tools\compiler\c2000_15.12.3.LTS\lib\</path>
         <kind>archive</kind>
         <file>rts2800_fpu32.lib</file>
         <name>fd_sub.obj</name>
      </input_file>
      <input_file id="fl-2e">
         <path>C:\ti\ccsv6\tools\compiler\c2000_15.12.3.LTS\lib\</path>
         <kind>archive</kind>
         <file>rts2800_fpu32.lib</file>
         <name>fd_toul.obj</name>
      </input_file>
      <input_file id="fl-2f">
         <path>C:\ti\ccsv6\tools\compiler\c2000_15.12.3.LTS\lib\</path>
         <kind>archive</kind>
         <file>rts2800_fpu32.lib</file>
         <name>fs_div.obj</name>
      </input_file>
      <input_file id="fl-30">
         <path>C:\ti\ccsv6\tools\compiler\c2000_15.12.3.LTS\lib\</path>
         <kind>archive</kind>
         <file>rts2800_fpu32.lib</file>
         <name>fs_tofd.obj</name>
      </input_file>
      <input_file id="fl-31">
         <path>C:\ti\ccsv6\tools\compiler\c2000_15.12.3.LTS\lib\</path>
         <kind>archive</kind>
         <file>rts2800_fpu32.lib</file>
         <name>i_div.obj</name>
      </input_file>
      <input_file id="fl-32">
         <path>C:\ti\ccsv6\tools\compiler\c2000_15.12.3.LTS\lib\</path>
         <kind>archive</kind>
         <file>rts2800_fpu32.lib</file>
         <name>pre_init.obj</name>
      </input_file>
      <input_file id="fl-33">
         <path>C:\ti\ccsv6\tools\compiler\c2000_15.12.3.LTS\lib\</path>
         <kind>archive</kind>
         <file>rts2800_fpu32.lib</file>
         <name>s_cosf.obj</name>
      </input_file>
      <input_file id="fl-34">
         <path>C:\ti\ccsv6\tools\compiler\c2000_15.12.3.LTS\lib\</path>
         <kind>archive</kind>
         <file>rts2800_fpu32.lib</file>
         <name>s_roundf.obj</name>
      </input_file>
      <input_file id="fl-35">
         <path>C:\ti\ccsv6\tools\compiler\c2000_15.12.3.LTS\lib\</path>
         <kind>archive</kind>
         <file>rts2800_fpu32.lib</file>
         <name>s_sinf.obj</name>
      </input_file>
      <input_file id="fl-36">
         <path>C:\ti\ccsv6\tools\compiler\c2000_15.12.3.LTS\lib\</path>
         <kind>archive</kind>
         <file>rts2800_fpu32.lib</file>
         <name>sprintf.obj</name>
      </input_file>
      <input_file id="fl-37">
         <path>C:\ti\ccsv6\tools\compiler\c2000_15.12.3.LTS\lib\</path>
         <kind>archive</kind>
         <file>rts2800_fpu32.lib</file>
         <name>startup.obj</name>
      </input_file>
      <input_file id="fl-38">
         <path>C:\ti\ccsv6\tools\compiler\c2000_15.12.3.LTS\lib\</path>
         <kind>archive</kind>
         <file>rts2800_fpu32.lib</file>
         <name>strtod.obj</name>
      </input_file>
      <input_file id="fl-39">
         <path>C:\ti\ccsv6\tools\compiler\c2000_15.12.3.LTS\lib\</path>
         <kind>archive</kind>
         <file>rts2800_fpu32.lib</file>
         <name>u_div.obj</name>
      </input_file>
      <input_file id="fl-3a">
         <path>C:\ti\ccsv6\tools\compiler\c2000_15.12.3.LTS\lib\</path>
         <kind>archive</kind>
         <file>rts2800_fpu32.lib</file>
         <name>_lock.obj</name>
      </input_file>
      <input_file id="fl-3b">
         <path>C:\ti\ccsv6\tools\compiler\c2000_15.12.3.LTS\lib\</path>
         <kind>archive</kind>
         <file>rts2800_fpu32.lib</file>
         <name>_printfi.obj</name>
      </input_file>
      <input_file id="fl-3c">
         <path>C:\ti\ccsv6\tools\compiler\c2000_15.12.3.LTS\lib\</path>
         <kind>archive</kind>
         <file>rts2800_fpu32.lib</file>
         <name>args_main.obj</name>
      </input_file>
      <input_file id="fl-3d">
         <path>C:\ti\ccsv6\tools\compiler\c2000_15.12.3.LTS\lib\</path>
         <kind>archive</kind>
         <file>rts2800_fpu32.lib</file>
         <name>atoi.obj</name>
      </input_file>
      <input_file id="fl-3e">
         <path>C:\ti\ccsv6\tools\compiler\c2000_15.12.3.LTS\lib\</path>
         <kind>archive</kind>
         <file>rts2800_fpu32.lib</file>
         <name>ctype.obj</name>
      </input_file>
      <input_file id="fl-3f">
         <path>C:\ti\ccsv6\tools\compiler\c2000_15.12.3.LTS\lib\</path>
         <kind>archive</kind>
         <file>rts2800_fpu32.lib</file>
         <name>errno.obj</name>
      </input_file>
      <input_file id="fl-40">
         <path>C:\ti\ccsv6\tools\compiler\c2000_15.12.3.LTS\lib\</path>
         <kind>archive</kind>
         <file>rts2800_fpu32.lib</file>
         <name>fd_add.obj</name>
      </input_file>
      <input_file id="fl-41">
         <path>C:\ti\ccsv6\tools\compiler\c2000_15.12.3.LTS\lib\</path>
         <kind>archive</kind>
         <file>rts2800_fpu32.lib</file>
         <name>fd_cmp.obj</name>
      </input_file>
      <input_file id="fl-42">
         <path>C:\ti\ccsv6\tools\compiler\c2000_15.12.3.LTS\lib\</path>
         <kind>archive</kind>
         <file>rts2800_fpu32.lib</file>
         <name>fd_neg.obj</name>
      </input_file>
      <input_file id="fl-43">
         <path>C:\ti\ccsv6\tools\compiler\c2000_15.12.3.LTS\lib\</path>
         <kind>archive</kind>
         <file>rts2800_fpu32.lib</file>
         <name>fd_toi.obj</name>
      </input_file>
      <input_file id="fl-44">
         <path>C:\ti\ccsv6\tools\compiler\c2000_15.12.3.LTS\lib\</path>
         <kind>archive</kind>
         <file>rts2800_fpu32.lib</file>
         <name>fd_tol.obj</name>
      </input_file>
      <input_file id="fl-45">
         <path>C:\ti\ccsv6\tools\compiler\c2000_15.12.3.LTS\lib\</path>
         <kind>archive</kind>
         <file>rts2800_fpu32.lib</file>
         <name>i_tofd.obj</name>
      </input_file>
      <input_file id="fl-46">
         <path>C:\ti\ccsv6\tools\compiler\c2000_15.12.3.LTS\lib\</path>
         <kind>archive</kind>
         <file>rts2800_fpu32.lib</file>
         <name>l_tofd.obj</name>
      </input_file>
      <input_file id="fl-47">
         <path>C:\ti\ccsv6\tools\compiler\c2000_15.12.3.LTS\lib\</path>
         <kind>archive</kind>
         <file>rts2800_fpu32.lib</file>
         <name>ll_aox.obj</name>
      </input_file>
      <input_file id="fl-48">
         <path>C:\ti\ccsv6\tools\compiler\c2000_15.12.3.LTS\lib\</path>
         <kind>archive</kind>
         <file>rts2800_fpu32.lib</file>
         <name>ll_cmp.obj</name>
      </input_file>
      <input_file id="fl-49">
         <path>C:\ti\ccsv6\tools\compiler\c2000_15.12.3.LTS\lib\</path>
         <kind>archive</kind>
         <file>rts2800_fpu32.lib</file>
         <name>ll_div.obj</name>
      </input_file>
      <input_file id="fl-4a">
         <path>C:\ti\ccsv6\tools\compiler\c2000_15.12.3.LTS\lib\</path>
         <kind>archive</kind>
         <file>rts2800_fpu32.lib</file>
         <name>ltoa.obj</name>
      </input_file>
      <input_file id="fl-4b">
         <path>C:\ti\ccsv6\tools\compiler\c2000_15.12.3.LTS\lib\</path>
         <kind>archive</kind>
         <file>rts2800_fpu32.lib</file>
         <name>memccpy.obj</name>
      </input_file>
      <input_file id="fl-4c">
         <path>C:\ti\ccsv6\tools\compiler\c2000_15.12.3.LTS\lib\</path>
         <kind>archive</kind>
         <file>rts2800_fpu32.lib</file>
         <name>memcpy.obj</name>
      </input_file>
      <input_file id="fl-4d">
         <path>C:\ti\ccsv6\tools\compiler\c2000_15.12.3.LTS\lib\</path>
         <kind>archive</kind>
         <file>rts2800_fpu32.lib</file>
         <name>memset.obj</name>
      </input_file>
      <input_file id="fl-4e">
         <path>C:\ti\ccsv6\tools\compiler\c2000_15.12.3.LTS\lib\</path>
         <kind>archive</kind>
         <file>rts2800_fpu32.lib</file>
         <name>s_floorf.obj</name>
      </input_file>
      <input_file id="fl-4f">
         <path>C:\ti\ccsv6\tools\compiler\c2000_15.12.3.LTS\lib\</path>
         <kind>archive</kind>
         <file>rts2800_fpu32.lib</file>
         <name>s_frexp.obj</name>
      </input_file>
      <input_file id="fl-50">
         <path>C:\ti\ccsv6\tools\compiler\c2000_15.12.3.LTS\lib\</path>
         <kind>archive</kind>
         <file>rts2800_fpu32.lib</file>
         <name>s_scalbn.obj</name>
      </input_file>
      <input_file id="fl-51">
         <path>C:\ti\ccsv6\tools\compiler\c2000_15.12.3.LTS\lib\</path>
         <kind>archive</kind>
         <file>rts2800_fpu32.lib</file>
         <name>strchr.obj</name>
      </input_file>
      <input_file id="fl-52">
         <path>C:\ti\ccsv6\tools\compiler\c2000_15.12.3.LTS\lib\</path>
         <kind>archive</kind>
         <file>rts2800_fpu32.lib</file>
         <name>strcpy.obj</name>
      </input_file>
      <input_file id="fl-53">
         <path>C:\ti\ccsv6\tools\compiler\c2000_15.12.3.LTS\lib\</path>
         <kind>archive</kind>
         <file>rts2800_fpu32.lib</file>
         <name>strlen.obj</name>
      </input_file>
      <input_file id="fl-54">
         <path>C:\ti\ccsv6\tools\compiler\c2000_15.12.3.LTS\lib\</path>
         <kind>archive</kind>
         <file>rts2800_fpu32.lib</file>
         <name>l_div.obj</name>
      </input_file>
      <input_file id="fl-55">
         <path>C:\ti\ccsv6\tools\compiler\c2000_15.12.3.LTS\lib\</path>
         <kind>archive</kind>
         <file>rts2800_fpu32.lib</file>
         <name>s_copysign.obj</name>
      </input_file>
   </input_file_list>
   <object_component_list>
      <object_component id="oc-c0">
         <name>PieVectTableFile</name>
         <uninitialized>true</uninitialized>
         <run_address>0xd00</run_address>
         <size>0x100</size>
         <input_file_ref idref="fl-f"/>
      </object_component>
      <object_component id="oc-bc">
         <name>DevEmuRegsFile</name>
         <uninitialized>true</uninitialized>
         <run_address>0x880</run_address>
         <size>0xd0</size>
         <input_file_ref idref="fl-f"/>
      </object_component>
      <object_component id="oc-92">
         <name>FlashRegsFile</name>
         <uninitialized>true</uninitialized>
         <run_address>0xa80</run_address>
         <size>0x8</size>
         <input_file_ref idref="fl-f"/>
      </object_component>
      <object_component id="oc-9a">
         <name>CsmRegsFile</name>
         <uninitialized>true</uninitialized>
         <run_address>0xae0</run_address>
         <size>0x10</size>
         <input_file_ref idref="fl-f"/>
      </object_component>
      <object_component id="oc-9b">
         <name>AdcMirrorFile</name>
         <uninitialized>true</uninitialized>
         <run_address>0xb00</run_address>
         <size>0x10</size>
         <input_file_ref idref="fl-f"/>
      </object_component>
      <object_component id="oc-9f">
         <name>XintfRegsFile</name>
         <uninitialized>true</uninitialized>
         <run_address>0xb20</run_address>
         <size>0x1e</size>
         <input_file_ref idref="fl-f"/>
      </object_component>
      <object_component id="oc-93">
         <name>CpuTimer0RegsFile</name>
         <uninitialized>true</uninitialized>
         <run_address>0xc00</run_address>
         <size>0x8</size>
         <input_file_ref idref="fl-f"/>
      </object_component>
      <object_component id="oc-94">
         <name>CpuTimer1RegsFile</name>
         <uninitialized>true</uninitialized>
         <run_address>0xc08</run_address>
         <size>0x8</size>
         <input_file_ref idref="fl-f"/>
      </object_component>
      <object_component id="oc-90">
         <name>CpuTimer2RegsFile</name>
         <uninitialized>true</uninitialized>
         <run_address>0xc10</run_address>
         <size>0x8</size>
         <input_file_ref idref="fl-f"/>
      </object_component>
      <object_component id="oc-9d">
         <name>PieCtrlRegsFile</name>
         <uninitialized>true</uninitialized>
         <run_address>0xce0</run_address>
         <size>0x1a</size>
         <input_file_ref idref="fl-f"/>
      </object_component>
      <object_component id="oc-bd">
         <name>DmaRegsFile</name>
         <uninitialized>true</uninitialized>
         <run_address>0x1000</run_address>
         <size>0xe0</size>
         <input_file_ref idref="fl-f"/>
      </object_component>
      <object_component id="oc-b0">
         <name>McbspaRegsFile</name>
         <uninitialized>true</uninitialized>
         <run_address>0x5000</run_address>
         <size>0x25</size>
         <input_file_ref idref="fl-f"/>
      </object_component>
      <object_component id="oc-af">
         <name>McbspbRegsFile</name>
         <uninitialized>true</uninitialized>
         <run_address>0x5040</run_address>
         <size>0x25</size>
         <input_file_ref idref="fl-f"/>
      </object_component>
      <object_component id="oc-b2">
         <name>ECanaRegsFile</name>
         <uninitialized>true</uninitialized>
         <run_address>0x6000</run_address>
         <size>0x34</size>
         <input_file_ref idref="fl-f"/>
      </object_component>
      <object_component id="oc-b6">
         <name>ECanaLAMRegsFile</name>
         <uninitialized>true</uninitialized>
         <run_address>0x6040</run_address>
         <size>0x40</size>
         <input_file_ref idref="fl-f"/>
      </object_component>
      <object_component id="oc-bf">
         <name>ECanaMboxesFile</name>
         <uninitialized>true</uninitialized>
         <run_address>0x6100</run_address>
         <size>0x100</size>
         <input_file_ref idref="fl-f"/>
      </object_component>
      <object_component id="oc-b7">
         <name>ECanaMOTSRegsFile</name>
         <uninitialized>true</uninitialized>
         <run_address>0x6080</run_address>
         <size>0x40</size>
         <input_file_ref idref="fl-f"/>
      </object_component>
      <object_component id="oc-b4">
         <name>ECanaMOTORegsFile</name>
         <uninitialized>true</uninitialized>
         <run_address>0x60c0</run_address>
         <size>0x40</size>
         <input_file_ref idref="fl-f"/>
      </object_component>
      <object_component id="oc-b3">
         <name>ECanbRegsFile</name>
         <uninitialized>true</uninitialized>
         <run_address>0x6200</run_address>
         <size>0x34</size>
         <input_file_ref idref="fl-f"/>
      </object_component>
      <object_component id="oc-bb">
         <name>ECanbLAMRegsFile</name>
         <uninitialized>true</uninitialized>
         <run_address>0x6240</run_address>
         <size>0x40</size>
         <input_file_ref idref="fl-f"/>
      </object_component>
      <object_component id="oc-be">
         <name>ECanbMboxesFile</name>
         <uninitialized>true</uninitialized>
         <run_address>0x6300</run_address>
         <size>0x100</size>
         <input_file_ref idref="fl-f"/>
      </object_component>
      <object_component id="oc-b5">
         <name>ECanbMOTSRegsFile</name>
         <uninitialized>true</uninitialized>
         <run_address>0x6280</run_address>
         <size>0x40</size>
         <input_file_ref idref="fl-f"/>
      </object_component>
      <object_component id="oc-b8">
         <name>ECanbMOTORegsFile</name>
         <uninitialized>true</uninitialized>
         <run_address>0x62c0</run_address>
         <size>0x40</size>
         <input_file_ref idref="fl-f"/>
      </object_component>
      <object_component id="oc-ad">
         <name>EPwm1RegsFile</name>
         <uninitialized>true</uninitialized>
         <run_address>0x6800</run_address>
         <size>0x22</size>
         <input_file_ref idref="fl-f"/>
      </object_component>
      <object_component id="oc-a8">
         <name>EPwm2RegsFile</name>
         <uninitialized>true</uninitialized>
         <run_address>0x6840</run_address>
         <size>0x22</size>
         <input_file_ref idref="fl-f"/>
      </object_component>
      <object_component id="oc-a9">
         <name>EPwm3RegsFile</name>
         <uninitialized>true</uninitialized>
         <run_address>0x6880</run_address>
         <size>0x22</size>
         <input_file_ref idref="fl-f"/>
      </object_component>
      <object_component id="oc-ae">
         <name>EPwm4RegsFile</name>
         <uninitialized>true</uninitialized>
         <run_address>0x68c0</run_address>
         <size>0x22</size>
         <input_file_ref idref="fl-f"/>
      </object_component>
      <object_component id="oc-ab">
         <name>EPwm5RegsFile</name>
         <uninitialized>true</uninitialized>
         <run_address>0x6900</run_address>
         <size>0x22</size>
         <input_file_ref idref="fl-f"/>
      </object_component>
      <object_component id="oc-ac">
         <name>EPwm6RegsFile</name>
         <uninitialized>true</uninitialized>
         <run_address>0x6940</run_address>
         <size>0x22</size>
         <input_file_ref idref="fl-f"/>
      </object_component>
      <object_component id="oc-a2">
         <name>ECap1RegsFile</name>
         <uninitialized>true</uninitialized>
         <run_address>0x6a00</run_address>
         <size>0x20</size>
         <input_file_ref idref="fl-f"/>
      </object_component>
      <object_component id="oc-a3">
         <name>ECap2RegsFile</name>
         <uninitialized>true</uninitialized>
         <run_address>0x6a20</run_address>
         <size>0x20</size>
         <input_file_ref idref="fl-f"/>
      </object_component>
      <object_component id="oc-a0">
         <name>ECap3RegsFile</name>
         <uninitialized>true</uninitialized>
         <run_address>0x6a40</run_address>
         <size>0x20</size>
         <input_file_ref idref="fl-f"/>
      </object_component>
      <object_component id="oc-a1">
         <name>ECap4RegsFile</name>
         <uninitialized>true</uninitialized>
         <run_address>0x6a60</run_address>
         <size>0x20</size>
         <input_file_ref idref="fl-f"/>
      </object_component>
      <object_component id="oc-a6">
         <name>ECap5RegsFile</name>
         <uninitialized>true</uninitialized>
         <run_address>0x6a80</run_address>
         <size>0x20</size>
         <input_file_ref idref="fl-f"/>
      </object_component>
      <object_component id="oc-a7">
         <name>ECap6RegsFile</name>
         <uninitialized>true</uninitialized>
         <run_address>0x6aa0</run_address>
         <size>0x20</size>
         <input_file_ref idref="fl-f"/>
      </object_component>
      <object_component id="oc-b9">
         <name>EQep1RegsFile</name>
         <uninitialized>true</uninitialized>
         <run_address>0x6b00</run_address>
         <size>0x40</size>
         <input_file_ref idref="fl-f"/>
      </object_component>
      <object_component id="oc-ba">
         <name>EQep2RegsFile</name>
         <uninitialized>true</uninitialized>
         <run_address>0x6b40</run_address>
         <size>0x40</size>
         <input_file_ref idref="fl-f"/>
      </object_component>
      <object_component id="oc-b1">
         <name>GpioCtrlRegsFile</name>
         <uninitialized>true</uninitialized>
         <run_address>0x6f80</run_address>
         <size>0x2e</size>
         <input_file_ref idref="fl-f"/>
      </object_component>
      <object_component id="oc-a4">
         <name>GpioDataRegsFile</name>
         <uninitialized>true</uninitialized>
         <run_address>0x6fc0</run_address>
         <size>0x20</size>
         <input_file_ref idref="fl-f"/>
      </object_component>
      <object_component id="oc-95">
         <name>GpioIntRegsFile</name>
         <uninitialized>true</uninitialized>
         <run_address>0x6fe0</run_address>
         <size>0xa</size>
         <input_file_ref idref="fl-f"/>
      </object_component>
      <object_component id="oc-a5">
         <name>SysCtrlRegsFile</name>
         <uninitialized>true</uninitialized>
         <run_address>0x7010</run_address>
         <size>0x20</size>
         <input_file_ref idref="fl-f"/>
      </object_component>
      <object_component id="oc-96">
         <name>SpiaRegsFile</name>
         <uninitialized>true</uninitialized>
         <run_address>0x7040</run_address>
         <size>0x10</size>
         <input_file_ref idref="fl-f"/>
      </object_component>
      <object_component id="oc-99">
         <name>SciaRegsFile</name>
         <uninitialized>true</uninitialized>
         <run_address>0x7050</run_address>
         <size>0x10</size>
         <input_file_ref idref="fl-f"/>
      </object_component>
      <object_component id="oc-9c">
         <name>XIntruptRegsFile</name>
         <uninitialized>true</uninitialized>
         <run_address>0x7070</run_address>
         <size>0x10</size>
         <input_file_ref idref="fl-f"/>
      </object_component>
      <object_component id="oc-9e">
         <name>AdcRegsFile</name>
         <uninitialized>true</uninitialized>
         <run_address>0x7100</run_address>
         <size>0x1e</size>
         <input_file_ref idref="fl-f"/>
      </object_component>
      <object_component id="oc-97">
         <name>ScibRegsFile</name>
         <uninitialized>true</uninitialized>
         <run_address>0x7750</run_address>
         <size>0x10</size>
         <input_file_ref idref="fl-f"/>
      </object_component>
      <object_component id="oc-98">
         <name>ScicRegsFile</name>
         <uninitialized>true</uninitialized>
         <run_address>0x7770</run_address>
         <size>0x10</size>
         <input_file_ref idref="fl-f"/>
      </object_component>
      <object_component id="oc-aa">
         <name>I2caRegsFile</name>
         <uninitialized>true</uninitialized>
         <run_address>0x7900</run_address>
         <size>0x22</size>
         <input_file_ref idref="fl-f"/>
      </object_component>
      <object_component id="oc-91">
         <name>CsmPwlFile</name>
         <uninitialized>true</uninitialized>
         <run_address>0x33fff8</run_address>
         <size>0x8</size>
         <input_file_ref idref="fl-f"/>
      </object_component>
      <object_component id="oc-8f">
         <name>PartIdRegsFile</name>
         <uninitialized>true</uninitialized>
         <run_address>0x380090</run_address>
         <size>0x1</size>
         <input_file_ref idref="fl-f"/>
      </object_component>
      <object_component id="oc-fa">
         <name>.cinit</name>
         <load_address>0x33acf8</load_address>
         <run_address>0x33acf8</run_address>
         <size>0x294</size>
         <input_file_ref idref="fl-1b"/>
      </object_component>
      <object_component id="oc-119">
         <name>.cinit</name>
         <load_address>0x33af8c</load_address>
         <run_address>0x33af8c</run_address>
         <size>0xe</size>
         <input_file_ref idref="fl-2a"/>
      </object_component>
      <object_component id="oc-201">
         <name>.cinit:__lock</name>
         <load_address>0x33af9a</load_address>
         <run_address>0x33af9a</run_address>
         <size>0x5</size>
         <input_file_ref idref="fl-3a"/>
      </object_component>
      <object_component id="oc-212">
         <name>.cinit:__unlock</name>
         <load_address>0x33af9f</load_address>
         <run_address>0x33af9f</run_address>
         <size>0x5</size>
         <input_file_ref idref="fl-3a"/>
      </object_component>
      <object_component id="oc-183">
         <name>.cinit</name>
         <load_address>0x33afa4</load_address>
         <run_address>0x33afa4</run_address>
         <size>0x4</size>
         <input_file_ref idref="fl-3f"/>
      </object_component>
      <object_component id="oc-202">
         <name>.text</name>
         <load_address>0x338000</load_address>
         <run_address>0x338000</run_address>
         <size>0xbd9</size>
         <input_file_ref idref="fl-3b"/>
      </object_component>
      <object_component id="oc-1ff">
         <name>.text</name>
         <load_address>0x338bd9</load_address>
         <run_address>0x338bd9</run_address>
         <size>0xa46</size>
         <input_file_ref idref="fl-1b"/>
      </object_component>
      <object_component id="oc-fc">
         <name>.text:retain</name>
         <load_address>0x33961f</load_address>
         <run_address>0x33961f</run_address>
         <size>0x32f</size>
         <input_file_ref idref="fl-1b"/>
      </object_component>
      <object_component id="oc-70">
         <name>.text:retain</name>
         <load_address>0x33994e</load_address>
         <run_address>0x33994e</run_address>
         <size>0x316</size>
         <input_file_ref idref="fl-9"/>
      </object_component>
      <object_component id="oc-207">
         <name>.text</name>
         <load_address>0x339c64</load_address>
         <run_address>0x339c64</run_address>
         <size>0x11c</size>
         <input_file_ref idref="fl-38"/>
      </object_component>
      <object_component id="oc-1b3">
         <name>.text</name>
         <load_address>0x339d80</load_address>
         <run_address>0x339d80</run_address>
         <size>0x107</size>
         <input_file_ref idref="fl-49"/>
      </object_component>
      <object_component id="oc-208">
         <name>.text</name>
         <load_address>0x339e87</load_address>
         <run_address>0x339e87</run_address>
         <size>0xf8</size>
         <input_file_ref idref="fl-18"/>
      </object_component>
      <object_component id="oc-20f">
         <name>.text</name>
         <load_address>0x339f7f</load_address>
         <run_address>0x339f7f</run_address>
         <size>0xc8</size>
         <input_file_ref idref="fl-d"/>
      </object_component>
      <object_component id="oc-217">
         <name>.text</name>
         <load_address>0x33a047</load_address>
         <run_address>0x33a047</run_address>
         <size>0xbc</size>
         <input_file_ref idref="fl-50"/>
      </object_component>
      <object_component id="oc-20d">
         <name>.text</name>
         <load_address>0x33a103</load_address>
         <run_address>0x33a103</run_address>
         <size>0xb5</size>
         <input_file_ref idref="fl-16"/>
      </object_component>
      <object_component id="oc-186">
         <name>.text</name>
         <load_address>0x33a1b8</load_address>
         <run_address>0x33a1b8</run_address>
         <size>0x9c</size>
         <input_file_ref idref="fl-40"/>
      </object_component>
      <object_component id="oc-11f">
         <name>.text</name>
         <load_address>0x33a254</load_address>
         <run_address>0x33a254</run_address>
         <size>0x8b</size>
         <input_file_ref idref="fl-2b"/>
      </object_component>
      <object_component id="oc-133">
         <name>.text</name>
         <load_address>0x33a2df</load_address>
         <run_address>0x33a2df</run_address>
         <size>0x88</size>
         <input_file_ref idref="fl-2f"/>
      </object_component>
      <object_component id="oc-124">
         <name>.text</name>
         <load_address>0x33a367</load_address>
         <run_address>0x33a367</run_address>
         <size>0x83</size>
         <input_file_ref idref="fl-2c"/>
      </object_component>
      <object_component id="oc-210">
         <name>.text</name>
         <load_address>0x33a3ea</load_address>
         <run_address>0x33a3ea</run_address>
         <size>0x73</size>
         <input_file_ref idref="fl-6"/>
      </object_component>
      <object_component id="oc-204">
         <name>.text</name>
         <load_address>0x33a45d</load_address>
         <run_address>0x33a45d</run_address>
         <size>0x61</size>
         <input_file_ref idref="fl-33"/>
      </object_component>
      <object_component id="oc-216">
         <name>.text</name>
         <load_address>0x33a4be</load_address>
         <run_address>0x33a4be</run_address>
         <size>0x5b</size>
         <input_file_ref idref="fl-4f"/>
      </object_component>
      <object_component id="oc-21c">
         <name>.text</name>
         <load_address>0x33a519</load_address>
         <run_address>0x33a519</run_address>
         <size>0x59</size>
         <input_file_ref idref="fl-4e"/>
      </object_component>
      <object_component id="oc-205">
         <name>.text</name>
         <load_address>0x33a572</load_address>
         <run_address>0x33a572</run_address>
         <size>0x58</size>
         <input_file_ref idref="fl-35"/>
      </object_component>
      <object_component id="oc-4c">
         <name>.text</name>
         <load_address>0x33a5ca</load_address>
         <run_address>0x33a5ca</run_address>
         <size>0x56</size>
         <input_file_ref idref="fl-27"/>
      </object_component>
      <object_component id="oc-1f8">
         <name>.text</name>
         <load_address>0x33a620</load_address>
         <run_address>0x33a620</run_address>
         <size>0x46</size>
         <input_file_ref idref="fl-28"/>
      </object_component>
      <object_component id="oc-206">
         <name>.text</name>
         <load_address>0x33a666</load_address>
         <run_address>0x33a666</run_address>
         <size>0x36</size>
         <input_file_ref idref="fl-34"/>
      </object_component>
      <object_component id="oc-1fc">
         <name>.text</name>
         <load_address>0x33a69c</load_address>
         <run_address>0x33a69c</run_address>
         <size>0x32</size>
         <input_file_ref idref="fl-36"/>
      </object_component>
      <object_component id="oc-213">
         <name>.text</name>
         <load_address>0x33a6ce</load_address>
         <run_address>0x33a6ce</run_address>
         <size>0x31</size>
         <input_file_ref idref="fl-3d"/>
      </object_component>
      <object_component id="oc-215">
         <name>.text</name>
         <load_address>0x33a6ff</load_address>
         <run_address>0x33a6ff</run_address>
         <size>0x2e</size>
         <input_file_ref idref="fl-4a"/>
      </object_component>
      <object_component id="oc-18b">
         <name>.text</name>
         <load_address>0x33a72d</load_address>
         <run_address>0x33a72d</run_address>
         <size>0x2a</size>
         <input_file_ref idref="fl-41"/>
      </object_component>
      <object_component id="oc-1ed">
         <name>.text</name>
         <load_address>0x33a757</load_address>
         <run_address>0x33a757</run_address>
         <size>0x2a</size>
         <input_file_ref idref="fl-54"/>
      </object_component>
      <object_component id="oc-1fb">
         <name>.text</name>
         <load_address>0x33a781</load_address>
         <run_address>0x33a781</run_address>
         <size>0x29</size>
         <input_file_ref idref="fl-2a"/>
      </object_component>
      <object_component id="oc-20b">
         <name>.text</name>
         <load_address>0x33a7aa</load_address>
         <run_address>0x33a7aa</run_address>
         <size>0x28</size>
         <input_file_ref idref="fl-14"/>
      </object_component>
      <object_component id="oc-13d">
         <name>.text</name>
         <load_address>0x33a7d2</load_address>
         <run_address>0x33a7d2</run_address>
         <size>0x22</size>
         <input_file_ref idref="fl-31"/>
      </object_component>
      <object_component id="oc-222">
         <name>.text</name>
         <load_address>0x33a7f4</load_address>
         <run_address>0x33a7f4</run_address>
         <size>0x22</size>
         <input_file_ref idref="fl-55"/>
      </object_component>
      <object_component id="oc-195">
         <name>.text</name>
         <load_address>0x33a816</load_address>
         <run_address>0x33a816</run_address>
         <size>0x21</size>
         <input_file_ref idref="fl-43"/>
      </object_component>
      <object_component id="oc-20c">
         <name>.text</name>
         <load_address>0x33a837</load_address>
         <run_address>0x33a837</run_address>
         <size>0x20</size>
         <input_file_ref idref="fl-15"/>
      </object_component>
      <object_component id="oc-19a">
         <name>.text</name>
         <load_address>0x33a857</load_address>
         <run_address>0x33a857</run_address>
         <size>0x1f</size>
         <input_file_ref idref="fl-44"/>
      </object_component>
      <object_component id="oc-1ae">
         <name>.text</name>
         <load_address>0x33a876</load_address>
         <run_address>0x33a876</run_address>
         <size>0x1e</size>
         <input_file_ref idref="fl-48"/>
      </object_component>
      <object_component id="oc-203">
         <name>.text</name>
         <load_address>0x33a894</load_address>
         <run_address>0x33a894</run_address>
         <size>0x1e</size>
         <input_file_ref idref="fl-4c"/>
      </object_component>
      <object_component id="oc-19f">
         <name>.text</name>
         <load_address>0x33a8b2</load_address>
         <run_address>0x33a8b2</run_address>
         <size>0x1d</size>
         <input_file_ref idref="fl-45"/>
      </object_component>
      <object_component id="oc-138">
         <name>.text</name>
         <load_address>0x33a8cf</load_address>
         <run_address>0x33a8cf</run_address>
         <size>0x1c</size>
         <input_file_ref idref="fl-30"/>
      </object_component>
      <object_component id="oc-1a4">
         <name>.text</name>
         <load_address>0x33a8eb</load_address>
         <run_address>0x33a8eb</run_address>
         <size>0x1c</size>
         <input_file_ref idref="fl-46"/>
      </object_component>
      <object_component id="oc-12e">
         <name>.text</name>
         <load_address>0x33a907</load_address>
         <run_address>0x33a907</run_address>
         <size>0x1b</size>
         <input_file_ref idref="fl-2e"/>
      </object_component>
      <object_component id="oc-113">
         <name>.text</name>
         <load_address>0x33a922</load_address>
         <run_address>0x33a922</run_address>
         <size>0x1a</size>
         <input_file_ref idref="fl-29"/>
      </object_component>
      <object_component id="oc-1fa">
         <name>.text</name>
         <load_address>0x33a93c</load_address>
         <run_address>0x33a93c</run_address>
         <size>0x19</size>
         <input_file_ref idref="fl-3c"/>
      </object_component>
      <object_component id="oc-1a9">
         <name>.text</name>
         <load_address>0x33a955</load_address>
         <run_address>0x33a955</run_address>
         <size>0x18</size>
         <input_file_ref idref="fl-47"/>
      </object_component>
      <object_component id="oc-209">
         <name>.text</name>
         <load_address>0x33a96d</load_address>
         <run_address>0x33a96d</run_address>
         <size>0x13</size>
         <input_file_ref idref="fl-13"/>
      </object_component>
      <object_component id="oc-20e">
         <name>.text</name>
         <load_address>0x33a980</load_address>
         <run_address>0x33a980</run_address>
         <size>0xf</size>
         <input_file_ref idref="fl-3"/>
      </object_component>
      <object_component id="oc-129">
         <name>.text</name>
         <load_address>0x33a98f</load_address>
         <run_address>0x33a98f</run_address>
         <size>0xe</size>
         <input_file_ref idref="fl-2d"/>
      </object_component>
      <object_component id="oc-21b">
         <name>.text</name>
         <load_address>0x33a99d</load_address>
         <run_address>0x33a99d</run_address>
         <size>0xd</size>
         <input_file_ref idref="fl-4b"/>
      </object_component>
      <object_component id="oc-219">
         <name>.text</name>
         <load_address>0x33a9aa</load_address>
         <run_address>0x33a9aa</run_address>
         <size>0xc</size>
         <input_file_ref idref="fl-4d"/>
      </object_component>
      <object_component id="oc-218">
         <name>.text</name>
         <load_address>0x33a9b6</load_address>
         <run_address>0x33a9b6</run_address>
         <size>0xc</size>
         <input_file_ref idref="fl-51"/>
      </object_component>
      <object_component id="oc-165">
         <name>.text</name>
         <load_address>0x33a9c2</load_address>
         <run_address>0x33a9c2</run_address>
         <size>0xb</size>
         <input_file_ref idref="fl-39"/>
      </object_component>
      <object_component id="oc-211">
         <name>.text</name>
         <load_address>0x33a9cd</load_address>
         <run_address>0x33a9cd</run_address>
         <size>0x9</size>
         <input_file_ref idref="fl-3a"/>
      </object_component>
      <object_component id="oc-190">
         <name>.text</name>
         <load_address>0x33a9d6</load_address>
         <run_address>0x33a9d6</run_address>
         <size>0x9</size>
         <input_file_ref idref="fl-42"/>
      </object_component>
      <object_component id="oc-59">
         <name>.text</name>
         <load_address>0x33a9df</load_address>
         <run_address>0x33a9df</run_address>
         <size>0x8</size>
         <input_file_ref idref="fl-5"/>
      </object_component>
      <object_component id="oc-214">
         <name>.text</name>
         <load_address>0x33a9e7</load_address>
         <run_address>0x33a9e7</run_address>
         <size>0x8</size>
         <input_file_ref idref="fl-53"/>
      </object_component>
      <object_component id="oc-75">
         <name>.text</name>
         <load_address>0x33a9ef</load_address>
         <run_address>0x33a9ef</run_address>
         <size>0x7</size>
         <input_file_ref idref="fl-a"/>
      </object_component>
      <object_component id="oc-21a">
         <name>.text</name>
         <load_address>0x33a9f6</load_address>
         <run_address>0x33a9f6</run_address>
         <size>0x5</size>
         <input_file_ref idref="fl-52"/>
      </object_component>
      <object_component id="oc-1fe">
         <name>.text</name>
         <load_address>0x33a9fb</load_address>
         <run_address>0x33a9fb</run_address>
         <size>0x4</size>
         <input_file_ref idref="fl-26"/>
      </object_component>
      <object_component id="oc-65">
         <name>.text</name>
         <load_address>0x33a9ff</load_address>
         <run_address>0x33a9ff</run_address>
         <size>0x3</size>
         <input_file_ref idref="fl-7"/>
      </object_component>
      <object_component id="oc-1f7">
         <name>.text</name>
         <load_address>0x33aa02</load_address>
         <run_address>0x33aa02</run_address>
         <size>0x2</size>
         <input_file_ref idref="fl-32"/>
      </object_component>
      <object_component id="oc-1f9">
         <name>.text</name>
         <load_address>0x33aa04</load_address>
         <run_address>0x33aa04</run_address>
         <size>0x1</size>
         <input_file_ref idref="fl-37"/>
      </object_component>
      <object_component id="oc-5a">
         <name>codestart</name>
         <load_address>0x33fff6</load_address>
         <run_address>0x33fff6</run_address>
         <size>0x2</size>
         <input_file_ref idref="fl-5"/>
      </object_component>
      <object_component id="oc-1fd">
         <name>ramfuncs</name>
         <load_address>0x320000</load_address>
         <run_address>0x8000</run_address>
         <size>0x7e4</size>
         <input_file_ref idref="fl-1b"/>
      </object_component>
      <object_component id="oc-20a">
         <name>ramfuncs</name>
         <load_address>0x3207e4</load_address>
         <run_address>0x87e4</run_address>
         <size>0x1b</size>
         <input_file_ref idref="fl-18"/>
      </object_component>
      <object_component id="oc-f4">
         <name>ramfuncs</name>
         <load_address>0x3207ff</load_address>
         <run_address>0x87ff</run_address>
         <size>0x4</size>
         <input_file_ref idref="fl-1a"/>
      </object_component>
      <object_component id="oc-57">
         <name>csmpasswds</name>
         <load_address>0x33fff8</load_address>
         <run_address>0x33fff8</run_address>
         <size>0x8</size>
         <input_file_ref idref="fl-4"/>
      </object_component>
      <object_component id="oc-58">
         <name>csm_rsvd</name>
         <load_address>0x33ff80</load_address>
         <run_address>0x33ff80</run_address>
         <size>0x76</size>
         <input_file_ref idref="fl-4"/>
      </object_component>
      <object_component id="oc-108">
         <name>.stack</name>
         <uninitialized>true</uninitialized>
         <run_address>0x400</run_address>
         <size>0x0</size>
         <input_file_ref idref="fl-27"/>
      </object_component>
      <object_component id="oc-279">
         <name>.stack</name>
         <uninitialized>true</uninitialized>
         <run_address>0x400</run_address>
         <size>0x0</size>
      </object_component>
      <object_component id="oc-60">
         <name>.ebss</name>
         <uninitialized>true</uninitialized>
         <run_address>0xcbe8</run_address>
         <size>0x18</size>
         <input_file_ref idref="fl-6"/>
      </object_component>
      <object_component id="oc-fb">
         <name>.ebss</name>
         <uninitialized>true</uninitialized>
         <run_address>0xc000</run_address>
         <size>0xbe8</size>
         <input_file_ref idref="fl-1b"/>
      </object_component>
      <object_component id="oc-11a">
         <name>.ebss</name>
         <uninitialized>true</uninitialized>
         <run_address>0xcc00</run_address>
         <size>0x6</size>
         <input_file_ref idref="fl-2a"/>
      </object_component>
      <object_component id="oc-221">
         <name>.ebss:__unlock</name>
         <uninitialized>true</uninitialized>
         <run_address>0xcc08</run_address>
         <size>0x2</size>
         <input_file_ref idref="fl-3a"/>
      </object_component>
      <object_component id="oc-200">
         <name>.ebss:__lock</name>
         <uninitialized>true</uninitialized>
         <run_address>0xcc06</run_address>
         <size>0x2</size>
         <input_file_ref idref="fl-3a"/>
      </object_component>
      <object_component id="oc-184">
         <name>.ebss</name>
         <uninitialized>true</uninitialized>
         <run_address>0xcc0a</run_address>
         <size>0x1</size>
         <input_file_ref idref="fl-3f"/>
      </object_component>
      <object_component id="oc-21d">
         <name>.econst:.string:__ctypes_</name>
         <load_address>0x33aa06</load_address>
         <run_address>0x33aa06</run_address>
         <size>0x101</size>
         <input_file_ref idref="fl-3e"/>
      </object_component>
      <object_component id="oc-220">
         <name>.econst:_PieVectTableInit</name>
         <load_address>0x33ab08</load_address>
         <run_address>0x33ab08</run_address>
         <size>0x100</size>
         <input_file_ref idref="fl-15"/>
      </object_component>
      <object_component id="oc-fe">
         <name>.econst:.string</name>
         <load_address>0x33ac08</load_address>
         <run_address>0x33ac08</run_address>
         <size>0x58</size>
         <input_file_ref idref="fl-1b"/>
      </object_component>
      <object_component id="oc-171">
         <name>.econst:.string</name>
         <load_address>0x33ac60</load_address>
         <run_address>0x33ac60</run_address>
         <size>0x26</size>
         <input_file_ref idref="fl-3b"/>
      </object_component>
      <object_component id="oc-170">
         <name>.econst</name>
         <load_address>0x33ac86</load_address>
         <run_address>0x33ac86</run_address>
         <size>0x1c</size>
         <input_file_ref idref="fl-3b"/>
      </object_component>
      <object_component id="oc-1d9">
         <name>.econst</name>
         <load_address>0x33aca2</load_address>
         <run_address>0x33aca2</run_address>
         <size>0x1c</size>
         <input_file_ref idref="fl-50"/>
      </object_component>
      <object_component id="oc-21e">
         <name>.econst:_digits</name>
         <load_address>0x33acbe</load_address>
         <run_address>0x33acbe</run_address>
         <size>0x14</size>
         <input_file_ref idref="fl-38"/>
      </object_component>
      <object_component id="oc-fd">
         <name>.econst</name>
         <load_address>0x33acd2</load_address>
         <run_address>0x33acd2</run_address>
         <size>0x10</size>
         <input_file_ref idref="fl-1b"/>
      </object_component>
      <object_component id="oc-21f">
         <name>.econst:_powerof10</name>
         <load_address>0x33ace2</load_address>
         <run_address>0x33ace2</run_address>
         <size>0xc</size>
         <input_file_ref idref="fl-38"/>
      </object_component>
      <object_component id="oc-1d3">
         <name>.econst</name>
         <load_address>0x33acee</load_address>
         <run_address>0x33acee</run_address>
         <size>0x8</size>
         <input_file_ref idref="fl-4f"/>
      </object_component>
      <object_component id="oc-1cd">
         <name>.econst</name>
         <load_address>0x33acf6</load_address>
         <run_address>0x33acf6</run_address>
         <size>0x2</size>
         <input_file_ref idref="fl-4e"/>
      </object_component>
      <object_component id="oc-109">
         <name>.reset</name>
         <load_address>0x3fffc0</load_address>
         <run_address>0x3fffc0</run_address>
         <size>0x2</size>
         <input_file_ref idref="fl-27"/>
      </object_component>
      <object_component id="oc-4d">
         <name>.adc_cal</name>
         <load_address>0x380080</load_address>
         <run_address>0x380080</run_address>
         <size>0x7</size>
         <input_file_ref idref="fl-2"/>
      </object_component>
      <object_component id="oc-4e">
         <name>.debug_info</name>
         <load_address>0x0</load_address>
         <run_address>0x0</run_address>
         <size>0x14d</size>
         <input_file_ref idref="fl-2"/>
      </object_component>
      <object_component id="oc-52">
         <name>.debug_info</name>
         <load_address>0x14d</load_address>
         <run_address>0x14d</run_address>
         <size>0x1f46</size>
         <input_file_ref idref="fl-3"/>
      </object_component>
      <object_component id="oc-5b">
         <name>.debug_info</name>
         <load_address>0x2093</load_address>
         <run_address>0x2093</run_address>
         <size>0x1a5</size>
         <input_file_ref idref="fl-5"/>
      </object_component>
      <object_component id="oc-5f">
         <name>.debug_info</name>
         <load_address>0x2238</load_address>
         <run_address>0x2238</run_address>
         <size>0xa65</size>
         <input_file_ref idref="fl-6"/>
      </object_component>
      <object_component id="oc-66">
         <name>.debug_info</name>
         <load_address>0x2c9d</load_address>
         <run_address>0x2c9d</run_address>
         <size>0x14b</size>
         <input_file_ref idref="fl-7"/>
      </object_component>
      <object_component id="oc-6a">
         <name>.debug_info</name>
         <load_address>0x2de8</load_address>
         <run_address>0x2de8</run_address>
         <size>0x1770</size>
         <input_file_ref idref="fl-8"/>
      </object_component>
      <object_component id="oc-6f">
         <name>.debug_info</name>
         <load_address>0x4558</load_address>
         <run_address>0x4558</run_address>
         <size>0x34aa</size>
         <input_file_ref idref="fl-9"/>
      </object_component>
      <object_component id="oc-76">
         <name>.debug_info</name>
         <load_address>0x7a02</load_address>
         <run_address>0x7a02</run_address>
         <size>0x151</size>
         <input_file_ref idref="fl-a"/>
      </object_component>
      <object_component id="oc-7a">
         <name>.debug_info</name>
         <load_address>0x7b53</load_address>
         <run_address>0x7b53</run_address>
         <size>0x5dd7</size>
         <input_file_ref idref="fl-b"/>
      </object_component>
      <object_component id="oc-7f">
         <name>.debug_info</name>
         <load_address>0xd92a</load_address>
         <run_address>0xd92a</run_address>
         <size>0x1be5</size>
         <input_file_ref idref="fl-c"/>
      </object_component>
      <object_component id="oc-84">
         <name>.debug_info</name>
         <load_address>0xf50f</load_address>
         <run_address>0xf50f</run_address>
         <size>0x228f</size>
         <input_file_ref idref="fl-d"/>
      </object_component>
      <object_component id="oc-89">
         <name>.debug_info</name>
         <load_address>0x1179e</load_address>
         <run_address>0x1179e</run_address>
         <size>0x1be5</size>
         <input_file_ref idref="fl-e"/>
      </object_component>
      <object_component id="oc-8e">
         <name>.debug_info</name>
         <load_address>0x13383</load_address>
         <run_address>0x13383</run_address>
         <size>0x133dc</size>
         <input_file_ref idref="fl-f"/>
      </object_component>
      <object_component id="oc-c2">
         <name>.debug_info</name>
         <load_address>0x2675f</load_address>
         <run_address>0x2675f</run_address>
         <size>0x1be5</size>
         <input_file_ref idref="fl-10"/>
      </object_component>
      <object_component id="oc-c7">
         <name>.debug_info</name>
         <load_address>0x28344</load_address>
         <run_address>0x28344</run_address>
         <size>0x1be4</size>
         <input_file_ref idref="fl-11"/>
      </object_component>
      <object_component id="oc-cc">
         <name>.debug_info</name>
         <load_address>0x29f28</load_address>
         <run_address>0x29f28</run_address>
         <size>0x4a00</size>
         <input_file_ref idref="fl-12"/>
      </object_component>
      <object_component id="oc-d1">
         <name>.debug_info</name>
         <load_address>0x2e928</load_address>
         <run_address>0x2e928</run_address>
         <size>0x4ea</size>
         <input_file_ref idref="fl-13"/>
      </object_component>
      <object_component id="oc-d6">
         <name>.debug_info</name>
         <load_address>0x2ee12</load_address>
         <run_address>0x2ee12</run_address>
         <size>0xc0d</size>
         <input_file_ref idref="fl-14"/>
      </object_component>
      <object_component id="oc-db">
         <name>.debug_info</name>
         <load_address>0x2fa1f</load_address>
         <run_address>0x2fa1f</run_address>
         <size>0x233d</size>
         <input_file_ref idref="fl-15"/>
      </object_component>
      <object_component id="oc-e0">
         <name>.debug_info</name>
         <load_address>0x31d5c</load_address>
         <run_address>0x31d5c</run_address>
         <size>0x29dc</size>
         <input_file_ref idref="fl-16"/>
      </object_component>
      <object_component id="oc-e5">
         <name>.debug_info</name>
         <load_address>0x34738</load_address>
         <run_address>0x34738</run_address>
         <size>0x1be4</size>
         <input_file_ref idref="fl-17"/>
      </object_component>
      <object_component id="oc-ea">
         <name>.debug_info</name>
         <load_address>0x3631c</load_address>
         <run_address>0x3631c</run_address>
         <size>0x22cb</size>
         <input_file_ref idref="fl-18"/>
      </object_component>
      <object_component id="oc-ef">
         <name>.debug_info</name>
         <load_address>0x385e7</load_address>
         <run_address>0x385e7</run_address>
         <size>0x219c</size>
         <input_file_ref idref="fl-19"/>
      </object_component>
      <object_component id="oc-f5">
         <name>.debug_info</name>
         <load_address>0x3a783</load_address>
         <run_address>0x3a783</run_address>
         <size>0x14d</size>
         <input_file_ref idref="fl-1a"/>
      </object_component>
      <object_component id="oc-f9">
         <name>.debug_info</name>
         <load_address>0x3a8d0</load_address>
         <run_address>0x3a8d0</run_address>
         <size>0x948a</size>
         <input_file_ref idref="fl-1b"/>
      </object_component>
      <object_component id="oc-103">
         <name>.debug_info</name>
         <load_address>0x43d5a</load_address>
         <run_address>0x43d5a</run_address>
         <size>0x41c</size>
         <input_file_ref idref="fl-26"/>
      </object_component>
      <object_component id="oc-10a">
         <name>.debug_info</name>
         <load_address>0x44176</load_address>
         <run_address>0x44176</run_address>
         <size>0x16c</size>
         <input_file_ref idref="fl-27"/>
      </object_component>
      <object_component id="oc-10e">
         <name>.debug_info</name>
         <load_address>0x442e2</load_address>
         <run_address>0x442e2</run_address>
         <size>0x628</size>
         <input_file_ref idref="fl-28"/>
      </object_component>
      <object_component id="oc-114">
         <name>.debug_info</name>
         <load_address>0x4490a</load_address>
         <run_address>0x4490a</run_address>
         <size>0x113</size>
         <input_file_ref idref="fl-29"/>
      </object_component>
      <object_component id="oc-118">
         <name>.debug_info</name>
         <load_address>0x44a1d</load_address>
         <run_address>0x44a1d</run_address>
         <size>0x5ac</size>
         <input_file_ref idref="fl-2a"/>
      </object_component>
      <object_component id="oc-120">
         <name>.debug_info</name>
         <load_address>0x44fc9</load_address>
         <run_address>0x44fc9</run_address>
         <size>0x10d</size>
         <input_file_ref idref="fl-2b"/>
      </object_component>
      <object_component id="oc-125">
         <name>.debug_info</name>
         <load_address>0x450d6</load_address>
         <run_address>0x450d6</run_address>
         <size>0x10d</size>
         <input_file_ref idref="fl-2c"/>
      </object_component>
      <object_component id="oc-12a">
         <name>.debug_info</name>
         <load_address>0x451e3</load_address>
         <run_address>0x451e3</run_address>
         <size>0x11b</size>
         <input_file_ref idref="fl-2d"/>
      </object_component>
      <object_component id="oc-12f">
         <name>.debug_info</name>
         <load_address>0x452fe</load_address>
         <run_address>0x452fe</run_address>
         <size>0x110</size>
         <input_file_ref idref="fl-2e"/>
      </object_component>
      <object_component id="oc-134">
         <name>.debug_info</name>
         <load_address>0x4540e</load_address>
         <run_address>0x4540e</run_address>
         <size>0x10d</size>
         <input_file_ref idref="fl-2f"/>
      </object_component>
      <object_component id="oc-139">
         <name>.debug_info</name>
         <load_address>0x4551b</load_address>
         <run_address>0x4551b</run_address>
         <size>0x113</size>
         <input_file_ref idref="fl-30"/>
      </object_component>
      <object_component id="oc-13e">
         <name>.debug_info</name>
         <load_address>0x4562e</load_address>
         <run_address>0x4562e</run_address>
         <size>0x13a</size>
         <input_file_ref idref="fl-31"/>
      </object_component>
      <object_component id="oc-142">
         <name>.debug_info</name>
         <load_address>0x45768</load_address>
         <run_address>0x45768</run_address>
         <size>0x3e3</size>
         <input_file_ref idref="fl-32"/>
      </object_component>
      <object_component id="oc-147">
         <name>.debug_info</name>
         <load_address>0x45b4b</load_address>
         <run_address>0x45b4b</run_address>
         <size>0x423</size>
         <input_file_ref idref="fl-33"/>
      </object_component>
      <object_component id="oc-14c">
         <name>.debug_info</name>
         <load_address>0x45f6e</load_address>
         <run_address>0x45f6e</run_address>
         <size>0x48e</size>
         <input_file_ref idref="fl-34"/>
      </object_component>
      <object_component id="oc-151">
         <name>.debug_info</name>
         <load_address>0x463fc</load_address>
         <run_address>0x463fc</run_address>
         <size>0x435</size>
         <input_file_ref idref="fl-35"/>
      </object_component>
      <object_component id="oc-156">
         <name>.debug_info</name>
         <load_address>0x46831</load_address>
         <run_address>0x46831</run_address>
         <size>0x68c</size>
         <input_file_ref idref="fl-36"/>
      </object_component>
      <object_component id="oc-15b">
         <name>.debug_info</name>
         <load_address>0x46ebd</load_address>
         <run_address>0x46ebd</run_address>
         <size>0x3e0</size>
         <input_file_ref idref="fl-37"/>
      </object_component>
      <object_component id="oc-160">
         <name>.debug_info</name>
         <load_address>0x4729d</load_address>
         <run_address>0x4729d</run_address>
         <size>0x649</size>
         <input_file_ref idref="fl-38"/>
      </object_component>
      <object_component id="oc-166">
         <name>.debug_info</name>
         <load_address>0x478e6</load_address>
         <run_address>0x478e6</run_address>
         <size>0x13a</size>
         <input_file_ref idref="fl-39"/>
      </object_component>
      <object_component id="oc-16a">
         <name>.debug_info</name>
         <load_address>0x47a20</load_address>
         <run_address>0x47a20</run_address>
         <size>0x502</size>
         <input_file_ref idref="fl-3a"/>
      </object_component>
      <object_component id="oc-16f">
         <name>.debug_info</name>
         <load_address>0x47f22</load_address>
         <run_address>0x47f22</run_address>
         <size>0x2560</size>
         <input_file_ref idref="fl-3b"/>
      </object_component>
      <object_component id="oc-176">
         <name>.debug_info</name>
         <load_address>0x4a482</load_address>
         <run_address>0x4a482</run_address>
         <size>0x4cf</size>
         <input_file_ref idref="fl-3c"/>
      </object_component>
      <object_component id="oc-17b">
         <name>.debug_info</name>
         <load_address>0x4a951</load_address>
         <run_address>0x4a951</run_address>
         <size>0x455</size>
         <input_file_ref idref="fl-3d"/>
      </object_component>
      <object_component id="oc-180">
         <name>.debug_info</name>
         <load_address>0x4ada6</load_address>
         <run_address>0x4ada6</run_address>
         <size>0x1dd</size>
         <input_file_ref idref="fl-3e"/>
      </object_component>
      <object_component id="oc-182">
         <name>.debug_info</name>
         <load_address>0x4af83</load_address>
         <run_address>0x4af83</run_address>
         <size>0x1bc</size>
         <input_file_ref idref="fl-3f"/>
      </object_component>
      <object_component id="oc-187">
         <name>.debug_info</name>
         <load_address>0x4b13f</load_address>
         <run_address>0x4b13f</run_address>
         <size>0x10d</size>
         <input_file_ref idref="fl-40"/>
      </object_component>
      <object_component id="oc-18c">
         <name>.debug_info</name>
         <load_address>0x4b24c</load_address>
         <run_address>0x4b24c</run_address>
         <size>0x119</size>
         <input_file_ref idref="fl-41"/>
      </object_component>
      <object_component id="oc-191">
         <name>.debug_info</name>
         <load_address>0x4b365</load_address>
         <run_address>0x4b365</run_address>
         <size>0x10d</size>
         <input_file_ref idref="fl-42"/>
      </object_component>
      <object_component id="oc-196">
         <name>.debug_info</name>
         <load_address>0x4b472</load_address>
         <run_address>0x4b472</run_address>
         <size>0x10d</size>
         <input_file_ref idref="fl-43"/>
      </object_component>
      <object_component id="oc-19b">
         <name>.debug_info</name>
         <load_address>0x4b57f</load_address>
         <run_address>0x4b57f</run_address>
         <size>0x10d</size>
         <input_file_ref idref="fl-44"/>
      </object_component>
      <object_component id="oc-1a0">
         <name>.debug_info</name>
         <load_address>0x4b68c</load_address>
         <run_address>0x4b68c</run_address>
         <size>0x111</size>
         <input_file_ref idref="fl-45"/>
      </object_component>
      <object_component id="oc-1a5">
         <name>.debug_info</name>
         <load_address>0x4b79d</load_address>
         <run_address>0x4b79d</run_address>
         <size>0x111</size>
         <input_file_ref idref="fl-46"/>
      </object_component>
      <object_component id="oc-1aa">
         <name>.debug_info</name>
         <load_address>0x4b8ae</load_address>
         <run_address>0x4b8ae</run_address>
         <size>0x16f</size>
         <input_file_ref idref="fl-47"/>
      </object_component>
      <object_component id="oc-1af">
         <name>.debug_info</name>
         <load_address>0x4ba1d</load_address>
         <run_address>0x4ba1d</run_address>
         <size>0x147</size>
         <input_file_ref idref="fl-48"/>
      </object_component>
      <object_component id="oc-1b4">
         <name>.debug_info</name>
         <load_address>0x4bb64</load_address>
         <run_address>0x4bb64</run_address>
         <size>0x22a</size>
         <input_file_ref idref="fl-49"/>
      </object_component>
      <object_component id="oc-1b8">
         <name>.debug_info</name>
         <load_address>0x4bd8e</load_address>
         <run_address>0x4bd8e</run_address>
         <size>0x4ef</size>
         <input_file_ref idref="fl-4a"/>
      </object_component>
      <object_component id="oc-1bd">
         <name>.debug_info</name>
         <load_address>0x4c27d</load_address>
         <run_address>0x4c27d</run_address>
         <size>0x46e</size>
         <input_file_ref idref="fl-4b"/>
      </object_component>
      <object_component id="oc-1c2">
         <name>.debug_info</name>
         <load_address>0x4c6eb</load_address>
         <run_address>0x4c6eb</run_address>
         <size>0x470</size>
         <input_file_ref idref="fl-4c"/>
      </object_component>
      <object_component id="oc-1c7">
         <name>.debug_info</name>
         <load_address>0x4cb5b</load_address>
         <run_address>0x4cb5b</run_address>
         <size>0x528</size>
         <input_file_ref idref="fl-4d"/>
      </object_component>
      <object_component id="oc-1cc">
         <name>.debug_info</name>
         <load_address>0x4d083</load_address>
         <run_address>0x4d083</run_address>
         <size>0x4af</size>
         <input_file_ref idref="fl-4e"/>
      </object_component>
      <object_component id="oc-1d2">
         <name>.debug_info</name>
         <load_address>0x4d532</load_address>
         <run_address>0x4d532</run_address>
         <size>0x538</size>
         <input_file_ref idref="fl-4f"/>
      </object_component>
      <object_component id="oc-1d8">
         <name>.debug_info</name>
         <load_address>0x4da6a</load_address>
         <run_address>0x4da6a</run_address>
         <size>0x5e3</size>
         <input_file_ref idref="fl-50"/>
      </object_component>
      <object_component id="oc-1de">
         <name>.debug_info</name>
         <load_address>0x4e04d</load_address>
         <run_address>0x4e04d</run_address>
         <size>0x517</size>
         <input_file_ref idref="fl-51"/>
      </object_component>
      <object_component id="oc-1e3">
         <name>.debug_info</name>
         <load_address>0x4e564</load_address>
         <run_address>0x4e564</run_address>
         <size>0x4f1</size>
         <input_file_ref idref="fl-52"/>
      </object_component>
      <object_component id="oc-1e8">
         <name>.debug_info</name>
         <load_address>0x4ea55</load_address>
         <run_address>0x4ea55</run_address>
         <size>0x4d0</size>
         <input_file_ref idref="fl-53"/>
      </object_component>
      <object_component id="oc-1ee">
         <name>.debug_info</name>
         <load_address>0x4ef25</load_address>
         <run_address>0x4ef25</run_address>
         <size>0x19e</size>
         <input_file_ref idref="fl-54"/>
      </object_component>
      <object_component id="oc-1f2">
         <name>.debug_info</name>
         <load_address>0x4f0c3</load_address>
         <run_address>0x4f0c3</run_address>
         <size>0x4c5</size>
         <input_file_ref idref="fl-55"/>
      </object_component>
      <object_component id="oc-27a">
         <name>.debug_info</name>
         <load_address>0x4f588</load_address>
         <run_address>0x4f588</run_address>
         <size>0xc4</size>
      </object_component>
      <object_component id="oc-4f">
         <name>.debug_line</name>
         <load_address>0x0</load_address>
         <run_address>0x0</run_address>
         <size>0x6a</size>
         <input_file_ref idref="fl-2"/>
      </object_component>
      <object_component id="oc-54">
         <name>.debug_line</name>
         <load_address>0x6a</load_address>
         <run_address>0x6a</run_address>
         <size>0x71</size>
         <input_file_ref idref="fl-3"/>
      </object_component>
      <object_component id="oc-5c">
         <name>.debug_line</name>
         <load_address>0xdb</load_address>
         <run_address>0xdb</run_address>
         <size>0x82</size>
         <input_file_ref idref="fl-5"/>
      </object_component>
      <object_component id="oc-62">
         <name>.debug_line</name>
         <load_address>0x15d</load_address>
         <run_address>0x15d</run_address>
         <size>0xa5</size>
         <input_file_ref idref="fl-6"/>
      </object_component>
      <object_component id="oc-67">
         <name>.debug_line</name>
         <load_address>0x202</load_address>
         <run_address>0x202</run_address>
         <size>0x68</size>
         <input_file_ref idref="fl-7"/>
      </object_component>
      <object_component id="oc-6c">
         <name>.debug_line</name>
         <load_address>0x26a</load_address>
         <run_address>0x26a</run_address>
         <size>0x53</size>
         <input_file_ref idref="fl-8"/>
      </object_component>
      <object_component id="oc-72">
         <name>.debug_line</name>
         <load_address>0x2bd</load_address>
         <run_address>0x2bd</run_address>
         <size>0x76f</size>
         <input_file_ref idref="fl-9"/>
      </object_component>
      <object_component id="oc-77">
         <name>.debug_line</name>
         <load_address>0xa2c</load_address>
         <run_address>0xa2c</run_address>
         <size>0x6c</size>
         <input_file_ref idref="fl-a"/>
      </object_component>
      <object_component id="oc-7c">
         <name>.debug_line</name>
         <load_address>0xa98</load_address>
         <run_address>0xa98</run_address>
         <size>0x54</size>
         <input_file_ref idref="fl-b"/>
      </object_component>
      <object_component id="oc-81">
         <name>.debug_line</name>
         <load_address>0xaec</load_address>
         <run_address>0xaec</run_address>
         <size>0x54</size>
         <input_file_ref idref="fl-c"/>
      </object_component>
      <object_component id="oc-86">
         <name>.debug_line</name>
         <load_address>0xb40</load_address>
         <run_address>0xb40</run_address>
         <size>0x18b</size>
         <input_file_ref idref="fl-d"/>
      </object_component>
      <object_component id="oc-8b">
         <name>.debug_line</name>
         <load_address>0xccb</load_address>
         <run_address>0xccb</run_address>
         <size>0x54</size>
         <input_file_ref idref="fl-e"/>
      </object_component>
      <object_component id="oc-c4">
         <name>.debug_line</name>
         <load_address>0xd1f</load_address>
         <run_address>0xd1f</run_address>
         <size>0x54</size>
         <input_file_ref idref="fl-10"/>
      </object_component>
      <object_component id="oc-c9">
         <name>.debug_line</name>
         <load_address>0xd73</load_address>
         <run_address>0xd73</run_address>
         <size>0x53</size>
         <input_file_ref idref="fl-11"/>
      </object_component>
      <object_component id="oc-ce">
         <name>.debug_line</name>
         <load_address>0xdc6</load_address>
         <run_address>0xdc6</run_address>
         <size>0x55</size>
         <input_file_ref idref="fl-12"/>
      </object_component>
      <object_component id="oc-d3">
         <name>.debug_line</name>
         <load_address>0xe1b</load_address>
         <run_address>0xe1b</run_address>
         <size>0x78</size>
         <input_file_ref idref="fl-13"/>
      </object_component>
      <object_component id="oc-d8">
         <name>.debug_line</name>
         <load_address>0xe93</load_address>
         <run_address>0xe93</run_address>
         <size>0xa7</size>
         <input_file_ref idref="fl-14"/>
      </object_component>
      <object_component id="oc-dd">
         <name>.debug_line</name>
         <load_address>0xf3a</load_address>
         <run_address>0xf3a</run_address>
         <size>0x89</size>
         <input_file_ref idref="fl-15"/>
      </object_component>
      <object_component id="oc-e2">
         <name>.debug_line</name>
         <load_address>0xfc3</load_address>
         <run_address>0xfc3</run_address>
         <size>0x123</size>
         <input_file_ref idref="fl-16"/>
      </object_component>
      <object_component id="oc-e7">
         <name>.debug_line</name>
         <load_address>0x10e6</load_address>
         <run_address>0x10e6</run_address>
         <size>0x53</size>
         <input_file_ref idref="fl-17"/>
      </object_component>
      <object_component id="oc-ec">
         <name>.debug_line</name>
         <load_address>0x1139</load_address>
         <run_address>0x1139</run_address>
         <size>0x186</size>
         <input_file_ref idref="fl-18"/>
      </object_component>
      <object_component id="oc-f1">
         <name>.debug_line</name>
         <load_address>0x12bf</load_address>
         <run_address>0x12bf</run_address>
         <size>0x55</size>
         <input_file_ref idref="fl-19"/>
      </object_component>
      <object_component id="oc-f6">
         <name>.debug_line</name>
         <load_address>0x1314</load_address>
         <run_address>0x1314</run_address>
         <size>0x69</size>
         <input_file_ref idref="fl-1a"/>
      </object_component>
      <object_component id="oc-100">
         <name>.debug_line</name>
         <load_address>0x137d</load_address>
         <run_address>0x137d</run_address>
         <size>0xcf6</size>
         <input_file_ref idref="fl-1b"/>
      </object_component>
      <object_component id="oc-105">
         <name>.debug_line</name>
         <load_address>0x2073</load_address>
         <run_address>0x2073</run_address>
         <size>0x3a</size>
         <input_file_ref idref="fl-26"/>
      </object_component>
      <object_component id="oc-10b">
         <name>.debug_line</name>
         <load_address>0x20ad</load_address>
         <run_address>0x20ad</run_address>
         <size>0x7e</size>
         <input_file_ref idref="fl-27"/>
      </object_component>
      <object_component id="oc-110">
         <name>.debug_line</name>
         <load_address>0x212b</load_address>
         <run_address>0x212b</run_address>
         <size>0x6a</size>
         <input_file_ref idref="fl-28"/>
      </object_component>
      <object_component id="oc-115">
         <name>.debug_line</name>
         <load_address>0x2195</load_address>
         <run_address>0x2195</run_address>
         <size>0x50</size>
         <input_file_ref idref="fl-29"/>
      </object_component>
      <object_component id="oc-11c">
         <name>.debug_line</name>
         <load_address>0x21e5</load_address>
         <run_address>0x21e5</run_address>
         <size>0x65</size>
         <input_file_ref idref="fl-2a"/>
      </object_component>
      <object_component id="oc-121">
         <name>.debug_line</name>
         <load_address>0x224a</load_address>
         <run_address>0x224a</run_address>
         <size>0xb3</size>
         <input_file_ref idref="fl-2b"/>
      </object_component>
      <object_component id="oc-126">
         <name>.debug_line</name>
         <load_address>0x22fd</load_address>
         <run_address>0x22fd</run_address>
         <size>0xa2</size>
         <input_file_ref idref="fl-2c"/>
      </object_component>
      <object_component id="oc-12b">
         <name>.debug_line</name>
         <load_address>0x239f</load_address>
         <run_address>0x239f</run_address>
         <size>0x49</size>
         <input_file_ref idref="fl-2d"/>
      </object_component>
      <object_component id="oc-130">
         <name>.debug_line</name>
         <load_address>0x23e8</load_address>
         <run_address>0x23e8</run_address>
         <size>0x57</size>
         <input_file_ref idref="fl-2e"/>
      </object_component>
      <object_component id="oc-135">
         <name>.debug_line</name>
         <load_address>0x243f</load_address>
         <run_address>0x243f</run_address>
         <size>0xad</size>
         <input_file_ref idref="fl-2f"/>
      </object_component>
      <object_component id="oc-13a">
         <name>.debug_line</name>
         <load_address>0x24ec</load_address>
         <run_address>0x24ec</run_address>
         <size>0x58</size>
         <input_file_ref idref="fl-30"/>
      </object_component>
      <object_component id="oc-13f">
         <name>.debug_line</name>
         <load_address>0x2544</load_address>
         <run_address>0x2544</run_address>
         <size>0x69</size>
         <input_file_ref idref="fl-31"/>
      </object_component>
      <object_component id="oc-144">
         <name>.debug_line</name>
         <load_address>0x25ad</load_address>
[...]
         <object_component_ref idref="oc-fb"/>
      </symbol>
      <symbol id="sm-47d">
         <name>_break_time_1</name>
         <value>0xc024</value>
         <object_component_ref idref="oc-fb"/>
      </symbol>
      <symbol id="sm-47e">
         <name>_Time_Offset_Motor_Pwm</name>
         <value>0xc0aa</value>
         <object_component_ref idref="oc-fb"/>
      </symbol>
      <symbol id="sm-47f">
         <name>_EV_Buff</name>
         <value>0xc114</value>
         <object_component_ref idref="oc-fb"/>
      </symbol>
      <symbol id="sm-480">
         <name>_Encoder_vel_old</name>
         <value>0xc07c</value>
         <object_component_ref idref="oc-fb"/>
      </symbol>
      <symbol id="sm-481">
         <name>_torque_acc</name>
         <value>0xc0c4</value>
         <object_component_ref idref="oc-fb"/>
      </symbol>
      <symbol id="sm-482">
         <name>_BT_transmit</name>
         <value>0x8010</value>
         <object_component_ref idref="oc-1fd"/>
      </symbol>
      <symbol id="sm-483">
         <name>_time_now_min_1</name>
         <value>0xc030</value>
         <object_component_ref idref="oc-fb"/>
      </symbol>
      <symbol id="sm-484">
         <name>_target_gain</name>
         <value>0xc084</value>
         <object_component_ref idref="oc-fb"/>
      </symbol>
      <symbol id="sm-485">
         <name>_ED_Buff</name>
         <value>0xc140</value>
         <object_component_ref idref="oc-fb"/>
      </symbol>
      <symbol id="sm-486">
         <name>_mean_no_gait_speed</name>
         <value>0xc04a</value>
         <object_component_ref idref="oc-fb"/>
      </symbol>
      <symbol id="sm-487">
         <name>_gait_normal_socre</name>
         <value>0xc400</value>
         <object_component_ref idref="oc-fb"/>
      </symbol>
      <symbol id="sm-488">
         <name>_EV_mva_old</name>
         <value>0xc054</value>
         <object_component_ref idref="oc-fb"/>
      </symbol>
      <symbol id="sm-489">
         <name>_training_timer</name>
         <value>0xc0ae</value>
         <object_component_ref idref="oc-fb"/>
      </symbol>
      <symbol id="sm-48a">
         <name>_foot_shift_bit</name>
         <value>0xc001</value>
         <object_component_ref idref="oc-fb"/>
      </symbol>
      <symbol id="sm-48b">
         <name>_Time_Offset_Acc_profile</name>
         <value>0xc0a0</value>
         <object_component_ref idref="oc-fb"/>
      </symbol>
      <symbol id="sm-48c">
         <name>_Desired_acc_to_vel</name>
         <value>0xc094</value>
         <object_component_ref idref="oc-fb"/>
      </symbol>
      <symbol id="sm-48d">
         <name>_Target_speed</name>
         <value>0xc04e</value>
         <object_component_ref idref="oc-fb"/>
      </symbol>
      <symbol id="sm-48e">
         <name>_move_distance_10</name>
         <value>0xc008</value>
         <object_component_ref idref="oc-fb"/>
      </symbol>
      <symbol id="sm-48f">
         <name>_target_dis</name>
         <value>0xc0ba</value>
         <object_component_ref idref="oc-fb"/>
      </symbol>
      <symbol id="sm-490">
         <name>_UT1</name>
         <value>0xc240</value>
         <object_component_ref idref="oc-fb"/>
      </symbol>
      <symbol id="sm-491">
         <name>_normal_gait_size</name>
         <value>0xc05e</value>
         <object_component_ref idref="oc-fb"/>
      </symbol>
      <symbol id="sm-492">
         <name>_ConnectBluetooth</name>
         <value>0x33945c</value>
         <object_component_ref idref="oc-1ff"/>
      </symbol>
      <symbol id="sm-493">
         <name>_E_vel_deg_new</name>
         <value>0xc072</value>
         <object_component_ref idref="oc-fb"/>
      </symbol>
      <symbol id="sm-494">
         <name>_tablet_velocity</name>
         <value>0xc09c</value>
         <object_component_ref idref="oc-fb"/>
      </symbol>
      <symbol id="sm-495">
         <name>_RxBuff</name>
         <value>0xc0e6</value>
         <object_component_ref idref="oc-fb"/>
      </symbol>
      <symbol id="sm-496">
         <name>_torque_gain</name>
         <value>0xc0c0</value>
         <object_component_ref idref="oc-fb"/>
      </symbol>
      <symbol id="sm-497">
         <name>_FWD</name>
         <value>0xc026</value>
         <object_component_ref idref="oc-fb"/>
      </symbol>
      <symbol id="sm-498">
         <name>_Play_the_game</name>
         <value>0xc01e</value>
         <object_component_ref idref="oc-fb"/>
      </symbol>
      <symbol id="sm-499">
         <name>_MetabolizeRehabilitationRobot</name>
         <value>0x33941f</value>
         <object_component_ref idref="oc-1ff"/>
      </symbol>
      <symbol id="sm-49a">
         <name>_MIR_Put_String</name>
         <value>0x3391ac</value>
         <object_component_ref idref="oc-1ff"/>
      </symbol>
      <symbol id="sm-49b">
         <name>_IsStart</name>
         <value>0x3394bc</value>
         <object_component_ref idref="oc-1ff"/>
      </symbol>
      <symbol id="sm-49c">
         <name>_w</name>
         <value>0xc0e2</value>
         <object_component_ref idref="oc-fb"/>
      </symbol>
      <symbol id="sm-49d">
         <name>_m</name>
         <value>0xc00b</value>
         <object_component_ref idref="oc-fb"/>
      </symbol>
      <symbol id="sm-49e">
         <name>_i</name>
         <value>0xc000</value>
         <object_component_ref idref="oc-fb"/>
      </symbol>
      <symbol id="sm-49f">
         <name>_c</name>
         <value>0xc00e</value>
         <object_component_ref idref="oc-fb"/>
      </symbol>
      <symbol id="sm-4a0">
         <name>_a</name>
         <value>0xc040</value>
         <object_component_ref idref="oc-fb"/>
      </symbol>
      <symbol id="sm-4a1">
         <name>_J</name>
         <value>0xc0dc</value>
         <object_component_ref idref="oc-fb"/>
      </symbol>
      <symbol id="sm-4a2">
         <name>_I</name>
         <value>0xc0de</value>
         <object_component_ref idref="oc-fb"/>
      </symbol>
      <symbol id="sm-4a3">
         <name>_B</name>
         <value>0xc0d2</value>
         <object_component_ref idref="oc-fb"/>
      </symbol>
      <symbol id="sm-4a4">
         <name>_pause_finish</name>
         <value>0xc01c</value>
         <object_component_ref idref="oc-fb"/>
      </symbol>
      <symbol id="sm-4a5">
         <name>_ED_mva</name>
         <value>0xc05c</value>
         <object_component_ref idref="oc-fb"/>
      </symbol>
      <symbol id="sm-4a6">
         <name>_ratio_gain</name>
         <value>0xc088</value>
         <object_component_ref idref="oc-fb"/>
      </symbol>
      <symbol id="sm-4a7">
         <name>_Encoder_acc</name>
         <value>0xc080</value>
         <object_component_ref idref="oc-fb"/>
      </symbol>
      <symbol id="sm-4a8">
         <name>_face_100</name>
         <value>0xc02b</value>
         <object_component_ref idref="oc-fb"/>
      </symbol>
      <symbol id="sm-4a9">
         <name>_MIR1</name>
         <value>0xc1c0</value>
         <object_component_ref idref="oc-fb"/>
      </symbol>
      <symbol id="sm-4aa">
         <name>_Encoder_value_calculation</name>
         <value>0x339232</value>
         <object_component_ref idref="oc-1ff"/>
      </symbol>
      <symbol id="sm-4ab">
         <name>_E_i</name>
         <value>0xc004</value>
         <object_component_ref idref="oc-fb"/>
      </symbol>
      <symbol id="sm-4ac">
         <name>_velocity</name>
         <value>0xc098</value>
         <object_component_ref idref="oc-fb"/>
      </symbol>
      <symbol id="sm-4ad">
         <name>_move_distance_1000</name>
         <value>0xc00a</value>
         <object_component_ref idref="oc-fb"/>
      </symbol>
      <symbol id="sm-4ae">
         <name>_face_1000</name>
         <value>0xc02c</value>
         <object_component_ref idref="oc-fb"/>
      </symbol>
      <symbol id="sm-4bd">
         <name>_atof</name>
         <value>0x33a9fb</value>
         <object_component_ref idref="oc-1fe"/>
      </symbol>
      <symbol id="sm-4d8">
         <name>_c_int00</name>
         <value>0x33a5ca</value>
         <object_component_ref idref="oc-4c"/>
      </symbol>
      <symbol id="sm-4d9">
         <name>__stack</name>
         <value>0x400</value>
         <object_component_ref idref="oc-108"/>
      </symbol>
      <symbol id="sm-4ef">
         <name>_copy_in</name>
         <value>0x33a620</value>
         <object_component_ref idref="oc-1f8"/>
      </symbol>
      <symbol id="sm-4fe">
         <name>_ppcopy</name>
         <value>0x33a922</value>
         <object_component_ref idref="oc-113"/>
      </symbol>
      <symbol id="sm-4ff">
         <name>_dpcopy</name>
         <value>0x33a922</value>
         <object_component_ref idref="oc-113"/>
      </symbol>
      <symbol id="sm-500">
         <name>_pdcopy</name>
         <value>0x33a922</value>
         <object_component_ref idref="oc-113"/>
      </symbol>
      <symbol id="sm-501">
         <name>_ddcopy</name>
         <value>0x33a922</value>
         <object_component_ref idref="oc-113"/>
      </symbol>
      <symbol id="sm-516">
         <name>C$$EXIT</name>
         <value>0x33a781</value>
         <object_component_ref idref="oc-1fb"/>
      </symbol>
      <symbol id="sm-517">
         <name>_exit</name>
         <value>0x33a783</value>
         <object_component_ref idref="oc-1fb"/>
      </symbol>
      <symbol id="sm-518">
         <name>___TI_cleanup_ptr</name>
         <value>0xcc02</value>
         <object_component_ref idref="oc-11a"/>
      </symbol>
      <symbol id="sm-519">
         <name>___TI_enable_exit_profile_output</name>
         <value>0xcc00</value>
         <object_component_ref idref="oc-11a"/>
      </symbol>
      <symbol id="sm-51a">
         <name>_abort</name>
         <value>0x33a781</value>
         <object_component_ref idref="oc-1fb"/>
      </symbol>
      <symbol id="sm-51b">
         <name>___TI_dtors_ptr</name>
         <value>0xcc04</value>
         <object_component_ref idref="oc-11a"/>
      </symbol>
      <symbol id="sm-532">
         <name>FD$$DIV</name>
         <value>0x33a254</value>
         <object_component_ref idref="oc-11f"/>
      </symbol>
      <symbol id="sm-544">
         <name>FD$$MPY</name>
         <value>0x33a367</value>
         <object_component_ref idref="oc-124"/>
      </symbol>
      <symbol id="sm-550">
         <name>FD$$SUB</name>
         <value>0x33a98f</value>
         <object_component_ref idref="oc-129"/>
      </symbol>
      <symbol id="sm-55f">
         <name>FD$$TOUL</name>
         <value>0x33a907</value>
         <object_component_ref idref="oc-12e"/>
      </symbol>
      <symbol id="sm-570">
         <name>FS$$DIV</name>
         <value>0x33a2df</value>
         <object_component_ref idref="oc-133"/>
      </symbol>
      <symbol id="sm-580">
         <name>FS$$TOFD</name>
         <value>0x33a8cf</value>
         <object_component_ref idref="oc-138"/>
      </symbol>
      <symbol id="sm-58e">
         <name>I$$MOD</name>
         <value>0x33a7e3</value>
         <object_component_ref idref="oc-13d"/>
      </symbol>
      <symbol id="sm-58f">
         <name>I$$DIV</name>
         <value>0x33a7d2</value>
         <object_component_ref idref="oc-13d"/>
      </symbol>
      <symbol id="sm-59c">
         <name>__system_pre_init</name>
         <value>0x33aa02</value>
         <object_component_ref idref="oc-1f7"/>
      </symbol>
      <symbol id="sm-5ab">
         <name>_cos</name>
         <value>0x33a45d</value>
         <object_component_ref idref="oc-204"/>
      </symbol>
      <symbol id="sm-5ac">
         <name>_cosf</name>
         <value>0x33a45d</value>
         <object_component_ref idref="oc-204"/>
      </symbol>
      <symbol id="sm-5bd">
         <name>_round</name>
         <value>0x33a666</value>
         <object_component_ref idref="oc-206"/>
      </symbol>
      <symbol id="sm-5be">
         <name>_roundf</name>
         <value>0x33a666</value>
         <object_component_ref idref="oc-206"/>
      </symbol>
      <symbol id="sm-5cc">
         <name>_sin</name>
         <value>0x33a572</value>
         <object_component_ref idref="oc-205"/>
      </symbol>
      <symbol id="sm-5cd">
         <name>_sinf</name>
         <value>0x33a572</value>
         <object_component_ref idref="oc-205"/>
      </symbol>
      <symbol id="sm-5dc">
         <name>_sprintf</name>
         <value>0x33a69c</value>
         <object_component_ref idref="oc-1fc"/>
      </symbol>
      <symbol id="sm-5e9">
         <name>__system_post_cinit</name>
         <value>0x33aa04</value>
         <object_component_ref idref="oc-1f9"/>
      </symbol>
      <symbol id="sm-61c">
         <name>_strtod</name>
         <value>0x339c64</value>
         <object_component_ref idref="oc-207"/>
      </symbol>
      <symbol id="sm-61d">
         <name>_strtof</name>
         <value>0x339c64</value>
         <object_component_ref idref="oc-207"/>
      </symbol>
      <symbol id="sm-629">
         <name>U$$MOD</name>
         <value>0x33a9c7</value>
         <object_component_ref idref="oc-165"/>
      </symbol>
      <symbol id="sm-62a">
         <name>U$$DIV</name>
         <value>0x33a9c2</value>
         <object_component_ref idref="oc-165"/>
      </symbol>
      <symbol id="sm-63f">
         <name>__unlock</name>
         <value>0xcc08</value>
         <object_component_ref idref="oc-221"/>
      </symbol>
      <symbol id="sm-640">
         <name>__lock</name>
         <value>0xcc06</value>
         <object_component_ref idref="oc-200"/>
      </symbol>
      <symbol id="sm-641">
         <name>__register_lock</name>
         <value>0x33a9d1</value>
         <object_component_ref idref="oc-211"/>
      </symbol>
      <symbol id="sm-642">
         <name>__nop</name>
         <value>0x33a9d5</value>
         <object_component_ref idref="oc-211"/>
      </symbol>
      <symbol id="sm-643">
         <name>__register_unlock</name>
         <value>0x33a9cd</value>
         <object_component_ref idref="oc-211"/>
      </symbol>
      <symbol id="sm-771">
         <name>___TI_printfi</name>
         <value>0x338ab4</value>
         <object_component_ref idref="oc-202"/>
      </symbol>
      <symbol id="sm-781">
         <name>__args_main</name>
         <value>0x33a93c</value>
         <object_component_ref idref="oc-1fa"/>
      </symbol>
      <symbol id="sm-796">
         <name>_atoi</name>
         <value>0x33a6ce</value>
         <object_component_ref idref="oc-213"/>
      </symbol>
      <symbol id="sm-79f">
         <name>__ctypes_</name>
         <value>0x33aa06</value>
         <object_component_ref idref="oc-21d"/>
      </symbol>
      <symbol id="sm-7aa">
         <name>_errno</name>
         <value>0xcc0a</value>
         <object_component_ref idref="oc-184"/>
      </symbol>
      <symbol id="sm-7c5">
         <name>FD$$ADD</name>
         <value>0x33a1b8</value>
         <object_component_ref idref="oc-186"/>
      </symbol>
      <symbol id="sm-7d5">
         <name>FD$$CMP</name>
         <value>0x33a72d</value>
         <object_component_ref idref="oc-18b"/>
      </symbol>
      <symbol id="sm-7e2">
         <name>FD$$NEG</name>
         <value>0x33a9d6</value>
         <object_component_ref idref="oc-190"/>
      </symbol>
      <symbol id="sm-7f1">
         <name>FD$$TOI</name>
         <value>0x33a816</value>
         <object_component_ref idref="oc-195"/>
      </symbol>
      <symbol id="sm-800">
         <name>FD$$TOL</name>
         <value>0x33a857</value>
         <object_component_ref idref="oc-19a"/>
      </symbol>
      <symbol id="sm-810">
         <name>I$$TOFD</name>
         <value>0x33a8b2</value>
         <object_component_ref idref="oc-19f"/>
      </symbol>
      <symbol id="sm-820">
         <name>L$$TOFD</name>
         <value>0x33a8eb</value>
         <object_component_ref idref="oc-1a4"/>
      </symbol>
      <symbol id="sm-82c">
         <name>LL$$AND</name>
         <value>0x33a955</value>
         <object_component_ref idref="oc-1a9"/>
      </symbol>
      <symbol id="sm-82d">
         <name>LL$$OR</name>
         <value>0x33a95d</value>
         <object_component_ref idref="oc-1a9"/>
      </symbol>
      <symbol id="sm-82e">
         <name>LL$$XOR</name>
         <value>0x33a965</value>
         <object_component_ref idref="oc-1a9"/>
      </symbol>
      <symbol id="sm-83c">
         <name>ULL$$CMP</name>
         <value>0x33a888</value>
         <object_component_ref idref="oc-1ae"/>
      </symbol>
      <symbol id="sm-83d">
         <name>LL$$CMP</name>
         <value>0x33a876</value>
         <object_component_ref idref="oc-1ae"/>
      </symbol>
      <symbol id="sm-869">
         <name>ULL$$MOD</name>
         <value>0x339e25</value>
         <object_component_ref idref="oc-1b3"/>
      </symbol>
      <symbol id="sm-86a">
         <name>ULL$$DIV</name>
         <value>0x339df6</value>
         <object_component_ref idref="oc-1b3"/>
      </symbol>
      <symbol id="sm-86b">
         <name>LL$$MOD</name>
         <value>0x339dbc</value>
         <object_component_ref idref="oc-1b3"/>
      </symbol>
      <symbol id="sm-86c">
         <name>LL$$DIV</name>
         <value>0x339d80</value>
         <object_component_ref idref="oc-1b3"/>
      </symbol>
      <symbol id="sm-87b">
         <name>_ltoa</name>
         <value>0x33a6ff</value>
         <object_component_ref idref="oc-215"/>
      </symbol>
      <symbol id="sm-88b">
         <name>_memccpy</name>
         <value>0x33a99d</value>
         <object_component_ref idref="oc-21b"/>
      </symbol>
      <symbol id="sm-89d">
         <name>_memcpy</name>
         <value>0x33a894</value>
         <object_component_ref idref="oc-203"/>
      </symbol>
      <symbol id="sm-8ac">
         <name>_memset</name>
         <value>0x33a9aa</value>
         <object_component_ref idref="oc-219"/>
      </symbol>
      <symbol id="sm-8c3">
         <name>_floorf</name>
         <value>0x33a519</value>
         <object_component_ref idref="oc-21c"/>
      </symbol>
      <symbol id="sm-8c4">
         <name>_floor</name>
         <value>0x33a519</value>
         <object_component_ref idref="oc-21c"/>
      </symbol>
      <symbol id="sm-8d8">
         <name>_frexpl</name>
         <value>0x33a4be</value>
         <object_component_ref idref="oc-216"/>
      </symbol>
      <symbol id="sm-8f6">
         <name>_scalbnl</name>
         <value>0x33a047</value>
         <object_component_ref idref="oc-217"/>
      </symbol>
      <symbol id="sm-8f7">
         <name>_ldexpl</name>
         <value>0x33a047</value>
         <object_component_ref idref="oc-217"/>
      </symbol>
      <symbol id="sm-907">
         <name>_strchr</name>
         <value>0x33a9b6</value>
         <object_component_ref idref="oc-218"/>
      </symbol>
      <symbol id="sm-915">
         <name>_strcpy</name>
         <value>0x33a9f6</value>
         <object_component_ref idref="oc-21a"/>
      </symbol>
      <symbol id="sm-923">
         <name>_strlen</name>
         <value>0x33a9e7</value>
         <object_component_ref idref="oc-214"/>
      </symbol>
      <symbol id="sm-92f">
         <name>UL$$MOD</name>
         <value>0x33a77b</value>
         <object_component_ref idref="oc-1ed"/>
      </symbol>
      <symbol id="sm-930">
         <name>L$$MOD</name>
         <value>0x33a766</value>
         <object_component_ref idref="oc-1ed"/>
      </symbol>
      <symbol id="sm-931">
         <name>L$$DIV</name>
         <value>0x33a757</value>
         <object_component_ref idref="oc-1ed"/>
      </symbol>
      <symbol id="sm-932">
         <name>UL$$DIV</name>
         <value>0x33a774</value>
         <object_component_ref idref="oc-1ed"/>
      </symbol>
      <symbol id="sm-940">
         <name>_copysignl</name>
         <value>0x33a7f4</value>
         <object_component_ref idref="oc-222"/>
      </symbol>
   </symbol_table>
   <title>Link successful</title>
</link_info>
