******************************************************************************
             TMS320C2000 Linker PC v15.12.3                    
******************************************************************************
>> Linked Tue Jul 09 11:51:07 2019

OUTPUT FILE NAME:   <GaitRehabiltationRobot_MODE2(20190704).out>
ENTRY POINT SYMBOL: "_c_int00"  address: 0033a714


MEMORY CONFIGURATION

         name            origin    length      used     unused   attr    fill
----------------------  --------  ---------  --------  --------  ----  --------
PAGE 0:
  ZONE0                 00004000   00001000  00000000  00001000  RWIX
  RAML0                 00008000   00001000  000006fa  00000906  RWIX
  RAML1                 00009000   00001000  00000000  00001000  RWIX
  RAML2                 0000a000   00001000  00000000  00001000  RWIX
  RAML3                 0000b000   00001000  00000000  00001000  RWIX
  ZONE6                 00100000   00100000  00000000  00100000  RWIX
  ZONE7A                00200000   0000fc00  00000000  0000fc00  RWIX
  FLASHH                00300000   00008000  00000000  00008000  RWIX
  FLASHG                00308000   00008000  00000000  00008000  RWIX
  FLASHF                00310000   00008000  00000000  00008000  RWIX
  FLASHE                00318000   00008000  00000000  00008000  RWIX
  FLASHD                00320000   00008000  000006fa  00007906  RWIX
  FLASHC                00328000   00008000  00000000  00008000  RWIX
  FLASHA                00338000   00007f80  000030e4  00004e9c  RWIX
  CSM_RSVD              0033ff80   00000076  00000076  00000000  RWIX
  BEGIN                 0033fff6   00000002  00000002  00000000  RWIX
  CSM_PWL               0033fff8   00000008  00000008  00000000  RWIX
  ADC_CAL               00380080   00000009  00000007  00000002  RWIX
  OTP                   00380400   00000400  00000000  00000400  RWIX
  IQTABLES              003fe000   00000b50  00000000  00000b50  RWIX
  IQTABLES2             003feb50   0000008c  00000000  0000008c  RWIX
  FPUTABLES             003febdc   000006a0  00000000  000006a0  RWIX
  ROM                   003ff27c   00000d44  00000000  00000d44  RWIX
  RESET                 003fffc0   00000002  00000000  00000002  RWIX
  VECTORS               003fffc2   0000003e  00000000  0000003e  RWIX

PAGE 1:
  BOOT_RSVD             00000000   00000050  00000000  00000050  RWIX
  RAMM0                 00000050   000003b0  00000000  000003b0  RWIX
  RAMM1                 00000400   00000400  00000300  00000100  RWIX
  DEV_EMU               00000880   00000180  000000d0  000000b0  RWIX
  FLASH_REGS            00000a80   00000060  00000008  00000058  RWIX
  CSM                   00000ae0   00000010  00000010  00000000  RWIX
  ADC_MIRROR            00000b00   00000010  00000010  00000000  RWIX
  XINTF                 00000b20   00000020  0000001e  00000002  RWIX
  CPU_TIMER0            00000c00   00000008  00000008  00000000  RWIX
  CPU_TIMER1            00000c08   00000008  00000008  00000000  RWIX
  CPU_TIMER2            00000c10   00000008  00000008  00000000  RWIX
  PIE_CTRL              00000ce0   00000020  0000001a  00000006  RWIX
  PIE_VECT              00000d00   00000100  00000100  00000000  RWIX
  DMA                   00001000   00000200  000000e0  00000120  RWIX
  MCBSPA                00005000   00000040  00000025  0000001b  RWIX
  MCBSPB                00005040   00000040  00000025  0000001b  RWIX
  ECANA                 00006000   00000040  00000034  0000000c  RWIX
  ECANA_LAM             00006040   00000040  00000040  00000000  RWIX
  ECANA_MOTS            00006080   00000040  00000040  00000000  RWIX
  ECANA_MOTO            000060c0   00000040  00000040  00000000  RWIX
  ECANA_MBOX            00006100   00000100  00000100  00000000  RWIX
  ECANB                 00006200   00000040  00000034  0000000c  RWIX
  ECANB_LAM             00006240   00000040  00000040  00000000  RWIX
  ECANB_MOTS            00006280   00000040  00000040  00000000  RWIX
  ECANB_MOTO            000062c0   00000040  00000040  00000000  RWIX
  ECANB_MBOX            00006300   00000100  00000100  00000000  RWIX
  EPWM1                 00006800   00000022  00000022  00000000  RWIX
  EPWM2                 00006840   00000022  00000022  00000000  RWIX
  EPWM3                 00006880   00000022  00000022  00000000  RWIX
  EPWM4                 000068c0   00000022  00000022  00000000  RWIX
  EPWM5                 00006900   00000022  00000022  00000000  RWIX
  EPWM6                 00006940   00000022  00000022  00000000  RWIX
  ECAP1                 00006a00   00000020  00000020  00000000  RWIX
  ECAP2                 00006a20   00000020  00000020  00000000  RWIX
  ECAP3                 00006a40   00000020  00000020  00000000  RWIX
  ECAP4                 00006a60   00000020  00000020  00000000  RWIX
  ECAP5                 00006a80   00000020  00000020  00000000  RWIX
  ECAP6                 00006aa0   00000020  00000020  00000000  RWIX
  EQEP1                 00006b00   00000040  00000040  00000000  RWIX
  EQEP2                 00006b40   00000040  00000040  00000000  RWIX
  GPIOCTRL              00006f80   00000040  0000002e  00000012  RWIX
  GPIODAT               00006fc0   00000020  00000020  00000000  RWIX
  GPIOINT               00006fe0   00000020  0000000a  00000016  RWIX
  SYSTEM                00007010   00000020  00000020  00000000  RWIX
  SPIA                  00007040   00000010  00000010  00000000  RWIX
  SCIA                  00007050   00000010  00000010  00000000  RWIX
  XINTRUPT              00007070   00000010  00000010  00000000  RWIX
  ADC                   00007100   00000020  0000001e  00000002  RWIX
  SCIB                  00007750   00000010  00000010  00000000  RWIX
  SCIC                  00007770   00000010  00000010  00000000  RWIX
  I2CA                  00007900   00000040  00000022  0000001e  RWIX
  RAML4                 0000c000   00001000  0000076b  00000895  RWIX
  RAML5                 0000d000   00001000  00000000  00001000  RWIX
  RAML6                 0000e000   00001000  00000000  00001000  RWIX
  RAML7                 0000f000   00001000  00000000  00001000  RWIX
  ZONE7B                0020fc00   00000400  00000000  00000400  RWIX
  FLASHB                00330000   00008000  00000000  00008000  RWIX
  CSM_PWL               0033fff8   00000008  00000008  00000000  RWIX
  PARTID                00380090   00000001  00000001  00000000  RWIX


SECTION ALLOCATION MAP

 output                                  attributes/
section   page    origin      length       input sections
--------  ----  ----------  ----------   ----------------
ramfuncs   0    00320000    000006fa     RUN ADDR = 00008000
                  00320000    000006db     main.obj (ramfuncs)
                  003206db    0000001b     DSP2833x_SysCtrl.obj (ramfuncs)
                  003206f6    00000004     DSP2833x_usDelay.obj (ramfuncs)

.text      0    00338000    00002b4f     
                  00338000    00000bd9     rts2800_fpu32.lib : _printfi.obj (.text)
                  00338bd9    00000bc0     main.obj (.text)
                  00339799    00000316     DSP2833x_DefaultIsr.obj (.text:retain)
                  00339aaf    000002ff     main.obj (.text:retain)
                  00339dae    0000011c     rts2800_fpu32.lib : strtod.obj (.text)
                  00339eca    00000107                       : ll_div.obj (.text)
                  00339fd1    000000f8     DSP2833x_SysCtrl.obj (.text)
                  0033a0c9    000000c8     DSP2833x_EPwm.obj (.text)
                  0033a191    000000bc     rts2800_fpu32.lib : s_scalbn.obj (.text)
                  0033a24d    000000b5     DSP2833x_Sci.obj (.text)
                  0033a302    0000009c     rts2800_fpu32.lib : fd_add.obj (.text)
                  0033a39e    0000008b                       : fd_div.obj (.text)
                  0033a429    00000088                       : fs_div.obj (.text)
                  0033a4b1    00000083                       : fd_mpy.obj (.text)
                  0033a534    00000073     DSP2833x_CpuTimers.obj (.text)
                  0033a5a7    00000061     rts2800_fpu32.lib : s_cosf.obj (.text)
                  0033a608    0000005b                       : s_frexp.obj (.text)
                  0033a663    00000059                       : s_floorf.obj (.text)
                  0033a6bc    00000058                       : s_sinf.obj (.text)
                  0033a714    00000056                       : boot.obj (.text)
                  0033a76a    00000046                       : cpy_tbl.obj (.text)
                  0033a7b0    00000036                       : s_roundf.obj (.text)
                  0033a7e6    00000032                       : sprintf.obj (.text)
                  0033a818    00000031                       : atoi.obj (.text)
                  0033a849    0000002e                       : ltoa.obj (.text)
                  0033a877    0000002a                       : fd_cmp.obj (.text)
                  0033a8a1    0000002a                       : l_div.obj (.text)
                  0033a8cb    00000029                       : exit.obj (.text)
                  0033a8f4    00000028     DSP2833x_PieCtrl.obj (.text)
                  0033a91c    00000022     rts2800_fpu32.lib : i_div.obj (.text)
                  0033a93e    00000022                       : s_copysign.obj (.text)
                  0033a960    00000021                       : fd_toi.obj (.text)
                  0033a981    00000020     DSP2833x_PieVect.obj (.text)
                  0033a9a1    0000001f     rts2800_fpu32.lib : fd_tol.obj (.text)
                  0033a9c0    0000001e                       : ll_cmp.obj (.text)
                  0033a9de    0000001e                       : memcpy.obj (.text)
                  0033a9fc    0000001d                       : i_tofd.obj (.text)
                  0033aa19    0000001c                       : fs_tofd.obj (.text)
                  0033aa35    0000001c                       : l_tofd.obj (.text)
                  0033aa51    0000001b                       : fd_toul.obj (.text)
                  0033aa6c    0000001a                       : cpy_utils.obj (.text)
                  0033aa86    00000019                       : args_main.obj (.text)
                  0033aa9f    00000018                       : ll_aox.obj (.text)
                  0033aab7    00000013     DSP2833x_MemCopy.obj (.text)
                  0033aaca    0000000f     DSP2833x_Adc.obj (.text)
                  0033aad9    0000000e     rts2800_fpu32.lib : fd_sub.obj (.text)
                  0033aae7    0000000d                       : memccpy.obj (.text)
                  0033aaf4    0000000c                       : memset.obj (.text)
                  0033ab00    0000000c                       : strchr.obj (.text)
                  0033ab0c    0000000b                       : u_div.obj (.text)
                  0033ab17    00000009                       : _lock.obj (.text)
                  0033ab20    00000009                       : fd_neg.obj (.text)
                  0033ab29    00000008     DSP2833x_CodeStartBranch.obj (.text)
                  0033ab31    00000008     rts2800_fpu32.lib : strlen.obj (.text)
                  0033ab39    00000007     DSP2833x_DisInt.obj (.text)
                  0033ab40    00000005     rts2800_fpu32.lib : strcpy.obj (.text)
                  0033ab45    00000004                       : atof.obj (.text)
                  0033ab49    00000003     DSP2833x_DBGIER.obj (.text)
                  0033ab4c    00000002     rts2800_fpu32.lib : pre_init.obj (.text)
                  0033ab4e    00000001                       : startup.obj (.text)

.econst    0    0033ab50    00000314     
                  0033ab50    00000101     rts2800_fpu32.lib : ctype.obj (.econst:.string:__ctypes_)
                  0033ac51    00000001     --HOLE-- [fill = 0]
                  0033ac52    00000100     DSP2833x_PieVect.obj (.econst:_PieVectTableInit)
                  0033ad52    0000007a     main.obj (.econst:.string)
                  0033adcc    00000026     rts2800_fpu32.lib : _printfi.obj (.econst:.string)
                  0033adf2    0000001c                       : _printfi.obj (.econst)
                  0033ae0e    0000001c                       : s_scalbn.obj (.econst)
                  0033ae2a    00000014                       : strtod.obj (.econst:_digits)
                  0033ae3e    00000010     main.obj (.econst)
                  0033ae4e    0000000c     rts2800_fpu32.lib : strtod.obj (.econst:_powerof10)
                  0033ae5a    00000008                       : s_frexp.obj (.econst)
                  0033ae62    00000002                       : s_floorf.obj (.econst)

.cinit     0    0033ae64    00000281     
                  0033ae64    00000263     main.obj (.cinit)
                  0033b0c7    0000000e     rts2800_fpu32.lib : exit.obj (.cinit)
                  0033b0d5    00000005                       : _lock.obj (.cinit:__lock)
                  0033b0da    00000005                       : _lock.obj (.cinit:__unlock)
                  0033b0df    00000004                       : errno.obj (.cinit)
                  0033b0e3    00000002     --HOLE-- [fill = 0]

csm_rsvd   0    0033ff80    00000076     
                  0033ff80    00000076     DSP2833x_CSMPasswords.obj (csm_rsvd)

codestart 
*          0    0033fff6    00000002     
                  0033fff6    00000002     DSP2833x_CodeStartBranch.obj (codestart)

csmpasswds 
*          0    0033fff8    00000008     
                  0033fff8    00000008     DSP2833x_CSMPasswords.obj (csmpasswds)

.adc_cal   0    00380080    00000007     NOLOAD SECTION
                  00380080    00000007     DSP2833x_ADC_cal.obj (.adc_cal)

.stack     1    00000400    00000300     UNINITIALIZED
                  00000400    00000300     --HOLE--

DevEmuRegsFile 
*          1    00000880    000000d0     UNINITIALIZED
                  00000880    000000d0     DSP2833x_GlobalVariableDefs.obj (DevEmuRegsFile)

FlashRegsFile 
*          1    00000a80    00000008     UNINITIALIZED
                  00000a80    00000008     DSP2833x_GlobalVariableDefs.obj (FlashRegsFile)

CsmRegsFile 
*          1    00000ae0    00000010     UNINITIALIZED
                  00000ae0    00000010     DSP2833x_GlobalVariableDefs.obj (CsmRegsFile)

AdcMirrorFile 
*          1    00000b00    00000010     UNINITIALIZED
                  00000b00    00000010     DSP2833x_GlobalVariableDefs.obj (AdcMirrorFile)

XintfRegsFile 
*          1    00000b20    0000001e     UNINITIALIZED
                  00000b20    0000001e     DSP2833x_GlobalVariableDefs.obj (XintfRegsFile)

CpuTimer0RegsFile 
*          1    00000c00    00000008     UNINITIALIZED
                  00000c00    00000008     DSP2833x_GlobalVariableDefs.obj (CpuTimer0RegsFile)

CpuTimer1RegsFile 
*          1    00000c08    00000008     UNINITIALIZED
                  00000c08    00000008     DSP2833x_GlobalVariableDefs.obj (CpuTimer1RegsFile)

CpuTimer2RegsFile 
*          1    00000c10    00000008     UNINITIALIZED
                  00000c10    00000008     DSP2833x_GlobalVariableDefs.obj (CpuTimer2RegsFile)

PieCtrlRegsFile 
*          1    00000ce0    0000001a     UNINITIALIZED
                  00000ce0    0000001a     DSP2833x_GlobalVariableDefs.obj (PieCtrlRegsFile)

PieVectTableFile 
*          1    00000d00    00000100     UNINITIALIZED
                  00000d00    00000100     DSP2833x_GlobalVariableDefs.obj (PieVectTableFile)

DmaRegsFile 
*          1    00001000    000000e0     UNINITIALIZED
                  00001000    000000e0     DSP2833x_GlobalVariableDefs.obj (DmaRegsFile)

McbspaRegsFile 
*          1    00005000    00000025     UNINITIALIZED
                  00005000    00000025     DSP2833x_GlobalVariableDefs.obj (McbspaRegsFile)

McbspbRegsFile 
*          1    00005040    00000025     UNINITIALIZED
                  00005040    00000025     DSP2833x_GlobalVariableDefs.obj (McbspbRegsFile)

ECanaRegsFile 
*          1    00006000    00000034     UNINITIALIZED
                  00006000    00000034     DSP2833x_GlobalVariableDefs.obj (ECanaRegsFile)

ECanaLAMRegsFile 
*          1    00006040    00000040     UNINITIALIZED
                  00006040    00000040     DSP2833x_GlobalVariableDefs.obj (ECanaLAMRegsFile)

ECanaMOTSRegsFile 
*          1    00006080    00000040     UNINITIALIZED
                  00006080    00000040     DSP2833x_GlobalVariableDefs.obj (ECanaMOTSRegsFile)

ECanaMOTORegsFile 
*          1    000060c0    00000040     UNINITIALIZED
                  000060c0    00000040     DSP2833x_GlobalVariableDefs.obj (ECanaMOTORegsFile)

ECanaMboxesFile 
*          1    00006100    00000100     UNINITIALIZED
                  00006100    00000100     DSP2833x_GlobalVariableDefs.obj (ECanaMboxesFile)

ECanbRegsFile 
*          1    00006200    00000034     UNINITIALIZED
                  00006200    00000034     DSP2833x_GlobalVariableDefs.obj (ECanbRegsFile)

ECanbLAMRegsFile 
*          1    00006240    00000040     UNINITIALIZED
                  00006240    00000040     DSP2833x_GlobalVariableDefs.obj (ECanbLAMRegsFile)

ECanbMOTSRegsFile 
*          1    00006280    00000040     UNINITIALIZED
                  00006280    00000040     DSP2833x_GlobalVariableDefs.obj (ECanbMOTSRegsFile)

ECanbMOTORegsFile 
*          1    000062c0    00000040     UNINITIALIZED
                  000062c0    00000040     DSP2833x_GlobalVariableDefs.obj (ECanbMOTORegsFile)

ECanbMboxesFile 
*          1    00006300    00000100     UNINITIALIZED
                  00006300    00000100     DSP2833x_GlobalVariableDefs.obj (ECanbMboxesFile)

EPwm1RegsFile 
*          1    00006800    00000022     UNINITIALIZED
                  00006800    00000022     DSP2833x_GlobalVariableDefs.obj (EPwm1RegsFile)

EPwm2RegsFile 
*          1    00006840    00000022     UNINITIALIZED
                  00006840    00000022     DSP2833x_GlobalVariableDefs.obj (EPwm2RegsFile)

EPwm3RegsFile 
*          1    00006880    00000022     UNINITIALIZED
                  00006880    00000022     DSP2833x_GlobalVariableDefs.obj (EPwm3RegsFile)

EPwm4RegsFile 
*          1    000068c0    00000022     UNINITIALIZED
                  000068c0    00000022     DSP2833x_GlobalVariableDefs.obj (EPwm4RegsFile)

EPwm5RegsFile 
*          1    00006900    00000022     UNINITIALIZED
                  00006900    00000022     DSP2833x_GlobalVariableDefs.obj (EPwm5RegsFile)

EPwm6RegsFile 
*          1    00006940    00000022     UNINITIALIZED
                  00006940    00000022     DSP2833x_GlobalVariableDefs.obj (EPwm6RegsFile)

ECap1RegsFile 
*          1    00006a00    00000020     UNINITIALIZED
                  00006a00    00000020     DSP2833x_GlobalVariableDefs.obj (ECap1RegsFile)

ECap2RegsFile 
*          1    00006a20    00000020     UNINITIALIZED
                  00006a20    00000020     DSP2833x_GlobalVariableDefs.obj (ECap2RegsFile)

ECap3RegsFile 
*          1    00006a40    00000020     UNINITIALIZED
                  00006a40    00000020     DSP2833x_GlobalVariableDefs.obj (ECap3RegsFile)

ECap4RegsFile 
*          1    00006a60    00000020     UNINITIALIZED
                  00006a60    00000020     DSP2833x_GlobalVariableDefs.obj (ECap4RegsFile)

ECap5RegsFile 
*          1    00006a80    00000020     UNINITIALIZED
                  00006a80    00000020     DSP2833x_GlobalVariableDefs.obj (ECap5RegsFile)

ECap6RegsFile 
*          1    00006aa0    00000020     UNINITIALIZED
                  00006aa0    00000020     DSP2833x_GlobalVariableDefs.obj (ECap6RegsFile)

EQep1RegsFile 
*          1    00006b00    00000040     UNINITIALIZED
                  00006b00    00000040     DSP2833x_GlobalVariableDefs.obj (EQep1RegsFile)

EQep2RegsFile 
*          1    00006b40    00000040     UNINITIALIZED
                  00006b40    00000040     DSP2833x_GlobalVariableDefs.obj (EQep2RegsFile)

GpioCtrlRegsFile 
*          1    00006f80    0000002e     UNINITIALIZED
                  00006f80    0000002e     DSP2833x_GlobalVariableDefs.obj (GpioCtrlRegsFile)

GpioDataRegsFile 
*          1    00006fc0    00000020     UNINITIALIZED
                  00006fc0    00000020     DSP2833x_GlobalVariableDefs.obj (GpioDataRegsFile)

GpioIntRegsFile 
*          1    00006fe0    0000000a     UNINITIALIZED
                  00006fe0    0000000a     DSP2833x_GlobalVariableDefs.obj (GpioIntRegsFile)

SysCtrlRegsFile 
*          1    00007010    00000020     UNINITIALIZED
                  00007010    00000020     DSP2833x_GlobalVariableDefs.obj (SysCtrlRegsFile)

SpiaRegsFile 
*          1    00007040    00000010     UNINITIALIZED
                  00007040    00000010     DSP2833x_GlobalVariableDefs.obj (SpiaRegsFile)

SciaRegsFile 
*          1    00007050    00000010     UNINITIALIZED
                  00007050    00000010     DSP2833x_GlobalVariableDefs.obj (SciaRegsFile)

XIntruptRegsFile 
*          1    00007070    00000010     UNINITIALIZED
                  00007070    00000010     DSP2833x_GlobalVariableDefs.obj (XIntruptRegsFile)

AdcRegsFile 
*          1    00007100    0000001e     UNINITIALIZED
                  00007100    0000001e     DSP2833x_GlobalVariableDefs.obj (AdcRegsFile)

ScibRegsFile 
*          1    00007750    00000010     UNINITIALIZED
                  00007750    00000010     DSP2833x_GlobalVariableDefs.obj (ScibRegsFile)

ScicRegsFile 
*          1    00007770    00000010     UNINITIALIZED
                  00007770    00000010     DSP2833x_GlobalVariableDefs.obj (ScicRegsFile)

I2caRegsFile 
*          1    00007900    00000022     UNINITIALIZED
                  00007900    00000022     DSP2833x_GlobalVariableDefs.obj (I2caRegsFile)

.ebss      1    0000c000    0000076b     UNINITIALIZED
                  0000c000    00000748     main.obj (.ebss)
                  0000c748    00000018     DSP2833x_CpuTimers.obj (.ebss)
                  0000c760    00000006     rts2800_fpu32.lib : exit.obj (.ebss)
                  0000c766    00000002                       : _lock.obj (.ebss:__lock)
                  0000c768    00000002                       : _lock.obj (.ebss:__unlock)
                  0000c76a    00000001                       : errno.obj (.ebss)

CsmPwlFile 
*          1    0033fff8    00000008     UNINITIALIZED
                  0033fff8    00000008     DSP2833x_GlobalVariableDefs.obj (CsmPwlFile)

PartIdRegsFile 
*          1    00380090    00000001     UNINITIALIZED
                  00380090    00000001     DSP2833x_GlobalVariableDefs.obj (PartIdRegsFile)

.pinit     0    00338000    00000000     UNINITIALIZED

.reset     0    003fffc0    00000002     DSECT
                  003fffc0    00000002     rts2800_fpu32.lib : boot.obj (.reset)

vectors    0    003fffc2    00000000     DSECT

MODULE SUMMARY

       Module                            code    ro data   rw data
       ------                            ----    -------   -------
    .\
       main.obj                          7285    0         2613   
       DSP2833x_GlobalVariableDefs.obj   0       0         2679   
       DSP2833x_DefaultIsr.obj           790     0         0      
       DSP2833x_SysCtrl.obj              302     0         0      
       DSP2833x_PieVect.obj              32      0         256    
       DSP2833x_EPwm.obj                 200     0         0      
       DSP2833x_Sci.obj                  181     0         0      
       DSP2833x_CpuTimers.obj            115     0         24     
       DSP2833x_CSMPasswords.obj         0       0         126    
       DSP2833x_PieCtrl.obj              40      0         0      
       DSP2833x_MemCopy.obj              19      0         0      
       DSP2833x_Adc.obj                  15      0         0      
       DSP2833x_CodeStartBranch.obj      10      0         0      
       DSP2833x_usDelay.obj              8       0         0      
       DSP2833x_ADC_cal.obj              7       0         0      
       DSP2833x_DisInt.obj               7       0         0      
       DSP2833x_DBGIER.obj               3       0         0      
    +--+---------------------------------+-------+---------+---------+
       Total:                            9014    0         5698   
                                                                  
    C:\ti\ccsv6\tools\compiler\c2000_15.12.3.LTS\lib\rts2800_fpu32.lib
       _printfi.obj                      3033    0         66     
       strtod.obj                        284     0         32     
       ll_div.obj                        263     0         0      
       ctype.obj                         0       0         257    
       s_scalbn.obj                      188     0         28     
       fd_add.obj                        156     0         0      
       fd_div.obj                        139     0         0      
       fs_div.obj                        136     0         0      
       fd_mpy.obj                        131     0         0      
       s_frexp.obj                       91      0         8      
       s_cosf.obj                        97      0         0      
       s_floorf.obj                      89      0         2      
       s_sinf.obj                        88      0         0      
       boot.obj                          86      0         0      
       cpy_tbl.obj                       70      0         0      
       exit.obj                          41      0         20     
       s_roundf.obj                      54      0         0      
       sprintf.obj                       50      0         0      
       atoi.obj                          49      0         0      
       ltoa.obj                          46      0         0      
       fd_cmp.obj                        42      0         0      
       l_div.obj                         42      0         0      
       i_div.obj                         34      0         0      
       s_copysign.obj                    34      0         0      
       fd_toi.obj                        33      0         0      
       fd_tol.obj                        31      0         0      
       ll_cmp.obj                        30      0         0      
       memcpy.obj                        30      0         0      
       i_tofd.obj                        29      0         0      
       fs_tofd.obj                       28      0         0      
       l_tofd.obj                        28      0         0      
       fd_toul.obj                       27      0         0      
       cpy_utils.obj                     26      0         0      
       args_main.obj                     25      0         0      
       ll_aox.obj                        24      0         0      
       _lock.obj                         9       0         14     
       fd_sub.obj                        14      0         0      
       memccpy.obj                       13      0         0      
       memset.obj                        12      0         0      
       strchr.obj                        12      0         0      
       u_div.obj                         11      0         0      
       fd_neg.obj                        9       0         0      
       strlen.obj                        8       0         0      
       errno.obj                         0       0         5      
       strcpy.obj                        5       0         0      
       atof.obj                          4       0         0      
       pre_init.obj                      2       0         0      
       startup.obj                       1       0         0      
    +--+---------------------------------+-------+---------+---------+
       Total:                            5654    0         432    
                                                                  
       Stack:                            0       0         768    
    +--+---------------------------------+-------+---------+---------+
       Grand Total:                      14668   0         6898   


GLOBAL DATA SYMBOLS: SORTED BY DATA PAGE

address     data page           name
--------    ----------------    ----
00000400      10 (00000400)     __stack

00000880      22 (00000880)     _DevEmuRegs

00000a80      2a (00000a80)     _FlashRegs

00000ae0      2b (00000ac0)     _CsmRegs

00000b00      2c (00000b00)     _AdcMirror
00000b20      2c (00000b00)     _XintfRegs

00000c00      30 (00000c00)     _CpuTimer0Regs
00000c08      30 (00000c00)     _CpuTimer1Regs
00000c10      30 (00000c00)     _CpuTimer2Regs

00000ce0      33 (00000cc0)     _PieCtrlRegs

00000d00      34 (00000d00)     _PieVectTable

00001000      40 (00001000)     _DmaRegs

00005000     140 (00005000)     _McbspaRegs

00005040     141 (00005040)     _McbspbRegs

00006000     180 (00006000)     _ECanaRegs

00006040     181 (00006040)     _ECanaLAMRegs

00006080     182 (00006080)     _ECanaMOTSRegs

000060c0     183 (000060c0)     _ECanaMOTORegs

00006100     184 (00006100)     _ECanaMboxes

00006200     188 (00006200)     _ECanbRegs

00006240     189 (00006240)     _ECanbLAMRegs

00006280     18a (00006280)     _ECanbMOTSRegs

000062c0     18b (000062c0)     _ECanbMOTORegs

00006300     18c (00006300)     _ECanbMboxes

00006800     1a0 (00006800)     _EPwm1Regs

00006840     1a1 (00006840)     _EPwm2Regs

00006880     1a2 (00006880)     _EPwm3Regs

000068c0     1a3 (000068c0)     _EPwm4Regs

00006900     1a4 (00006900)     _EPwm5Regs

00006940     1a5 (00006940)     _EPwm6Regs

00006a00     1a8 (00006a00)     _ECap1Regs
00006a20     1a8 (00006a00)     _ECap2Regs

00006a40     1a9 (00006a40)     _ECap3Regs
00006a60     1a9 (00006a40)     _ECap4Regs

00006a80     1aa (00006a80)     _ECap5Regs
00006aa0     1aa (00006a80)     _ECap6Regs

00006b00     1ac (00006b00)     _EQep1Regs

00006b40     1ad (00006b40)     _EQep2Regs

00006f80     1be (00006f80)     _GpioCtrlRegs

00006fc0     1bf (00006fc0)     _GpioDataRegs
00006fe0     1bf (00006fc0)     _GpioIntRegs

00007010     1c0 (00007000)     _SysCtrlRegs

00007040     1c1 (00007040)     _SpiaRegs
00007050     1c1 (00007040)     _SciaRegs
00007070     1c1 (00007040)     _XIntruptRegs

00007100     1c4 (00007100)     _AdcRegs

00007750     1dd (00007740)     _ScibRegs
00007770     1dd (00007740)     _ScicRegs

00007900     1e4 (00007900)     _I2caRegs

0000c000     300 (0000c000)     _Receivedbuff
0000c001     300 (0000c000)     _m
0000c002     300 (0000c000)     _Mt_cnt
0000c003     300 (0000c000)     _E_i
0000c004     300 (0000c000)     _i
0000c005     300 (0000c000)     _M_i
0000c006     300 (0000c000)     _foot_shift_bit
0000c007     300 (0000c000)     _move_distance_100
0000c008     300 (0000c000)     _move_distance_1000
0000c009     300 (0000c000)     _move_distance_1
0000c00a     300 (0000c000)     _move_distance_10
0000c00b     300 (0000c000)     _TimerCount
0000c00c     300 (0000c000)     _c
0000c00d     300 (0000c000)     _TimerCount_2
0000c00e     300 (0000c000)     _MotorCount
0000c00f     300 (0000c000)     _leg_num
0000c010     300 (0000c000)     _end_bit
0000c011     300 (0000c000)     _pause_bit
0000c012     300 (0000c000)     _t_i
0000c013     300 (0000c000)     _start_bit
0000c014     300 (0000c000)     _target_dis_2
0000c015     300 (0000c000)     _Type_sel
0000c016     300 (0000c000)     _Play_the_game
0000c017     300 (0000c000)     _init_bit
0000c018     300 (0000c000)     _gait_bit
0000c019     300 (0000c000)     _start_record_bit
0000c01a     300 (0000c000)     _t_ii
0000c01b     300 (0000c000)     _time_now
0000c01c     300 (0000c000)     _target_dis_1
0000c01d     300 (0000c000)     _SM
0000c01e     300 (0000c000)     _REV
0000c01f     300 (0000c000)     _AR
0000c020     300 (0000c000)     _M0
0000c021     300 (0000c000)     _Face_score
0000c022     300 (0000c000)     _Flash_bit
0000c023     300 (0000c000)     _FWD
0000c024     300 (0000c000)     _face_10
0000c025     300 (0000c000)     _face_1
0000c026     300 (0000c000)     _face_1000
0000c027     300 (0000c000)     _face_100
0000c028     300 (0000c000)     _MF
0000c029     300 (0000c000)     _Score_1
0000c02a     300 (0000c000)     _Score_100
0000c02b     300 (0000c000)     _Score_10
0000c02c     300 (0000c000)     _Gait_score_10
0000c02d     300 (0000c000)     _Gait_score_100
0000c02e     300 (0000c000)     _time_now_min_10
0000c02f     300 (0000c000)     _Gait_score_1
0000c030     300 (0000c000)     _face_score_100
0000c031     300 (0000c000)     _pause_finish
0000c032     300 (0000c000)     _face_score_1
0000c033     300 (0000c000)     _Train_target
0000c034     300 (0000c000)     _Train_num
0000c035     300 (0000c000)     _break_time_now
0000c036     300 (0000c000)     _break_timer
0000c037     300 (0000c000)     _time_now_min_1
0000c038     300 (0000c000)     _face_score_10
0000c039     300 (0000c000)     _time_now_sec_1
0000c03a     300 (0000c000)     _Ai
0000c03b     300 (0000c000)     _V_i
0000c03c     300 (0000c000)     _A_i
0000c03d     300 (0000c000)     _mode_num
0000c03e     300 (0000c000)     _a
0000c03f     300 (0000c000)     _time_now_sec_10

0000c040     301 (0000c040)     _slow_start_timer
0000c042     301 (0000c040)     _Score_speed
0000c044     301 (0000c040)     _face_term
0000c046     301 (0000c040)     _Abnormal_assist_gain
0000c048     301 (0000c040)     _Target_speed
0000c04a     301 (0000c040)     _Add_score
0000c04c     301 (0000c040)     _Encoder_acc
0000c04e     301 (0000c040)     _Cpu_Clk
0000c050     301 (0000c040)     _Timer_Prd
0000c052     301 (0000c040)     _E_vel_deg_new
0000c054     301 (0000c040)     _E_vel_deg_old
0000c056     301 (0000c040)     _abnormal_gait_size
0000c058     301 (0000c040)     _normal_gait_size
0000c05a     301 (0000c040)     _mean_no_gait_speed
0000c05c     301 (0000c040)     _gait_score
0000c05e     301 (0000c040)     _sum_abno_gait_speed
0000c060     301 (0000c040)     _mean_abno_gait_speed
0000c062     301 (0000c040)     _BrakeDuty
0000c064     301 (0000c040)     _PwmCarrier
0000c066     301 (0000c040)     _PwmDuty
0000c068     301 (0000c040)     _usec_delay
0000c06a     301 (0000c040)     _Encoder_sum
0000c06c     301 (0000c040)     _Encoder_revcnt
0000c06e     301 (0000c040)     _Encoder_deg
0000c070     301 (0000c040)     _Encoder_vel_old
0000c072     301 (0000c040)     _Encoder_vel
0000c074     301 (0000c040)     _E_90_cnt
0000c076     301 (0000c040)     _Encoder_cnt
0000c078     301 (0000c040)     _Encoder_deg_old
0000c07a     301 (0000c040)     _Encoder_deg_new
0000c07c     301 (0000c040)     _sum_no_gait_speed
0000c07e     301 (0000c040)     _ex_gait_degree

0000c080     302 (0000c080)     _R_velocity
0000c082     302 (0000c080)     _velocity
0000c084     302 (0000c080)     _under_velocity
0000c086     302 (0000c080)     _ratio_target_gain
0000c088     302 (0000c080)     _target_gain
0000c08a     302 (0000c080)     _tablet_velocity
0000c08c     302 (0000c080)     _ratio_gain
0000c08e     302 (0000c080)     _b1
0000c090     302 (0000c080)     _a1
0000c092     302 (0000c080)     _b2
0000c094     302 (0000c080)     _smooth_rise
0000c096     302 (0000c080)     _break_hold_uart
0000c098     302 (0000c080)     _a2
0000c09a     302 (0000c080)     _a0
0000c09c     302 (0000c080)     _move_dis
0000c09e     302 (0000c080)     _Time_Offset_Acc_profile
0000c0a0     302 (0000c080)     _target_dis
0000c0a2     302 (0000c080)     _Offset_Motor_Pwm
0000c0a4     302 (0000c080)     _Motor_Pwm
0000c0a6     302 (0000c080)     _break_duty
0000c0a8     302 (0000c080)     _Time_Offset_Motor_Pwm
0000c0aa     302 (0000c080)     _target_min
0000c0ac     302 (0000c080)     _target_hour
0000c0ae     302 (0000c080)     _EV_mva
0000c0b0     302 (0000c080)     _training_timer
0000c0b2     302 (0000c080)     _EV_mva_old
0000c0b4     302 (0000c080)     _target_sec
0000c0b6     302 (0000c080)     _target_time
0000c0b8     302 (0000c080)     _Acc_profile
0000c0ba     302 (0000c080)     _acc_term
0000c0bc     302 (0000c080)     _Intention_term
0000c0be     302 (0000c080)     _Vel_profile

0000c0c0     303 (0000c0c0)     _acc_gain
0000c0c2     303 (0000c0c0)     _vel_gain
0000c0c4     303 (0000c0c0)     _EA_mva
0000c0c6     303 (0000c0c0)     _Limit
0000c0c8     303 (0000c0c0)     _Intention_vel
0000c0ca     303 (0000c0c0)     _Intention_acc
0000c0cc     303 (0000c0c0)     _a4
0000c0ce     303 (0000c0c0)     _b4
0000c0d0     303 (0000c0c0)     _a3
0000c0d2     303 (0000c0c0)     _b3
0000c0d4     303 (0000c0c0)     _w
0000c0d6     303 (0000c0c0)     _Gait_score_degree
0000c0d8     303 (0000c0c0)     _Motor_char_s
0000c0e2     303 (0000c0c0)     _Motor_char

0000c100     304 (0000c100)     _RxBuff
0000c110     304 (0000c100)     _Encoder

0000c140     305 (0000c140)     _BT1

0000c180     306 (0000c180)     _MT1

0000c1c0     307 (0000c1c0)     _MIR1

0000c200     308 (0000c200)     _EV_Buff

0000c240     309 (0000c240)     _Pwm_Buff

0000c2c0     30b (0000c2c0)     _Vel_Buff

0000c340     30d (0000c340)     _UT1

0000c3c0     30f (0000c3c0)     _Acc_Buff

0000c480     312 (0000c480)     _gait_abnormal_socre

0000c580     316 (0000c580)     _gait_normal_socre

0000c680     31a (0000c680)     _EA_Buff

0000c748     31d (0000c740)     _CpuTimer1
0000c750     31d (0000c740)     _CpuTimer2
0000c758     31d (0000c740)     _CpuTimer0
0000c760     31d (0000c740)     ___TI_enable_exit_profile_output
0000c762     31d (0000c740)     ___TI_cleanup_ptr
0000c764     31d (0000c740)     ___TI_dtors_ptr
0000c766     31d (0000c740)     __lock
0000c768     31d (0000c740)     __unlock
0000c76a     31d (0000c740)     _errno

0033ab50    cead (0033ab40)     __ctypes_

0033ac52    ceb1 (0033ac40)     _PieVectTableInit

0033fff8    cfff (0033ffc0)     _CsmPwl

00380090    e002 (00380080)     _PartIdRegs


GLOBAL SYMBOLS: SORTED ALPHABETICALLY BY Name 

page  address   name                            
----  -------   ----                            
0     00338000  .text                           
0     0033a8cb  C$$EXIT                         
0     0033a302  FD$$ADD                         
0     0033a877  FD$$CMP                         
0     0033a39e  FD$$DIV                         
0     0033a4b1  FD$$MPY                         
0     0033ab20  FD$$NEG                         
0     0033aad9  FD$$SUB                         
0     0033a960  FD$$TOI                         
0     0033a9a1  FD$$TOL                         
0     0033aa51  FD$$TOUL                        
0     0033a429  FS$$DIV                         
0     0033aa19  FS$$TOFD                        
0     0033a91c  I$$DIV                          
0     0033a92d  I$$MOD                          
0     0033a9fc  I$$TOFD                         
0     0033a8a1  L$$DIV                          
0     0033a8b0  L$$MOD                          
0     0033aa35  L$$TOFD                         
0     0033aa9f  LL$$AND                         
0     0033a9c0  LL$$CMP                         
0     00339eca  LL$$DIV                         
0     00339f06  LL$$MOD                         
0     0033aaa7  LL$$OR                          
0     0033aaaf  LL$$XOR                         
0     0033ab0c  U$$DIV                          
0     0033ab11  U$$MOD                          
0     0033a8be  UL$$DIV                         
0     0033a8c5  UL$$MOD                         
0     0033a9d2  ULL$$CMP                        
0     00339f40  ULL$$DIV                        
0     00339f6f  ULL$$MOD                        
0     0033987f  _ADCINT_ISR                     
0     00380080  _ADC_cal                        
1     0000c01f  _AR                             
1     0000c03c  _A_i                            
1     0000c046  _Abnormal_assist_gain           
1     0000c3c0  _Acc_Buff                       
1     0000c0b8  _Acc_profile                    
1     00000b00  _AdcMirror                      
1     00007100  _AdcRegs                        
1     0000c04a  _Add_score                      
1     0000c03a  _Ai                             
1     0000c140  _BT1                            
0     0033912e  _BT_Put_String                  
0     00008010  _BT_transmit                    
0     00339670  _BeNormal                       
1     0000c062  _BrakeDuty                      
0     0033a56d  _ConfigCpuTimer                 
0     003395d8  _ConnectBluetooth               
1     0000c758  _CpuTimer0                      
1     00000c00  _CpuTimer0Regs                  
1     0000c748  _CpuTimer1                      
1     00000c08  _CpuTimer1Regs                  
1     0000c750  _CpuTimer2                      
1     00000c10  _CpuTimer2Regs                  
1     0000c04e  _Cpu_Clk                        
1     0033fff8  _CsmPwl                         
1     00000ae0  _CsmRegs                        
0     0033a098  _CsmUnlock                      
0     003397ad  _DATALOG_ISR                    
0     003399a1  _DINTCH1_ISR                    
0     003399ab  _DINTCH2_ISR                    
0     003399b5  _DINTCH3_ISR                    
0     003399bf  _DINTCH4_ISR                    
0     003399c9  _DINTCH5_ISR                    
0     003399d3  _DINTCH6_ISR                    
0     0033ab39  _DSP28x_DisableInt              
0     0033ab3d  _DSP28x_RestoreInt              
0     000086f6  _DSP28x_usDelay                 
1     00000880  _DevEmuRegs                     
0     00339fe4  _DisableDog                     
1     00001000  _DmaRegs                        
1     0000c680  _EA_Buff                        
1     0000c0c4  _EA_mva                         
0     00339a2d  _ECAN0INTA_ISR                  
0     00339a41  _ECAN0INTB_ISR                  
0     00339a37  _ECAN1INTA_ISR                  
0     00339a4b  _ECAN1INTB_ISR                  
0     00339915  _ECAP1_INT_ISR                  
0     0033991f  _ECAP2_INT_ISR                  
0     00339929  _ECAP3_INT_ISR                  
0     00339933  _ECAP4_INT_ISR                  
0     0033993d  _ECAP5_INT_ISR                  
0     00339947  _ECAP6_INT_ISR                  
1     00006040  _ECanaLAMRegs                   
1     000060c0  _ECanaMOTORegs                  
1     00006080  _ECanaMOTSRegs                  
1     00006100  _ECanaMboxes                    
1     00006000  _ECanaRegs                      
1     00006240  _ECanbLAMRegs                   
1     000062c0  _ECanbMOTORegs                  
1     00006280  _ECanbMOTSRegs                  
1     00006300  _ECanbMboxes                    
1     00006200  _ECanbRegs                      
1     00006a00  _ECap1Regs                      
1     00006a20  _ECap2Regs                      
1     00006a40  _ECap3Regs                      
1     00006a60  _ECap4Regs                      
1     00006a80  _ECap5Regs                      
1     00006aa0  _ECap6Regs                      
0     003397c1  _EMUINT_ISR                     
0     003398d9  _EPWM1_INT_ISR                  
0     0033989d  _EPWM1_TZINT_ISR                
0     003398e3  _EPWM2_INT_ISR                  
0     003398a7  _EPWM2_TZINT_ISR                
0     003398ed  _EPWM3_INT_ISR                  
0     003398b1  _EPWM3_TZINT_ISR                
0     003398f7  _EPWM4_INT_ISR                  
0     003398bb  _EPWM4_TZINT_ISR                
0     00339901  _EPWM5_INT_ISR                  
0     003398c5  _EPWM5_TZINT_ISR                
0     0033990b  _EPWM6_INT_ISR                  
0     003398cf  _EPWM6_TZINT_ISR                
1     00006800  _EPwm1Regs                      
1     00006840  _EPwm2Regs                      
1     00006880  _EPwm3Regs                      
1     000068c0  _EPwm4Regs                      
1     00006900  _EPwm5Regs                      
1     00006940  _EPwm6Regs                      
0     00339951  _EQEP1_INT_ISR                  
0     0033995b  _EQEP2_INT_ISR                  
1     00006b00  _EQep1Regs                      
1     00006b40  _EQep2Regs                      
1     0000c200  _EV_Buff                        
1     0000c0ae  _EV_mva                         
1     0000c0b2  _EV_mva_old                     
1     0000c074  _E_90_cnt                       
1     0000c003  _E_i                            
1     0000c052  _E_vel_deg_new                  
1     0000c054  _E_vel_deg_old                  
0     0033a913  _EnableInterrupts               
1     0000c110  _Encoder                        
1     0000c04c  _Encoder_acc                    
1     0000c076  _Encoder_cnt                    
0     0000807e  _Encoder_define                 
1     0000c06e  _Encoder_deg                    
1     0000c07a  _Encoder_deg_new                
1     0000c078  _Encoder_deg_old                
0     0033924d  _Encoder_position_renew         
1     0000c06c  _Encoder_revcnt                 
1     0000c06a  _Encoder_sum                    
0     003392a7  _Encoder_value_calculation      
1     0000c072  _Encoder_vel                    
1     0000c070  _Encoder_vel_old                
1     0000c023  _FWD                            
1     0000c021  _Face_score                     
1     00000a80  _FlashRegs                      
1     0000c022  _Flash_bit                      
1     0000c02f  _Gait_score_1                   
1     0000c02c  _Gait_score_10                  
1     0000c02d  _Gait_score_100                 
0     003396fb  _Gait_score_calculation         
1     0000c0d6  _Gait_score_degree              
1     00006f80  _GpioCtrlRegs                   
1     00006fc0  _GpioDataRegs                   
1     00006fe0  _GpioIntRegs                    
0     003399dd  _I2CINT1A_ISR                   
0     003399e7  _I2CINT2A_ISR                   
1     00007900  _I2caRegs                       
0     003397d5  _ILLEGAL_ISR                    
0     00339799  _INT13_ISR                      
0     003397a3  _INT14_ISR                      
0     00339656  _IncreaseTime                   
0     0033aaca  _InitAdc                        
0     0033a534  _InitCpuTimers                  
0     0033a0c9  _InitEPwm                       
0     0033a0d7  _InitEPwm1Gpio                  
0     00339046  _InitEPwm1Module                
0     0033a0e9  _InitEPwm2Gpio                  
0     0033907e  _InitEPwm2Module                
0     0033a0fb  _InitEPwm3Gpio                  
0     0033a10f  _InitEPwm4Gpio                  
0     0033a123  _InitEPwm5Gpio                  
0     0033a135  _InitEPwm6Gpio                  
0     0033a0ca  _InitEPwmGpio                   
0     0033a147  _InitEPwmSyncGpio               
0     000086db  _InitFlash                      
0     0033a03d  _InitPeripheralClocks           
0     0033a8f4  _InitPieCtrl                    
0     0033a981  _InitPieVectTable               
0     00339fec  _InitPll                        
0     0033a24d  _InitSci                        
0     0033a2bf  _InitSciGpio                    
0     0033a2c6  _InitSciaGpio                   
0     0033a2dc  _InitScibGpio                   
0     0033a2ec  _InitScicGpio                   
0     00339fd1  _InitSysCtrl                    
0     0033a15b  _InitTzGpio                     
1     0000c0ca  _Intention_acc                  
1     0000c0bc  _Intention_term                 
1     0000c0c8  _Intention_vel                  
0     0033966c  _IsEnd                          
0     0033963c  _IsPause                        
0     00339638  _IsStart                        
0     00339a91  _LUF_ISR                        
0     00339a87  _LVF_ISR                        
1     0000c0c6  _Limit                          
1     0000c020  _M0                             
1     0000c028  _MF                             
1     0000c1c0  _MIR1                           
0     0033913e  _MIR_Put_String                 
0     0033914e  _MIR_transmit                   
0     0033998d  _MRINTA_ISR                     
0     00339979  _MRINTB_ISR                     
1     0000c180  _MT1                            
0     00339997  _MXINTA_ISR                     
0     00339983  _MXINTB_ISR                     
1     0000c005  _M_i                            
1     00005000  _McbspaRegs                     
1     00005040  _McbspbRegs                     
0     0033aab7  _MemCopy                        
0     0033959b  _MetabolizeRehabilitationRobot  
1     0000c00e  _MotorCount                     
1     0000c0a4  _Motor_Pwm                      
1     0000c0e2  _Motor_char                     
1     0000c0d8  _Motor_char_s                   
0     0033931c  _Moving_avg_degree              
1     0000c002  _Mt_cnt                         
0     003397cb  _NMI_ISR                        
1     0000c0a2  _Offset_Motor_Pwm               
0     003395e3  _OutputPWM                      
0     00339a9b  _PIE_RESERVED                   
1     00380090  _PartIdRegs                     
1     00000ce0  _PieCtrlRegs                    
1     00000d00  _PieVectTable                   
0     0033ac52  _PieVectTableInit               
1     0000c016  _Play_the_game                  
1     0000c064  _PwmCarrier                     
1     0000c066  _PwmDuty                        
1     0000c240  _Pwm_Buff                       
1     0000c01e  _REV                            
0     003397b7  _RTOSINT_ISR                    
1     0000c080  _R_velocity                     
0     003206fa  _RamfuncsLoadEnd                
0     00320000  _RamfuncsLoadStart              
0     00008000  _RamfuncsRunStart               
1     0000c000  _Receivedbuff                   
0     00338eab  _Reg_setting_fun                
0     00338f15  _Robot_Initialize               
1     0000c100  _RxBuff                         
0     00339a05  _SCIRXINTA_ISR                  
0     00339a19  _SCIRXINTB_ISR                  
0     003399f1  _SCIRXINTC_ISR                  
0     00339a0f  _SCITXINTA_ISR                  
0     00339a23  _SCITXINTB_ISR                  
0     003399fb  _SCITXINTC_ISR                  
0     00339857  _SEQ1INT_ISR                    
0     00339861  _SEQ2INT_ISR                    
1     0000c01d  _SM                             
0     00339965  _SPIRXINTA_ISR                  
0     0033996f  _SPITXINTA_ISR                  
1     00007050  _SciaRegs                       
1     00007750  _ScibRegs                       
1     00007770  _ScicRegs                       
1     0000c029  _Score_1                        
1     0000c02b  _Score_10                       
1     0000c02a  _Score_100                      
1     0000c042  _Score_speed                    
0     00339fda  _ServiceDog                     
0     0033ab49  _SetDBGIER                      
1     00007040  _SpiaRegs                       
0     003396dd  _Start_breaking                 
1     00007010  _SysCtrlRegs                    
0     00339889  _TINT0_ISR                      
1     0000c048  _Target_speed                   
1     0000c09e  _Time_Offset_Acc_profile        
1     0000c0a8  _Time_Offset_Motor_Pwm          
1     0000c00b  _TimerCount                     
1     0000c00d  _TimerCount_2                   
1     0000c050  _Timer_Prd                      
0     000080b7  _TrainAbnormalPerson            
1     0000c034  _Train_num                      
1     0000c033  _Train_target                   
0     0033967e  _Type_Check_fun                 
1     0000c015  _Type_sel                       
0     00008000  _UART_Put_String                
0     00339839  _USER10_ISR                     
0     00339843  _USER11_ISR                     
0     0033984d  _USER12_ISR                     
0     003397df  _USER1_ISR                      
0     003397e9  _USER2_ISR                      
0     003397f3  _USER3_ISR                      
0     003397fd  _USER4_ISR                      
0     00339807  _USER5_ISR                      
0     00339811  _USER6_ISR                      
0     0033981b  _USER7_ISR                      
0     00339825  _USER8_ISR                      
0     0033982f  _USER9_ISR                      
1     0000c340  _UT1                            
0     00008040  _Uart_transmit                  
0     00008510  _UpdateInformation              
1     0000c03b  _V_i                            
1     0000c2c0  _Vel_Buff                       
1     0000c0be  _Vel_profile                    
0     00339893  _WAKEINT_ISR                    
0     0033986b  _XINT1_ISR                      
0     00339875  _XINT2_ISR                      
0     00339a55  _XINT3_ISR                      
0     00339a5f  _XINT4_ISR                      
0     00339a69  _XINT5_ISR                      
0     00339a73  _XINT6_ISR                      
0     00339a7d  _XINT7_ISR                      
1     00007070  _XIntruptRegs                   
1     00000b20  _XintfRegs                      
1     00000700  __STACK_END                     
abs   00000300  __STACK_SIZE                    
1     0000c762  ___TI_cleanup_ptr               
1     0000c764  ___TI_dtors_ptr                 
1     0000c760  ___TI_enable_exit_profile_output
abs   ffffffff  ___TI_pprof_out_hndl            
0     00338ab4  ___TI_printfi                   
abs   ffffffff  ___TI_prof_data_size            
abs   ffffffff  ___TI_prof_data_start           
abs   ffffffff  ___binit__                      
abs   ffffffff  ___c_args__                     
0     0033ae64  ___cinit__                      
0     0033ab4f  ___etext__                      
abs   ffffffff  ___pinit__                      
0     00338000  ___text__                       
0     0033aa86  __args_main                     
0     0033ab50  __ctypes_                       
1     0000c766  __lock                          
0     0033ab1f  __nop                           
0     0033ab1b  __register_lock                 
0     0033ab17  __register_unlock               
1     00000400  __stack                         
0     0033ab4e  __system_post_cinit             
0     0033ab4c  __system_pre_init               
1     0000c768  __unlock                        
1     0000c03e  _a                              
1     0000c09a  _a0                             
1     0000c090  _a1                             
1     0000c098  _a2                             
1     0000c0d0  _a3                             
1     0000c0cc  _a4                             
1     0000c056  _abnormal_gait_size             
0     0033a8cb  _abort                          
1     0000c0c0  _acc_gain                       
1     0000c0ba  _acc_term                       
0     0033ab45  _atof                           
0     0033a818  _atoi                           
1     0000c08e  _b1                             
1     0000c092  _b2                             
1     0000c0d2  _b3                             
1     0000c0ce  _b4                             
1     0000c0a6  _break_duty                     
1     0000c096  _break_hold_uart                
0     003396cd  _break_time                     
1     0000c035  _break_time_now                 
1     0000c036  _break_timer                    
1     0000c00c  _c                              
0     0033a714  _c_int00                        
0     000085b3  _check_gait_score               
0     00338f86  _clear_variable                 
0     0033a76a  _copy_in                        
0     0033a93e  _copysignl                      
0     0033a5a7  _cos                            
0     0033a5a7  _cosf                           
0     00339d54  _cpu_timer0_isr                 
0     0033aa6c  _ddcopy                         
0     0033aa6c  _dpcopy                         
1     0000c010  _end_bit                        
1     0000c76a  _errno                          
1     0000c07e  _ex_gait_degree                 
0     0033a8cd  _exit                           
1     0000c025  _face_1                         
1     0000c024  _face_10                        
1     0000c027  _face_100                       
1     0000c026  _face_1000                      
1     0000c032  _face_score_1                   
1     0000c038  _face_score_10                  
1     0000c030  _face_score_100                 
1     0000c044  _face_term                      
0     0033a663  _floor                          
0     0033a663  _floorf                         
1     0000c006  _foot_shift_bit                 
0     0033a608  _frexpl                         
1     0000c480  _gait_abnormal_socre            
1     0000c018  _gait_bit                       
1     0000c580  _gait_normal_socre              
1     0000c05c  _gait_score                     
1     0000c004  _i                              
1     0000c017  _init_bit                       
0     0033a191  _ldexpl                         
1     0000c00f  _leg_num                        
0     0033a849  _ltoa                           
1     0000c001  _m                              
0     00338bd9  _main                           
1     0000c060  _mean_abno_gait_speed           
1     0000c05a  _mean_no_gait_speed             
0     0033aae7  _memccpy                        
0     0033a9de  _memcpy                         
0     0033aaf4  _memset                         
1     0000c03d  _mode_num                       
1     0000c09c  _move_dis                       
1     0000c009  _move_distance_1                
1     0000c00a  _move_distance_10               
1     0000c007  _move_distance_100              
1     0000c008  _move_distance_1000             
1     0000c058  _normal_gait_size               
1     0000c011  _pause_bit                      
1     0000c031  _pause_finish                   
0     0033aa6c  _pdcopy                         
0     0033aa6c  _ppcopy                         
1     0000c08c  _ratio_gain                     
1     0000c086  _ratio_target_gain              
0     0033a7b0  _round                          
0     0033a7b0  _roundf                         
0     00339aa5  _rsvd_ISR                       
0     0033a191  _scalbnl                        
0     00339aaf  _sciaRxFifoIsr                  
0     003390bc  _scia_echoback_init             
0     003390d2  _scia_fifo_init                 
0     003390e2  _scib_echoback_init             
0     003390f8  _scib_fifo_init                 
0     00339108  _scic_echoback_init             
0     0033911e  _scic_fifo_init                 
0     0033a6bc  _sin                            
0     0033a6bc  _sinf                           
1     0000c040  _slow_start_timer               
1     0000c094  _smooth_rise                    
0     0033a7e6  _sprintf                        
1     0000c013  _start_bit                      
1     0000c019  _start_record_bit               
0     0033ab00  _strchr                         
0     0033ab40  _strcpy                         
0     0033ab31  _strlen                         
0     00339dae  _strtod                         
0     00339dae  _strtof                         
1     0000c05e  _sum_abno_gait_speed            
1     0000c07c  _sum_no_gait_speed              
1     0000c012  _t_i                            
1     0000c01a  _t_ii                           
1     0000c08a  _tablet_velocity                
1     0000c0a0  _target_dis                     
1     0000c01c  _target_dis_1                   
1     0000c014  _target_dis_2                   
1     0000c088  _target_gain                    
1     0000c0ac  _target_hour                    
1     0000c0aa  _target_min                     
1     0000c0b4  _target_sec                     
1     0000c0b6  _target_time                    
1     0000c01b  _time_now                       
1     0000c037  _time_now_min_1                 
1     0000c02e  _time_now_min_10                
1     0000c039  _time_now_sec_1                 
1     0000c03f  _time_now_sec_10                
1     0000c0b0  _training_timer                 
1     0000c084  _under_velocity                 
1     0000c068  _usec_delay                     
1     0000c0c2  _vel_gain                       
1     0000c082  _velocity                       
1     0000c0d4  _w                              
abs   ffffffff  binit                           
0     0033ae64  cinit                           
0     0033fff6  code_start                      
0     0033ab4f  etext                           
abs   ffffffff  pinit                           


GLOBAL SYMBOLS: SORTED BY Symbol Address 

page  address   name                            
----  -------   ----                            
0     00008000  _RamfuncsRunStart               
0     00008000  _UART_Put_String                
0     00008010  _BT_transmit                    
0     00008040  _Uart_transmit                  
0     0000807e  _Encoder_define                 
0     000080b7  _TrainAbnormalPerson            
0     00008510  _UpdateInformation              
0     000085b3  _check_gait_score               
0     000086db  _InitFlash                      
0     000086f6  _DSP28x_usDelay                 
0     00320000  _RamfuncsLoadStart              
0     003206fa  _RamfuncsLoadEnd                
0     00338000  .text                           
0     00338000  ___text__                       
0     00338ab4  ___TI_printfi                   
0     00338bd9  _main                           
0     00338eab  _Reg_setting_fun                
0     00338f15  _Robot_Initialize               
0     00338f86  _clear_variable                 
0     00339046  _InitEPwm1Module                
0     0033907e  _InitEPwm2Module                
0     003390bc  _scia_echoback_init             
0     003390d2  _scia_fifo_init                 
0     003390e2  _scib_echoback_init             
0     003390f8  _scib_fifo_init                 
0     00339108  _scic_echoback_init             
0     0033911e  _scic_fifo_init                 
0     0033912e  _BT_Put_String                  
0     0033913e  _MIR_Put_String                 
0     0033914e  _MIR_transmit                   
0     0033924d  _Encoder_position_renew         
0     003392a7  _Encoder_value_calculation      
0     0033931c  _Moving_avg_degree              
0     0033959b  _MetabolizeRehabilitationRobot  
0     003395d8  _ConnectBluetooth               
0     003395e3  _OutputPWM                      
0     00339638  _IsStart                        
0     0033963c  _IsPause                        
0     00339656  _IncreaseTime                   
0     0033966c  _IsEnd                          
0     00339670  _BeNormal                       
0     0033967e  _Type_Check_fun                 
0     003396cd  _break_time                     
0     003396dd  _Start_breaking                 
0     003396fb  _Gait_score_calculation         
0     00339799  _INT13_ISR                      
0     003397a3  _INT14_ISR                      
0     003397ad  _DATALOG_ISR                    
0     003397b7  _RTOSINT_ISR                    
0     003397c1  _EMUINT_ISR                     
0     003397cb  _NMI_ISR                        
0     003397d5  _ILLEGAL_ISR                    
0     003397df  _USER1_ISR                      
0     003397e9  _USER2_ISR                      
0     003397f3  _USER3_ISR                      
0     003397fd  _USER4_ISR                      
0     00339807  _USER5_ISR                      
0     00339811  _USER6_ISR                      
0     0033981b  _USER7_ISR                      
0     00339825  _USER8_ISR                      
0     0033982f  _USER9_ISR                      
0     00339839  _USER10_ISR                     
0     00339843  _USER11_ISR                     
0     0033984d  _USER12_ISR                     
0     00339857  _SEQ1INT_ISR                    
0     00339861  _SEQ2INT_ISR                    
0     0033986b  _XINT1_ISR                      
0     00339875  _XINT2_ISR                      
0     0033987f  _ADCINT_ISR                     
0     00339889  _TINT0_ISR                      
0     00339893  _WAKEINT_ISR                    
0     0033989d  _EPWM1_TZINT_ISR                
0     003398a7  _EPWM2_TZINT_ISR                
0     003398b1  _EPWM3_TZINT_ISR                
0     003398bb  _EPWM4_TZINT_ISR                
0     003398c5  _EPWM5_TZINT_ISR                
0     003398cf  _EPWM6_TZINT_ISR                
0     003398d9  _EPWM1_INT_ISR                  
0     003398e3  _EPWM2_INT_ISR                  
0     003398ed  _EPWM3_INT_ISR                  
0     003398f7  _EPWM4_INT_ISR                  
0     00339901  _EPWM5_INT_ISR                  
0     0033990b  _EPWM6_INT_ISR                  
0     00339915  _ECAP1_INT_ISR                  
0     0033991f  _ECAP2_INT_ISR                  
0     00339929  _ECAP3_INT_ISR                  
0     00339933  _ECAP4_INT_ISR                  
0     0033993d  _ECAP5_INT_ISR                  
0     00339947  _ECAP6_INT_ISR                  
0     00339951  _EQEP1_INT_ISR                  
0     0033995b  _EQEP2_INT_ISR                  
0     00339965  _SPIRXINTA_ISR                  
0     0033996f  _SPITXINTA_ISR                  
0     00339979  _MRINTB_ISR                     
0     00339983  _MXINTB_ISR                     
0     0033998d  _MRINTA_ISR                     
0     00339997  _MXINTA_ISR                     
0     003399a1  _DINTCH1_ISR                    
0     003399ab  _DINTCH2_ISR                    
0     003399b5  _DINTCH3_ISR                    
0     003399bf  _DINTCH4_ISR                    
0     003399c9  _DINTCH5_ISR                    
0     003399d3  _DINTCH6_ISR                    
0     003399dd  _I2CINT1A_ISR                   
0     003399e7  _I2CINT2A_ISR                   
0     003399f1  _SCIRXINTC_ISR                  
0     003399fb  _SCITXINTC_ISR                  
0     00339a05  _SCIRXINTA_ISR                  
0     00339a0f  _SCITXINTA_ISR                  
0     00339a19  _SCIRXINTB_ISR                  
0     00339a23  _SCITXINTB_ISR                  
0     00339a2d  _ECAN0INTA_ISR                  
0     00339a37  _ECAN1INTA_ISR                  
0     00339a41  _ECAN0INTB_ISR                  
0     00339a4b  _ECAN1INTB_ISR                  
0     00339a55  _XINT3_ISR                      
0     00339a5f  _XINT4_ISR                      
0     00339a69  _XINT5_ISR                      
0     00339a73  _XINT6_ISR                      
0     00339a7d  _XINT7_ISR                      
0     00339a87  _LVF_ISR                        
0     00339a91  _LUF_ISR                        
0     00339a9b  _PIE_RESERVED                   
0     00339aa5  _rsvd_ISR                       
0     00339aaf  _sciaRxFifoIsr                  
0     00339d54  _cpu_timer0_isr                 
0     00339dae  _strtod                         
0     00339dae  _strtof                         
0     00339eca  LL$$DIV                         
0     00339f06  LL$$MOD                         
0     00339f40  ULL$$DIV                        
0     00339f6f  ULL$$MOD                        
0     00339fd1  _InitSysCtrl                    
0     00339fda  _ServiceDog                     
0     00339fe4  _DisableDog                     
0     00339fec  _InitPll                        
0     0033a03d  _InitPeripheralClocks           
0     0033a098  _CsmUnlock                      
0     0033a0c9  _InitEPwm                       
0     0033a0ca  _InitEPwmGpio                   
0     0033a0d7  _InitEPwm1Gpio                  
0     0033a0e9  _InitEPwm2Gpio                  
0     0033a0fb  _InitEPwm3Gpio                  
0     0033a10f  _InitEPwm4Gpio                  
0     0033a123  _InitEPwm5Gpio                  
0     0033a135  _InitEPwm6Gpio                  
0     0033a147  _InitEPwmSyncGpio               
0     0033a15b  _InitTzGpio                     
0     0033a191  _ldexpl                         
0     0033a191  _scalbnl                        
0     0033a24d  _InitSci                        
0     0033a2bf  _InitSciGpio                    
0     0033a2c6  _InitSciaGpio                   
0     0033a2dc  _InitScibGpio                   
0     0033a2ec  _InitScicGpio                   
0     0033a302  FD$$ADD                         
0     0033a39e  FD$$DIV                         
0     0033a429  FS$$DIV                         
0     0033a4b1  FD$$MPY                         
0     0033a534  _InitCpuTimers                  
0     0033a56d  _ConfigCpuTimer                 
0     0033a5a7  _cos                            
0     0033a5a7  _cosf                           
0     0033a608  _frexpl                         
0     0033a663  _floor                          
0     0033a663  _floorf                         
0     0033a6bc  _sin                            
0     0033a6bc  _sinf                           
0     0033a714  _c_int00                        
0     0033a76a  _copy_in                        
0     0033a7b0  _round                          
0     0033a7b0  _roundf                         
0     0033a7e6  _sprintf                        
0     0033a818  _atoi                           
0     0033a849  _ltoa                           
0     0033a877  FD$$CMP                         
0     0033a8a1  L$$DIV                          
0     0033a8b0  L$$MOD                          
0     0033a8be  UL$$DIV                         
0     0033a8c5  UL$$MOD                         
0     0033a8cb  C$$EXIT                         
0     0033a8cb  _abort                          
0     0033a8cd  _exit                           
0     0033a8f4  _InitPieCtrl                    
0     0033a913  _EnableInterrupts               
0     0033a91c  I$$DIV                          
0     0033a92d  I$$MOD                          
0     0033a93e  _copysignl                      
0     0033a960  FD$$TOI                         
0     0033a981  _InitPieVectTable               
0     0033a9a1  FD$$TOL                         
0     0033a9c0  LL$$CMP                         
0     0033a9d2  ULL$$CMP                        
0     0033a9de  _memcpy                         
0     0033a9fc  I$$TOFD                         
0     0033aa19  FS$$TOFD                        
0     0033aa35  L$$TOFD                         
0     0033aa51  FD$$TOUL                        
0     0033aa6c  _ddcopy                         
0     0033aa6c  _dpcopy                         
0     0033aa6c  _pdcopy                         
0     0033aa6c  _ppcopy                         
0     0033aa86  __args_main                     
0     0033aa9f  LL$$AND                         
0     0033aaa7  LL$$OR                          
0     0033aaaf  LL$$XOR                         
0     0033aab7  _MemCopy                        
0     0033aaca  _InitAdc                        
0     0033aad9  FD$$SUB                         
0     0033aae7  _memccpy                        
0     0033aaf4  _memset                         
0     0033ab00  _strchr                         
0     0033ab0c  U$$DIV                          
0     0033ab11  U$$MOD                          
0     0033ab17  __register_unlock               
0     0033ab1b  __register_lock                 
0     0033ab1f  __nop                           
0     0033ab20  FD$$NEG                         
0     0033ab31  _strlen                         
0     0033ab39  _DSP28x_DisableInt              
0     0033ab3d  _DSP28x_RestoreInt              
0     0033ab40  _strcpy                         
0     0033ab45  _atof                           
0     0033ab49  _SetDBGIER                      
0     0033ab4c  __system_pre_init               
0     0033ab4e  __system_post_cinit             
0     0033ab4f  ___etext__                      
0     0033ab4f  etext                           
0     0033ab50  __ctypes_                       
0     0033ac52  _PieVectTableInit               
0     0033ae64  ___cinit__                      
0     0033ae64  cinit                           
0     0033fff6  code_start                      
0     00380080  _ADC_cal                        
1     00000400  __stack                         
1     00000700  __STACK_END                     
1     00000880  _DevEmuRegs                     
1     00000a80  _FlashRegs                      
1     00000ae0  _CsmRegs                        
1     00000b00  _AdcMirror                      
1     00000b20  _XintfRegs                      
1     00000c00  _CpuTimer0Regs                  
1     00000c08  _CpuTimer1Regs                  
1     00000c10  _CpuTimer2Regs                  
1     00000ce0  _PieCtrlRegs                    
1     00000d00  _PieVectTable                   
1     00001000  _DmaRegs                        
1     00005000  _McbspaRegs                     
1     00005040  _McbspbRegs                     
1     00006000  _ECanaRegs                      
1     00006040  _ECanaLAMRegs                   
1     00006080  _ECanaMOTSRegs                  
1     000060c0  _ECanaMOTORegs                  
1     00006100  _ECanaMboxes                    
1     00006200  _ECanbRegs                      
1     00006240  _ECanbLAMRegs                   
1     00006280  _ECanbMOTSRegs                  
1     000062c0  _ECanbMOTORegs                  
1     00006300  _ECanbMboxes                    
1     00006800  _EPwm1Regs                      
1     00006840  _EPwm2Regs                      
1     00006880  _EPwm3Regs                      
1     000068c0  _EPwm4Regs                      
1     00006900  _EPwm5Regs                      
1     00006940  _EPwm6Regs                      
1     00006a00  _ECap1Regs                      
1     00006a20  _ECap2Regs                      
1     00006a40  _ECap3Regs                      
1     00006a60  _ECap4Regs                      
1     00006a80  _ECap5Regs                      
1     00006aa0  _ECap6Regs                      
1     00006b00  _EQep1Regs                      
1     00006b40  _EQep2Regs                      
1     00006f80  _GpioCtrlRegs                   
1     00006fc0  _GpioDataRegs                   
1     00006fe0  _GpioIntRegs                    
1     00007010  _SysCtrlRegs                    
1     00007040  _SpiaRegs                       
1     00007050  _SciaRegs                       
1     00007070  _XIntruptRegs                   
1     00007100  _AdcRegs                        
1     00007750  _ScibRegs                       
1     00007770  _ScicRegs                       
1     00007900  _I2caRegs                       
1     0000c000  _Receivedbuff                   
1     0000c001  _m                              
1     0000c002  _Mt_cnt                         
1     0000c003  _E_i                            
1     0000c004  _i                              
1     0000c005  _M_i                            
1     0000c006  _foot_shift_bit                 
1     0000c007  _move_distance_100              
1     0000c008  _move_distance_1000             
1     0000c009  _move_distance_1                
1     0000c00a  _move_distance_10               
1     0000c00b  _TimerCount                     
1     0000c00c  _c                              
1     0000c00d  _TimerCount_2                   
1     0000c00e  _MotorCount                     
1     0000c00f  _leg_num                        
1     0000c010  _end_bit                        
1     0000c011  _pause_bit                      
1     0000c012  _t_i                            
1     0000c013  _start_bit                      
1     0000c014  _target_dis_2                   
1     0000c015  _Type_sel                       
1     0000c016  _Play_the_game                  
1     0000c017  _init_bit                       
1     0000c018  _gait_bit                       
1     0000c019  _start_record_bit               
1     0000c01a  _t_ii                           
1     0000c01b  _time_now                       
1     0000c01c  _target_dis_1                   
1     0000c01d  _SM                             
1     0000c01e  _REV                            
1     0000c01f  _AR                             
1     0000c020  _M0                             
1     0000c021  _Face_score                     
1     0000c022  _Flash_bit                      
1     0000c023  _FWD                            
1     0000c024  _face_10                        
1     0000c025  _face_1                         
1     0000c026  _face_1000                      
1     0000c027  _face_100                       
1     0000c028  _MF                             
1     0000c029  _Score_1                        
1     0000c02a  _Score_100                      
1     0000c02b  _Score_10                       
1     0000c02c  _Gait_score_10                  
1     0000c02d  _Gait_score_100                 
1     0000c02e  _time_now_min_10                
1     0000c02f  _Gait_score_1                   
1     0000c030  _face_score_100                 
1     0000c031  _pause_finish                   
1     0000c032  _face_score_1                   
1     0000c033  _Train_target                   
1     0000c034  _Train_num                      
1     0000c035  _break_time_now                 
1     0000c036  _break_timer                    
1     0000c037  _time_now_min_1                 
1     0000c038  _face_score_10                  
1     0000c039  _time_now_sec_1                 
1     0000c03a  _Ai                             
1     0000c03b  _V_i                            
1     0000c03c  _A_i                            
1     0000c03d  _mode_num                       
1     0000c03e  _a                              
1     0000c03f  _time_now_sec_10                
1     0000c040  _slow_start_timer               
1     0000c042  _Score_speed                    
1     0000c044  _face_term                      
1     0000c046  _Abnormal_assist_gain           
1     0000c048  _Target_speed                   
1     0000c04a  _Add_score                      
1     0000c04c  _Encoder_acc                    
1     0000c04e  _Cpu_Clk                        
1     0000c050  _Timer_Prd                      
1     0000c052  _E_vel_deg_new                  
1     0000c054  _E_vel_deg_old                  
1     0000c056  _abnormal_gait_size             
1     0000c058  _normal_gait_size               
1     0000c05a  _mean_no_gait_speed             
1     0000c05c  _gait_score                     
1     0000c05e  _sum_abno_gait_speed            
1     0000c060  _mean_abno_gait_speed           
1     0000c062  _BrakeDuty                      
1     0000c064  _PwmCarrier                     
1     0000c066  _PwmDuty                        
1     0000c068  _usec_delay                     
1     0000c06a  _Encoder_sum                    
1     0000c06c  _Encoder_revcnt                 
1     0000c06e  _Encoder_deg                    
1     0000c070  _Encoder_vel_old                
1     0000c072  _Encoder_vel                    
1     0000c074  _E_90_cnt                       
1     0000c076  _Encoder_cnt                    
1     0000c078  _Encoder_deg_old                
1     0000c07a  _Encoder_deg_new                
1     0000c07c  _sum_no_gait_speed              
1     0000c07e  _ex_gait_degree                 
1     0000c080  _R_velocity                     
1     0000c082  _velocity                       
1     0000c084  _under_velocity                 
1     0000c086  _ratio_target_gain              
1     0000c088  _target_gain                    
1     0000c08a  _tablet_velocity                
1     0000c08c  _ratio_gain                     
1     0000c08e  _b1                             
1     0000c090  _a1                             
1     0000c092  _b2                             
1     0000c094  _smooth_rise                    
1     0000c096  _break_hold_uart                
1     0000c098  _a2                             
1     0000c09a  _a0                             
1     0000c09c  _move_dis                       
1     0000c09e  _Time_Offset_Acc_profile        
1     0000c0a0  _target_dis                     
1     0000c0a2  _Offset_Motor_Pwm               
1     0000c0a4  _Motor_Pwm                      
1     0000c0a6  _break_duty                     
1     0000c0a8  _Time_Offset_Motor_Pwm          
1     0000c0aa  _target_min                     
1     0000c0ac  _target_hour                    
1     0000c0ae  _EV_mva                         
1     0000c0b0  _training_timer                 
1     0000c0b2  _EV_mva_old                     
1     0000c0b4  _target_sec                     
1     0000c0b6  _target_time                    
1     0000c0b8  _Acc_profile                    
1     0000c0ba  _acc_term                       
1     0000c0bc  _Intention_term                 
1     0000c0be  _Vel_profile                    
1     0000c0c0  _acc_gain                       
1     0000c0c2  _vel_gain                       
1     0000c0c4  _EA_mva                         
1     0000c0c6  _Limit                          
1     0000c0c8  _Intention_vel                  
1     0000c0ca  _Intention_acc                  
1     0000c0cc  _a4                             
1     0000c0ce  _b4                             
1     0000c0d0  _a3                             
1     0000c0d2  _b3                             
1     0000c0d4  _w                              
1     0000c0d6  _Gait_score_degree              
1     0000c0d8  _Motor_char_s                   
1     0000c0e2  _Motor_char                     
1     0000c100  _RxBuff                         
1     0000c110  _Encoder                        
1     0000c140  _BT1                            
1     0000c180  _MT1                            
1     0000c1c0  _MIR1                           
1     0000c200  _EV_Buff                        
1     0000c240  _Pwm_Buff                       
1     0000c2c0  _Vel_Buff                       
1     0000c340  _UT1                            
1     0000c3c0  _Acc_Buff                       
1     0000c480  _gait_abnormal_socre            
1     0000c580  _gait_normal_socre              
1     0000c680  _EA_Buff                        
1     0000c748  _CpuTimer1                      
1     0000c750  _CpuTimer2                      
1     0000c758  _CpuTimer0                      
1     0000c760  ___TI_enable_exit_profile_output
1     0000c762  ___TI_cleanup_ptr               
1     0000c764  ___TI_dtors_ptr                 
1     0000c766  __lock                          
1     0000c768  __unlock                        
1     0000c76a  _errno                          
1     0033fff8  _CsmPwl                         
1     00380090  _PartIdRegs                     
abs   00000300  __STACK_SIZE                    
abs   ffffffff  ___TI_pprof_out_hndl            
abs   ffffffff  ___TI_prof_data_size            
abs   ffffffff  ___TI_prof_data_start           
abs   ffffffff  ___binit__                      
abs   ffffffff  ___c_args__                     
abs   ffffffff  ___pinit__                      
abs   ffffffff  binit                           
abs   ffffffff  pinit                           

[459 symbols]
