******************************************************************************
             TMS320C2000 Linker PC v15.12.3                    
******************************************************************************
>> Linked Wed Jan 15 17:42:22 2020

OUTPUT FILE NAME:   <maxon_torque_cont.out>
ENTRY POINT SYMBOL: "_c_int00"  address: 00339a23


MEMORY CONFIGURATION

         name            origin    length      used     unused   attr    fill
----------------------  --------  ---------  --------  --------  ----  --------
PAGE 0:
  ZONE0                 00004000   00001000  00000000  00001000  RWIX
  RAML0                 00008000   00001000  0000003d  00000fc3  RWIX
  RAML1                 00009000   00001000  00000000  00001000  RWIX
  RAML2                 0000a000   00001000  00000000  00001000  RWIX
  RAML3                 0000b000   00001000  00000000  00001000  RWIX
  ZONE6                 00100000   00100000  00000000  00100000  RWIX
  ZONE7A                00200000   0000fc00  00000000  0000fc00  RWIX
  FLASHH                00300000   00008000  00000000  00008000  RWIX
  FLASHG                00308000   00008000  00000000  00008000  RWIX
  FLASHF                00310000   00008000  00000000  00008000  RWIX
  FLASHE                00318000   00008000  00000000  00008000  RWIX
  FLASHD                00320000   00008000  0000003d  00007fc3  RWIX
  FLASHC                00328000   00008000  00000000  00008000  RWIX
  FLASHA                00338000   00007f80  00002164  00005e1c  RWIX
  CSM_RSVD              0033ff80   00000076  00000076  00000000  RWIX
  BEGIN                 0033fff6   00000002  00000002  00000000  RWIX
  CSM_PWL               0033fff8   00000008  00000008  00000000  RWIX
  ADC_CAL               00380080   00000009  00000007  00000002  RWIX
  OTP                   00380400   00000400  00000000  00000400  RWIX
  IQTABLES              003fe000   00000b50  00000000  00000b50  RWIX
  IQTABLES2             003feb50   0000008c  00000000  0000008c  RWIX
  FPUTABLES             003febdc   000006a0  00000000  000006a0  RWIX
  ROM                   003ff27c   00000d44  00000000  00000d44  RWIX
  RESET                 003fffc0   00000002  00000000  00000002  RWIX
  VECTORS               003fffc2   0000003e  00000000  0000003e  RWIX

PAGE 1:
  BOOT_RSVD             00000000   00000050  00000000  00000050  RWIX
  RAMM0                 00000050   000003b0  00000000  000003b0  RWIX
  RAMM1                 00000400   00000400  00000300  00000100  RWIX
  DEV_EMU               00000880   00000180  000000d0  000000b0  RWIX
  FLASH_REGS            00000a80   00000060  00000008  00000058  RWIX
  CSM                   00000ae0   00000010  00000010  00000000  RWIX
  ADC_MIRROR            00000b00   00000010  00000010  00000000  RWIX
  XINTF                 00000b20   00000020  0000001e  00000002  RWIX
  CPU_TIMER0            00000c00   00000008  00000008  00000000  RWIX
  CPU_TIMER1            00000c08   00000008  00000008  00000000  RWIX
  CPU_TIMER2            00000c10   00000008  00000008  00000000  RWIX
  PIE_CTRL              00000ce0   00000020  0000001a  00000006  RWIX
  PIE_VECT              00000d00   00000100  00000100  00000000  RWIX
  DMA                   00001000   00000200  000000e0  00000120  RWIX
  MCBSPA                00005000   00000040  00000025  0000001b  RWIX
  MCBSPB                00005040   00000040  00000025  0000001b  RWIX
  ECANA                 00006000   00000040  00000034  0000000c  RWIX
  ECANA_LAM             00006040   00000040  00000040  00000000  RWIX
  ECANA_MOTS            00006080   00000040  00000040  00000000  RWIX
  ECANA_MOTO            000060c0   00000040  00000040  00000000  RWIX
  ECANA_MBOX            00006100   00000100  00000100  00000000  RWIX
  ECANB                 00006200   00000040  00000034  0000000c  RWIX
  ECANB_LAM             00006240   00000040  00000040  00000000  RWIX
  ECANB_MOTS            00006280   00000040  00000040  00000000  RWIX
  ECANB_MOTO            000062c0   00000040  00000040  00000000  RWIX
  ECANB_MBOX            00006300   00000100  00000100  00000000  RWIX
  EPWM1                 00006800   00000022  00000022  00000000  RWIX
  EPWM2                 00006840   00000022  00000022  00000000  RWIX
  EPWM3                 00006880   00000022  00000022  00000000  RWIX
  EPWM4                 000068c0   00000022  00000022  00000000  RWIX
  EPWM5                 00006900   00000022  00000022  00000000  RWIX
  EPWM6                 00006940   00000022  00000022  00000000  RWIX
  ECAP1                 00006a00   00000020  00000020  00000000  RWIX
  ECAP2                 00006a20   00000020  00000020  00000000  RWIX
  ECAP3                 00006a40   00000020  00000020  00000000  RWIX
  ECAP4                 00006a60   00000020  00000020  00000000  RWIX
  ECAP5                 00006a80   00000020  00000020  00000000  RWIX
  ECAP6                 00006aa0   00000020  00000020  00000000  RWIX
  EQEP1                 00006b00   00000040  00000040  00000000  RWIX
  EQEP2                 00006b40   00000040  00000040  00000000  RWIX
  GPIOCTRL              00006f80   00000040  0000002e  00000012  RWIX
  GPIODAT               00006fc0   00000020  00000020  00000000  RWIX
  GPIOINT               00006fe0   00000020  0000000a  00000016  RWIX
  SYSTEM                00007010   00000020  00000020  00000000  RWIX
  SPIA                  00007040   00000010  00000010  00000000  RWIX
  SCIA                  00007050   00000010  00000010  00000000  RWIX
  XINTRUPT              00007070   00000010  00000010  00000000  RWIX
  ADC                   00007100   00000020  0000001e  00000002  RWIX
  SCIB                  00007750   00000010  00000010  00000000  RWIX
  SCIC                  00007770   00000010  00000010  00000000  RWIX
  I2CA                  00007900   00000040  00000022  0000001e  RWIX
  RAML4                 0000c000   00001000  000001c7  00000e39  RWIX
  RAML5                 0000d000   00001000  00000000  00001000  RWIX
  RAML6                 0000e000   00001000  00000000  00001000  RWIX
  RAML7                 0000f000   00001000  00000000  00001000  RWIX
  ZONE7B                0020fc00   00000400  00000000  00000400  RWIX
  FLASHB                00330000   00008000  00000000  00008000  RWIX
  CSM_PWL               0033fff8   00000008  00000008  00000000  RWIX
  PARTID                00380090   00000001  00000001  00000000  RWIX


SECTION ALLOCATION MAP

 output                                  attributes/
section   page    origin      length       input sections
--------  ----  ----------  ----------   ----------------
ramfuncs   0    00320000    0000003d     RUN ADDR = 00008000
                  00320000    0000001e     main.obj (ramfuncs)
                  0032001e    0000001b     DSP2833x_SysCtrl.obj (ramfuncs)
                  00320039    00000004     DSP2833x_usDelay.obj (ramfuncs)

.text      0    00338000    00001e19     
                  00338000    00000bd9     rts2800_fpu32.lib : _printfi.obj (.text)
                  00338bd9    00000316     DSP2833x_DefaultIsr.obj (.text:retain)
                  00338eef    0000030a     main.obj (.text)
                  003391f9    0000017a     main.obj (.text:retain)
                  00339373    00000107     rts2800_fpu32.lib : ll_div.obj (.text)
                  0033947a    000000f8     DSP2833x_SysCtrl.obj (.text)
                  00339572    000000c8     DSP2833x_EPwm.obj (.text)
                  0033963a    000000bc     rts2800_fpu32.lib : s_scalbn.obj (.text)
                  003396f6    000000b5     DSP2833x_Sci.obj (.text)
                  003397ab    0000009c     rts2800_fpu32.lib : fd_add.obj (.text)
                  00339847    0000008b                       : fd_div.obj (.text)
                  003398d2    00000083                       : fd_mpy.obj (.text)
                  00339955    00000073     DSP2833x_CpuTimers.obj (.text)
                  003399c8    0000005b     rts2800_fpu32.lib : s_frexp.obj (.text)
                  00339a23    00000056                       : boot.obj (.text)
                  00339a79    00000046                       : cpy_tbl.obj (.text)
                  00339abf    00000032                       : sprintf.obj (.text)
                  00339af1    00000031                       : atoi.obj (.text)
                  00339b22    0000002e                       : ltoa.obj (.text)
                  00339b50    0000002a                       : fd_cmp.obj (.text)
                  00339b7a    0000002a                       : l_div.obj (.text)
                  00339ba4    00000029                       : exit.obj (.text)
                  00339bcd    00000028     DSP2833x_PieCtrl.obj (.text)
                  00339bf5    00000022     rts2800_fpu32.lib : i_div.obj (.text)
                  00339c17    00000022                       : s_copysign.obj (.text)
                  00339c39    00000021                       : fd_toi.obj (.text)
                  00339c5a    00000020     DSP2833x_PieVect.obj (.text)
                  00339c7a    0000001f     rts2800_fpu32.lib : fd_tol.obj (.text)
                  00339c99    0000001e                       : ll_cmp.obj (.text)
                  00339cb7    0000001e                       : memcpy.obj (.text)
                  00339cd5    0000001d                       : i_tofd.obj (.text)
                  00339cf2    0000001c                       : fs_tofd.obj (.text)
                  00339d0e    0000001c                       : l_tofd.obj (.text)
                  00339d2a    0000001b                       : fd_toul.obj (.text)
                  00339d45    0000001a                       : cpy_utils.obj (.text)
                  00339d5f    00000019                       : args_main.obj (.text)
                  00339d78    00000018                       : ll_aox.obj (.text)
                  00339d90    00000013     DSP2833x_MemCopy.obj (.text)
                  00339da3    0000000f     DSP2833x_Adc.obj (.text)
                  00339db2    0000000e     rts2800_fpu32.lib : fd_sub.obj (.text)
                  00339dc0    0000000d                       : memccpy.obj (.text)
                  00339dcd    0000000c                       : memset.obj (.text)
                  00339dd9    0000000c                       : strchr.obj (.text)
                  00339de5    00000009                       : _lock.obj (.text)
                  00339dee    00000009                       : fd_neg.obj (.text)
                  00339df7    00000008     DSP2833x_CodeStartBranch.obj (.text)
                  00339dff    00000008     rts2800_fpu32.lib : strlen.obj (.text)
                  00339e07    00000007     DSP2833x_DisInt.obj (.text)
                  00339e0e    00000005     rts2800_fpu32.lib : strcpy.obj (.text)
                  00339e13    00000003     DSP2833x_DBGIER.obj (.text)
                  00339e16    00000002     rts2800_fpu32.lib : pre_init.obj (.text)
                  00339e18    00000001                       : startup.obj (.text)

.econst    0    00339e1a    000002f0     
                  00339e1a    00000101     rts2800_fpu32.lib : ctype.obj (.econst:.string:__ctypes_)
                  00339f1b    00000001     --HOLE-- [fill = 0]
                  00339f1c    00000100     DSP2833x_PieVect.obj (.econst:_PieVectTableInit)
                  0033a01c    00000077     main.obj (.econst:.string)
                  0033a093    00000001     --HOLE-- [fill = 0]
                  0033a094    00000026     rts2800_fpu32.lib : _printfi.obj (.econst:.string)
                  0033a0ba    0000001c                       : _printfi.obj (.econst)
                  0033a0d6    0000001c                       : s_scalbn.obj (.econst)
                  0033a0f2    00000010     main.obj (.econst)
                  0033a102    00000008     rts2800_fpu32.lib : s_frexp.obj (.econst)

.cinit     0    0033a10a    0000005b     
                  0033a10a    0000003d     main.obj (.cinit)
                  0033a147    0000000e     rts2800_fpu32.lib : exit.obj (.cinit)
                  0033a155    00000005                       : _lock.obj (.cinit:__lock)
                  0033a15a    00000005                       : _lock.obj (.cinit:__unlock)
                  0033a15f    00000004                       : errno.obj (.cinit)
                  0033a163    00000002     --HOLE-- [fill = 0]

csm_rsvd   0    0033ff80    00000076     
                  0033ff80    00000076     DSP2833x_CSMPasswords.obj (csm_rsvd)

codestart 
*          0    0033fff6    00000002     
                  0033fff6    00000002     DSP2833x_CodeStartBranch.obj (codestart)

csmpasswds 
*          0    0033fff8    00000008     
                  0033fff8    00000008     DSP2833x_CSMPasswords.obj (csmpasswds)

.adc_cal   0    00380080    00000007     NOLOAD SECTION
                  00380080    00000007     DSP2833x_ADC_cal.obj (.adc_cal)

.stack     1    00000400    00000300     UNINITIALIZED
                  00000400    00000300     --HOLE--

DevEmuRegsFile 
*          1    00000880    000000d0     UNINITIALIZED
                  00000880    000000d0     DSP2833x_GlobalVariableDefs.obj (DevEmuRegsFile)

FlashRegsFile 
*          1    00000a80    00000008     UNINITIALIZED
                  00000a80    00000008     DSP2833x_GlobalVariableDefs.obj (FlashRegsFile)

CsmRegsFile 
*          1    00000ae0    00000010     UNINITIALIZED
                  00000ae0    00000010     DSP2833x_GlobalVariableDefs.obj (CsmRegsFile)

AdcMirrorFile 
*          1    00000b00    00000010     UNINITIALIZED
                  00000b00    00000010     DSP2833x_GlobalVariableDefs.obj (AdcMirrorFile)

XintfRegsFile 
*          1    00000b20    0000001e     UNINITIALIZED
                  00000b20    0000001e     DSP2833x_GlobalVariableDefs.obj (XintfRegsFile)

CpuTimer0RegsFile 
*          1    00000c00    00000008     UNINITIALIZED
                  00000c00    00000008     DSP2833x_GlobalVariableDefs.obj (CpuTimer0RegsFile)

CpuTimer1RegsFile 
*          1    00000c08    00000008     UNINITIALIZED
                  00000c08    00000008     DSP2833x_GlobalVariableDefs.obj (CpuTimer1RegsFile)

CpuTimer2RegsFile 
*          1    00000c10    00000008     UNINITIALIZED
                  00000c10    00000008     DSP2833x_GlobalVariableDefs.obj (CpuTimer2RegsFile)

PieCtrlRegsFile 
*          1    00000ce0    0000001a     UNINITIALIZED
                  00000ce0    0000001a     DSP2833x_GlobalVariableDefs.obj (PieCtrlRegsFile)

PieVectTableFile 
*          1    00000d00    00000100     UNINITIALIZED
                  00000d00    00000100     DSP2833x_GlobalVariableDefs.obj (PieVectTableFile)

DmaRegsFile 
*          1    00001000    000000e0     UNINITIALIZED
                  00001000    000000e0     DSP2833x_GlobalVariableDefs.obj (DmaRegsFile)

McbspaRegsFile 
*          1    00005000    00000025     UNINITIALIZED
                  00005000    00000025     DSP2833x_GlobalVariableDefs.obj (McbspaRegsFile)

McbspbRegsFile 
*          1    00005040    00000025     UNINITIALIZED
                  00005040    00000025     DSP2833x_GlobalVariableDefs.obj (McbspbRegsFile)

ECanaRegsFile 
*          1    00006000    00000034     UNINITIALIZED
                  00006000    00000034     DSP2833x_GlobalVariableDefs.obj (ECanaRegsFile)

ECanaLAMRegsFile 
*          1    00006040    00000040     UNINITIALIZED
                  00006040    00000040     DSP2833x_GlobalVariableDefs.obj (ECanaLAMRegsFile)

ECanaMOTSRegsFile 
*          1    00006080    00000040     UNINITIALIZED
                  00006080    00000040     DSP2833x_GlobalVariableDefs.obj (ECanaMOTSRegsFile)

ECanaMOTORegsFile 
*          1    000060c0    00000040     UNINITIALIZED
                  000060c0    00000040     DSP2833x_GlobalVariableDefs.obj (ECanaMOTORegsFile)

ECanaMboxesFile 
*          1    00006100    00000100     UNINITIALIZED
                  00006100    00000100     DSP2833x_GlobalVariableDefs.obj (ECanaMboxesFile)

ECanbRegsFile 
*          1    00006200    00000034     UNINITIALIZED
                  00006200    00000034     DSP2833x_GlobalVariableDefs.obj (ECanbRegsFile)

ECanbLAMRegsFile 
*          1    00006240    00000040     UNINITIALIZED
                  00006240    00000040     DSP2833x_GlobalVariableDefs.obj (ECanbLAMRegsFile)

ECanbMOTSRegsFile 
*          1    00006280    00000040     UNINITIALIZED
                  00006280    00000040     DSP2833x_GlobalVariableDefs.obj (ECanbMOTSRegsFile)

ECanbMOTORegsFile 
*          1    000062c0    00000040     UNINITIALIZED
                  000062c0    00000040     DSP2833x_GlobalVariableDefs.obj (ECanbMOTORegsFile)

ECanbMboxesFile 
*          1    00006300    00000100     UNINITIALIZED
                  00006300    00000100     DSP2833x_GlobalVariableDefs.obj (ECanbMboxesFile)

EPwm1RegsFile 
*          1    00006800    00000022     UNINITIALIZED
                  00006800    00000022     DSP2833x_GlobalVariableDefs.obj (EPwm1RegsFile)

EPwm2RegsFile 
*          1    00006840    00000022     UNINITIALIZED
                  00006840    00000022     DSP2833x_GlobalVariableDefs.obj (EPwm2RegsFile)

EPwm3RegsFile 
*          1    00006880    00000022     UNINITIALIZED
                  00006880    00000022     DSP2833x_GlobalVariableDefs.obj (EPwm3RegsFile)

EPwm4RegsFile 
*          1    000068c0    00000022     UNINITIALIZED
                  000068c0    00000022     DSP2833x_GlobalVariableDefs.obj (EPwm4RegsFile)

EPwm5RegsFile 
*          1    00006900    00000022     UNINITIALIZED
                  00006900    00000022     DSP2833x_GlobalVariableDefs.obj (EPwm5RegsFile)

EPwm6RegsFile 
*          1    00006940    00000022     UNINITIALIZED
                  00006940    00000022     DSP2833x_GlobalVariableDefs.obj (EPwm6RegsFile)

ECap1RegsFile 
*          1    00006a00    00000020     UNINITIALIZED
                  00006a00    00000020     DSP2833x_GlobalVariableDefs.obj (ECap1RegsFile)

ECap2RegsFile 
*          1    00006a20    00000020     UNINITIALIZED
                  00006a20    00000020     DSP2833x_GlobalVariableDefs.obj (ECap2RegsFile)

ECap3RegsFile 
*          1    00006a40    00000020     UNINITIALIZED
                  00006a40    00000020     DSP2833x_GlobalVariableDefs.obj (ECap3RegsFile)

ECap4RegsFile 
*          1    00006a60    00000020     UNINITIALIZED
                  00006a60    00000020     DSP2833x_GlobalVariableDefs.obj (ECap4RegsFile)

ECap5RegsFile 
*          1    00006a80    00000020     UNINITIALIZED
                  00006a80    00000020     DSP2833x_GlobalVariableDefs.obj (ECap5RegsFile)

ECap6RegsFile 
*          1    00006aa0    00000020     UNINITIALIZED
                  00006aa0    00000020     DSP2833x_GlobalVariableDefs.obj (ECap6RegsFile)

EQep1RegsFile 
*          1    00006b00    00000040     UNINITIALIZED
                  00006b00    00000040     DSP2833x_GlobalVariableDefs.obj (EQep1RegsFile)

EQep2RegsFile 
*          1    00006b40    00000040     UNINITIALIZED
                  00006b40    00000040     DSP2833x_GlobalVariableDefs.obj (EQep2RegsFile)

GpioCtrlRegsFile 
*          1    00006f80    0000002e     UNINITIALIZED
                  00006f80    0000002e     DSP2833x_GlobalVariableDefs.obj (GpioCtrlRegsFile)

GpioDataRegsFile 
*          1    00006fc0    00000020     UNINITIALIZED
                  00006fc0    00000020     DSP2833x_GlobalVariableDefs.obj (GpioDataRegsFile)

GpioIntRegsFile 
*          1    00006fe0    0000000a     UNINITIALIZED
                  00006fe0    0000000a     DSP2833x_GlobalVariableDefs.obj (GpioIntRegsFile)

SysCtrlRegsFile 
*          1    00007010    00000020     UNINITIALIZED
                  00007010    00000020     DSP2833x_GlobalVariableDefs.obj (SysCtrlRegsFile)

SpiaRegsFile 
*          1    00007040    00000010     UNINITIALIZED
                  00007040    00000010     DSP2833x_GlobalVariableDefs.obj (SpiaRegsFile)

SciaRegsFile 
*          1    00007050    00000010     UNINITIALIZED
                  00007050    00000010     DSP2833x_GlobalVariableDefs.obj (SciaRegsFile)

XIntruptRegsFile 
*          1    00007070    00000010     UNINITIALIZED
                  00007070    00000010     DSP2833x_GlobalVariableDefs.obj (XIntruptRegsFile)

AdcRegsFile 
*          1    00007100    0000001e     UNINITIALIZED
                  00007100    0000001e     DSP2833x_GlobalVariableDefs.obj (AdcRegsFile)

ScibRegsFile 
*          1    00007750    00000010     UNINITIALIZED
                  00007750    00000010     DSP2833x_GlobalVariableDefs.obj (ScibRegsFile)

ScicRegsFile 
*          1    00007770    00000010     UNINITIALIZED
                  00007770    00000010     DSP2833x_GlobalVariableDefs.obj (ScicRegsFile)

I2caRegsFile 
*          1    00007900    00000022     UNINITIALIZED
                  00007900    00000022     DSP2833x_GlobalVariableDefs.obj (I2caRegsFile)

.ebss      1    0000c000    000001c7     UNINITIALIZED
                  0000c000    000001a4     main.obj (.ebss)
                  0000c1a4    00000018     DSP2833x_CpuTimers.obj (.ebss)
                  0000c1bc    00000002     rts2800_fpu32.lib : _lock.obj (.ebss:__lock)
                  0000c1be    00000002                       : _lock.obj (.ebss:__unlock)
                  0000c1c0    00000006                       : exit.obj (.ebss)
                  0000c1c6    00000001                       : errno.obj (.ebss)

CsmPwlFile 
*          1    0033fff8    00000008     UNINITIALIZED
                  0033fff8    00000008     DSP2833x_GlobalVariableDefs.obj (CsmPwlFile)

PartIdRegsFile 
*          1    00380090    00000001     UNINITIALIZED
                  00380090    00000001     DSP2833x_GlobalVariableDefs.obj (PartIdRegsFile)

.pinit     0    00338000    00000000     UNINITIALIZED

.reset     0    003fffc0    00000002     DSECT
                  003fffc0    00000002     rts2800_fpu32.lib : boot.obj (.reset)

vectors    0    003fffc2    00000000     DSECT

MODULE SUMMARY

       Module                            code   ro data   rw data
       ------                            ----   -------   -------
    .\
       DSP2833x_GlobalVariableDefs.obj   0      0         2679   
       main.obj                          1216   0         616    
       DSP2833x_DefaultIsr.obj           790    0         0      
       DSP2833x_SysCtrl.obj              302    0         0      
       DSP2833x_PieVect.obj              32     0         256    
       DSP2833x_EPwm.obj                 200    0         0      
       DSP2833x_Sci.obj                  181    0         0      
       DSP2833x_CpuTimers.obj            115    0         24     
       DSP2833x_CSMPasswords.obj         0      0         126    
       DSP2833x_PieCtrl.obj              40     0         0      
       DSP2833x_MemCopy.obj              19     0         0      
       DSP2833x_Adc.obj                  15     0         0      
       DSP2833x_CodeStartBranch.obj      10     0         0      
       DSP2833x_usDelay.obj              8      0         0      
       DSP2833x_ADC_cal.obj              7      0         0      
       DSP2833x_DisInt.obj               7      0         0      
       DSP2833x_DBGIER.obj               3      0         0      
    +--+---------------------------------+------+---------+---------+
       Total:                            2945   0         3701   
                                                                 
    C:\ti\ccsv6\tools\compiler\c2000_15.12.3.LTS\lib\rts2800_fpu32.lib
       _printfi.obj                      3033   0         66     
       ll_div.obj                        263    0         0      
       ctype.obj                         0      0         257    
       s_scalbn.obj                      188    0         28     
       fd_add.obj                        156    0         0      
       fd_div.obj                        139    0         0      
       fd_mpy.obj                        131    0         0      
       s_frexp.obj                       91     0         8      
       boot.obj                          86     0         0      
       cpy_tbl.obj                       70     0         0      
       exit.obj                          41     0         20     
       sprintf.obj                       50     0         0      
       atoi.obj                          49     0         0      
       ltoa.obj                          46     0         0      
       fd_cmp.obj                        42     0         0      
       l_div.obj                         42     0         0      
       i_div.obj                         34     0         0      
       s_copysign.obj                    34     0         0      
       fd_toi.obj                        33     0         0      
       fd_tol.obj                        31     0         0      
       ll_cmp.obj                        30     0         0      
       memcpy.obj                        30     0         0      
       i_tofd.obj                        29     0         0      
       fs_tofd.obj                       28     0         0      
       l_tofd.obj                        28     0         0      
       fd_toul.obj                       27     0         0      
       cpy_utils.obj                     26     0         0      
       args_main.obj                     25     0         0      
       ll_aox.obj                        24     0         0      
       _lock.obj                         9      0         14     
       fd_sub.obj                        14     0         0      
       memccpy.obj                       13     0         0      
       memset.obj                        12     0         0      
       strchr.obj                        12     0         0      
       fd_neg.obj                        9      0         0      
       strlen.obj                        8      0         0      
       errno.obj                         0      0         5      
       strcpy.obj                        5      0         0      
       pre_init.obj                      2      0         0      
       startup.obj                       1      0         0      
    +--+---------------------------------+------+---------+---------+
       Total:                            4891   0         398    
                                                                 
       Stack:                            0      0         768    
    +--+---------------------------------+------+---------+---------+
       Grand Total:                      7836   0         4867   


GLOBAL DATA SYMBOLS: SORTED BY DATA PAGE

address     data page           name
--------    ----------------    ----
00000400      10 (00000400)     __stack

00000880      22 (00000880)     _DevEmuRegs

00000a80      2a (00000a80)     _FlashRegs

00000ae0      2b (00000ac0)     _CsmRegs

00000b00      2c (00000b00)     _AdcMirror
00000b20      2c (00000b00)     _XintfRegs

00000c00      30 (00000c00)     _CpuTimer0Regs
00000c08      30 (00000c00)     _CpuTimer1Regs
00000c10      30 (00000c00)     _CpuTimer2Regs

00000ce0      33 (00000cc0)     _PieCtrlRegs

00000d00      34 (00000d00)     _PieVectTable

00001000      40 (00001000)     _DmaRegs

00005000     140 (00005000)     _McbspaRegs

00005040     141 (00005040)     _McbspbRegs

00006000     180 (00006000)     _ECanaRegs

00006040     181 (00006040)     _ECanaLAMRegs

00006080     182 (00006080)     _ECanaMOTSRegs

000060c0     183 (000060c0)     _ECanaMOTORegs

00006100     184 (00006100)     _ECanaMboxes

00006200     188 (00006200)     _ECanbRegs

00006240     189 (00006240)     _ECanbLAMRegs

00006280     18a (00006280)     _ECanbMOTSRegs

000062c0     18b (000062c0)     _ECanbMOTORegs

00006300     18c (00006300)     _ECanbMboxes

00006800     1a0 (00006800)     _EPwm1Regs

00006840     1a1 (00006840)     _EPwm2Regs

00006880     1a2 (00006880)     _EPwm3Regs

000068c0     1a3 (000068c0)     _EPwm4Regs

00006900     1a4 (00006900)     _EPwm5Regs

00006940     1a5 (00006940)     _EPwm6Regs

00006a00     1a8 (00006a00)     _ECap1Regs
00006a20     1a8 (00006a00)     _ECap2Regs

00006a40     1a9 (00006a40)     _ECap3Regs
00006a60     1a9 (00006a40)     _ECap4Regs

00006a80     1aa (00006a80)     _ECap5Regs
00006aa0     1aa (00006a80)     _ECap6Regs

00006b00     1ac (00006b00)     _EQep1Regs

00006b40     1ad (00006b40)     _EQep2Regs

00006f80     1be (00006f80)     _GpioCtrlRegs

00006fc0     1bf (00006fc0)     _GpioDataRegs
00006fe0     1bf (00006fc0)     _GpioIntRegs

00007010     1c0 (00007000)     _SysCtrlRegs

00007040     1c1 (00007040)     _SpiaRegs
00007050     1c1 (00007040)     _SciaRegs
00007070     1c1 (00007040)     _XIntruptRegs

00007100     1c4 (00007100)     _AdcRegs

00007750     1dd (00007740)     _ScibRegs
00007770     1dd (00007740)     _ScicRegs

00007900     1e4 (00007900)     _I2caRegs

0000c000     300 (0000c000)     _TimerCount
0000c001     300 (0000c000)     _Enable_num
0000c002     300 (0000c000)     _Flash_bit
0000c003     300 (0000c000)     _E_i
0000c004     300 (0000c000)     _M_i
0000c005     300 (0000c000)     _a
0000c006     300 (0000c000)     _protocol_len
0000c007     300 (0000c000)     _MotorCount
0000c008     300 (0000c000)     _D_i
0000c009     300 (0000c000)     _len
0000c00a     300 (0000c000)     _Receivedbuff
0000c00b     300 (0000c000)     _TimerCount_2
0000c00c     300 (0000c000)     _torque
0000c00d     300 (0000c000)     _i
0000c00e     300 (0000c000)     _flag
0000c010     300 (0000c000)     _Cpu_Clk
0000c012     300 (0000c000)     _usec_delay
0000c014     300 (0000c000)     _Timer_Prd
0000c016     300 (0000c000)     _uart
0000c024     300 (0000c000)     _RxBuff

0000c040     301 (0000c040)     _RxBuff2

0000c080     302 (0000c080)     _uart2

0000c0c0     303 (0000c0c0)     _buff

0000c140     305 (0000c140)     _MIR1

0000c1a4     306 (0000c180)     _CpuTimer1
0000c1ac     306 (0000c180)     _CpuTimer2
0000c1b4     306 (0000c180)     _CpuTimer0
0000c1bc     306 (0000c180)     __lock
0000c1be     306 (0000c180)     __unlock

0000c1c0     307 (0000c1c0)     ___TI_enable_exit_profile_output
0000c1c2     307 (0000c1c0)     ___TI_cleanup_ptr
0000c1c4     307 (0000c1c0)     ___TI_dtors_ptr
0000c1c6     307 (0000c1c0)     _errno

00339e1a    ce78 (00339e00)     __ctypes_

00339f1c    ce7c (00339f00)     _PieVectTableInit

0033fff8    cfff (0033ffc0)     _CsmPwl

00380090    e002 (00380080)     _PartIdRegs


GLOBAL SYMBOLS: SORTED ALPHABETICALLY BY Name 

page  address   name                            
----  -------   ----                            
0     00338000  .text                           
0     00339ba4  C$$EXIT                         
0     003397ab  FD$$ADD                         
0     00339b50  FD$$CMP                         
0     00339847  FD$$DIV                         
0     003398d2  FD$$MPY                         
0     00339dee  FD$$NEG                         
0     00339db2  FD$$SUB                         
0     00339c39  FD$$TOI                         
0     00339c7a  FD$$TOL                         
0     00339d2a  FD$$TOUL                        
0     00339cf2  FS$$TOFD                        
0     00339bf5  I$$DIV                          
0     00339c06  I$$MOD                          
0     00339cd5  I$$TOFD                         
0     00339b7a  L$$DIV                          
0     00339b89  L$$MOD                          
0     00339d0e  L$$TOFD                         
0     00339d78  LL$$AND                         
0     00339c99  LL$$CMP                         
0     00339373  LL$$DIV                         
0     003393af  LL$$MOD                         
0     00339d80  LL$$OR                          
0     00339d88  LL$$XOR                         
0     00339b97  UL$$DIV                         
0     00339b9e  UL$$MOD                         
0     00339cab  ULL$$CMP                        
0     003393e9  ULL$$DIV                        
0     00339418  ULL$$MOD                        
0     00338cbf  _ADCINT_ISR                     
0     00380080  _ADC_cal                        
1     00000b00  _AdcMirror                      
1     00007100  _AdcRegs                        
0     003391d6  _CalcFieldCRC                   
0     0033998e  _ConfigCpuTimer                 
1     0000c1b4  _CpuTimer0                      
1     00000c00  _CpuTimer0Regs                  
1     0000c1a4  _CpuTimer1                      
1     00000c08  _CpuTimer1Regs                  
1     0000c1ac  _CpuTimer2                      
1     00000c10  _CpuTimer2Regs                  
1     0000c010  _Cpu_Clk                        
1     0033fff8  _CsmPwl                         
1     00000ae0  _CsmRegs                        
0     00339541  _CsmUnlock                      
0     00338bed  _DATALOG_ISR                    
0     00338de1  _DINTCH1_ISR                    
0     00338deb  _DINTCH2_ISR                    
0     00338df5  _DINTCH3_ISR                    
0     00338dff  _DINTCH4_ISR                    
0     00338e09  _DINTCH5_ISR                    
0     00338e13  _DINTCH6_ISR                    
0     00339e07  _DSP28x_DisableInt              
0     00339e0b  _DSP28x_RestoreInt              
0     00008039  _DSP28x_usDelay                 
1     0000c008  _D_i                            
1     00000880  _DevEmuRegs                     
0     0033948d  _DisableDog                     
1     00001000  _DmaRegs                        
0     00338e6d  _ECAN0INTA_ISR                  
0     00338e81  _ECAN0INTB_ISR                  
0     00338e77  _ECAN1INTA_ISR                  
0     00338e8b  _ECAN1INTB_ISR                  
0     00338d55  _ECAP1_INT_ISR                  
0     00338d5f  _ECAP2_INT_ISR                  
0     00338d69  _ECAP3_INT_ISR                  
0     00338d73  _ECAP4_INT_ISR                  
0     00338d7d  _ECAP5_INT_ISR                  
0     00338d87  _ECAP6_INT_ISR                  
1     00006040  _ECanaLAMRegs                   
1     000060c0  _ECanaMOTORegs                  
1     00006080  _ECanaMOTSRegs                  
1     00006100  _ECanaMboxes                    
1     00006000  _ECanaRegs                      
1     00006240  _ECanbLAMRegs                   
1     000062c0  _ECanbMOTORegs                  
1     00006280  _ECanbMOTSRegs                  
1     00006300  _ECanbMboxes                    
1     00006200  _ECanbRegs                      
1     00006a00  _ECap1Regs                      
1     00006a20  _ECap2Regs                      
1     00006a40  _ECap3Regs                      
1     00006a60  _ECap4Regs                      
1     00006a80  _ECap5Regs                      
1     00006aa0  _ECap6Regs                      
0     00338c01  _EMUINT_ISR                     
0     00338d19  _EPWM1_INT_ISR                  
0     00338cdd  _EPWM1_TZINT_ISR                
0     00338d23  _EPWM2_INT_ISR                  
0     00338ce7  _EPWM2_TZINT_ISR                
0     00338d2d  _EPWM3_INT_ISR                  
0     00338cf1  _EPWM3_TZINT_ISR                
0     00338d37  _EPWM4_INT_ISR                  
0     00338cfb  _EPWM4_TZINT_ISR                
0     00338d41  _EPWM5_INT_ISR                  
0     00338d05  _EPWM5_TZINT_ISR                
0     00338d4b  _EPWM6_INT_ISR                  
0     00338d0f  _EPWM6_TZINT_ISR                
1     00006800  _EPwm1Regs                      
1     00006840  _EPwm2Regs                      
1     00006880  _EPwm3Regs                      
1     000068c0  _EPwm4Regs                      
1     00006900  _EPwm5Regs                      
1     00006940  _EPwm6Regs                      
0     00338d91  _EQEP1_INT_ISR                  
0     00338d9b  _EQEP2_INT_ISR                  
1     00006b00  _EQep1Regs                      
1     00006b40  _EQep2Regs                      
1     0000c003  _E_i                            
0     00339bec  _EnableInterrupts               
1     0000c001  _Enable_num                     
1     00000a80  _FlashRegs                      
1     0000c002  _Flash_bit                      
1     00006f80  _GpioCtrlRegs                   
1     00006fc0  _GpioDataRegs                   
1     00006fe0  _GpioIntRegs                    
0     00338e1d  _I2CINT1A_ISR                   
0     00338e27  _I2CINT2A_ISR                   
1     00007900  _I2caRegs                       
0     00338c15  _ILLEGAL_ISR                    
0     00338bd9  _INT13_ISR                      
0     00338be3  _INT14_ISR                      
0     00339da3  _InitAdc                        
0     00339955  _InitCpuTimers                  
0     00339572  _InitEPwm                       
0     00339580  _InitEPwm1Gpio                  
0     00339592  _InitEPwm2Gpio                  
0     003395a4  _InitEPwm3Gpio                  
0     003395b8  _InitEPwm4Gpio                  
0     003395cc  _InitEPwm5Gpio                  
0     003395de  _InitEPwm6Gpio                  
0     00339573  _InitEPwmGpio                   
0     003395f0  _InitEPwmSyncGpio               
0     0000801e  _InitFlash                      
0     003394e6  _InitPeripheralClocks           
0     00339bcd  _InitPieCtrl                    
0     00339c5a  _InitPieVectTable               
0     00339495  _InitPll                        
0     003396f6  _InitSci                        
0     00339768  _InitSciGpio                    
0     0033976f  _InitSciaGpio                   
0     00339785  _InitScibGpio                   
0     00339795  _InitScicGpio                   
0     0033947a  _InitSysCtrl                    
0     00339604  _InitTzGpio                     
0     00338ed1  _LUF_ISR                        
0     00338ec7  _LVF_ISR                        
1     0000c140  _MIR1                           
0     00008000  _MIR_Put_String                 
0     00008019  _MIR_transmit                   
0     00338dcd  _MRINTA_ISR                     
0     00338db9  _MRINTB_ISR                     
0     00338dd7  _MXINTA_ISR                     
0     00338dc3  _MXINTB_ISR                     
1     0000c004  _M_i                            
1     00005000  _McbspaRegs                     
1     00005040  _McbspbRegs                     
0     00339d90  _MemCopy                        
0     0033903d  _MetabolizeRehabilitationRobot  
1     0000c007  _MotorCount                     
0     00339062  _Motor_Enable                   
0     00338c0b  _NMI_ISR                        
0     00338edb  _PIE_RESERVED                   
1     00380090  _PartIdRegs                     
1     00000ce0  _PieCtrlRegs                    
1     00000d00  _PieVectTable                   
0     00339f1c  _PieVectTableInit               
0     00338bf7  _RTOSINT_ISR                    
0     0032003d  _RamfuncsLoadEnd                
0     00320000  _RamfuncsLoadStart              
0     00008000  _RamfuncsRunStart               
1     0000c00a  _Receivedbuff                   
0     00338ff9  _Reg_setting_fun                
1     0000c024  _RxBuff                         
1     0000c040  _RxBuff2                        
0     00338e45  _SCIRXINTA_ISR                  
0     00338e59  _SCIRXINTB_ISR                  
0     00338e31  _SCIRXINTC_ISR                  
0     00338e4f  _SCITXINTA_ISR                  
0     00338e63  _SCITXINTB_ISR                  
0     00338e3b  _SCITXINTC_ISR                  
0     00338c97  _SEQ1INT_ISR                    
0     00338ca1  _SEQ2INT_ISR                    
0     00338da5  _SPIRXINTA_ISR                  
0     00338daf  _SPITXINTA_ISR                  
1     00007050  _SciaRegs                       
1     00007750  _ScibRegs                       
1     00007770  _ScicRegs                       
0     00339483  _ServiceDog                     
0     00339e13  _SetDBGIER                      
1     00007040  _SpiaRegs                       
1     00007010  _SysCtrlRegs                    
0     00338cc9  _TINT0_ISR                      
1     0000c000  _TimerCount                     
1     0000c00b  _TimerCount_2                   
1     0000c014  _Timer_Prd                      
0     00339145  _Torque_Calculate               
0     00338c79  _USER10_ISR                     
0     00338c83  _USER11_ISR                     
0     00338c8d  _USER12_ISR                     
0     00338c1f  _USER1_ISR                      
0     00338c29  _USER2_ISR                      
0     00338c33  _USER3_ISR                      
0     00338c3d  _USER4_ISR                      
0     00338c47  _USER5_ISR                      
0     00338c51  _USER6_ISR                      
0     00338c5b  _USER7_ISR                      
0     00338c65  _USER8_ISR                      
0     00338c6f  _USER9_ISR                      
0     00338cd3  _WAKEINT_ISR                    
0     00338cab  _XINT1_ISR                      
0     00338cb5  _XINT2_ISR                      
0     00338e95  _XINT3_ISR                      
0     00338e9f  _XINT4_ISR                      
0     00338ea9  _XINT5_ISR                      
0     00338eb3  _XINT6_ISR                      
0     00338ebd  _XINT7_ISR                      
1     00007070  _XIntruptRegs                   
1     00000b20  _XintfRegs                      
1     00000700  __STACK_END                     
abs   00000300  __STACK_SIZE                    
1     0000c1c2  ___TI_cleanup_ptr               
1     0000c1c4  ___TI_dtors_ptr                 
1     0000c1c0  ___TI_enable_exit_profile_output
abs   ffffffff  ___TI_pprof_out_hndl            
0     00338ab4  ___TI_printfi                   
abs   ffffffff  ___TI_prof_data_size            
abs   ffffffff  ___TI_prof_data_start           
abs   ffffffff  ___binit__                      
abs   ffffffff  ___c_args__                     
0     0033a10a  ___cinit__                      
0     00339e19  ___etext__                      
abs   ffffffff  ___pinit__                      
0     00338000  ___text__                       
0     00339d5f  __args_main                     
0     00339e1a  __ctypes_                       
1     0000c1bc  __lock                          
0     00339ded  __nop                           
0     00339de9  __register_lock                 
0     00339de5  __register_unlock               
1     00000400  __stack                         
0     00339e18  __system_post_cinit             
0     00339e16  __system_pre_init               
1     0000c1be  __unlock                        
1     0000c005  _a                              
0     00339ba4  _abort                          
0     00339af1  _atoi                           
1     0000c0c0  _buff                           
0     00339a23  _c_int00                        
0     00339a79  _copy_in                        
0     00339c17  _copysignl                      
0     00339313  _cpu_timer0_isr                 
0     00339d45  _ddcopy                         
0     003391b1  _decimal2hex                    
0     00339d45  _dpcopy                         
1     0000c1c6  _errno                          
0     00339ba6  _exit                           
1     0000c00e  _flag                           
0     003399c8  _frexpl                         
1     0000c00d  _i                              
0     0033963a  _ldexpl                         
1     0000c009  _len                            
0     00339b22  _ltoa                           
0     00338eef  _main                           
0     00339dc0  _memccpy                        
0     00339cb7  _memcpy                         
0     00339dcd  _memset                         
0     00339d45  _pdcopy                         
0     00339d45  _ppcopy                         
1     0000c006  _protocol_len                   
0     00338ee5  _rsvd_ISR                       
0     0033963a  _scalbnl                        
0     003391f9  _scicRxFifoIsr                  
0     00339017  _scic_echoback_init             
0     0033902d  _scic_fifo_init                 
0     00339abf  _sprintf                        
0     00339dd9  _strchr                         
0     00339e0e  _strcpy                         
0     00339dff  _strlen                         
1     0000c00c  _torque                         
1     0000c016  _uart                           
1     0000c080  _uart2                          
1     0000c012  _usec_delay                     
abs   ffffffff  binit                           
0     0033a10a  cinit                           
0     0033fff6  code_start                      
0     00339e19  etext                           
abs   ffffffff  pinit                           


GLOBAL SYMBOLS: SORTED BY Symbol Address 

page  address   name                            
----  -------   ----                            
0     00008000  _MIR_Put_String                 
0     00008000  _RamfuncsRunStart               
0     00008019  _MIR_transmit                   
0     0000801e  _InitFlash                      
0     00008039  _DSP28x_usDelay                 
0     00320000  _RamfuncsLoadStart              
0     0032003d  _RamfuncsLoadEnd                
0     00338000  .text                           
0     00338000  ___text__                       
0     00338ab4  ___TI_printfi                   
0     00338bd9  _INT13_ISR                      
0     00338be3  _INT14_ISR                      
0     00338bed  _DATALOG_ISR                    
0     00338bf7  _RTOSINT_ISR                    
0     00338c01  _EMUINT_ISR                     
0     00338c0b  _NMI_ISR                        
0     00338c15  _ILLEGAL_ISR                    
0     00338c1f  _USER1_ISR                      
0     00338c29  _USER2_ISR                      
0     00338c33  _USER3_ISR                      
0     00338c3d  _USER4_ISR                      
0     00338c47  _USER5_ISR                      
0     00338c51  _USER6_ISR                      
0     00338c5b  _USER7_ISR                      
0     00338c65  _USER8_ISR                      
0     00338c6f  _USER9_ISR                      
0     00338c79  _USER10_ISR                     
0     00338c83  _USER11_ISR                     
0     00338c8d  _USER12_ISR                     
0     00338c97  _SEQ1INT_ISR                    
0     00338ca1  _SEQ2INT_ISR                    
0     00338cab  _XINT1_ISR                      
0     00338cb5  _XINT2_ISR                      
0     00338cbf  _ADCINT_ISR                     
0     00338cc9  _TINT0_ISR                      
0     00338cd3  _WAKEINT_ISR                    
0     00338cdd  _EPWM1_TZINT_ISR                
0     00338ce7  _EPWM2_TZINT_ISR                
0     00338cf1  _EPWM3_TZINT_ISR                
0     00338cfb  _EPWM4_TZINT_ISR                
0     00338d05  _EPWM5_TZINT_ISR                
0     00338d0f  _EPWM6_TZINT_ISR                
0     00338d19  _EPWM1_INT_ISR                  
0     00338d23  _EPWM2_INT_ISR                  
0     00338d2d  _EPWM3_INT_ISR                  
0     00338d37  _EPWM4_INT_ISR                  
0     00338d41  _EPWM5_INT_ISR                  
0     00338d4b  _EPWM6_INT_ISR                  
0     00338d55  _ECAP1_INT_ISR                  
0     00338d5f  _ECAP2_INT_ISR                  
0     00338d69  _ECAP3_INT_ISR                  
0     00338d73  _ECAP4_INT_ISR                  
0     00338d7d  _ECAP5_INT_ISR                  
0     00338d87  _ECAP6_INT_ISR                  
0     00338d91  _EQEP1_INT_ISR                  
0     00338d9b  _EQEP2_INT_ISR                  
0     00338da5  _SPIRXINTA_ISR                  
0     00338daf  _SPITXINTA_ISR                  
0     00338db9  _MRINTB_ISR                     
0     00338dc3  _MXINTB_ISR                     
0     00338dcd  _MRINTA_ISR                     
0     00338dd7  _MXINTA_ISR                     
0     00338de1  _DINTCH1_ISR                    
0     00338deb  _DINTCH2_ISR                    
0     00338df5  _DINTCH3_ISR                    
0     00338dff  _DINTCH4_ISR                    
0     00338e09  _DINTCH5_ISR                    
0     00338e13  _DINTCH6_ISR                    
0     00338e1d  _I2CINT1A_ISR                   
0     00338e27  _I2CINT2A_ISR                   
0     00338e31  _SCIRXINTC_ISR                  
0     00338e3b  _SCITXINTC_ISR                  
0     00338e45  _SCIRXINTA_ISR                  
0     00338e4f  _SCITXINTA_ISR                  
0     00338e59  _SCIRXINTB_ISR                  
0     00338e63  _SCITXINTB_ISR                  
0     00338e6d  _ECAN0INTA_ISR                  
0     00338e77  _ECAN1INTA_ISR                  
0     00338e81  _ECAN0INTB_ISR                  
0     00338e8b  _ECAN1INTB_ISR                  
0     00338e95  _XINT3_ISR                      
0     00338e9f  _XINT4_ISR                      
0     00338ea9  _XINT5_ISR                      
0     00338eb3  _XINT6_ISR                      
0     00338ebd  _XINT7_ISR                      
0     00338ec7  _LVF_ISR                        
0     00338ed1  _LUF_ISR                        
0     00338edb  _PIE_RESERVED                   
0     00338ee5  _rsvd_ISR                       
0     00338eef  _main                           
0     00338ff9  _Reg_setting_fun                
0     00339017  _scic_echoback_init             
0     0033902d  _scic_fifo_init                 
0     0033903d  _MetabolizeRehabilitationRobot  
0     00339062  _Motor_Enable                   
0     00339145  _Torque_Calculate               
0     003391b1  _decimal2hex                    
0     003391d6  _CalcFieldCRC                   
0     003391f9  _scicRxFifoIsr                  
0     00339313  _cpu_timer0_isr                 
0     00339373  LL$$DIV                         
0     003393af  LL$$MOD                         
0     003393e9  ULL$$DIV                        
0     00339418  ULL$$MOD                        
0     0033947a  _InitSysCtrl                    
0     00339483  _ServiceDog                     
0     0033948d  _DisableDog                     
0     00339495  _InitPll                        
0     003394e6  _InitPeripheralClocks           
0     00339541  _CsmUnlock                      
0     00339572  _InitEPwm                       
0     00339573  _InitEPwmGpio                   
0     00339580  _InitEPwm1Gpio                  
0     00339592  _InitEPwm2Gpio                  
0     003395a4  _InitEPwm3Gpio                  
0     003395b8  _InitEPwm4Gpio                  
0     003395cc  _InitEPwm5Gpio                  
0     003395de  _InitEPwm6Gpio                  
0     003395f0  _InitEPwmSyncGpio               
0     00339604  _InitTzGpio                     
0     0033963a  _ldexpl                         
0     0033963a  _scalbnl                        
0     003396f6  _InitSci                        
0     00339768  _InitSciGpio                    
0     0033976f  _InitSciaGpio                   
0     00339785  _InitScibGpio                   
0     00339795  _InitScicGpio                   
0     003397ab  FD$$ADD                         
0     00339847  FD$$DIV                         
0     003398d2  FD$$MPY                         
0     00339955  _InitCpuTimers                  
0     0033998e  _ConfigCpuTimer                 
0     003399c8  _frexpl                         
0     00339a23  _c_int00                        
0     00339a79  _copy_in                        
0     00339abf  _sprintf                        
0     00339af1  _atoi                           
0     00339b22  _ltoa                           
0     00339b50  FD$$CMP                         
0     00339b7a  L$$DIV                          
0     00339b89  L$$MOD                          
0     00339b97  UL$$DIV                         
0     00339b9e  UL$$MOD                         
0     00339ba4  C$$EXIT                         
0     00339ba4  _abort                          
0     00339ba6  _exit                           
0     00339bcd  _InitPieCtrl                    
0     00339bec  _EnableInterrupts               
0     00339bf5  I$$DIV                          
0     00339c06  I$$MOD                          
0     00339c17  _copysignl                      
0     00339c39  FD$$TOI                         
0     00339c5a  _InitPieVectTable               
0     00339c7a  FD$$TOL                         
0     00339c99  LL$$CMP                         
0     00339cab  ULL$$CMP                        
0     00339cb7  _memcpy                         
0     00339cd5  I$$TOFD                         
0     00339cf2  FS$$TOFD                        
0     00339d0e  L$$TOFD                         
0     00339d2a  FD$$TOUL                        
0     00339d45  _ddcopy                         
0     00339d45  _dpcopy                         
0     00339d45  _pdcopy                         
0     00339d45  _ppcopy                         
0     00339d5f  __args_main                     
0     00339d78  LL$$AND                         
0     00339d80  LL$$OR                          
0     00339d88  LL$$XOR                         
0     00339d90  _MemCopy                        
0     00339da3  _InitAdc                        
0     00339db2  FD$$SUB                         
0     00339dc0  _memccpy                        
0     00339dcd  _memset                         
0     00339dd9  _strchr                         
0     00339de5  __register_unlock               
0     00339de9  __register_lock                 
0     00339ded  __nop                           
0     00339dee  FD$$NEG                         
0     00339dff  _strlen                         
0     00339e07  _DSP28x_DisableInt              
0     00339e0b  _DSP28x_RestoreInt              
0     00339e0e  _strcpy                         
0     00339e13  _SetDBGIER                      
0     00339e16  __system_pre_init               
0     00339e18  __system_post_cinit             
0     00339e19  ___etext__                      
0     00339e19  etext                           
0     00339e1a  __ctypes_                       
0     00339f1c  _PieVectTableInit               
0     0033a10a  ___cinit__                      
0     0033a10a  cinit                           
0     0033fff6  code_start                      
0     00380080  _ADC_cal                        
1     00000400  __stack                         
1     00000700  __STACK_END                     
1     00000880  _DevEmuRegs                     
1     00000a80  _FlashRegs                      
1     00000ae0  _CsmRegs                        
1     00000b00  _AdcMirror                      
1     00000b20  _XintfRegs                      
1     00000c00  _CpuTimer0Regs                  
1     00000c08  _CpuTimer1Regs                  
1     00000c10  _CpuTimer2Regs                  
1     00000ce0  _PieCtrlRegs                    
1     00000d00  _PieVectTable                   
1     00001000  _DmaRegs                        
1     00005000  _McbspaRegs                     
1     00005040  _McbspbRegs                     
1     00006000  _ECanaRegs                      
1     00006040  _ECanaLAMRegs                   
1     00006080  _ECanaMOTSRegs                  
1     000060c0  _ECanaMOTORegs                  
1     00006100  _ECanaMboxes                    
1     00006200  _ECanbRegs                      
1     00006240  _ECanbLAMRegs                   
1     00006280  _ECanbMOTSRegs                  
1     000062c0  _ECanbMOTORegs                  
1     00006300  _ECanbMboxes                    
1     00006800  _EPwm1Regs                      
1     00006840  _EPwm2Regs                      
1     00006880  _EPwm3Regs                      
1     000068c0  _EPwm4Regs                      
1     00006900  _EPwm5Regs                      
1     00006940  _EPwm6Regs                      
1     00006a00  _ECap1Regs                      
1     00006a20  _ECap2Regs                      
1     00006a40  _ECap3Regs                      
1     00006a60  _ECap4Regs                      
1     00006a80  _ECap5Regs                      
1     00006aa0  _ECap6Regs                      
1     00006b00  _EQep1Regs                      
1     00006b40  _EQep2Regs                      
1     00006f80  _GpioCtrlRegs                   
1     00006fc0  _GpioDataRegs                   
1     00006fe0  _GpioIntRegs                    
1     00007010  _SysCtrlRegs                    
1     00007040  _SpiaRegs                       
1     00007050  _SciaRegs                       
1     00007070  _XIntruptRegs                   
1     00007100  _AdcRegs                        
1     00007750  _ScibRegs                       
1     00007770  _ScicRegs                       
1     00007900  _I2caRegs                       
1     0000c000  _TimerCount                     
1     0000c001  _Enable_num                     
1     0000c002  _Flash_bit                      
1     0000c003  _E_i                            
1     0000c004  _M_i                            
1     0000c005  _a                              
1     0000c006  _protocol_len                   
1     0000c007  _MotorCount                     
1     0000c008  _D_i                            
1     0000c009  _len                            
1     0000c00a  _Receivedbuff                   
1     0000c00b  _TimerCount_2                   
1     0000c00c  _torque                         
1     0000c00d  _i                              
1     0000c00e  _flag                           
1     0000c010  _Cpu_Clk                        
1     0000c012  _usec_delay                     
1     0000c014  _Timer_Prd                      
1     0000c016  _uart                           
1     0000c024  _RxBuff                         
1     0000c040  _RxBuff2                        
1     0000c080  _uart2                          
1     0000c0c0  _buff                           
1     0000c140  _MIR1                           
1     0000c1a4  _CpuTimer1                      
1     0000c1ac  _CpuTimer2                      
1     0000c1b4  _CpuTimer0                      
1     0000c1bc  __lock                          
1     0000c1be  __unlock                        
1     0000c1c0  ___TI_enable_exit_profile_output
1     0000c1c2  ___TI_cleanup_ptr               
1     0000c1c4  ___TI_dtors_ptr                 
1     0000c1c6  _errno                          
1     0033fff8  _CsmPwl                         
1     00380090  _PartIdRegs                     
abs   00000300  __STACK_SIZE                    
abs   ffffffff  ___TI_pprof_out_hndl            
abs   ffffffff  ___TI_prof_data_size            
abs   ffffffff  ___TI_prof_data_start           
abs   ffffffff  ___binit__                      
abs   ffffffff  ___c_args__                     
abs   ffffffff  ___pinit__                      
abs   ffffffff  binit                           
abs   ffffffff  pinit                           

[288 symbols]
