<?xml version="1.0"?>
<link_info>
   <banner>TMS320C2000 Linker PC v15.12.3.LTS</banner>
   <copyright>Copyright (c) 1996-2015 Texas Instruments Incorporated</copyright>
   <link_time>0x5e6a2b84</link_time>
   <link_errors>0x0</link_errors>
   <output_file>maxon_torque_cont.out</output_file>
   <entry_point>
      <name>_c_int00</name>
      <address>0x33a08c</address>
   </entry_point>
   <input_file_list>
      <input_file id="fl-2">
         <path>.\</path>
         <kind>object</kind>
         <file>DSP2833x_ADC_cal.obj</file>
         <name>DSP2833x_ADC_cal.obj</name>
      </input_file>
      <input_file id="fl-3">
         <path>.\</path>
         <kind>object</kind>
         <file>DSP2833x_Adc.obj</file>
         <name>DSP2833x_Adc.obj</name>
      </input_file>
      <input_file id="fl-4">
         <path>.\</path>
         <kind>object</kind>
         <file>DSP2833x_CSMPasswords.obj</file>
         <name>DSP2833x_CSMPasswords.obj</name>
      </input_file>
      <input_file id="fl-5">
         <path>.\</path>
         <kind>object</kind>
         <file>DSP2833x_CodeStartBranch.obj</file>
         <name>DSP2833x_CodeStartBranch.obj</name>
      </input_file>
      <input_file id="fl-6">
         <path>.\</path>
         <kind>object</kind>
         <file>DSP2833x_CpuTimers.obj</file>
         <name>DSP2833x_CpuTimers.obj</name>
      </input_file>
      <input_file id="fl-7">
         <path>.\</path>
         <kind>object</kind>
         <file>DSP2833x_DBGIER.obj</file>
         <name>DSP2833x_DBGIER.obj</name>
      </input_file>
      <input_file id="fl-8">
         <path>.\</path>
         <kind>object</kind>
         <file>DSP2833x_DMA.obj</file>
         <name>DSP2833x_DMA.obj</name>
      </input_file>
      <input_file id="fl-9">
         <path>.\</path>
         <kind>object</kind>
         <file>DSP2833x_DefaultIsr.obj</file>
         <name>DSP2833x_DefaultIsr.obj</name>
      </input_file>
      <input_file id="fl-a">
         <path>.\</path>
         <kind>object</kind>
         <file>DSP2833x_DisInt.obj</file>
         <name>DSP2833x_DisInt.obj</name>
      </input_file>
      <input_file id="fl-b">
         <path>.\</path>
         <kind>object</kind>
         <file>DSP2833x_ECan.obj</file>
         <name>DSP2833x_ECan.obj</name>
      </input_file>
      <input_file id="fl-c">
         <path>.\</path>
         <kind>object</kind>
         <file>DSP2833x_ECap.obj</file>
         <name>DSP2833x_ECap.obj</name>
      </input_file>
      <input_file id="fl-d">
         <path>.\</path>
         <kind>object</kind>
         <file>DSP2833x_EPwm.obj</file>
         <name>DSP2833x_EPwm.obj</name>
      </input_file>
      <input_file id="fl-e">
         <path>.\</path>
         <kind>object</kind>
         <file>DSP2833x_EQep.obj</file>
         <name>DSP2833x_EQep.obj</name>
      </input_file>
      <input_file id="fl-f">
         <path>.\</path>
         <kind>object</kind>
         <file>DSP2833x_GlobalVariableDefs.obj</file>
         <name>DSP2833x_GlobalVariableDefs.obj</name>
      </input_file>
      <input_file id="fl-10">
         <path>.\</path>
         <kind>object</kind>
         <file>DSP2833x_Gpio.obj</file>
         <name>DSP2833x_Gpio.obj</name>
      </input_file>
      <input_file id="fl-11">
         <path>.\</path>
         <kind>object</kind>
         <file>DSP2833x_I2C.obj</file>
         <name>DSP2833x_I2C.obj</name>
      </input_file>
      <input_file id="fl-12">
         <path>.\</path>
         <kind>object</kind>
         <file>DSP2833x_Mcbsp.obj</file>
         <name>DSP2833x_Mcbsp.obj</name>
      </input_file>
      <input_file id="fl-13">
         <path>.\</path>
         <kind>object</kind>
         <file>DSP2833x_MemCopy.obj</file>
         <name>DSP2833x_MemCopy.obj</name>
      </input_file>
      <input_file id="fl-14">
         <path>.\</path>
         <kind>object</kind>
         <file>DSP2833x_PieCtrl.obj</file>
         <name>DSP2833x_PieCtrl.obj</name>
      </input_file>
      <input_file id="fl-15">
         <path>.\</path>
         <kind>object</kind>
         <file>DSP2833x_PieVect.obj</file>
         <name>DSP2833x_PieVect.obj</name>
      </input_file>
      <input_file id="fl-16">
         <path>.\</path>
         <kind>object</kind>
         <file>DSP2833x_Sci.obj</file>
         <name>DSP2833x_Sci.obj</name>
      </input_file>
      <input_file id="fl-17">
         <path>.\</path>
         <kind>object</kind>
         <file>DSP2833x_Spi.obj</file>
         <name>DSP2833x_Spi.obj</name>
      </input_file>
      <input_file id="fl-18">
         <path>.\</path>
         <kind>object</kind>
         <file>DSP2833x_SysCtrl.obj</file>
         <name>DSP2833x_SysCtrl.obj</name>
      </input_file>
      <input_file id="fl-19">
         <path>.\</path>
         <kind>object</kind>
         <file>DSP2833x_Xintf.obj</file>
         <name>DSP2833x_Xintf.obj</name>
      </input_file>
      <input_file id="fl-1a">
         <path>.\</path>
         <kind>object</kind>
         <file>DSP2833x_usDelay.obj</file>
         <name>DSP2833x_usDelay.obj</name>
      </input_file>
      <input_file id="fl-1b">
         <path>.\</path>
         <kind>object</kind>
         <file>main.obj</file>
         <name>main.obj</name>
      </input_file>
      <input_file id="fl-26">
         <path>C:\ti\ccsv6\tools\compiler\c2000_15.12.3.LTS\lib\</path>
         <kind>archive</kind>
         <file>rts2800_fpu32.lib</file>
         <name>boot.obj</name>
      </input_file>
      <input_file id="fl-27">
         <path>C:\ti\ccsv6\tools\compiler\c2000_15.12.3.LTS\lib\</path>
         <kind>archive</kind>
         <file>rts2800_fpu32.lib</file>
         <name>cpy_tbl.obj</name>
      </input_file>
      <input_file id="fl-28">
         <path>C:\ti\ccsv6\tools\compiler\c2000_15.12.3.LTS\lib\</path>
         <kind>archive</kind>
         <file>rts2800_fpu32.lib</file>
         <name>cpy_utils.obj</name>
      </input_file>
      <input_file id="fl-29">
         <path>C:\ti\ccsv6\tools\compiler\c2000_15.12.3.LTS\lib\</path>
         <kind>archive</kind>
         <file>rts2800_fpu32.lib</file>
         <name>exit.obj</name>
      </input_file>
      <input_file id="fl-2a">
         <path>C:\ti\ccsv6\tools\compiler\c2000_15.12.3.LTS\lib\</path>
         <kind>archive</kind>
         <file>rts2800_fpu32.lib</file>
         <name>fd_div.obj</name>
      </input_file>
      <input_file id="fl-2b">
         <path>C:\ti\ccsv6\tools\compiler\c2000_15.12.3.LTS\lib\</path>
         <kind>archive</kind>
         <file>rts2800_fpu32.lib</file>
         <name>fd_mpy.obj</name>
      </input_file>
      <input_file id="fl-2c">
         <path>C:\ti\ccsv6\tools\compiler\c2000_15.12.3.LTS\lib\</path>
         <kind>archive</kind>
         <file>rts2800_fpu32.lib</file>
         <name>fd_sub.obj</name>
      </input_file>
      <input_file id="fl-2d">
         <path>C:\ti\ccsv6\tools\compiler\c2000_15.12.3.LTS\lib\</path>
         <kind>archive</kind>
         <file>rts2800_fpu32.lib</file>
         <name>fd_toul.obj</name>
      </input_file>
      <input_file id="fl-2e">
         <path>C:\ti\ccsv6\tools\compiler\c2000_15.12.3.LTS\lib\</path>
         <kind>archive</kind>
         <file>rts2800_fpu32.lib</file>
         <name>fs_div.obj</name>
      </input_file>
      <input_file id="fl-2f">
         <path>C:\ti\ccsv6\tools\compiler\c2000_15.12.3.LTS\lib\</path>
         <kind>archive</kind>
         <file>rts2800_fpu32.lib</file>
         <name>fs_tofd.obj</name>
      </input_file>
      <input_file id="fl-30">
         <path>C:\ti\ccsv6\tools\compiler\c2000_15.12.3.LTS\lib\</path>
         <kind>archive</kind>
         <file>rts2800_fpu32.lib</file>
         <name>l_div.obj</name>
      </input_file>
      <input_file id="fl-31">
         <path>C:\ti\ccsv6\tools\compiler\c2000_15.12.3.LTS\lib\</path>
         <kind>archive</kind>
         <file>rts2800_fpu32.lib</file>
         <name>pre_init.obj</name>
      </input_file>
      <input_file id="fl-32">
         <path>C:\ti\ccsv6\tools\compiler\c2000_15.12.3.LTS\lib\</path>
         <kind>archive</kind>
         <file>rts2800_fpu32.lib</file>
         <name>s_cosf.obj</name>
      </input_file>
      <input_file id="fl-33">
         <path>C:\ti\ccsv6\tools\compiler\c2000_15.12.3.LTS\lib\</path>
         <kind>archive</kind>
         <file>rts2800_fpu32.lib</file>
         <name>s_sinf.obj</name>
      </input_file>
      <input_file id="fl-34">
         <path>C:\ti\ccsv6\tools\compiler\c2000_15.12.3.LTS\lib\</path>
         <kind>archive</kind>
         <file>rts2800_fpu32.lib</file>
         <name>sprintf.obj</name>
      </input_file>
      <input_file id="fl-35">
         <path>C:\ti\ccsv6\tools\compiler\c2000_15.12.3.LTS\lib\</path>
         <kind>archive</kind>
         <file>rts2800_fpu32.lib</file>
         <name>startup.obj</name>
      </input_file>
      <input_file id="fl-36">
         <path>C:\ti\ccsv6\tools\compiler\c2000_15.12.3.LTS\lib\</path>
         <kind>archive</kind>
         <file>rts2800_fpu32.lib</file>
         <name>_lock.obj</name>
      </input_file>
      <input_file id="fl-37">
         <path>C:\ti\ccsv6\tools\compiler\c2000_15.12.3.LTS\lib\</path>
         <kind>archive</kind>
         <file>rts2800_fpu32.lib</file>
         <name>_printfi.obj</name>
      </input_file>
      <input_file id="fl-38">
         <path>C:\ti\ccsv6\tools\compiler\c2000_15.12.3.LTS\lib\</path>
         <kind>archive</kind>
         <file>rts2800_fpu32.lib</file>
         <name>args_main.obj</name>
      </input_file>
      <input_file id="fl-39">
         <path>C:\ti\ccsv6\tools\compiler\c2000_15.12.3.LTS\lib\</path>
         <kind>archive</kind>
         <file>rts2800_fpu32.lib</file>
         <name>atoi.obj</name>
      </input_file>
      <input_file id="fl-3a">
         <path>C:\ti\ccsv6\tools\compiler\c2000_15.12.3.LTS\lib\</path>
         <kind>archive</kind>
         <file>rts2800_fpu32.lib</file>
         <name>ctype.obj</name>
      </input_file>
      <input_file id="fl-3b">
         <path>C:\ti\ccsv6\tools\compiler\c2000_15.12.3.LTS\lib\</path>
         <kind>archive</kind>
         <file>rts2800_fpu32.lib</file>
         <name>fd_add.obj</name>
      </input_file>
      <input_file id="fl-3c">
         <path>C:\ti\ccsv6\tools\compiler\c2000_15.12.3.LTS\lib\</path>
         <kind>archive</kind>
         <file>rts2800_fpu32.lib</file>
         <name>fd_cmp.obj</name>
      </input_file>
      <input_file id="fl-3d">
         <path>C:\ti\ccsv6\tools\compiler\c2000_15.12.3.LTS\lib\</path>
         <kind>archive</kind>
         <file>rts2800_fpu32.lib</file>
         <name>fd_neg.obj</name>
      </input_file>
      <input_file id="fl-3e">
         <path>C:\ti\ccsv6\tools\compiler\c2000_15.12.3.LTS\lib\</path>
         <kind>archive</kind>
         <file>rts2800_fpu32.lib</file>
         <name>fd_toi.obj</name>
      </input_file>
      <input_file id="fl-3f">
         <path>C:\ti\ccsv6\tools\compiler\c2000_15.12.3.LTS\lib\</path>
         <kind>archive</kind>
         <file>rts2800_fpu32.lib</file>
         <name>fd_tol.obj</name>
      </input_file>
      <input_file id="fl-40">
         <path>C:\ti\ccsv6\tools\compiler\c2000_15.12.3.LTS\lib\</path>
         <kind>archive</kind>
         <file>rts2800_fpu32.lib</file>
         <name>i_tofd.obj</name>
      </input_file>
      <input_file id="fl-41">
         <path>C:\ti\ccsv6\tools\compiler\c2000_15.12.3.LTS\lib\</path>
         <kind>archive</kind>
         <file>rts2800_fpu32.lib</file>
         <name>l_tofd.obj</name>
      </input_file>
      <input_file id="fl-42">
         <path>C:\ti\ccsv6\tools\compiler\c2000_15.12.3.LTS\lib\</path>
         <kind>archive</kind>
         <file>rts2800_fpu32.lib</file>
         <name>ll_aox.obj</name>
      </input_file>
      <input_file id="fl-43">
         <path>C:\ti\ccsv6\tools\compiler\c2000_15.12.3.LTS\lib\</path>
         <kind>archive</kind>
         <file>rts2800_fpu32.lib</file>
         <name>ll_cmp.obj</name>
      </input_file>
      <input_file id="fl-44">
         <path>C:\ti\ccsv6\tools\compiler\c2000_15.12.3.LTS\lib\</path>
         <kind>archive</kind>
         <file>rts2800_fpu32.lib</file>
         <name>ll_div.obj</name>
      </input_file>
      <input_file id="fl-45">
         <path>C:\ti\ccsv6\tools\compiler\c2000_15.12.3.LTS\lib\</path>
         <kind>archive</kind>
         <file>rts2800_fpu32.lib</file>
         <name>ltoa.obj</name>
      </input_file>
      <input_file id="fl-46">
         <path>C:\ti\ccsv6\tools\compiler\c2000_15.12.3.LTS\lib\</path>
         <kind>archive</kind>
         <file>rts2800_fpu32.lib</file>
         <name>memccpy.obj</name>
      </input_file>
      <input_file id="fl-47">
         <path>C:\ti\ccsv6\tools\compiler\c2000_15.12.3.LTS\lib\</path>
         <kind>archive</kind>
         <file>rts2800_fpu32.lib</file>
         <name>memcpy.obj</name>
      </input_file>
      <input_file id="fl-48">
         <path>C:\ti\ccsv6\tools\compiler\c2000_15.12.3.LTS\lib\</path>
         <kind>archive</kind>
         <file>rts2800_fpu32.lib</file>
         <name>memset.obj</name>
      </input_file>
      <input_file id="fl-49">
         <path>C:\ti\ccsv6\tools\compiler\c2000_15.12.3.LTS\lib\</path>
         <kind>archive</kind>
         <file>rts2800_fpu32.lib</file>
         <name>s_frexp.obj</name>
      </input_file>
      <input_file id="fl-4a">
         <path>C:\ti\ccsv6\tools\compiler\c2000_15.12.3.LTS\lib\</path>
         <kind>archive</kind>
         <file>rts2800_fpu32.lib</file>
         <name>s_scalbn.obj</name>
      </input_file>
      <input_file id="fl-4b">
         <path>C:\ti\ccsv6\tools\compiler\c2000_15.12.3.LTS\lib\</path>
         <kind>archive</kind>
         <file>rts2800_fpu32.lib</file>
         <name>strchr.obj</name>
      </input_file>
      <input_file id="fl-4c">
         <path>C:\ti\ccsv6\tools\compiler\c2000_15.12.3.LTS\lib\</path>
         <kind>archive</kind>
         <file>rts2800_fpu32.lib</file>
         <name>strcpy.obj</name>
      </input_file>
      <input_file id="fl-4d">
         <path>C:\ti\ccsv6\tools\compiler\c2000_15.12.3.LTS\lib\</path>
         <kind>archive</kind>
         <file>rts2800_fpu32.lib</file>
         <name>strlen.obj</name>
      </input_file>
      <input_file id="fl-4e">
         <path>C:\ti\ccsv6\tools\compiler\c2000_15.12.3.LTS\lib\</path>
         <kind>archive</kind>
         <file>rts2800_fpu32.lib</file>
         <name>errno.obj</name>
      </input_file>
      <input_file id="fl-4f">
         <path>C:\ti\ccsv6\tools\compiler\c2000_15.12.3.LTS\lib\</path>
         <kind>archive</kind>
         <file>rts2800_fpu32.lib</file>
         <name>s_copysign.obj</name>
      </input_file>
   </input_file_list>
   <object_component_list>
      <object_component id="oc-c0">
         <name>PieVectTableFile</name>
         <uninitialized>true</uninitialized>
         <run_address>0xd00</run_address>
         <size>0x100</size>
         <input_file_ref idref="fl-f"/>
      </object_component>
      <object_component id="oc-bc">
         <name>DevEmuRegsFile</name>
         <uninitialized>true</uninitialized>
         <run_address>0x880</run_address>
         <size>0xd0</size>
         <input_file_ref idref="fl-f"/>
      </object_component>
      <object_component id="oc-92">
         <name>FlashRegsFile</name>
         <uninitialized>true</uninitialized>
         <run_address>0xa80</run_address>
         <size>0x8</size>
         <input_file_ref idref="fl-f"/>
      </object_component>
      <object_component id="oc-9a">
         <name>CsmRegsFile</name>
         <uninitialized>true</uninitialized>
         <run_address>0xae0</run_address>
         <size>0x10</size>
         <input_file_ref idref="fl-f"/>
      </object_component>
      <object_component id="oc-9b">
         <name>AdcMirrorFile</name>
         <uninitialized>true</uninitialized>
         <run_address>0xb00</run_address>
         <size>0x10</size>
         <input_file_ref idref="fl-f"/>
      </object_component>
      <object_component id="oc-9f">
         <name>XintfRegsFile</name>
         <uninitialized>true</uninitialized>
         <run_address>0xb20</run_address>
         <size>0x1e</size>
         <input_file_ref idref="fl-f"/>
      </object_component>
      <object_component id="oc-93">
         <name>CpuTimer0RegsFile</name>
         <uninitialized>true</uninitialized>
         <run_address>0xc00</run_address>
         <size>0x8</size>
         <input_file_ref idref="fl-f"/>
      </object_component>
      <object_component id="oc-94">
         <name>CpuTimer1RegsFile</name>
         <uninitialized>true</uninitialized>
         <run_address>0xc08</run_address>
         <size>0x8</size>
         <input_file_ref idref="fl-f"/>
      </object_component>
      <object_component id="oc-90">
         <name>CpuTimer2RegsFile</name>
         <uninitialized>true</uninitialized>
         <run_address>0xc10</run_address>
         <size>0x8</size>
         <input_file_ref idref="fl-f"/>
      </object_component>
      <object_component id="oc-9d">
         <name>PieCtrlRegsFile</name>
         <uninitialized>true</uninitialized>
         <run_address>0xce0</run_address>
         <size>0x1a</size>
         <input_file_ref idref="fl-f"/>
      </object_component>
      <object_component id="oc-bd">
         <name>DmaRegsFile</name>
         <uninitialized>true</uninitialized>
         <run_address>0x1000</run_address>
         <size>0xe0</size>
         <input_file_ref idref="fl-f"/>
      </object_component>
      <object_component id="oc-b0">
         <name>McbspaRegsFile</name>
         <uninitialized>true</uninitialized>
         <run_address>0x5000</run_address>
         <size>0x25</size>
         <input_file_ref idref="fl-f"/>
      </object_component>
      <object_component id="oc-af">
         <name>McbspbRegsFile</name>
         <uninitialized>true</uninitialized>
         <run_address>0x5040</run_address>
         <size>0x25</size>
         <input_file_ref idref="fl-f"/>
      </object_component>
      <object_component id="oc-b2">
         <name>ECanaRegsFile</name>
         <uninitialized>true</uninitialized>
         <run_address>0x6000</run_address>
         <size>0x34</size>
         <input_file_ref idref="fl-f"/>
      </object_component>
      <object_component id="oc-b6">
         <name>ECanaLAMRegsFile</name>
         <uninitialized>true</uninitialized>
         <run_address>0x6040</run_address>
         <size>0x40</size>
         <input_file_ref idref="fl-f"/>
      </object_component>
      <object_component id="oc-bf">
         <name>ECanaMboxesFile</name>
         <uninitialized>true</uninitialized>
         <run_address>0x6100</run_address>
         <size>0x100</size>
         <input_file_ref idref="fl-f"/>
      </object_component>
      <object_component id="oc-b7">
         <name>ECanaMOTSRegsFile</name>
         <uninitialized>true</uninitialized>
         <run_address>0x6080</run_address>
         <size>0x40</size>
         <input_file_ref idref="fl-f"/>
      </object_component>
      <object_component id="oc-b4">
         <name>ECanaMOTORegsFile</name>
         <uninitialized>true</uninitialized>
         <run_address>0x60c0</run_address>
         <size>0x40</size>
         <input_file_ref idref="fl-f"/>
      </object_component>
      <object_component id="oc-b3">
         <name>ECanbRegsFile</name>
         <uninitialized>true</uninitialized>
         <run_address>0x6200</run_address>
         <size>0x34</size>
         <input_file_ref idref="fl-f"/>
      </object_component>
      <object_component id="oc-bb">
         <name>ECanbLAMRegsFile</name>
         <uninitialized>true</uninitialized>
         <run_address>0x6240</run_address>
         <size>0x40</size>
         <input_file_ref idref="fl-f"/>
      </object_component>
      <object_component id="oc-be">
         <name>ECanbMboxesFile</name>
         <uninitialized>true</uninitialized>
         <run_address>0x6300</run_address>
         <size>0x100</size>
         <input_file_ref idref="fl-f"/>
      </object_component>
      <object_component id="oc-b5">
         <name>ECanbMOTSRegsFile</name>
         <uninitialized>true</uninitialized>
         <run_address>0x6280</run_address>
         <size>0x40</size>
         <input_file_ref idref="fl-f"/>
      </object_component>
      <object_component id="oc-b8">
         <name>ECanbMOTORegsFile</name>
         <uninitialized>true</uninitialized>
         <run_address>0x62c0</run_address>
         <size>0x40</size>
         <input_file_ref idref="fl-f"/>
      </object_component>
      <object_component id="oc-ad">
         <name>EPwm1RegsFile</name>
         <uninitialized>true</uninitialized>
         <run_address>0x6800</run_address>
         <size>0x22</size>
         <input_file_ref idref="fl-f"/>
      </object_component>
      <object_component id="oc-a8">
         <name>EPwm2RegsFile</name>
         <uninitialized>true</uninitialized>
         <run_address>0x6840</run_address>
         <size>0x22</size>
         <input_file_ref idref="fl-f"/>
      </object_component>
      <object_component id="oc-a9">
         <name>EPwm3RegsFile</name>
         <uninitialized>true</uninitialized>
         <run_address>0x6880</run_address>
         <size>0x22</size>
         <input_file_ref idref="fl-f"/>
      </object_component>
      <object_component id="oc-ae">
         <name>EPwm4RegsFile</name>
         <uninitialized>true</uninitialized>
         <run_address>0x68c0</run_address>
         <size>0x22</size>
         <input_file_ref idref="fl-f"/>
      </object_component>
      <object_component id="oc-ab">
         <name>EPwm5RegsFile</name>
         <uninitialized>true</uninitialized>
         <run_address>0x6900</run_address>
         <size>0x22</size>
         <input_file_ref idref="fl-f"/>
      </object_component>
      <object_component id="oc-ac">
         <name>EPwm6RegsFile</name>
         <uninitialized>true</uninitialized>
         <run_address>0x6940</run_address>
         <size>0x22</size>
         <input_file_ref idref="fl-f"/>
      </object_component>
      <object_component id="oc-a2">
         <name>ECap1RegsFile</name>
         <uninitialized>true</uninitialized>
         <run_address>0x6a00</run_address>
         <size>0x20</size>
         <input_file_ref idref="fl-f"/>
      </object_component>
      <object_component id="oc-a3">
         <name>ECap2RegsFile</name>
         <uninitialized>true</uninitialized>
         <run_address>0x6a20</run_address>
         <size>0x20</size>
         <input_file_ref idref="fl-f"/>
      </object_component>
      <object_component id="oc-a0">
         <name>ECap3RegsFile</name>
         <uninitialized>true</uninitialized>
         <run_address>0x6a40</run_address>
         <size>0x20</size>
         <input_file_ref idref="fl-f"/>
      </object_component>
      <object_component id="oc-a1">
         <name>ECap4RegsFile</name>
         <uninitialized>true</uninitialized>
         <run_address>0x6a60</run_address>
         <size>0x20</size>
         <input_file_ref idref="fl-f"/>
      </object_component>
      <object_component id="oc-a6">
         <name>ECap5RegsFile</name>
         <uninitialized>true</uninitialized>
         <run_address>0x6a80</run_address>
         <size>0x20</size>
         <input_file_ref idref="fl-f"/>
      </object_component>
      <object_component id="oc-a7">
         <name>ECap6RegsFile</name>
         <uninitialized>true</uninitialized>
         <run_address>0x6aa0</run_address>
         <size>0x20</size>
         <input_file_ref idref="fl-f"/>
      </object_component>
      <object_component id="oc-b9">
         <name>EQep1RegsFile</name>
         <uninitialized>true</uninitialized>
         <run_address>0x6b00</run_address>
         <size>0x40</size>
         <input_file_ref idref="fl-f"/>
      </object_component>
      <object_component id="oc-ba">
         <name>EQep2RegsFile</name>
         <uninitialized>true</uninitialized>
         <run_address>0x6b40</run_address>
         <size>0x40</size>
         <input_file_ref idref="fl-f"/>
      </object_component>
      <object_component id="oc-b1">
         <name>GpioCtrlRegsFile</name>
         <uninitialized>true</uninitialized>
         <run_address>0x6f80</run_address>
         <size>0x2e</size>
         <input_file_ref idref="fl-f"/>
      </object_component>
      <object_component id="oc-a4">
         <name>GpioDataRegsFile</name>
         <uninitialized>true</uninitialized>
         <run_address>0x6fc0</run_address>
         <size>0x20</size>
         <input_file_ref idref="fl-f"/>
      </object_component>
      <object_component id="oc-95">
         <name>GpioIntRegsFile</name>
         <uninitialized>true</uninitialized>
         <run_address>0x6fe0</run_address>
         <size>0xa</size>
         <input_file_ref idref="fl-f"/>
      </object_component>
      <object_component id="oc-a5">
         <name>SysCtrlRegsFile</name>
         <uninitialized>true</uninitialized>
         <run_address>0x7010</run_address>
         <size>0x20</size>
         <input_file_ref idref="fl-f"/>
      </object_component>
      <object_component id="oc-96">
         <name>SpiaRegsFile</name>
         <uninitialized>true</uninitialized>
         <run_address>0x7040</run_address>
         <size>0x10</size>
         <input_file_ref idref="fl-f"/>
      </object_component>
      <object_component id="oc-99">
         <name>SciaRegsFile</name>
         <uninitialized>true</uninitialized>
         <run_address>0x7050</run_address>
         <size>0x10</size>
         <input_file_ref idref="fl-f"/>
      </object_component>
      <object_component id="oc-9c">
         <name>XIntruptRegsFile</name>
         <uninitialized>true</uninitialized>
         <run_address>0x7070</run_address>
         <size>0x10</size>
         <input_file_ref idref="fl-f"/>
      </object_component>
      <object_component id="oc-9e">
         <name>AdcRegsFile</name>
         <uninitialized>true</uninitialized>
         <run_address>0x7100</run_address>
         <size>0x1e</size>
         <input_file_ref idref="fl-f"/>
      </object_component>
      <object_component id="oc-97">
         <name>ScibRegsFile</name>
         <uninitialized>true</uninitialized>
         <run_address>0x7750</run_address>
         <size>0x10</size>
         <input_file_ref idref="fl-f"/>
      </object_component>
      <object_component id="oc-98">
         <name>ScicRegsFile</name>
         <uninitialized>true</uninitialized>
         <run_address>0x7770</run_address>
         <size>0x10</size>
         <input_file_ref idref="fl-f"/>
      </object_component>
      <object_component id="oc-aa">
         <name>I2caRegsFile</name>
         <uninitialized>true</uninitialized>
         <run_address>0x7900</run_address>
         <size>0x22</size>
         <input_file_ref idref="fl-f"/>
      </object_component>
      <object_component id="oc-91">
         <name>CsmPwlFile</name>
         <uninitialized>true</uninitialized>
         <run_address>0x33fff8</run_address>
         <size>0x8</size>
         <input_file_ref idref="fl-f"/>
      </object_component>
      <object_component id="oc-8f">
         <name>PartIdRegsFile</name>
         <uninitialized>true</uninitialized>
         <run_address>0x380090</run_address>
         <size>0x1</size>
         <input_file_ref idref="fl-f"/>
      </object_component>
      <object_component id="oc-fa">
         <name>.cinit</name>
         <load_address>0x33a766</load_address>
         <run_address>0x33a766</run_address>
         <size>0x1f1</size>
         <input_file_ref idref="fl-1b"/>
      </object_component>
      <object_component id="oc-114">
         <name>.cinit</name>
         <load_address>0x33a957</load_address>
         <run_address>0x33a957</run_address>
         <size>0xe</size>
         <input_file_ref idref="fl-29"/>
      </object_component>
      <object_component id="oc-1e1">
         <name>.cinit:__lock</name>
         <load_address>0x33a965</load_address>
         <run_address>0x33a965</run_address>
         <size>0x5</size>
         <input_file_ref idref="fl-36"/>
      </object_component>
      <object_component id="oc-1f0">
         <name>.cinit:__unlock</name>
         <load_address>0x33a96a</load_address>
         <run_address>0x33a96a</run_address>
         <size>0x5</size>
         <input_file_ref idref="fl-36"/>
      </object_component>
      <object_component id="oc-1d0">
         <name>.cinit</name>
         <load_address>0x33a96f</load_address>
         <run_address>0x33a96f</run_address>
         <size>0x4</size>
         <input_file_ref idref="fl-4e"/>
      </object_component>
      <object_component id="oc-1e2">
         <name>.text</name>
         <load_address>0x338000</load_address>
         <run_address>0x338000</run_address>
         <size>0xbd9</size>
         <input_file_ref idref="fl-37"/>
      </object_component>
      <object_component id="oc-1de">
         <name>.text</name>
         <load_address>0x338bd9</load_address>
         <run_address>0x338bd9</run_address>
         <size>0x841</size>
         <input_file_ref idref="fl-1b"/>
      </object_component>
      <object_component id="oc-70">
         <name>.text:retain</name>
         <load_address>0x33941a</load_address>
         <run_address>0x33941a</run_address>
         <size>0x316</size>
         <input_file_ref idref="fl-9"/>
      </object_component>
      <object_component id="oc-fc">
         <name>.text:retain</name>
         <load_address>0x339730</load_address>
         <run_address>0x339730</run_address>
         <size>0x16b</size>
         <input_file_ref idref="fl-1b"/>
      </object_component>
      <object_component id="oc-19b">
         <name>.text</name>
         <load_address>0x33989b</load_address>
         <run_address>0x33989b</run_address>
         <size>0x107</size>
         <input_file_ref idref="fl-44"/>
      </object_component>
      <object_component id="oc-1e4">
         <name>.text</name>
         <load_address>0x3399a2</load_address>
         <run_address>0x3399a2</run_address>
         <size>0xf8</size>
         <input_file_ref idref="fl-18"/>
      </object_component>
      <object_component id="oc-1eb">
         <name>.text</name>
         <load_address>0x339a9a</load_address>
         <run_address>0x339a9a</run_address>
         <size>0xc8</size>
         <input_file_ref idref="fl-d"/>
      </object_component>
      <object_component id="oc-1f5">
         <name>.text</name>
         <load_address>0x339b62</load_address>
         <run_address>0x339b62</run_address>
         <size>0xbc</size>
         <input_file_ref idref="fl-4a"/>
      </object_component>
      <object_component id="oc-1e9">
         <name>.text</name>
         <load_address>0x339c1e</load_address>
         <run_address>0x339c1e</run_address>
         <size>0xb5</size>
         <input_file_ref idref="fl-16"/>
      </object_component>
      <object_component id="oc-16e">
         <name>.text</name>
         <load_address>0x339cd3</load_address>
         <run_address>0x339cd3</run_address>
         <size>0x9c</size>
         <input_file_ref idref="fl-3b"/>
      </object_component>
      <object_component id="oc-11a">
         <name>.text</name>
         <load_address>0x339d6f</load_address>
         <run_address>0x339d6f</run_address>
         <size>0x8b</size>
         <input_file_ref idref="fl-2a"/>
      </object_component>
      <object_component id="oc-12e">
         <name>.text</name>
         <load_address>0x339dfa</load_address>
         <run_address>0x339dfa</run_address>
         <size>0x88</size>
         <input_file_ref idref="fl-2e"/>
      </object_component>
      <object_component id="oc-11f">
         <name>.text</name>
         <load_address>0x339e82</load_address>
         <run_address>0x339e82</run_address>
         <size>0x83</size>
         <input_file_ref idref="fl-2b"/>
      </object_component>
      <object_component id="oc-1ec">
         <name>.text</name>
         <load_address>0x339f05</load_address>
         <run_address>0x339f05</run_address>
         <size>0x73</size>
         <input_file_ref idref="fl-6"/>
      </object_component>
      <object_component id="oc-1ed">
         <name>.text</name>
         <load_address>0x339f78</load_address>
         <run_address>0x339f78</run_address>
         <size>0x61</size>
         <input_file_ref idref="fl-32"/>
      </object_component>
      <object_component id="oc-1f4">
         <name>.text</name>
         <load_address>0x339fd9</load_address>
         <run_address>0x339fd9</run_address>
         <size>0x5b</size>
         <input_file_ref idref="fl-49"/>
      </object_component>
      <object_component id="oc-1ee">
         <name>.text</name>
         <load_address>0x33a034</load_address>
         <run_address>0x33a034</run_address>
         <size>0x58</size>
         <input_file_ref idref="fl-33"/>
      </object_component>
      <object_component id="oc-4c">
         <name>.text</name>
         <load_address>0x33a08c</load_address>
         <run_address>0x33a08c</run_address>
         <size>0x56</size>
         <input_file_ref idref="fl-26"/>
      </object_component>
      <object_component id="oc-1d9">
         <name>.text</name>
         <load_address>0x33a0e2</load_address>
         <run_address>0x33a0e2</run_address>
         <size>0x46</size>
         <input_file_ref idref="fl-27"/>
      </object_component>
      <object_component id="oc-1dd">
         <name>.text</name>
         <load_address>0x33a128</load_address>
         <run_address>0x33a128</run_address>
         <size>0x32</size>
         <input_file_ref idref="fl-34"/>
      </object_component>
      <object_component id="oc-1f1">
         <name>.text</name>
         <load_address>0x33a15a</load_address>
         <run_address>0x33a15a</run_address>
         <size>0x31</size>
         <input_file_ref idref="fl-39"/>
      </object_component>
      <object_component id="oc-1f3">
         <name>.text</name>
         <load_address>0x33a18b</load_address>
         <run_address>0x33a18b</run_address>
         <size>0x2e</size>
         <input_file_ref idref="fl-45"/>
      </object_component>
      <object_component id="oc-173">
         <name>.text</name>
         <load_address>0x33a1b9</load_address>
         <run_address>0x33a1b9</run_address>
         <size>0x2a</size>
         <input_file_ref idref="fl-3c"/>
      </object_component>
      <object_component id="oc-138">
         <name>.text</name>
         <load_address>0x33a1e3</load_address>
         <run_address>0x33a1e3</run_address>
         <size>0x2a</size>
         <input_file_ref idref="fl-30"/>
      </object_component>
      <object_component id="oc-1dc">
         <name>.text</name>
         <load_address>0x33a20d</load_address>
         <run_address>0x33a20d</run_address>
         <size>0x29</size>
         <input_file_ref idref="fl-29"/>
      </object_component>
      <object_component id="oc-1e7">
         <name>.text</name>
         <load_address>0x33a236</load_address>
         <run_address>0x33a236</run_address>
         <size>0x28</size>
         <input_file_ref idref="fl-14"/>
      </object_component>
      <object_component id="oc-1fd">
         <name>.text</name>
         <load_address>0x33a25e</load_address>
         <run_address>0x33a25e</run_address>
         <size>0x22</size>
         <input_file_ref idref="fl-4f"/>
      </object_component>
      <object_component id="oc-17d">
         <name>.text</name>
         <load_address>0x33a280</load_address>
         <run_address>0x33a280</run_address>
         <size>0x21</size>
         <input_file_ref idref="fl-3e"/>
      </object_component>
      <object_component id="oc-1e8">
         <name>.text</name>
         <load_address>0x33a2a1</load_address>
         <run_address>0x33a2a1</run_address>
         <size>0x20</size>
         <input_file_ref idref="fl-15"/>
      </object_component>
      <object_component id="oc-182">
         <name>.text</name>
         <load_address>0x33a2c1</load_address>
         <run_address>0x33a2c1</run_address>
         <size>0x1f</size>
         <input_file_ref idref="fl-3f"/>
      </object_component>
      <object_component id="oc-196">
         <name>.text</name>
         <load_address>0x33a2e0</load_address>
         <run_address>0x33a2e0</run_address>
         <size>0x1e</size>
         <input_file_ref idref="fl-43"/>
      </object_component>
      <object_component id="oc-1e3">
         <name>.text</name>
         <load_address>0x33a2fe</load_address>
         <run_address>0x33a2fe</run_address>
         <size>0x1e</size>
         <input_file_ref idref="fl-47"/>
      </object_component>
      <object_component id="oc-187">
         <name>.text</name>
         <load_address>0x33a31c</load_address>
         <run_address>0x33a31c</run_address>
         <size>0x1d</size>
         <input_file_ref idref="fl-40"/>
      </object_component>
      <object_component id="oc-133">
         <name>.text</name>
         <load_address>0x33a339</load_address>
         <run_address>0x33a339</run_address>
         <size>0x1c</size>
         <input_file_ref idref="fl-2f"/>
      </object_component>
      <object_component id="oc-18c">
         <name>.text</name>
         <load_address>0x33a355</load_address>
         <run_address>0x33a355</run_address>
         <size>0x1c</size>
         <input_file_ref idref="fl-41"/>
      </object_component>
      <object_component id="oc-129">
         <name>.text</name>
         <load_address>0x33a371</load_address>
         <run_address>0x33a371</run_address>
         <size>0x1b</size>
         <input_file_ref idref="fl-2d"/>
      </object_component>
      <object_component id="oc-10e">
         <name>.text</name>
         <load_address>0x33a38c</load_address>
         <run_address>0x33a38c</run_address>
         <size>0x1a</size>
         <input_file_ref idref="fl-28"/>
      </object_component>
      <object_component id="oc-1db">
         <name>.text</name>
         <load_address>0x33a3a6</load_address>
         <run_address>0x33a3a6</run_address>
         <size>0x19</size>
         <input_file_ref idref="fl-38"/>
      </object_component>
      <object_component id="oc-191">
         <name>.text</name>
         <load_address>0x33a3bf</load_address>
         <run_address>0x33a3bf</run_address>
         <size>0x18</size>
         <input_file_ref idref="fl-42"/>
      </object_component>
      <object_component id="oc-1e5">
         <name>.text</name>
         <load_address>0x33a3d7</load_address>
         <run_address>0x33a3d7</run_address>
         <size>0x13</size>
         <input_file_ref idref="fl-13"/>
      </object_component>
      <object_component id="oc-1ea">
         <name>.text</name>
         <load_address>0x33a3ea</load_address>
         <run_address>0x33a3ea</run_address>
         <size>0xf</size>
         <input_file_ref idref="fl-3"/>
      </object_component>
      <object_component id="oc-124">
         <name>.text</name>
         <load_address>0x33a3f9</load_address>
         <run_address>0x33a3f9</run_address>
         <size>0xe</size>
         <input_file_ref idref="fl-2c"/>
      </object_component>
      <object_component id="oc-1f9">
         <name>.text</name>
         <load_address>0x33a407</load_address>
         <run_address>0x33a407</run_address>
         <size>0xd</size>
         <input_file_ref idref="fl-46"/>
      </object_component>
      <object_component id="oc-1f7">
         <name>.text</name>
         <load_address>0x33a414</load_address>
         <run_address>0x33a414</run_address>
         <size>0xc</size>
         <input_file_ref idref="fl-48"/>
      </object_component>
      <object_component id="oc-1f6">
         <name>.text</name>
         <load_address>0x33a420</load_address>
         <run_address>0x33a420</run_address>
         <size>0xc</size>
         <input_file_ref idref="fl-4b"/>
      </object_component>
      <object_component id="oc-1ef">
         <name>.text</name>
         <load_address>0x33a42c</load_address>
         <run_address>0x33a42c</run_address>
         <size>0x9</size>
         <input_file_ref idref="fl-36"/>
      </object_component>
      <object_component id="oc-178">
         <name>.text</name>
         <load_address>0x33a435</load_address>
         <run_address>0x33a435</run_address>
         <size>0x9</size>
         <input_file_ref idref="fl-3d"/>
      </object_component>
      <object_component id="oc-59">
         <name>.text</name>
         <load_address>0x33a43e</load_address>
         <run_address>0x33a43e</run_address>
         <size>0x8</size>
         <input_file_ref idref="fl-5"/>
      </object_component>
      <object_component id="oc-1f2">
         <name>.text</name>
         <load_address>0x33a446</load_address>
         <run_address>0x33a446</run_address>
         <size>0x8</size>
         <input_file_ref idref="fl-4d"/>
      </object_component>
      <object_component id="oc-75">
         <name>.text</name>
         <load_address>0x33a44e</load_address>
         <run_address>0x33a44e</run_address>
         <size>0x7</size>
         <input_file_ref idref="fl-a"/>
      </object_component>
      <object_component id="oc-1f8">
         <name>.text</name>
         <load_address>0x33a455</load_address>
         <run_address>0x33a455</run_address>
         <size>0x5</size>
         <input_file_ref idref="fl-4c"/>
      </object_component>
      <object_component id="oc-65">
         <name>.text</name>
         <load_address>0x33a45a</load_address>
         <run_address>0x33a45a</run_address>
         <size>0x3</size>
         <input_file_ref idref="fl-7"/>
      </object_component>
      <object_component id="oc-1d8">
         <name>.text</name>
         <load_address>0x33a45d</load_address>
         <run_address>0x33a45d</run_address>
         <size>0x2</size>
         <input_file_ref idref="fl-31"/>
      </object_component>
      <object_component id="oc-1da">
         <name>.text</name>
         <load_address>0x33a45f</load_address>
         <run_address>0x33a45f</run_address>
         <size>0x1</size>
         <input_file_ref idref="fl-35"/>
      </object_component>
      <object_component id="oc-5a">
         <name>codestart</name>
         <load_address>0x33fff6</load_address>
         <run_address>0x33fff6</run_address>
         <size>0x2</size>
         <input_file_ref idref="fl-5"/>
      </object_component>
      <object_component id="oc-1df">
         <name>ramfuncs</name>
         <load_address>0x320000</load_address>
         <run_address>0x8000</run_address>
         <size>0x4d5</size>
         <input_file_ref idref="fl-1b"/>
      </object_component>
      <object_component id="oc-1e6">
         <name>ramfuncs</name>
         <load_address>0x3204d5</load_address>
         <run_address>0x84d5</run_address>
         <size>0x1b</size>
         <input_file_ref idref="fl-18"/>
      </object_component>
      <object_component id="oc-f4">
         <name>ramfuncs</name>
         <load_address>0x3204f0</load_address>
         <run_address>0x84f0</run_address>
         <size>0x4</size>
         <input_file_ref idref="fl-1a"/>
      </object_component>
      <object_component id="oc-57">
         <name>csmpasswds</name>
         <load_address>0x33fff8</load_address>
         <run_address>0x33fff8</run_address>
         <size>0x8</size>
         <input_file_ref idref="fl-4"/>
      </object_component>
      <object_component id="oc-58">
         <name>csm_rsvd</name>
         <load_address>0x33ff80</load_address>
         <run_address>0x33ff80</run_address>
         <size>0x76</size>
         <input_file_ref idref="fl-4"/>
      </object_component>
      <object_component id="oc-103">
         <name>.stack</name>
         <uninitialized>true</uninitialized>
         <run_address>0x400</run_address>
         <size>0x0</size>
         <input_file_ref idref="fl-26"/>
      </object_component>
      <object_component id="oc-254">
         <name>.stack</name>
         <uninitialized>true</uninitialized>
         <run_address>0x400</run_address>
         <size>0x0</size>
      </object_component>
      <object_component id="oc-60">
         <name>.ebss</name>
         <uninitialized>true</uninitialized>
         <run_address>0xc364</run_address>
         <size>0x18</size>
         <input_file_ref idref="fl-6"/>
      </object_component>
      <object_component id="oc-fb">
         <name>.ebss</name>
         <uninitialized>true</uninitialized>
         <run_address>0xc000</run_address>
         <size>0x364</size>
         <input_file_ref idref="fl-1b"/>
      </object_component>
      <object_component id="oc-115">
         <name>.ebss</name>
         <uninitialized>true</uninitialized>
         <run_address>0xc380</run_address>
         <size>0x6</size>
         <input_file_ref idref="fl-29"/>
      </object_component>
      <object_component id="oc-1fb">
         <name>.ebss:__unlock</name>
         <uninitialized>true</uninitialized>
         <run_address>0xc37e</run_address>
         <size>0x2</size>
         <input_file_ref idref="fl-36"/>
      </object_component>
      <object_component id="oc-1e0">
         <name>.ebss:__lock</name>
         <uninitialized>true</uninitialized>
         <run_address>0xc37c</run_address>
         <size>0x2</size>
         <input_file_ref idref="fl-36"/>
      </object_component>
      <object_component id="oc-1d1">
         <name>.ebss</name>
         <uninitialized>true</uninitialized>
         <run_address>0xc386</run_address>
         <size>0x1</size>
         <input_file_ref idref="fl-4e"/>
      </object_component>
      <object_component id="oc-1fc">
         <name>.econst:.string:__ctypes_</name>
         <load_address>0x33a460</load_address>
         <run_address>0x33a460</run_address>
         <size>0x101</size>
         <input_file_ref idref="fl-3a"/>
      </object_component>
      <object_component id="oc-1fa">
         <name>.econst:_PieVectTableInit</name>
         <load_address>0x33a562</load_address>
         <run_address>0x33a562</run_address>
         <size>0x100</size>
         <input_file_ref idref="fl-15"/>
      </object_component>
      <object_component id="oc-fe">
         <name>.econst:.string</name>
         <load_address>0x33a662</load_address>
         <run_address>0x33a662</run_address>
         <size>0x8d</size>
         <input_file_ref idref="fl-1b"/>
      </object_component>
      <object_component id="oc-15d">
         <name>.econst:.string</name>
         <load_address>0x33a6f0</load_address>
         <run_address>0x33a6f0</run_address>
         <size>0x26</size>
         <input_file_ref idref="fl-37"/>
      </object_component>
      <object_component id="oc-15c">
         <name>.econst</name>
         <load_address>0x33a716</load_address>
         <run_address>0x33a716</run_address>
         <size>0x1c</size>
         <input_file_ref idref="fl-37"/>
      </object_component>
      <object_component id="oc-1bb">
         <name>.econst</name>
         <load_address>0x33a732</load_address>
         <run_address>0x33a732</run_address>
         <size>0x1c</size>
         <input_file_ref idref="fl-4a"/>
      </object_component>
      <object_component id="oc-fd">
         <name>.econst</name>
         <load_address>0x33a74e</load_address>
         <run_address>0x33a74e</run_address>
         <size>0x10</size>
         <input_file_ref idref="fl-1b"/>
      </object_component>
      <object_component id="oc-1b5">
         <name>.econst</name>
         <load_address>0x33a75e</load_address>
         <run_address>0x33a75e</run_address>
         <size>0x8</size>
         <input_file_ref idref="fl-49"/>
      </object_component>
      <object_component id="oc-104">
         <name>.reset</name>
         <load_address>0x3fffc0</load_address>
         <run_address>0x3fffc0</run_address>
         <size>0x2</size>
         <input_file_ref idref="fl-26"/>
      </object_component>
      <object_component id="oc-4d">
         <name>.adc_cal</name>
         <load_address>0x380080</load_address>
         <run_address>0x380080</run_address>
         <size>0x7</size>
         <input_file_ref idref="fl-2"/>
      </object_component>
      <object_component id="oc-4e">
         <name>.debug_info</name>
         <load_address>0x0</load_address>
         <run_address>0x0</run_address>
         <size>0xff</size>
         <input_file_ref idref="fl-2"/>
      </object_component>
      <object_component id="oc-52">
         <name>.debug_info</name>
         <load_address>0xff</load_address>
         <run_address>0xff</run_address>
         <size>0x1ee7</size>
         <input_file_ref idref="fl-3"/>
      </object_component>
      <object_component id="oc-5b">
         <name>.debug_info</name>
         <load_address>0x1fe6</load_address>
         <run_address>0x1fe6</run_address>
         <size>0x146</size>
         <input_file_ref idref="fl-5"/>
      </object_component>
      <object_component id="oc-5f">
         <name>.debug_info</name>
         <load_address>0x212c</load_address>
         <run_address>0x212c</run_address>
         <size>0x9e4</size>
         <input_file_ref idref="fl-6"/>
      </object_component>
      <object_component id="oc-66">
         <name>.debug_info</name>
         <load_address>0x2b10</load_address>
         <run_address>0x2b10</run_address>
         <size>0xfd</size>
         <input_file_ref idref="fl-7"/>
      </object_component>
      <object_component id="oc-6a">
         <name>.debug_info</name>
         <load_address>0x2c0d</load_address>
         <run_address>0x2c0d</run_address>
         <size>0x1733</size>
         <input_file_ref idref="fl-8"/>
      </object_component>
      <object_component id="oc-6f">
         <name>.debug_info</name>
         <load_address>0x4340</load_address>
         <run_address>0x4340</run_address>
         <size>0x29ef</size>
         <input_file_ref idref="fl-9"/>
      </object_component>
      <object_component id="oc-76">
         <name>.debug_info</name>
         <load_address>0x6d2f</load_address>
         <run_address>0x6d2f</run_address>
         <size>0x103</size>
         <input_file_ref idref="fl-a"/>
      </object_component>
      <object_component id="oc-7a">
         <name>.debug_info</name>
         <load_address>0x6e32</load_address>
         <run_address>0x6e32</run_address>
         <size>0x5d9a</size>
         <input_file_ref idref="fl-b"/>
      </object_component>
      <object_component id="oc-7f">
         <name>.debug_info</name>
         <load_address>0xcbcc</load_address>
         <run_address>0xcbcc</run_address>
         <size>0x1ba8</size>
         <input_file_ref idref="fl-c"/>
      </object_component>
      <object_component id="oc-84">
         <name>.debug_info</name>
         <load_address>0xe774</load_address>
         <run_address>0xe774</run_address>
         <size>0x20fe</size>
         <input_file_ref idref="fl-d"/>
      </object_component>
      <object_component id="oc-89">
         <name>.debug_info</name>
         <load_address>0x10872</load_address>
         <run_address>0x10872</run_address>
         <size>0x1ba8</size>
         <input_file_ref idref="fl-e"/>
      </object_component>
      <object_component id="oc-8e">
         <name>.debug_info</name>
         <load_address>0x1241a</load_address>
         <run_address>0x1241a</run_address>
         <size>0x133b0</size>
         <input_file_ref idref="fl-f"/>
      </object_component>
      <object_component id="oc-c2">
         <name>.debug_info</name>
         <load_address>0x257ca</load_address>
         <run_address>0x257ca</run_address>
         <size>0x1ba8</size>
         <input_file_ref idref="fl-10"/>
      </object_component>
      <object_component id="oc-c7">
         <name>.debug_info</name>
         <load_address>0x27372</load_address>
         <run_address>0x27372</run_address>
         <size>0x1ba7</size>
         <input_file_ref idref="fl-11"/>
      </object_component>
      <object_component id="oc-cc">
         <name>.debug_info</name>
         <load_address>0x28f19</load_address>
         <run_address>0x28f19</run_address>
         <size>0x49c3</size>
         <input_file_ref idref="fl-12"/>
      </object_component>
      <object_component id="oc-d1">
         <name>.debug_info</name>
         <load_address>0x2d8dc</load_address>
         <run_address>0x2d8dc</run_address>
         <size>0x48b</size>
         <input_file_ref idref="fl-13"/>
      </object_component>
      <object_component id="oc-d6">
         <name>.debug_info</name>
         <load_address>0x2dd67</load_address>
         <run_address>0x2dd67</run_address>
         <size>0xb8c</size>
         <input_file_ref idref="fl-14"/>
      </object_component>
      <object_component id="oc-db">
         <name>.debug_info</name>
         <load_address>0x2e8f3</load_address>
         <run_address>0x2e8f3</run_address>
         <size>0x22de</size>
         <input_file_ref idref="fl-15"/>
      </object_component>
      <object_component id="oc-e0">
         <name>.debug_info</name>
         <load_address>0x30bd1</load_address>
         <run_address>0x30bd1</run_address>
         <size>0x28f5</size>
         <input_file_ref idref="fl-16"/>
      </object_component>
      <object_component id="oc-e5">
         <name>.debug_info</name>
         <load_address>0x334c6</load_address>
         <run_address>0x334c6</run_address>
         <size>0x1ba7</size>
         <input_file_ref idref="fl-17"/>
      </object_component>
      <object_component id="oc-ea">
         <name>.debug_info</name>
         <load_address>0x3506d</load_address>
         <run_address>0x3506d</run_address>
         <size>0x21a0</size>
         <input_file_ref idref="fl-18"/>
      </object_component>
      <object_component id="oc-ef">
         <name>.debug_info</name>
         <load_address>0x3720d</load_address>
         <run_address>0x3720d</run_address>
         <size>0x215f</size>
         <input_file_ref idref="fl-19"/>
      </object_component>
      <object_component id="oc-f5">
         <name>.debug_info</name>
         <load_address>0x3936c</load_address>
         <run_address>0x3936c</run_address>
         <size>0xff</size>
         <input_file_ref idref="fl-1a"/>
      </object_component>
      <object_component id="oc-f9">
         <name>.debug_info</name>
         <load_address>0x3946b</load_address>
         <run_address>0x3946b</run_address>
         <size>0x86c3</size>
         <input_file_ref idref="fl-1b"/>
      </object_component>
      <object_component id="oc-105">
         <name>.debug_info</name>
         <load_address>0x41b2e</load_address>
         <run_address>0x41b2e</run_address>
         <size>0x16c</size>
         <input_file_ref idref="fl-26"/>
      </object_component>
      <object_component id="oc-109">
         <name>.debug_info</name>
         <load_address>0x41c9a</load_address>
         <run_address>0x41c9a</run_address>
         <size>0x628</size>
         <input_file_ref idref="fl-27"/>
      </object_component>
      <object_component id="oc-10f">
         <name>.debug_info</name>
         <load_address>0x422c2</load_address>
         <run_address>0x422c2</run_address>
         <size>0x113</size>
         <input_file_ref idref="fl-28"/>
      </object_component>
      <object_component id="oc-113">
         <name>.debug_info</name>
         <load_address>0x423d5</load_address>
         <run_address>0x423d5</run_address>
         <size>0x5ac</size>
         <input_file_ref idref="fl-29"/>
      </object_component>
      <object_component id="oc-11b">
         <name>.debug_info</name>
         <load_address>0x42981</load_address>
         <run_address>0x42981</run_address>
         <size>0x10d</size>
         <input_file_ref idref="fl-2a"/>
      </object_component>
      <object_component id="oc-120">
         <name>.debug_info</name>
         <load_address>0x42a8e</load_address>
         <run_address>0x42a8e</run_address>
         <size>0x10d</size>
         <input_file_ref idref="fl-2b"/>
      </object_component>
      <object_component id="oc-125">
         <name>.debug_info</name>
         <load_address>0x42b9b</load_address>
         <run_address>0x42b9b</run_address>
         <size>0x11b</size>
         <input_file_ref idref="fl-2c"/>
      </object_component>
      <object_component id="oc-12a">
         <name>.debug_info</name>
         <load_address>0x42cb6</load_address>
         <run_address>0x42cb6</run_address>
         <size>0x110</size>
         <input_file_ref idref="fl-2d"/>
      </object_component>
      <object_component id="oc-12f">
         <name>.debug_info</name>
         <load_address>0x42dc6</load_address>
         <run_address>0x42dc6</run_address>
         <size>0x10d</size>
         <input_file_ref idref="fl-2e"/>
      </object_component>
      <object_component id="oc-134">
         <name>.debug_info</name>
         <load_address>0x42ed3</load_address>
         <run_address>0x42ed3</run_address>
         <size>0x113</size>
         <input_file_ref idref="fl-2f"/>
      </object_component>
      <object_component id="oc-139">
         <name>.debug_info</name>
         <load_address>0x42fe6</load_address>
         <run_address>0x42fe6</run_address>
         <size>0x19e</size>
         <input_file_ref idref="fl-30"/>
      </object_component>
      <object_component id="oc-13d">
         <name>.debug_info</name>
         <load_address>0x43184</load_address>
         <run_address>0x43184</run_address>
         <size>0x3e3</size>
         <input_file_ref idref="fl-31"/>
      </object_component>
      <object_component id="oc-142">
         <name>.debug_info</name>
         <load_address>0x43567</load_address>
         <run_address>0x43567</run_address>
         <size>0x423</size>
         <input_file_ref idref="fl-32"/>
      </object_component>
      <object_component id="oc-147">
         <name>.debug_info</name>
         <load_address>0x4398a</load_address>
         <run_address>0x4398a</run_address>
         <size>0x435</size>
         <input_file_ref idref="fl-33"/>
      </object_component>
      <object_component id="oc-14c">
         <name>.debug_info</name>
         <load_address>0x43dbf</load_address>
         <run_address>0x43dbf</run_address>
         <size>0x68c</size>
         <input_file_ref idref="fl-34"/>
      </object_component>
      <object_component id="oc-151">
         <name>.debug_info</name>
         <load_address>0x4444b</load_address>
         <run_address>0x4444b</run_address>
         <size>0x3e0</size>
         <input_file_ref idref="fl-35"/>
      </object_component>
      <object_component id="oc-156">
         <name>.debug_info</name>
         <load_address>0x4482b</load_address>
         <run_address>0x4482b</run_address>
         <size>0x502</size>
         <input_file_ref idref="fl-36"/>
      </object_component>
      <object_component id="oc-15b">
         <name>.debug_info</name>
         <load_address>0x44d2d</load_address>
         <run_address>0x44d2d</run_address>
         <size>0x2560</size>
         <input_file_ref idref="fl-37"/>
      </object_component>
      <object_component id="oc-162">
         <name>.debug_info</name>
         <load_address>0x4728d</load_address>
         <run_address>0x4728d</run_address>
         <size>0x4cf</size>
         <input_file_ref idref="fl-38"/>
      </object_component>
      <object_component id="oc-167">
         <name>.debug_info</name>
         <load_address>0x4775c</load_address>
         <run_address>0x4775c</run_address>
         <size>0x455</size>
         <input_file_ref idref="fl-39"/>
      </object_component>
      <object_component id="oc-16c">
         <name>.debug_info</name>
         <load_address>0x47bb1</load_address>
         <run_address>0x47bb1</run_address>
         <size>0x1dd</size>
         <input_file_ref idref="fl-3a"/>
      </object_component>
      <object_component id="oc-16f">
         <name>.debug_info</name>
         <load_address>0x47d8e</load_address>
         <run_address>0x47d8e</run_address>
         <size>0x10d</size>
         <input_file_ref idref="fl-3b"/>
      </object_component>
      <object_component id="oc-174">
         <name>.debug_info</name>
         <load_address>0x47e9b</load_address>
         <run_address>0x47e9b</run_address>
         <size>0x119</size>
         <input_file_ref idref="fl-3c"/>
      </object_component>
      <object_component id="oc-179">
         <name>.debug_info</name>
         <load_address>0x47fb4</load_address>
         <run_address>0x47fb4</run_address>
         <size>0x10d</size>
         <input_file_ref idref="fl-3d"/>
      </object_component>
      <object_component id="oc-17e">
         <name>.debug_info</name>
         <load_address>0x480c1</load_address>
         <run_address>0x480c1</run_address>
         <size>0x10d</size>
         <input_file_ref idref="fl-3e"/>
      </object_component>
      <object_component id="oc-183">
         <name>.debug_info</name>
         <load_address>0x481ce</load_address>
         <run_address>0x481ce</run_address>
         <size>0x10d</size>
         <input_file_ref idref="fl-3f"/>
      </object_component>
      <object_component id="oc-188">
         <name>.debug_info</name>
         <load_address>0x482db</load_address>
         <run_address>0x482db</run_address>
         <size>0x111</size>
         <input_file_ref idref="fl-40"/>
      </object_component>
      <object_component id="oc-18d">
         <name>.debug_info</name>
         <load_address>0x483ec</load_address>
         <run_address>0x483ec</run_address>
         <size>0x111</size>
         <input_file_ref idref="fl-41"/>
      </object_component>
      <object_component id="oc-192">
         <name>.debug_info</name>
         <load_address>0x484fd</load_address>
         <run_address>0x484fd</run_address>
         <size>0x16f</size>
         <input_file_ref idref="fl-42"/>
      </object_component>
      <object_component id="oc-197">
         <name>.debug_info</name>
         <load_address>0x4866c</load_address>
         <run_address>0x4866c</run_address>
         <size>0x147</size>
         <input_file_ref idref="fl-43"/>
      </object_component>
      <object_component id="oc-19c">
         <name>.debug_info</name>
         <load_address>0x487b3</load_address>
         <run_address>0x487b3</run_address>
         <size>0x22a</size>
         <input_file_ref idref="fl-44"/>
      </object_component>
      <object_component id="oc-1a0">
         <name>.debug_info</name>
         <load_address>0x489dd</load_address>
         <run_address>0x489dd</run_address>
         <size>0x4ef</size>
         <input_file_ref idref="fl-45"/>
      </object_component>
      <object_component id="oc-1a5">
         <name>.debug_info</name>
         <load_address>0x48ecc</load_address>
         <run_address>0x48ecc</run_address>
         <size>0x46e</size>
         <input_file_ref idref="fl-46"/>
      </object_component>
      <object_component id="oc-1aa">
         <name>.debug_info</name>
         <load_address>0x4933a</load_address>
         <run_address>0x4933a</run_address>
         <size>0x470</size>
         <input_file_ref idref="fl-47"/>
      </object_component>
      <object_component id="oc-1af">
         <name>.debug_info</name>
         <load_address>0x497aa</load_address>
         <run_address>0x497aa</run_address>
         <size>0x528</size>
         <input_file_ref idref="fl-48"/>
      </object_component>
      <object_component id="oc-1b4">
         <name>.debug_info</name>
         <load_address>0x49cd2</load_address>
         <run_address>0x49cd2</run_address>
         <size>0x538</size>
         <input_file_ref idref="fl-49"/>
      </object_component>
      <object_component id="oc-1ba">
         <name>.debug_info</name>
         <load_address>0x4a20a</load_address>
         <run_address>0x4a20a</run_address>
         <size>0x5e3</size>
         <input_file_ref idref="fl-4a"/>
      </object_component>
      <object_component id="oc-1c0">
         <name>.debug_info</name>
         <load_address>0x4a7ed</load_address>
         <run_address>0x4a7ed</run_address>
         <size>0x517</size>
         <input_file_ref idref="fl-4b"/>
      </object_component>
      <object_component id="oc-1c5">
         <name>.debug_info</name>
         <load_address>0x4ad04</load_address>
         <run_address>0x4ad04</run_address>
         <size>0x4f1</size>
         <input_file_ref idref="fl-4c"/>
      </object_component>
      <object_component id="oc-1ca">
         <name>.debug_info</name>
         <load_address>0x4b1f5</load_address>
         <run_address>0x4b1f5</run_address>
         <size>0x4d0</size>
         <input_file_ref idref="fl-4d"/>
      </object_component>
      <object_component id="oc-1cf">
         <name>.debug_info</name>
         <load_address>0x4b6c5</load_address>
         <run_address>0x4b6c5</run_address>
         <size>0x1bc</size>
         <input_file_ref idref="fl-4e"/>
      </object_component>
      <object_component id="oc-1d3">
         <name>.debug_info</name>
         <load_address>0x4b881</load_address>
         <run_address>0x4b881</run_address>
         <size>0x4c5</size>
         <input_file_ref idref="fl-4f"/>
      </object_component>
      <object_component id="oc-255">
         <name>.debug_info</name>
         <load_address>0x4bd46</load_address>
         <run_address>0x4bd46</run_address>
         <size>0x98</size>
      </object_component>
      <object_component id="oc-4f">
         <name>.debug_line</name>
         <load_address>0x0</load_address>
         <run_address>0x0</run_address>
         <size>0x59</size>
         <input_file_ref idref="fl-2"/>
      </object_component>
      <object_component id="oc-54">
         <name>.debug_line</name>
         <load_address>0x59</load_address>
         <run_address>0x59</run_address>
         <size>0x60</size>
         <input_file_ref idref="fl-3"/>
      </object_component>
      <object_component id="oc-5c">
         <name>.debug_line</name>
         <load_address>0xb9</load_address>
         <run_address>0xb9</run_address>
         <size>0x71</size>
         <input_file_ref idref="fl-5"/>
      </object_component>
      <object_component id="oc-62">
         <name>.debug_line</name>
         <load_address>0x12a</load_address>
         <run_address>0x12a</run_address>
         <size>0x94</size>
         <input_file_ref idref="fl-6"/>
      </object_component>
      <object_component id="oc-67">
         <name>.debug_line</name>
         <load_address>0x1be</load_address>
         <run_address>0x1be</run_address>
         <size>0x57</size>
         <input_file_ref idref="fl-7"/>
      </object_component>
      <object_component id="oc-6c">
         <name>.debug_line</name>
         <load_address>0x215</load_address>
         <run_address>0x215</run_address>
         <size>0x42</size>
         <input_file_ref idref="fl-8"/>
      </object_component>
      <object_component id="oc-72">
         <name>.debug_line</name>
         <load_address>0x257</load_address>
         <run_address>0x257</run_address>
         <size>0x75e</size>
         <input_file_ref idref="fl-9"/>
      </object_component>
      <object_component id="oc-77">
         <name>.debug_line</name>
         <load_address>0x9b5</load_address>
         <run_address>0x9b5</run_address>
         <size>0x5b</size>
         <input_file_ref idref="fl-a"/>
      </object_component>
      <object_component id="oc-7c">
         <name>.debug_line</name>
         <load_address>0xa10</load_address>
         <run_address>0xa10</run_address>
         <size>0x43</size>
         <input_file_ref idref="fl-b"/>
      </object_component>
      <object_component id="oc-81">
         <name>.debug_line</name>
         <load_address>0xa53</load_address>
         <run_address>0xa53</run_address>
         <size>0x43</size>
         <input_file_ref idref="fl-c"/>
      </object_component>
      <object_component id="oc-86">
         <name>.debug_line</name>
         <load_address>0xa96</load_address>
         <run_address>0xa96</run_address>
         <size>0x17a</size>
         <input_file_ref idref="fl-d"/>
      </object_component>
      <object_component id="oc-8b">
         <name>.debug_line</name>
         <load_address>0xc10</load_address>
         <run_address>0xc10</run_address>
         <size>0x43</size>
         <input_file_ref idref="fl-e"/>
      </object_component>
      <object_component id="oc-c4">
         <name>.debug_line</name>
         <load_address>0xc53</load_address>
         <run_address>0xc53</run_address>
         <size>0x43</size>
         <input_file_ref idref="fl-10"/>
      </object_component>
      <object_component id="oc-c9">
         <name>.debug_line</name>
         <load_address>0xc96</load_address>
         <run_address>0xc96</run_address>
         <size>0x42</size>
         <input_file_ref idref="fl-11"/>
      </object_component>
      <object_component id="oc-ce">
         <name>.debug_line</name>
         <load_address>0xcd8</load_address>
         <run_address>0xcd8</run_address>
         <size>0x44</size>
         <input_file_ref idref="fl-12"/>
      </object_component>
      <object_component id="oc-d3">
         <name>.debug_line</name>
         <load_address>0xd1c</load_address>
         <run_address>0xd1c</run_address>
         <size>0x67</size>
         <input_file_ref idref="fl-13"/>
      </object_component>
      <object_component id="oc-d8">
         <name>.debug_line</name>
         <load_address>0xd83</load_address>
         <run_address>0xd83</run_address>
         <size>0x96</size>
         <input_file_ref idref="fl-14"/>
      </object_component>
      <object_component id="oc-dd">
         <name>.debug_line</name>
         <load_address>0xe19</load_address>
         <run_address>0xe19</run_address>
         <size>0x78</size>
         <input_file_ref idref="fl-15"/>
      </object_component>
      <object_component id="oc-e2">
         <name>.debug_line</name>
         <load_address>0xe91</load_address>
         <run_address>0xe91</run_address>
         <size>0x112</size>
         <input_file_ref idref="fl-16"/>
      </object_component>
      <object_component id="oc-e7">
         <name>.debug_line</name>
         <load_address>0xfa3</load_address>
         <run_address>0xfa3</run_address>
         <size>0x42</size>
         <input_file_ref idref="fl-17"/>
      </object_component>
      <object_component id="oc-ec">
         <name>.debug_line</name>
         <load_address>0xfe5</load_address>
         <run_address>0xfe5</run_address>
         <size>0x175</size>
         <input_file_ref idref="fl-18"/>
      </object_component>
      <object_component id="oc-f1">
         <name>.debug_line</name>
         <load_address>0x115a</load_address>
         <run_address>0x115a</run_address>
         <size>0x44</size>
         <input_file_ref idref="fl-19"/>
      </object_component>
      <object_component id="oc-f6">
         <name>.debug_line</name>
         <load_address>0x119e</load_address>
         <run_address>0x119e</run_address>
         <size>0x58</size>
         <input_file_ref idref="fl-1a"/>
      </object_component>
      <object_component id="oc-100">
         <name>.debug_line</name>
         <load_address>0x11f6</load_address>
         <run_address>0x11f6</run_address>
         <size>0x8e0</size>
         <input_file_ref idref="fl-1b"/>
      </object_component>
      <object_component id="oc-106">
         <name>.debug_line</name>
         <load_address>0x1ad6</load_address>
         <run_address>0x1ad6</run_address>
         <size>0x7e</size>
         <input_file_ref idref="fl-26"/>
      </object_component>
      <object_component id="oc-10b">
         <name>.debug_line</name>
         <load_address>0x1b54</load_address>
         <run_address>0x1b54</run_address>
         <size>0x6a</size>
         <input_file_ref idref="fl-27"/>
      </object_component>
      <object_component id="oc-110">
         <name>.debug_line</name>
         <load_address>0x1bbe</load_address>
         <run_address>0x1bbe</run_address>
         <size>0x50</size>
         <input_file_ref idref="fl-28"/>
      </object_component>
      <object_component id="oc-117">
         <name>.debug_line</name>
         <load_address>0x1c0e</load_address>
         <run_address>0x1c0e</run_address>
         <size>0x65</size>
         <input_file_ref idref="fl-29"/>
      </object_component>
      <object_component id="oc-11c">
         <name>.debug_line</name>
         <load_address>0x1c73</load_address>
         <run_address>0x1c73</run_address>
         <size>0xb3</size>
         <input_file_ref idref="fl-2a"/>
      </object_component>
      <object_component id="oc-121">
         <name>.debug_line</name>
         <load_address>0x1d26</load_address>
         <run_address>0x1d26</run_address>
         <size>0xa2</size>
         <input_file_ref idref="fl-2b"/>
      </object_component>
      <object_component id="oc-126">
         <name>.debug_line</name>
         <load_address>0x1dc8</load_address>
         <run_address>0x1dc8</run_address>
         <size>0x49</size>
         <input_file_ref idref="fl-2c"/>
      </object_component>
      <object_component id="oc-12b">
         <name>.debug_line</name>
         <load_address>0x1e11</load_address>
         <run_address>0x1e11</run_address>
         <size>0x57</size>
         <input_file_ref idref="fl-2d"/>
      </object_component>
      <object_component id="oc-130">
         <name>.debug_line</name>
         <load_address>0x1e68</load_address>
         <run_address>0x1e68</run_address>
         <size>0xad</size>
         <input_file_ref idref="fl-2e"/>
      </object_component>
      <object_component id="oc-135">
         <name>.debug_line</name>
         <load_address>0x1f15</load_address>
         <run_address>0x1f15</run_address>
         <size>0x58</size>
         <input_file_ref idref="fl-2f"/>
      </object_component>
      <object_component id="oc-13a">
         <name>.debug_line</name>
         <load_address>0x1f6d</load_address>
         <run_address>0x1f6d</run_address>
         <size>0x8e</size>
         <input_file_ref idref="fl-30"/>
      </object_component>
      <object_component id="oc-13f">
         <name>.debug_line</name>
         <load_address>0x1ffb</load_address>
         <run_address>0x1ffb</run_address>
         <size>0x3e</size>
         <input_file_ref idref="fl-31"/>
      </object_component>
      <object_component id="oc-144">
         <name>.debug_line</name>
         <load_address>0x2039</load_address>
         <run_address>0x2039</run_address>
         <size>0x50</size>
         <input_file_ref idref="fl-32"/>
      </object_component>
      <object_component id="oc-149">
         <name>.debug_line</name>
         <load_address>0x2089</load_address>
         <run_address>0x2089</run_address>
         <size>0x63</size>
         <input_file_ref idref="fl-33"/>
      </object_component>
      <object_component id="oc-14e">
         <name>.debug_line</name>
         <load_address>0x20ec</load_address>
         <run_address>0x20ec</run_address>
         <size>0x7d</size>
         <input_file_ref idref="fl-34"/>
      </object_component>
      <object_component id="oc-153">
         <name>.debug_line</name>
         <load_address>0x2169</load_address>
         <run_address>0x2169</run_address>
         <size>0x3a</size>
         <input_file_ref idref="fl-35"/>
      </object_component>
      <object_component id="oc-158">
         <name>.debug_line</name>
         <load_address>0x21a3</load_address>
         <run_address>0x21a3</run_address>
         <size>0x5e</size>
         <input_file_ref idref="fl-36"/>
      </object_component>
      <object_component id="oc-15f">
         <name>.debug_line</name>
         <load_address>0x2201</load_address>
         <run_address>0x2201</run_address>
         <size>0xc3c</size>
         <input_file_ref idref="fl-37"/>
      </object_component>
      <object_component id="oc-164">
         <name>.debug_line</name>
         <load_address>0x2e3d</load_address>
         <run_address>0x2e3d</run_address>
         <size>0x55</size>
         <input_file_ref idref="fl-38"/>
      </object_component>
      <object_component id="oc-169">
         <name>.debug_line</name>
         <load_address>0x2e92</load_address>
         <run_address>0x2e92</run_address>
         <size>0x6a</size>
         <input_file_ref idref="fl-39"/>
      </object_component>
      <object_component id="oc-170">
         <name>.debug_line</name>
         <load_address>0x2efc</load_address>
         <run_address>0x2efc</run_address>
         <size>0xc4</size>
         <input_file_ref idref="fl-3b"/>
      </object_component>
      <object_component id="oc-175">
         <name>.debug_line</name>
         <load_address>0x2fc0</load_address>
         <run_address>0x2fc0</run_address>
         <size>0x60</size>
         <input_file_ref idref="fl-3c"/>
      </object_component>
      <object_component id="oc-17a">
         <name>.debug_line</name>
         <load_address>0x3020</load_address>
         <run_address>0x3020</run_address>
         <size>0x45</size>
         <input_file_ref idref="fl-3d"/>
      </object_component>
      <object_component id="oc-17f">
         <name>.debug_line</name>
         <load_address>0x3065</load_address>
         <run_address>0x3065</run_address>
         <size>0x59</size>
         <input_file_ref idref="fl-3e"/>
      </object_component>
      <object_component id="oc-184">
         <name>.debug_line</name>
         <load_address>0x30be</load_address>
         <run_address>0x30be</run_address>
         <size>0x58</size>
         <input_file_ref idref="fl-3f"/>
      </object_component>
      <object_component id="oc-189">
         <name>.debug_line</name>
         <load_address>0x3116</load_address>
         <run_address>0x3116</run_address>
         <size>0x57</size>
         <input_file_ref idref="fl-40"/>
      </object_component>
      <object_component id="oc-18e">
         <name>.debug_line</name>
         <load_address>0x316d</load_address>
         <run_address>0x316d</run_address>
         <size>0x56</size>
         <input_file_ref idref="fl-41"/>
      </object_component>
      <object_component id="oc-193">
         <name>.debug_line</name>
         <load_address>0x31c3</load_address>
         <run_address>0x31c3</run_address>
         <size>0x6c</size>
         <input_file_ref idref="fl-42"/>
      </object_component>
      <object_component id="oc-198">
         <name>.debug_line</name>
         <load_address>0x322f</load_address>
         <run_address>0x322f</run_address>
         <size>0x63</size>
         <input_file_ref idref="fl-43"/>
      </object_component>
      <object_component id="oc-19d">
         <name>.debug_line</name>
         <load_address>0x3292</load_address>
         <run_address>0x3292</run_address>
         <size>0x16b</size>
         <input_file_ref idref="fl-44"/>
      </object_component>
      <object_component id="oc-1a2">
         <name>.debug_line</name>
         <load_address>0x33fd</load_address>
         <run_address>0x33fd</run_address>
         <size>0x5f</size>
         <input_file_ref idref="fl-45"/>
      </object_component>
      <object_component id="oc-1a7">
         <name>.debug_line</name>
         <load_address>0x345c</load_address>
         <run_address>0x345c</run_address>
         <size>0x48</size>
         <input_file_ref idref="fl-46"/>
      </object_component>
      <object_component id="oc-1ac">
         <name>.debug_line</name>
         <load_address>0x34a4</load_address>
         <run_address>0x34a4</run_address>
         <size>0x62</size>
         <input_file_ref idref="fl-47"/>
      </object_component>
[...]
         <value>0xc0a6</value>
         <object_component_ref idref="oc-fb"/>
      </symbol>
      <symbol id="sm-407">
         <name>_buff</name>
         <value>0xc200</value>
         <object_component_ref idref="oc-fb"/>
      </symbol>
      <symbol id="sm-408">
         <name>_break_duty</name>
         <value>0xc03c</value>
         <object_component_ref idref="oc-fb"/>
      </symbol>
      <symbol id="sm-409">
         <name>_Encoder_deg_old</name>
         <value>0xc0a8</value>
         <object_component_ref idref="oc-fb"/>
      </symbol>
      <symbol id="sm-40a">
         <name>_Position_error</name>
         <value>0xc08a</value>
         <object_component_ref idref="oc-fb"/>
      </symbol>
      <symbol id="sm-40b">
         <name>_MAXON_transmit</name>
         <value>0x8029</value>
         <object_component_ref idref="oc-1df"/>
      </symbol>
      <symbol id="sm-40c">
         <name>_Encoder_define</name>
         <value>0x339067</value>
         <object_component_ref idref="oc-1de"/>
      </symbol>
      <symbol id="sm-40d">
         <name>_b4_3</name>
         <value>0xc060</value>
         <object_component_ref idref="oc-fb"/>
      </symbol>
      <symbol id="sm-40e">
         <name>_b4_1</name>
         <value>0xc022</value>
         <object_component_ref idref="oc-fb"/>
      </symbol>
      <symbol id="sm-40f">
         <name>_a1_3</name>
         <value>0xc024</value>
         <object_component_ref idref="oc-fb"/>
      </symbol>
      <symbol id="sm-410">
         <name>_a1_1</name>
         <value>0xc030</value>
         <object_component_ref idref="oc-fb"/>
      </symbol>
      <symbol id="sm-411">
         <name>_InitEPwm1Module</name>
         <value>0x338d2d</value>
         <object_component_ref idref="oc-1de"/>
      </symbol>
      <symbol id="sm-412">
         <name>_stuff_i</name>
         <value>0xc013</value>
         <object_component_ref idref="oc-fb"/>
      </symbol>
      <symbol id="sm-413">
         <name>_gain_bit</name>
         <value>0xc004</value>
         <object_component_ref idref="oc-fb"/>
      </symbol>
      <symbol id="sm-414">
         <name>_scia_fifo_init</name>
         <value>0x338d7b</value>
         <object_component_ref idref="oc-1de"/>
      </symbol>
      <symbol id="sm-415">
         <name>_torque_fourier_1</name>
         <value>0xc0a2</value>
         <object_component_ref idref="oc-fb"/>
      </symbol>
      <symbol id="sm-416">
         <name>_torque_fourier_3</name>
         <value>0xc09e</value>
         <object_component_ref idref="oc-fb"/>
      </symbol>
      <symbol id="sm-417">
         <name>_torque_fourier_constant</name>
         <value>0x3393a6</value>
         <object_component_ref idref="oc-1de"/>
      </symbol>
      <symbol id="sm-418">
         <name>_BaseDegTimer</name>
         <value>0xc084</value>
         <object_component_ref idref="oc-fb"/>
      </symbol>
      <symbol id="sm-419">
         <name>_scib_fifo_init</name>
         <value>0x338da1</value>
         <object_component_ref idref="oc-1de"/>
      </symbol>
      <symbol id="sm-41a">
         <name>_Encoder_deg</name>
         <value>0xc0aa</value>
         <object_component_ref idref="oc-fb"/>
      </symbol>
      <symbol id="sm-41b">
         <name>_scic_fifo_init</name>
         <value>0x338dc7</value>
         <object_component_ref idref="oc-1de"/>
      </symbol>
      <symbol id="sm-41c">
         <name>_TimerCount</name>
         <value>0xc00f</value>
         <object_component_ref idref="oc-fb"/>
      </symbol>
      <symbol id="sm-41d">
         <name>_Encoder_deg_time</name>
         <value>0xc082</value>
         <object_component_ref idref="oc-fb"/>
      </symbol>
      <symbol id="sm-41e">
         <name>_M_i</name>
         <value>0xc00a</value>
         <object_component_ref idref="oc-fb"/>
      </symbol>
      <symbol id="sm-41f">
         <name>_Torque_Calculate</name>
         <value>0x339197</value>
         <object_component_ref idref="oc-1de"/>
      </symbol>
      <symbol id="sm-420">
         <name>_EV_Buff</name>
         <value>0xc140</value>
         <object_component_ref idref="oc-fb"/>
      </symbol>
      <symbol id="sm-421">
         <name>_Encoder_vel_old</name>
         <value>0xc0b0</value>
         <object_component_ref idref="oc-fb"/>
      </symbol>
      <symbol id="sm-422">
         <name>_BT_transmit</name>
         <value>0x802e</value>
         <object_component_ref idref="oc-1df"/>
      </symbol>
      <symbol id="sm-423">
         <name>_Enable_num</name>
         <value>0xc00c</value>
         <object_component_ref idref="oc-fb"/>
      </symbol>
      <symbol id="sm-424">
         <name>_MAXON_Put_String</name>
         <value>0x8010</value>
         <object_component_ref idref="oc-1df"/>
      </symbol>
      <symbol id="sm-425">
         <name>_stuff_position</name>
         <value>0xc002</value>
         <object_component_ref idref="oc-fb"/>
      </symbol>
      <symbol id="sm-426">
         <name>_a4_3</name>
         <value>0xc062</value>
         <object_component_ref idref="oc-fb"/>
      </symbol>
      <symbol id="sm-427">
         <name>_a4_1</name>
         <value>0xc02a</value>
         <object_component_ref idref="oc-fb"/>
      </symbol>
      <symbol id="sm-428">
         <name>_target_gain</name>
         <value>0xc0b6</value>
         <object_component_ref idref="oc-fb"/>
      </symbol>
      <symbol id="sm-429">
         <name>_ED_Buff</name>
         <value>0xc180</value>
         <object_component_ref idref="oc-fb"/>
      </symbol>
      <symbol id="sm-42a">
         <name>_EV_mva_old</name>
         <value>0xc034</value>
         <object_component_ref idref="oc-fb"/>
      </symbol>
      <symbol id="sm-42b">
         <name>_be8</name>
         <value>0xc05a</value>
         <object_component_ref idref="oc-fb"/>
      </symbol>
      <symbol id="sm-42c">
         <name>_be7</name>
         <value>0xc04c</value>
         <object_component_ref idref="oc-fb"/>
      </symbol>
      <symbol id="sm-42d">
         <name>_be6</name>
         <value>0xc048</value>
         <object_component_ref idref="oc-fb"/>
      </symbol>
      <symbol id="sm-42e">
         <name>_be5</name>
         <value>0xc054</value>
         <object_component_ref idref="oc-fb"/>
      </symbol>
      <symbol id="sm-42f">
         <name>_be4</name>
         <value>0xc050</value>
         <object_component_ref idref="oc-fb"/>
      </symbol>
      <symbol id="sm-430">
         <name>_be3</name>
         <value>0xc078</value>
         <object_component_ref idref="oc-fb"/>
      </symbol>
      <symbol id="sm-431">
         <name>_be2</name>
         <value>0xc070</value>
         <object_component_ref idref="oc-fb"/>
      </symbol>
      <symbol id="sm-432">
         <name>_be1</name>
         <value>0xc074</value>
         <object_component_ref idref="oc-fb"/>
      </symbol>
      <symbol id="sm-433">
         <name>_E_vel_deg_time</name>
         <value>0xc08e</value>
         <object_component_ref idref="oc-fb"/>
      </symbol>
      <symbol id="sm-434">
         <name>_E_vel_deg_new</name>
         <value>0xc0ac</value>
         <object_component_ref idref="oc-fb"/>
      </symbol>
      <symbol id="sm-435">
         <name>_tablet_velocity</name>
         <value>0xc044</value>
         <object_component_ref idref="oc-fb"/>
      </symbol>
      <symbol id="sm-436">
         <name>_RxBuff</name>
         <value>0xc0d0</value>
         <object_component_ref idref="oc-fb"/>
      </symbol>
      <symbol id="sm-437">
         <name>_MetabolizeRehabilitationRobot</name>
         <value>0x338dd7</value>
         <object_component_ref idref="oc-1de"/>
      </symbol>
      <symbol id="sm-438">
         <name>_b3_3</name>
         <value>0xc06c</value>
         <object_component_ref idref="oc-fb"/>
      </symbol>
      <symbol id="sm-439">
         <name>_b3_1</name>
         <value>0xc01a</value>
         <object_component_ref idref="oc-fb"/>
      </symbol>
      <symbol id="sm-43a">
         <name>_a0_3</name>
         <value>0xc026</value>
         <object_component_ref idref="oc-fb"/>
      </symbol>
      <symbol id="sm-43b">
         <name>_a0_1</name>
         <value>0xc03e</value>
         <object_component_ref idref="oc-fb"/>
      </symbol>
      <symbol id="sm-43c">
         <name>_i</name>
         <value>0xc009</value>
         <object_component_ref idref="oc-fb"/>
      </symbol>
      <symbol id="sm-43d">
         <name>_a</name>
         <value>0xc006</value>
         <object_component_ref idref="oc-fb"/>
      </symbol>
      <symbol id="sm-43e">
         <name>_ED_mva</name>
         <value>0xc03a</value>
         <object_component_ref idref="oc-fb"/>
      </symbol>
      <symbol id="sm-43f">
         <name>_Encoder_acc</name>
         <value>0xc0b2</value>
         <object_component_ref idref="oc-fb"/>
      </symbol>
      <symbol id="sm-440">
         <name>_Encoder_value_calculation</name>
         <value>0x338e5f</value>
         <object_component_ref idref="oc-1de"/>
      </symbol>
      <symbol id="sm-441">
         <name>_E_i</name>
         <value>0xc008</value>
         <object_component_ref idref="oc-fb"/>
      </symbol>
      <symbol id="sm-442">
         <name>_velocity</name>
         <value>0xc046</value>
         <object_component_ref idref="oc-fb"/>
      </symbol>
      <symbol id="sm-443">
         <name>_MAXON</name>
         <value>0xc280</value>
         <object_component_ref idref="oc-fb"/>
      </symbol>
      <symbol id="sm-460">
         <name>_c_int00</name>
         <value>0x33a08c</value>
         <object_component_ref idref="oc-4c"/>
      </symbol>
      <symbol id="sm-461">
         <name>__stack</name>
         <value>0x400</value>
         <object_component_ref idref="oc-103"/>
      </symbol>
      <symbol id="sm-477">
         <name>_copy_in</name>
         <value>0x33a0e2</value>
         <object_component_ref idref="oc-1d9"/>
      </symbol>
      <symbol id="sm-486">
         <name>_ppcopy</name>
         <value>0x33a38c</value>
         <object_component_ref idref="oc-10e"/>
      </symbol>
      <symbol id="sm-487">
         <name>_dpcopy</name>
         <value>0x33a38c</value>
         <object_component_ref idref="oc-10e"/>
      </symbol>
      <symbol id="sm-488">
         <name>_pdcopy</name>
         <value>0x33a38c</value>
         <object_component_ref idref="oc-10e"/>
      </symbol>
      <symbol id="sm-489">
         <name>_ddcopy</name>
         <value>0x33a38c</value>
         <object_component_ref idref="oc-10e"/>
      </symbol>
      <symbol id="sm-49e">
         <name>C$$EXIT</name>
         <value>0x33a20d</value>
         <object_component_ref idref="oc-1dc"/>
      </symbol>
      <symbol id="sm-49f">
         <name>_exit</name>
         <value>0x33a20f</value>
         <object_component_ref idref="oc-1dc"/>
      </symbol>
      <symbol id="sm-4a0">
         <name>___TI_cleanup_ptr</name>
         <value>0xc382</value>
         <object_component_ref idref="oc-115"/>
      </symbol>
      <symbol id="sm-4a1">
         <name>___TI_enable_exit_profile_output</name>
         <value>0xc380</value>
         <object_component_ref idref="oc-115"/>
      </symbol>
      <symbol id="sm-4a2">
         <name>_abort</name>
         <value>0x33a20d</value>
         <object_component_ref idref="oc-1dc"/>
      </symbol>
      <symbol id="sm-4a3">
         <name>___TI_dtors_ptr</name>
         <value>0xc384</value>
         <object_component_ref idref="oc-115"/>
      </symbol>
      <symbol id="sm-4ba">
         <name>FD$$DIV</name>
         <value>0x339d6f</value>
         <object_component_ref idref="oc-11a"/>
      </symbol>
      <symbol id="sm-4cc">
         <name>FD$$MPY</name>
         <value>0x339e82</value>
         <object_component_ref idref="oc-11f"/>
      </symbol>
      <symbol id="sm-4d8">
         <name>FD$$SUB</name>
         <value>0x33a3f9</value>
         <object_component_ref idref="oc-124"/>
      </symbol>
      <symbol id="sm-4e7">
         <name>FD$$TOUL</name>
         <value>0x33a371</value>
         <object_component_ref idref="oc-129"/>
      </symbol>
      <symbol id="sm-4f8">
         <name>FS$$DIV</name>
         <value>0x339dfa</value>
         <object_component_ref idref="oc-12e"/>
      </symbol>
      <symbol id="sm-508">
         <name>FS$$TOFD</name>
         <value>0x33a339</value>
         <object_component_ref idref="oc-133"/>
      </symbol>
      <symbol id="sm-514">
         <name>UL$$MOD</name>
         <value>0x33a207</value>
         <object_component_ref idref="oc-138"/>
      </symbol>
      <symbol id="sm-515">
         <name>L$$MOD</name>
         <value>0x33a1f2</value>
         <object_component_ref idref="oc-138"/>
      </symbol>
      <symbol id="sm-516">
         <name>L$$DIV</name>
         <value>0x33a1e3</value>
         <object_component_ref idref="oc-138"/>
      </symbol>
      <symbol id="sm-517">
         <name>UL$$DIV</name>
         <value>0x33a200</value>
         <object_component_ref idref="oc-138"/>
      </symbol>
      <symbol id="sm-524">
         <name>__system_pre_init</name>
         <value>0x33a45d</value>
         <object_component_ref idref="oc-1d8"/>
      </symbol>
      <symbol id="sm-533">
         <name>_cos</name>
         <value>0x339f78</value>
         <object_component_ref idref="oc-1ed"/>
      </symbol>
      <symbol id="sm-534">
         <name>_cosf</name>
         <value>0x339f78</value>
         <object_component_ref idref="oc-1ed"/>
      </symbol>
      <symbol id="sm-542">
         <name>_sin</name>
         <value>0x33a034</value>
         <object_component_ref idref="oc-1ee"/>
      </symbol>
      <symbol id="sm-543">
         <name>_sinf</name>
         <value>0x33a034</value>
         <object_component_ref idref="oc-1ee"/>
      </symbol>
      <symbol id="sm-552">
         <name>_sprintf</name>
         <value>0x33a128</value>
         <object_component_ref idref="oc-1dd"/>
      </symbol>
      <symbol id="sm-55f">
         <name>__system_post_cinit</name>
         <value>0x33a45f</value>
         <object_component_ref idref="oc-1da"/>
      </symbol>
      <symbol id="sm-574">
         <name>__unlock</name>
         <value>0xc37e</value>
         <object_component_ref idref="oc-1fb"/>
      </symbol>
      <symbol id="sm-575">
         <name>__lock</name>
         <value>0xc37c</value>
         <object_component_ref idref="oc-1e0"/>
      </symbol>
      <symbol id="sm-576">
         <name>__register_lock</name>
         <value>0x33a430</value>
         <object_component_ref idref="oc-1ef"/>
      </symbol>
      <symbol id="sm-577">
         <name>__nop</name>
         <value>0x33a434</value>
         <object_component_ref idref="oc-1ef"/>
      </symbol>
      <symbol id="sm-578">
         <name>__register_unlock</name>
         <value>0x33a42c</value>
         <object_component_ref idref="oc-1ef"/>
      </symbol>
      <symbol id="sm-6a6">
         <name>___TI_printfi</name>
         <value>0x338ab4</value>
         <object_component_ref idref="oc-1e2"/>
      </symbol>
      <symbol id="sm-6b6">
         <name>__args_main</name>
         <value>0x33a3a6</value>
         <object_component_ref idref="oc-1db"/>
      </symbol>
      <symbol id="sm-6cb">
         <name>_atoi</name>
         <value>0x33a15a</value>
         <object_component_ref idref="oc-1f1"/>
      </symbol>
      <symbol id="sm-6d4">
         <name>__ctypes_</name>
         <value>0x33a460</value>
         <object_component_ref idref="oc-1fc"/>
      </symbol>
      <symbol id="sm-6ef">
         <name>FD$$ADD</name>
         <value>0x339cd3</value>
         <object_component_ref idref="oc-16e"/>
      </symbol>
      <symbol id="sm-6ff">
         <name>FD$$CMP</name>
         <value>0x33a1b9</value>
         <object_component_ref idref="oc-173"/>
      </symbol>
      <symbol id="sm-70c">
         <name>FD$$NEG</name>
         <value>0x33a435</value>
         <object_component_ref idref="oc-178"/>
      </symbol>
      <symbol id="sm-71b">
         <name>FD$$TOI</name>
         <value>0x33a280</value>
         <object_component_ref idref="oc-17d"/>
      </symbol>
      <symbol id="sm-72a">
         <name>FD$$TOL</name>
         <value>0x33a2c1</value>
         <object_component_ref idref="oc-182"/>
      </symbol>
      <symbol id="sm-73a">
         <name>I$$TOFD</name>
         <value>0x33a31c</value>
         <object_component_ref idref="oc-187"/>
      </symbol>
      <symbol id="sm-74a">
         <name>L$$TOFD</name>
         <value>0x33a355</value>
         <object_component_ref idref="oc-18c"/>
      </symbol>
      <symbol id="sm-756">
         <name>LL$$AND</name>
         <value>0x33a3bf</value>
         <object_component_ref idref="oc-191"/>
      </symbol>
      <symbol id="sm-757">
         <name>LL$$OR</name>
         <value>0x33a3c7</value>
         <object_component_ref idref="oc-191"/>
      </symbol>
      <symbol id="sm-758">
         <name>LL$$XOR</name>
         <value>0x33a3cf</value>
         <object_component_ref idref="oc-191"/>
      </symbol>
      <symbol id="sm-766">
         <name>ULL$$CMP</name>
         <value>0x33a2f2</value>
         <object_component_ref idref="oc-196"/>
      </symbol>
      <symbol id="sm-767">
         <name>LL$$CMP</name>
         <value>0x33a2e0</value>
         <object_component_ref idref="oc-196"/>
      </symbol>
      <symbol id="sm-793">
         <name>ULL$$MOD</name>
         <value>0x339940</value>
         <object_component_ref idref="oc-19b"/>
      </symbol>
      <symbol id="sm-794">
         <name>ULL$$DIV</name>
         <value>0x339911</value>
         <object_component_ref idref="oc-19b"/>
      </symbol>
      <symbol id="sm-795">
         <name>LL$$MOD</name>
         <value>0x3398d7</value>
         <object_component_ref idref="oc-19b"/>
      </symbol>
      <symbol id="sm-796">
         <name>LL$$DIV</name>
         <value>0x33989b</value>
         <object_component_ref idref="oc-19b"/>
      </symbol>
      <symbol id="sm-7a5">
         <name>_ltoa</name>
         <value>0x33a18b</value>
         <object_component_ref idref="oc-1f3"/>
      </symbol>
      <symbol id="sm-7b5">
         <name>_memccpy</name>
         <value>0x33a407</value>
         <object_component_ref idref="oc-1f9"/>
      </symbol>
      <symbol id="sm-7c7">
         <name>_memcpy</name>
         <value>0x33a2fe</value>
         <object_component_ref idref="oc-1e3"/>
      </symbol>
      <symbol id="sm-7d6">
         <name>_memset</name>
         <value>0x33a414</value>
         <object_component_ref idref="oc-1f7"/>
      </symbol>
      <symbol id="sm-7ea">
         <name>_frexpl</name>
         <value>0x339fd9</value>
         <object_component_ref idref="oc-1f4"/>
      </symbol>
      <symbol id="sm-808">
         <name>_scalbnl</name>
         <value>0x339b62</value>
         <object_component_ref idref="oc-1f5"/>
      </symbol>
      <symbol id="sm-809">
         <name>_ldexpl</name>
         <value>0x339b62</value>
         <object_component_ref idref="oc-1f5"/>
      </symbol>
      <symbol id="sm-819">
         <name>_strchr</name>
         <value>0x33a420</value>
         <object_component_ref idref="oc-1f6"/>
      </symbol>
      <symbol id="sm-827">
         <name>_strcpy</name>
         <value>0x33a455</value>
         <object_component_ref idref="oc-1f8"/>
      </symbol>
      <symbol id="sm-835">
         <name>_strlen</name>
         <value>0x33a446</value>
         <object_component_ref idref="oc-1f2"/>
      </symbol>
      <symbol id="sm-840">
         <name>_errno</name>
         <value>0xc386</value>
         <object_component_ref idref="oc-1d1"/>
      </symbol>
      <symbol id="sm-84e">
         <name>_copysignl</name>
         <value>0x33a25e</value>
         <object_component_ref idref="oc-1fd"/>
      </symbol>
   </symbol_table>
   <title>Link successful</title>
</link_info>
