******************************************************************************
             TMS320C2000 Linker PC v15.12.3                    
******************************************************************************
>> Linked Fri Jan 31 10:59:59 2020

OUTPUT FILE NAME:   <maxon_torque_cont.out>
ENTRY POINT SYMBOL: "_c_int00"  address: 00339b2f


MEMORY CONFIGURATION

         name            origin    length      used     unused   attr    fill
----------------------  --------  ---------  --------  --------  ----  --------
PAGE 0:
  ZONE0                 00004000   00001000  00000000  00001000  RWIX
  RAML0                 00008000   00001000  0000003d  00000fc3  RWIX
  RAML1                 00009000   00001000  00000000  00001000  RWIX
  RAML2                 0000a000   00001000  00000000  00001000  RWIX
  RAML3                 0000b000   00001000  00000000  00001000  RWIX
  ZONE6                 00100000   00100000  00000000  00100000  RWIX
  ZONE7A                00200000   0000fc00  00000000  0000fc00  RWIX
  FLASHH                00300000   00008000  00000000  00008000  RWIX
  FLASHG                00308000   00008000  00000000  00008000  RWIX
  FLASHF                00310000   00008000  00000000  00008000  RWIX
  FLASHE                00318000   00008000  00000000  00008000  RWIX
  FLASHD                00320000   00008000  0000003d  00007fc3  RWIX
  FLASHC                00328000   00008000  00000000  00008000  RWIX
  FLASHA                00338000   00007f80  00002241  00005d3f  RWIX
  CSM_RSVD              0033ff80   00000076  00000076  00000000  RWIX
  BEGIN                 0033fff6   00000002  00000002  00000000  RWIX
  CSM_PWL               0033fff8   00000008  00000008  00000000  RWIX
  ADC_CAL               00380080   00000009  00000007  00000002  RWIX
  OTP                   00380400   00000400  00000000  00000400  RWIX
  IQTABLES              003fe000   00000b50  00000000  00000b50  RWIX
  IQTABLES2             003feb50   0000008c  00000000  0000008c  RWIX
  FPUTABLES             003febdc   000006a0  00000000  000006a0  RWIX
  ROM                   003ff27c   00000d44  00000000  00000d44  RWIX
  RESET                 003fffc0   00000002  00000000  00000002  RWIX
  VECTORS               003fffc2   0000003e  00000000  0000003e  RWIX

PAGE 1:
  BOOT_RSVD             00000000   00000050  00000000  00000050  RWIX
  RAMM0                 00000050   000003b0  00000000  000003b0  RWIX
  RAMM1                 00000400   00000400  00000300  00000100  RWIX
  DEV_EMU               00000880   00000180  000000d0  000000b0  RWIX
  FLASH_REGS            00000a80   00000060  00000008  00000058  RWIX
  CSM                   00000ae0   00000010  00000010  00000000  RWIX
  ADC_MIRROR            00000b00   00000010  00000010  00000000  RWIX
  XINTF                 00000b20   00000020  0000001e  00000002  RWIX
  CPU_TIMER0            00000c00   00000008  00000008  00000000  RWIX
  CPU_TIMER1            00000c08   00000008  00000008  00000000  RWIX
  CPU_TIMER2            00000c10   00000008  00000008  00000000  RWIX
  PIE_CTRL              00000ce0   00000020  0000001a  00000006  RWIX
  PIE_VECT              00000d00   00000100  00000100  00000000  RWIX
  DMA                   00001000   00000200  000000e0  00000120  RWIX
  MCBSPA                00005000   00000040  00000025  0000001b  RWIX
  MCBSPB                00005040   00000040  00000025  0000001b  RWIX
  ECANA                 00006000   00000040  00000034  0000000c  RWIX
  ECANA_LAM             00006040   00000040  00000040  00000000  RWIX
  ECANA_MOTS            00006080   00000040  00000040  00000000  RWIX
  ECANA_MOTO            000060c0   00000040  00000040  00000000  RWIX
  ECANA_MBOX            00006100   00000100  00000100  00000000  RWIX
  ECANB                 00006200   00000040  00000034  0000000c  RWIX
  ECANB_LAM             00006240   00000040  00000040  00000000  RWIX
  ECANB_MOTS            00006280   00000040  00000040  00000000  RWIX
  ECANB_MOTO            000062c0   00000040  00000040  00000000  RWIX
  ECANB_MBOX            00006300   00000100  00000100  00000000  RWIX
  EPWM1                 00006800   00000022  00000022  00000000  RWIX
  EPWM2                 00006840   00000022  00000022  00000000  RWIX
  EPWM3                 00006880   00000022  00000022  00000000  RWIX
  EPWM4                 000068c0   00000022  00000022  00000000  RWIX
  EPWM5                 00006900   00000022  00000022  00000000  RWIX
  EPWM6                 00006940   00000022  00000022  00000000  RWIX
  ECAP1                 00006a00   00000020  00000020  00000000  RWIX
  ECAP2                 00006a20   00000020  00000020  00000000  RWIX
  ECAP3                 00006a40   00000020  00000020  00000000  RWIX
  ECAP4                 00006a60   00000020  00000020  00000000  RWIX
  ECAP5                 00006a80   00000020  00000020  00000000  RWIX
  ECAP6                 00006aa0   00000020  00000020  00000000  RWIX
  EQEP1                 00006b00   00000040  00000040  00000000  RWIX
  EQEP2                 00006b40   00000040  00000040  00000000  RWIX
  GPIOCTRL              00006f80   00000040  0000002e  00000012  RWIX
  GPIODAT               00006fc0   00000020  00000020  00000000  RWIX
  GPIOINT               00006fe0   00000020  0000000a  00000016  RWIX
  SYSTEM                00007010   00000020  00000020  00000000  RWIX
  SPIA                  00007040   00000010  00000010  00000000  RWIX
  SCIA                  00007050   00000010  00000010  00000000  RWIX
  XINTRUPT              00007070   00000010  00000010  00000000  RWIX
  ADC                   00007100   00000020  0000001e  00000002  RWIX
  SCIB                  00007750   00000010  00000010  00000000  RWIX
  SCIC                  00007770   00000010  00000010  00000000  RWIX
  I2CA                  00007900   00000040  00000022  0000001e  RWIX
  RAML4                 0000c000   00001000  00000187  00000e79  RWIX
  RAML5                 0000d000   00001000  00000000  00001000  RWIX
  RAML6                 0000e000   00001000  00000000  00001000  RWIX
  RAML7                 0000f000   00001000  00000000  00001000  RWIX
  ZONE7B                0020fc00   00000400  00000000  00000400  RWIX
  FLASHB                00330000   00008000  00000000  00008000  RWIX
  CSM_PWL               0033fff8   00000008  00000008  00000000  RWIX
  PARTID                00380090   00000001  00000001  00000000  RWIX


SECTION ALLOCATION MAP

 output                                  attributes/
section   page    origin      length       input sections
--------  ----  ----------  ----------   ----------------
ramfuncs   0    00320000    0000003d     RUN ADDR = 00008000
                  00320000    0000001e     main.obj (ramfuncs)
                  0032001e    0000001b     DSP2833x_SysCtrl.obj (ramfuncs)
                  00320039    00000004     DSP2833x_usDelay.obj (ramfuncs)

.text      0    00338000    00001f03     
                  00338000    00000bd9     rts2800_fpu32.lib : _printfi.obj (.text)
                  00338bd9    0000040c     main.obj (.text)
                  00338fe5    00000316     DSP2833x_DefaultIsr.obj (.text:retain)
                  003392fb    00000184     main.obj (.text:retain)
                  0033947f    00000107     rts2800_fpu32.lib : ll_div.obj (.text)
                  00339586    000000f8     DSP2833x_SysCtrl.obj (.text)
                  0033967e    000000c8     DSP2833x_EPwm.obj (.text)
                  00339746    000000bc     rts2800_fpu32.lib : s_scalbn.obj (.text)
                  00339802    000000b5     DSP2833x_Sci.obj (.text)
                  003398b7    0000009c     rts2800_fpu32.lib : fd_add.obj (.text)
                  00339953    0000008b                       : fd_div.obj (.text)
                  003399de    00000083                       : fd_mpy.obj (.text)
                  00339a61    00000073     DSP2833x_CpuTimers.obj (.text)
                  00339ad4    0000005b     rts2800_fpu32.lib : s_frexp.obj (.text)
                  00339b2f    00000056                       : boot.obj (.text)
                  00339b85    00000046                       : cpy_tbl.obj (.text)
                  00339bcb    00000032                       : sprintf.obj (.text)
                  00339bfd    00000031                       : atoi.obj (.text)
                  00339c2e    0000002e                       : ltoa.obj (.text)
                  00339c5c    0000002a                       : fd_cmp.obj (.text)
                  00339c86    0000002a                       : l_div.obj (.text)
                  00339cb0    00000029                       : exit.obj (.text)
                  00339cd9    00000028     DSP2833x_PieCtrl.obj (.text)
                  00339d01    00000022     rts2800_fpu32.lib : s_copysign.obj (.text)
                  00339d23    00000021                       : fd_toi.obj (.text)
                  00339d44    00000020     DSP2833x_PieVect.obj (.text)
                  00339d64    0000001f     rts2800_fpu32.lib : fd_tol.obj (.text)
                  00339d83    0000001e                       : ll_cmp.obj (.text)
                  00339da1    0000001e                       : memcpy.obj (.text)
                  00339dbf    0000001d                       : i_tofd.obj (.text)
                  00339ddc    0000001c                       : fs_tofd.obj (.text)
                  00339df8    0000001c                       : l_tofd.obj (.text)
                  00339e14    0000001b                       : fd_toul.obj (.text)
                  00339e2f    0000001a                       : cpy_utils.obj (.text)
                  00339e49    00000019                       : args_main.obj (.text)
                  00339e62    00000018                       : ll_aox.obj (.text)
                  00339e7a    00000013     DSP2833x_MemCopy.obj (.text)
                  00339e8d    0000000f     DSP2833x_Adc.obj (.text)
                  00339e9c    0000000e     rts2800_fpu32.lib : fd_sub.obj (.text)
                  00339eaa    0000000d                       : memccpy.obj (.text)
                  00339eb7    0000000c                       : memset.obj (.text)
                  00339ec3    0000000c                       : strchr.obj (.text)
                  00339ecf    00000009                       : _lock.obj (.text)
                  00339ed8    00000009                       : fd_neg.obj (.text)
                  00339ee1    00000008     DSP2833x_CodeStartBranch.obj (.text)
                  00339ee9    00000008     rts2800_fpu32.lib : strlen.obj (.text)
                  00339ef1    00000007     DSP2833x_DisInt.obj (.text)
                  00339ef8    00000005     rts2800_fpu32.lib : strcpy.obj (.text)
                  00339efd    00000003     DSP2833x_DBGIER.obj (.text)
                  00339f00    00000002     rts2800_fpu32.lib : pre_init.obj (.text)
                  00339f02    00000001                       : startup.obj (.text)

.econst    0    00339f04    000002d2     
                  00339f04    00000101     rts2800_fpu32.lib : ctype.obj (.econst:.string:__ctypes_)
                  0033a005    00000001     --HOLE-- [fill = 0]
                  0033a006    00000100     DSP2833x_PieVect.obj (.econst:_PieVectTableInit)
                  0033a106    00000059     main.obj (.econst:.string)
                  0033a15f    00000001     --HOLE-- [fill = 0]
                  0033a160    00000026     rts2800_fpu32.lib : _printfi.obj (.econst:.string)
                  0033a186    0000001c                       : _printfi.obj (.econst)
                  0033a1a2    0000001c                       : s_scalbn.obj (.econst)
                  0033a1be    00000010     main.obj (.econst)
                  0033a1ce    00000008     rts2800_fpu32.lib : s_frexp.obj (.econst)

.cinit     0    0033a1d6    0000006c     
                  0033a1d6    0000004e     main.obj (.cinit)
                  0033a224    0000000e     rts2800_fpu32.lib : exit.obj (.cinit)
                  0033a232    00000005                       : _lock.obj (.cinit:__lock)
                  0033a237    00000005                       : _lock.obj (.cinit:__unlock)
                  0033a23c    00000004                       : errno.obj (.cinit)
                  0033a240    00000002     --HOLE-- [fill = 0]

csm_rsvd   0    0033ff80    00000076     
                  0033ff80    00000076     DSP2833x_CSMPasswords.obj (csm_rsvd)

codestart 
*          0    0033fff6    00000002     
                  0033fff6    00000002     DSP2833x_CodeStartBranch.obj (codestart)

csmpasswds 
*          0    0033fff8    00000008     
                  0033fff8    00000008     DSP2833x_CSMPasswords.obj (csmpasswds)

.adc_cal   0    00380080    00000007     NOLOAD SECTION
                  00380080    00000007     DSP2833x_ADC_cal.obj (.adc_cal)

.stack     1    00000400    00000300     UNINITIALIZED
                  00000400    00000300     --HOLE--

DevEmuRegsFile 
*          1    00000880    000000d0     UNINITIALIZED
                  00000880    000000d0     DSP2833x_GlobalVariableDefs.obj (DevEmuRegsFile)

FlashRegsFile 
*          1    00000a80    00000008     UNINITIALIZED
                  00000a80    00000008     DSP2833x_GlobalVariableDefs.obj (FlashRegsFile)

CsmRegsFile 
*          1    00000ae0    00000010     UNINITIALIZED
                  00000ae0    00000010     DSP2833x_GlobalVariableDefs.obj (CsmRegsFile)

AdcMirrorFile 
*          1    00000b00    00000010     UNINITIALIZED
                  00000b00    00000010     DSP2833x_GlobalVariableDefs.obj (AdcMirrorFile)

XintfRegsFile 
*          1    00000b20    0000001e     UNINITIALIZED
                  00000b20    0000001e     DSP2833x_GlobalVariableDefs.obj (XintfRegsFile)

CpuTimer0RegsFile 
*          1    00000c00    00000008     UNINITIALIZED
                  00000c00    00000008     DSP2833x_GlobalVariableDefs.obj (CpuTimer0RegsFile)

CpuTimer1RegsFile 
*          1    00000c08    00000008     UNINITIALIZED
                  00000c08    00000008     DSP2833x_GlobalVariableDefs.obj (CpuTimer1RegsFile)

CpuTimer2RegsFile 
*          1    00000c10    00000008     UNINITIALIZED
                  00000c10    00000008     DSP2833x_GlobalVariableDefs.obj (CpuTimer2RegsFile)

PieCtrlRegsFile 
*          1    00000ce0    0000001a     UNINITIALIZED
                  00000ce0    0000001a     DSP2833x_GlobalVariableDefs.obj (PieCtrlRegsFile)

PieVectTableFile 
*          1    00000d00    00000100     UNINITIALIZED
                  00000d00    00000100     DSP2833x_GlobalVariableDefs.obj (PieVectTableFile)

DmaRegsFile 
*          1    00001000    000000e0     UNINITIALIZED
                  00001000    000000e0     DSP2833x_GlobalVariableDefs.obj (DmaRegsFile)

McbspaRegsFile 
*          1    00005000    00000025     UNINITIALIZED
                  00005000    00000025     DSP2833x_GlobalVariableDefs.obj (McbspaRegsFile)

McbspbRegsFile 
*          1    00005040    00000025     UNINITIALIZED
                  00005040    00000025     DSP2833x_GlobalVariableDefs.obj (McbspbRegsFile)

ECanaRegsFile 
*          1    00006000    00000034     UNINITIALIZED
                  00006000    00000034     DSP2833x_GlobalVariableDefs.obj (ECanaRegsFile)

ECanaLAMRegsFile 
*          1    00006040    00000040     UNINITIALIZED
                  00006040    00000040     DSP2833x_GlobalVariableDefs.obj (ECanaLAMRegsFile)

ECanaMOTSRegsFile 
*          1    00006080    00000040     UNINITIALIZED
                  00006080    00000040     DSP2833x_GlobalVariableDefs.obj (ECanaMOTSRegsFile)

ECanaMOTORegsFile 
*          1    000060c0    00000040     UNINITIALIZED
                  000060c0    00000040     DSP2833x_GlobalVariableDefs.obj (ECanaMOTORegsFile)

ECanaMboxesFile 
*          1    00006100    00000100     UNINITIALIZED
                  00006100    00000100     DSP2833x_GlobalVariableDefs.obj (ECanaMboxesFile)

ECanbRegsFile 
*          1    00006200    00000034     UNINITIALIZED
                  00006200    00000034     DSP2833x_GlobalVariableDefs.obj (ECanbRegsFile)

ECanbLAMRegsFile 
*          1    00006240    00000040     UNINITIALIZED
                  00006240    00000040     DSP2833x_GlobalVariableDefs.obj (ECanbLAMRegsFile)

ECanbMOTSRegsFile 
*          1    00006280    00000040     UNINITIALIZED
                  00006280    00000040     DSP2833x_GlobalVariableDefs.obj (ECanbMOTSRegsFile)

ECanbMOTORegsFile 
*          1    000062c0    00000040     UNINITIALIZED
                  000062c0    00000040     DSP2833x_GlobalVariableDefs.obj (ECanbMOTORegsFile)

ECanbMboxesFile 
*          1    00006300    00000100     UNINITIALIZED
                  00006300    00000100     DSP2833x_GlobalVariableDefs.obj (ECanbMboxesFile)

EPwm1RegsFile 
*          1    00006800    00000022     UNINITIALIZED
                  00006800    00000022     DSP2833x_GlobalVariableDefs.obj (EPwm1RegsFile)

EPwm2RegsFile 
*          1    00006840    00000022     UNINITIALIZED
                  00006840    00000022     DSP2833x_GlobalVariableDefs.obj (EPwm2RegsFile)

EPwm3RegsFile 
*          1    00006880    00000022     UNINITIALIZED
                  00006880    00000022     DSP2833x_GlobalVariableDefs.obj (EPwm3RegsFile)

EPwm4RegsFile 
*          1    000068c0    00000022     UNINITIALIZED
                  000068c0    00000022     DSP2833x_GlobalVariableDefs.obj (EPwm4RegsFile)

EPwm5RegsFile 
*          1    00006900    00000022     UNINITIALIZED
                  00006900    00000022     DSP2833x_GlobalVariableDefs.obj (EPwm5RegsFile)

EPwm6RegsFile 
*          1    00006940    00000022     UNINITIALIZED
                  00006940    00000022     DSP2833x_GlobalVariableDefs.obj (EPwm6RegsFile)

ECap1RegsFile 
*          1    00006a00    00000020     UNINITIALIZED
                  00006a00    00000020     DSP2833x_GlobalVariableDefs.obj (ECap1RegsFile)

ECap2RegsFile 
*          1    00006a20    00000020     UNINITIALIZED
                  00006a20    00000020     DSP2833x_GlobalVariableDefs.obj (ECap2RegsFile)

ECap3RegsFile 
*          1    00006a40    00000020     UNINITIALIZED
                  00006a40    00000020     DSP2833x_GlobalVariableDefs.obj (ECap3RegsFile)

ECap4RegsFile 
*          1    00006a60    00000020     UNINITIALIZED
                  00006a60    00000020     DSP2833x_GlobalVariableDefs.obj (ECap4RegsFile)

ECap5RegsFile 
*          1    00006a80    00000020     UNINITIALIZED
                  00006a80    00000020     DSP2833x_GlobalVariableDefs.obj (ECap5RegsFile)

ECap6RegsFile 
*          1    00006aa0    00000020     UNINITIALIZED
                  00006aa0    00000020     DSP2833x_GlobalVariableDefs.obj (ECap6RegsFile)

EQep1RegsFile 
*          1    00006b00    00000040     UNINITIALIZED
                  00006b00    00000040     DSP2833x_GlobalVariableDefs.obj (EQep1RegsFile)

EQep2RegsFile 
*          1    00006b40    00000040     UNINITIALIZED
                  00006b40    00000040     DSP2833x_GlobalVariableDefs.obj (EQep2RegsFile)

GpioCtrlRegsFile 
*          1    00006f80    0000002e     UNINITIALIZED
                  00006f80    0000002e     DSP2833x_GlobalVariableDefs.obj (GpioCtrlRegsFile)

GpioDataRegsFile 
*          1    00006fc0    00000020     UNINITIALIZED
                  00006fc0    00000020     DSP2833x_GlobalVariableDefs.obj (GpioDataRegsFile)

GpioIntRegsFile 
*          1    00006fe0    0000000a     UNINITIALIZED
                  00006fe0    0000000a     DSP2833x_GlobalVariableDefs.obj (GpioIntRegsFile)

SysCtrlRegsFile 
*          1    00007010    00000020     UNINITIALIZED
                  00007010    00000020     DSP2833x_GlobalVariableDefs.obj (SysCtrlRegsFile)

SpiaRegsFile 
*          1    00007040    00000010     UNINITIALIZED
                  00007040    00000010     DSP2833x_GlobalVariableDefs.obj (SpiaRegsFile)

SciaRegsFile 
*          1    00007050    00000010     UNINITIALIZED
                  00007050    00000010     DSP2833x_GlobalVariableDefs.obj (SciaRegsFile)

XIntruptRegsFile 
*          1    00007070    00000010     UNINITIALIZED
                  00007070    00000010     DSP2833x_GlobalVariableDefs.obj (XIntruptRegsFile)

AdcRegsFile 
*          1    00007100    0000001e     UNINITIALIZED
                  00007100    0000001e     DSP2833x_GlobalVariableDefs.obj (AdcRegsFile)

ScibRegsFile 
*          1    00007750    00000010     UNINITIALIZED
                  00007750    00000010     DSP2833x_GlobalVariableDefs.obj (ScibRegsFile)

ScicRegsFile 
*          1    00007770    00000010     UNINITIALIZED
                  00007770    00000010     DSP2833x_GlobalVariableDefs.obj (ScicRegsFile)

I2caRegsFile 
*          1    00007900    00000022     UNINITIALIZED
                  00007900    00000022     DSP2833x_GlobalVariableDefs.obj (I2caRegsFile)

.ebss      1    0000c000    00000187     UNINITIALIZED
                  0000c000    00000164     main.obj (.ebss)
                  0000c164    00000018     DSP2833x_CpuTimers.obj (.ebss)
                  0000c17c    00000002     rts2800_fpu32.lib : _lock.obj (.ebss:__lock)
                  0000c17e    00000002                       : _lock.obj (.ebss:__unlock)
                  0000c180    00000006                       : exit.obj (.ebss)
                  0000c186    00000001                       : errno.obj (.ebss)

CsmPwlFile 
*          1    0033fff8    00000008     UNINITIALIZED
                  0033fff8    00000008     DSP2833x_GlobalVariableDefs.obj (CsmPwlFile)

PartIdRegsFile 
*          1    00380090    00000001     UNINITIALIZED
                  00380090    00000001     DSP2833x_GlobalVariableDefs.obj (PartIdRegsFile)

.pinit     0    00338000    00000000     UNINITIALIZED

.reset     0    003fffc0    00000002     DSECT
                  003fffc0    00000002     rts2800_fpu32.lib : boot.obj (.reset)

vectors    0    003fffc2    00000000     DSECT

MODULE SUMMARY

       Module                            code   ro data   rw data
       ------                            ----   -------   -------
    .\
       DSP2833x_GlobalVariableDefs.obj   0      0         2679   
       main.obj                          1484   0         539    
       DSP2833x_DefaultIsr.obj           790    0         0      
       DSP2833x_SysCtrl.obj              302    0         0      
       DSP2833x_PieVect.obj              32     0         256    
       DSP2833x_EPwm.obj                 200    0         0      
       DSP2833x_Sci.obj                  181    0         0      
       DSP2833x_CpuTimers.obj            115    0         24     
       DSP2833x_CSMPasswords.obj         0      0         126    
       DSP2833x_PieCtrl.obj              40     0         0      
       DSP2833x_MemCopy.obj              19     0         0      
       DSP2833x_Adc.obj                  15     0         0      
       DSP2833x_CodeStartBranch.obj      10     0         0      
       DSP2833x_usDelay.obj              8      0         0      
       DSP2833x_ADC_cal.obj              7      0         0      
       DSP2833x_DisInt.obj               7      0         0      
       DSP2833x_DBGIER.obj               3      0         0      
    +--+---------------------------------+------+---------+---------+
       Total:                            3213   0         3624   
                                                                 
    C:\ti\ccsv6\tools\compiler\c2000_15.12.3.LTS\lib\rts2800_fpu32.lib
       _printfi.obj                      3033   0         66     
       ll_div.obj                        263    0         0      
       ctype.obj                         0      0         257    
       s_scalbn.obj                      188    0         28     
       fd_add.obj                        156    0         0      
       fd_div.obj                        139    0         0      
       fd_mpy.obj                        131    0         0      
       s_frexp.obj                       91     0         8      
       boot.obj                          86     0         0      
       cpy_tbl.obj                       70     0         0      
       exit.obj                          41     0         20     
       sprintf.obj                       50     0         0      
       atoi.obj                          49     0         0      
       ltoa.obj                          46     0         0      
       fd_cmp.obj                        42     0         0      
       l_div.obj                         42     0         0      
       s_copysign.obj                    34     0         0      
       fd_toi.obj                        33     0         0      
       fd_tol.obj                        31     0         0      
       ll_cmp.obj                        30     0         0      
       memcpy.obj                        30     0         0      
       i_tofd.obj                        29     0         0      
       fs_tofd.obj                       28     0         0      
       l_tofd.obj                        28     0         0      
       fd_toul.obj                       27     0         0      
       cpy_utils.obj                     26     0         0      
       args_main.obj                     25     0         0      
       ll_aox.obj                        24     0         0      
       _lock.obj                         9      0         14     
       fd_sub.obj                        14     0         0      
       memccpy.obj                       13     0         0      
       memset.obj                        12     0         0      
       strchr.obj                        12     0         0      
       fd_neg.obj                        9      0         0      
       strlen.obj                        8      0         0      
       errno.obj                         0      0         5      
       strcpy.obj                        5      0         0      
       pre_init.obj                      2      0         0      
       startup.obj                       1      0         0      
    +--+---------------------------------+------+---------+---------+
       Total:                            4857   0         398    
                                                                 
       Stack:                            0      0         768    
    +--+---------------------------------+------+---------+---------+
       Grand Total:                      8070   0         4790   


GLOBAL DATA SYMBOLS: SORTED BY DATA PAGE

address     data page           name
--------    ----------------    ----
00000400      10 (00000400)     __stack

00000880      22 (00000880)     _DevEmuRegs

00000a80      2a (00000a80)     _FlashRegs

00000ae0      2b (00000ac0)     _CsmRegs

00000b00      2c (00000b00)     _AdcMirror
00000b20      2c (00000b00)     _XintfRegs

00000c00      30 (00000c00)     _CpuTimer0Regs
00000c08      30 (00000c00)     _CpuTimer1Regs
00000c10      30 (00000c00)     _CpuTimer2Regs

00000ce0      33 (00000cc0)     _PieCtrlRegs

00000d00      34 (00000d00)     _PieVectTable

00001000      40 (00001000)     _DmaRegs

00005000     140 (00005000)     _McbspaRegs

00005040     141 (00005040)     _McbspbRegs

00006000     180 (00006000)     _ECanaRegs

00006040     181 (00006040)     _ECanaLAMRegs

00006080     182 (00006080)     _ECanaMOTSRegs

000060c0     183 (000060c0)     _ECanaMOTORegs

00006100     184 (00006100)     _ECanaMboxes

00006200     188 (00006200)     _ECanbRegs

00006240     189 (00006240)     _ECanbLAMRegs

00006280     18a (00006280)     _ECanbMOTSRegs

000062c0     18b (000062c0)     _ECanbMOTORegs

00006300     18c (00006300)     _ECanbMboxes

00006800     1a0 (00006800)     _EPwm1Regs

00006840     1a1 (00006840)     _EPwm2Regs

00006880     1a2 (00006880)     _EPwm3Regs

000068c0     1a3 (000068c0)     _EPwm4Regs

00006900     1a4 (00006900)     _EPwm5Regs

00006940     1a5 (00006940)     _EPwm6Regs

00006a00     1a8 (00006a00)     _ECap1Regs
00006a20     1a8 (00006a00)     _ECap2Regs

00006a40     1a9 (00006a40)     _ECap3Regs
00006a60     1a9 (00006a40)     _ECap4Regs

00006a80     1aa (00006a80)     _ECap5Regs
00006aa0     1aa (00006a80)     _ECap6Regs

00006b00     1ac (00006b00)     _EQep1Regs

00006b40     1ad (00006b40)     _EQep2Regs

00006f80     1be (00006f80)     _GpioCtrlRegs

00006fc0     1bf (00006fc0)     _GpioDataRegs
00006fe0     1bf (00006fc0)     _GpioIntRegs

00007010     1c0 (00007000)     _SysCtrlRegs

00007040     1c1 (00007040)     _SpiaRegs
00007050     1c1 (00007040)     _SciaRegs
00007070     1c1 (00007040)     _XIntruptRegs

00007100     1c4 (00007100)     _AdcRegs

00007750     1dd (00007740)     _ScibRegs
00007770     1dd (00007740)     _ScicRegs

00007900     1e4 (00007900)     _I2caRegs

0000c000     300 (0000c000)     _Receivedbuff
0000c001     300 (0000c000)     _i
0000c002     300 (0000c000)     _stuff_position2
0000c003     300 (0000c000)     _len
0000c004     300 (0000c000)     _protocol_len
0000c005     300 (0000c000)     _Flash_bit
0000c006     300 (0000c000)     _a
0000c007     300 (0000c000)     _stuff_position
0000c008     300 (0000c000)     _E_i
0000c009     300 (0000c000)     _M_i
0000c00a     300 (0000c000)     _flag
0000c00b     300 (0000c000)     _D_i
0000c00c     300 (0000c000)     _buff_i
0000c00d     300 (0000c000)     _Enable_num
0000c00e     300 (0000c000)     _TimerCount
0000c00f     300 (0000c000)     _TimerCount_2
0000c010     300 (0000c000)     _MotorCount
0000c011     300 (0000c000)     _stuff_i
0000c012     300 (0000c000)     _torque
0000c014     300 (0000c000)     _Cpu_Clk
0000c016     300 (0000c000)     _usec_delay
0000c018     300 (0000c000)     _Timer_Prd
0000c01a     300 (0000c000)     _uart_buff
0000c022     300 (0000c000)     _RxBuff

0000c040     301 (0000c040)     _uart
0000c052     301 (0000c040)     _RxBuff2

0000c080     302 (0000c080)     _MIR1

0000c100     304 (0000c100)     _buff

0000c164     305 (0000c140)     _CpuTimer1
0000c16c     305 (0000c140)     _CpuTimer2
0000c174     305 (0000c140)     _CpuTimer0
0000c17c     305 (0000c140)     __lock
0000c17e     305 (0000c140)     __unlock

0000c180     306 (0000c180)     ___TI_enable_exit_profile_output
0000c182     306 (0000c180)     ___TI_cleanup_ptr
0000c184     306 (0000c180)     ___TI_dtors_ptr
0000c186     306 (0000c180)     _errno

00339f04    ce7c (00339f00)     __ctypes_

0033a006    ce80 (0033a000)     _PieVectTableInit

0033fff8    cfff (0033ffc0)     _CsmPwl

00380090    e002 (00380080)     _PartIdRegs


GLOBAL SYMBOLS: SORTED ALPHABETICALLY BY Name 

page  address   name                            
----  -------   ----                            
0     00338000  .text                           
0     00339cb0  C$$EXIT                         
0     003398b7  FD$$ADD                         
0     00339c5c  FD$$CMP                         
0     00339953  FD$$DIV                         
0     003399de  FD$$MPY                         
0     00339ed8  FD$$NEG                         
0     00339e9c  FD$$SUB                         
0     00339d23  FD$$TOI                         
0     00339d64  FD$$TOL                         
0     00339e14  FD$$TOUL                        
0     00339ddc  FS$$TOFD                        
0     00339dbf  I$$TOFD                         
0     00339c86  L$$DIV                          
0     00339c95  L$$MOD                          
0     00339df8  L$$TOFD                         
0     00339e62  LL$$AND                         
0     00339d83  LL$$CMP                         
0     0033947f  LL$$DIV                         
0     003394bb  LL$$MOD                         
0     00339e6a  LL$$OR                          
0     00339e72  LL$$XOR                         
0     00339ca3  UL$$DIV                         
0     00339caa  UL$$MOD                         
0     00339d95  ULL$$CMP                        
0     003394f5  ULL$$DIV                        
0     00339524  ULL$$MOD                        
0     003390cb  _ADCINT_ISR                     
0     00380080  _ADC_cal                        
1     00000b00  _AdcMirror                      
1     00007100  _AdcRegs                        
0     00338fc2  _CalcFieldCRC                   
0     00339a9a  _ConfigCpuTimer                 
1     0000c174  _CpuTimer0                      
1     00000c00  _CpuTimer0Regs                  
1     0000c164  _CpuTimer1                      
1     00000c08  _CpuTimer1Regs                  
1     0000c16c  _CpuTimer2                      
1     00000c10  _CpuTimer2Regs                  
1     0000c014  _Cpu_Clk                        
1     0033fff8  _CsmPwl                         
1     00000ae0  _CsmRegs                        
0     0033964d  _CsmUnlock                      
0     00338ff9  _DATALOG_ISR                    
0     003391ed  _DINTCH1_ISR                    
0     003391f7  _DINTCH2_ISR                    
0     00339201  _DINTCH3_ISR                    
0     0033920b  _DINTCH4_ISR                    
0     00339215  _DINTCH5_ISR                    
0     0033921f  _DINTCH6_ISR                    
0     00339ef1  _DSP28x_DisableInt              
0     00339ef5  _DSP28x_RestoreInt              
0     00008039  _DSP28x_usDelay                 
1     0000c00b  _D_i                            
1     00000880  _DevEmuRegs                     
0     00339599  _DisableDog                     
1     00001000  _DmaRegs                        
0     00339279  _ECAN0INTA_ISR                  
0     0033928d  _ECAN0INTB_ISR                  
0     00339283  _ECAN1INTA_ISR                  
0     00339297  _ECAN1INTB_ISR                  
0     00339161  _ECAP1_INT_ISR                  
0     0033916b  _ECAP2_INT_ISR                  
0     00339175  _ECAP3_INT_ISR                  
0     0033917f  _ECAP4_INT_ISR                  
0     00339189  _ECAP5_INT_ISR                  
0     00339193  _ECAP6_INT_ISR                  
1     00006040  _ECanaLAMRegs                   
1     000060c0  _ECanaMOTORegs                  
1     00006080  _ECanaMOTSRegs                  
1     00006100  _ECanaMboxes                    
1     00006000  _ECanaRegs                      
1     00006240  _ECanbLAMRegs                   
1     000062c0  _ECanbMOTORegs                  
1     00006280  _ECanbMOTSRegs                  
1     00006300  _ECanbMboxes                    
1     00006200  _ECanbRegs                      
1     00006a00  _ECap1Regs                      
1     00006a20  _ECap2Regs                      
1     00006a40  _ECap3Regs                      
1     00006a60  _ECap4Regs                      
1     00006a80  _ECap5Regs                      
1     00006aa0  _ECap6Regs                      
0     0033900d  _EMUINT_ISR                     
0     00339125  _EPWM1_INT_ISR                  
0     003390e9  _EPWM1_TZINT_ISR                
0     0033912f  _EPWM2_INT_ISR                  
0     003390f3  _EPWM2_TZINT_ISR                
0     00339139  _EPWM3_INT_ISR                  
0     003390fd  _EPWM3_TZINT_ISR                
0     00339143  _EPWM4_INT_ISR                  
0     00339107  _EPWM4_TZINT_ISR                
0     0033914d  _EPWM5_INT_ISR                  
0     00339111  _EPWM5_TZINT_ISR                
0     00339157  _EPWM6_INT_ISR                  
0     0033911b  _EPWM6_TZINT_ISR                
1     00006800  _EPwm1Regs                      
1     00006840  _EPwm2Regs                      
1     00006880  _EPwm3Regs                      
1     000068c0  _EPwm4Regs                      
1     00006900  _EPwm5Regs                      
1     00006940  _EPwm6Regs                      
0     0033919d  _EQEP1_INT_ISR                  
0     003391a7  _EQEP2_INT_ISR                  
1     00006b00  _EQep1Regs                      
1     00006b40  _EQep2Regs                      
1     0000c008  _E_i                            
0     00339cf8  _EnableInterrupts               
1     0000c00d  _Enable_num                     
1     00000a80  _FlashRegs                      
1     0000c005  _Flash_bit                      
1     00006f80  _GpioCtrlRegs                   
1     00006fc0  _GpioDataRegs                   
1     00006fe0  _GpioIntRegs                    
0     00339229  _I2CINT1A_ISR                   
0     00339233  _I2CINT2A_ISR                   
1     00007900  _I2caRegs                       
0     00339021  _ILLEGAL_ISR                    
0     00338fe5  _INT13_ISR                      
0     00338fef  _INT14_ISR                      
0     00339e8d  _InitAdc                        
0     00339a61  _InitCpuTimers                  
0     0033967e  _InitEPwm                       
0     0033968c  _InitEPwm1Gpio                  
0     0033969e  _InitEPwm2Gpio                  
0     003396b0  _InitEPwm3Gpio                  
0     003396c4  _InitEPwm4Gpio                  
0     003396d8  _InitEPwm5Gpio                  
0     003396ea  _InitEPwm6Gpio                  
0     0033967f  _InitEPwmGpio                   
0     003396fc  _InitEPwmSyncGpio               
0     0000801e  _InitFlash                      
0     003395f2  _InitPeripheralClocks           
0     00339cd9  _InitPieCtrl                    
0     00339d44  _InitPieVectTable               
0     003395a1  _InitPll                        
0     00339802  _InitSci                        
0     00339874  _InitSciGpio                    
0     0033987b  _InitSciaGpio                   
0     00339891  _InitScibGpio                   
0     003398a1  _InitScicGpio                   
0     00339586  _InitSysCtrl                    
0     00339710  _InitTzGpio                     
0     003392dd  _LUF_ISR                        
0     003392d3  _LVF_ISR                        
1     0000c080  _MIR1                           
0     00008000  _MIR_Put_String                 
0     00008019  _MIR_transmit                   
0     003391d9  _MRINTA_ISR                     
0     003391c5  _MRINTB_ISR                     
0     003391e3  _MXINTA_ISR                     
0     003391cf  _MXINTB_ISR                     
1     0000c009  _M_i                            
1     00005000  _McbspaRegs                     
1     00005040  _McbspbRegs                     
0     00339e7a  _MemCopy                        
1     0000c010  _MotorCount                     
0     00338d27  _Motor_Enable                   
0     00339017  _NMI_ISR                        
0     003392e7  _PIE_RESERVED                   
1     00380090  _PartIdRegs                     
1     00000ce0  _PieCtrlRegs                    
1     00000d00  _PieVectTable                   
0     0033a006  _PieVectTableInit               
0     00339003  _RTOSINT_ISR                    
0     0032003d  _RamfuncsLoadEnd                
0     00320000  _RamfuncsLoadStart              
0     00008000  _RamfuncsRunStart               
1     0000c000  _Receivedbuff                   
0     00338ce3  _Reg_setting_fun                
1     0000c022  _RxBuff                         
1     0000c052  _RxBuff2                        
0     00339251  _SCIRXINTA_ISR                  
0     00339265  _SCIRXINTB_ISR                  
0     0033923d  _SCIRXINTC_ISR                  
0     0033925b  _SCITXINTA_ISR                  
0     0033926f  _SCITXINTB_ISR                  
0     00339247  _SCITXINTC_ISR                  
0     003390a3  _SEQ1INT_ISR                    
0     003390ad  _SEQ2INT_ISR                    
0     003391b1  _SPIRXINTA_ISR                  
0     003391bb  _SPITXINTA_ISR                  
1     00007050  _SciaRegs                       
1     00007750  _ScibRegs                       
1     00007770  _ScicRegs                       
0     0033958f  _ServiceDog                     
0     00339efd  _SetDBGIER                      
1     00007040  _SpiaRegs                       
1     00007010  _SysCtrlRegs                    
0     003390d5  _TINT0_ISR                      
1     0000c00e  _TimerCount                     
1     0000c00f  _TimerCount_2                   
1     0000c018  _Timer_Prd                      
0     00338e0a  _Torque_Calculate               
0     00339085  _USER10_ISR                     
0     0033908f  _USER11_ISR                     
0     00339099  _USER12_ISR                     
0     0033902b  _USER1_ISR                      
0     00339035  _USER2_ISR                      
0     0033903f  _USER3_ISR                      
0     00339049  _USER4_ISR                      
0     00339053  _USER5_ISR                      
0     0033905d  _USER6_ISR                      
0     00339067  _USER7_ISR                      
0     00339071  _USER8_ISR                      
0     0033907b  _USER9_ISR                      
0     003390df  _WAKEINT_ISR                    
0     003390b7  _XINT1_ISR                      
0     003390c1  _XINT2_ISR                      
0     003392a1  _XINT3_ISR                      
0     003392ab  _XINT4_ISR                      
0     003392b5  _XINT5_ISR                      
0     003392bf  _XINT6_ISR                      
0     003392c9  _XINT7_ISR                      
1     00007070  _XIntruptRegs                   
1     00000b20  _XintfRegs                      
1     00000700  __STACK_END                     
abs   00000300  __STACK_SIZE                    
1     0000c182  ___TI_cleanup_ptr               
1     0000c184  ___TI_dtors_ptr                 
1     0000c180  ___TI_enable_exit_profile_output
abs   ffffffff  ___TI_pprof_out_hndl            
0     00338ab4  ___TI_printfi                   
abs   ffffffff  ___TI_prof_data_size            
abs   ffffffff  ___TI_prof_data_start           
abs   ffffffff  ___binit__                      
abs   ffffffff  ___c_args__                     
0     0033a1d6  ___cinit__                      
0     00339f03  ___etext__                      
abs   ffffffff  ___pinit__                      
0     00338000  ___text__                       
0     00339e49  __args_main                     
0     00339f04  __ctypes_                       
1     0000c17c  __lock                          
0     00339ed7  __nop                           
0     00339ed3  __register_lock                 
0     00339ecf  __register_unlock               
1     00000400  __stack                         
0     00339f02  __system_post_cinit             
0     00339f00  __system_pre_init               
1     0000c17e  __unlock                        
1     0000c006  _a                              
0     00339cb0  _abort                          
0     00339bfd  _atoi                           
1     0000c100  _buff                           
1     0000c00c  _buff_i                         
0     00339b2f  _c_int00                        
0     00339b85  _copy_in                        
0     00339d01  _copysignl                      
0     00339415  _cpu_timer0_isr                 
0     00339e2f  _ddcopy                         
0     00338f94  _decimal2hex                    
0     00339e2f  _dpcopy                         
1     0000c186  _errno                          
0     00339cb2  _exit                           
1     0000c00a  _flag                           
0     00339ad4  _frexpl                         
1     0000c001  _i                              
0     00339746  _ldexpl                         
1     0000c003  _len                            
0     00339c2e  _ltoa                           
0     00338bd9  _main                           
0     00339eaa  _memccpy                        
0     00339da1  _memcpy                         
0     00339eb7  _memset                         
0     00339e2f  _pdcopy                         
0     00339e2f  _ppcopy                         
1     0000c004  _protocol_len                   
0     003392f1  _rsvd_ISR                       
0     00339746  _scalbnl                        
0     003392fb  _scicRxFifoIsr                  
0     00338d01  _scic_echoback_init             
0     00338d17  _scic_fifo_init                 
0     00339bcb  _sprintf                        
0     00339ec3  _strchr                         
0     00339ef8  _strcpy                         
0     00339ee9  _strlen                         
1     0000c011  _stuff_i                        
1     0000c007  _stuff_position                 
1     0000c002  _stuff_position2                
1     0000c012  _torque                         
1     0000c040  _uart                           
1     0000c01a  _uart_buff                      
1     0000c016  _usec_delay                     
abs   ffffffff  binit                           
0     0033a1d6  cinit                           
0     0033fff6  code_start                      
0     00339f03  etext                           
abs   ffffffff  pinit                           


GLOBAL SYMBOLS: SORTED BY Symbol Address 

page  address   name                            
----  -------   ----                            
0     00008000  _MIR_Put_String                 
0     00008000  _RamfuncsRunStart               
0     00008019  _MIR_transmit                   
0     0000801e  _InitFlash                      
0     00008039  _DSP28x_usDelay                 
0     00320000  _RamfuncsLoadStart              
0     0032003d  _RamfuncsLoadEnd                
0     00338000  .text                           
0     00338000  ___text__                       
0     00338ab4  ___TI_printfi                   
0     00338bd9  _main                           
0     00338ce3  _Reg_setting_fun                
0     00338d01  _scic_echoback_init             
0     00338d17  _scic_fifo_init                 
0     00338d27  _Motor_Enable                   
0     00338e0a  _Torque_Calculate               
0     00338f94  _decimal2hex                    
0     00338fc2  _CalcFieldCRC                   
0     00338fe5  _INT13_ISR                      
0     00338fef  _INT14_ISR                      
0     00338ff9  _DATALOG_ISR                    
0     00339003  _RTOSINT_ISR                    
0     0033900d  _EMUINT_ISR                     
0     00339017  _NMI_ISR                        
0     00339021  _ILLEGAL_ISR                    
0     0033902b  _USER1_ISR                      
0     00339035  _USER2_ISR                      
0     0033903f  _USER3_ISR                      
0     00339049  _USER4_ISR                      
0     00339053  _USER5_ISR                      
0     0033905d  _USER6_ISR                      
0     00339067  _USER7_ISR                      
0     00339071  _USER8_ISR                      
0     0033907b  _USER9_ISR                      
0     00339085  _USER10_ISR                     
0     0033908f  _USER11_ISR                     
0     00339099  _USER12_ISR                     
0     003390a3  _SEQ1INT_ISR                    
0     003390ad  _SEQ2INT_ISR                    
0     003390b7  _XINT1_ISR                      
0     003390c1  _XINT2_ISR                      
0     003390cb  _ADCINT_ISR                     
0     003390d5  _TINT0_ISR                      
0     003390df  _WAKEINT_ISR                    
0     003390e9  _EPWM1_TZINT_ISR                
0     003390f3  _EPWM2_TZINT_ISR                
0     003390fd  _EPWM3_TZINT_ISR                
0     00339107  _EPWM4_TZINT_ISR                
0     00339111  _EPWM5_TZINT_ISR                
0     0033911b  _EPWM6_TZINT_ISR                
0     00339125  _EPWM1_INT_ISR                  
0     0033912f  _EPWM2_INT_ISR                  
0     00339139  _EPWM3_INT_ISR                  
0     00339143  _EPWM4_INT_ISR                  
0     0033914d  _EPWM5_INT_ISR                  
0     00339157  _EPWM6_INT_ISR                  
0     00339161  _ECAP1_INT_ISR                  
0     0033916b  _ECAP2_INT_ISR                  
0     00339175  _ECAP3_INT_ISR                  
0     0033917f  _ECAP4_INT_ISR                  
0     00339189  _ECAP5_INT_ISR                  
0     00339193  _ECAP6_INT_ISR                  
0     0033919d  _EQEP1_INT_ISR                  
0     003391a7  _EQEP2_INT_ISR                  
0     003391b1  _SPIRXINTA_ISR                  
0     003391bb  _SPITXINTA_ISR                  
0     003391c5  _MRINTB_ISR                     
0     003391cf  _MXINTB_ISR                     
0     003391d9  _MRINTA_ISR                     
0     003391e3  _MXINTA_ISR                     
0     003391ed  _DINTCH1_ISR                    
0     003391f7  _DINTCH2_ISR                    
0     00339201  _DINTCH3_ISR                    
0     0033920b  _DINTCH4_ISR                    
0     00339215  _DINTCH5_ISR                    
0     0033921f  _DINTCH6_ISR                    
0     00339229  _I2CINT1A_ISR                   
0     00339233  _I2CINT2A_ISR                   
0     0033923d  _SCIRXINTC_ISR                  
0     00339247  _SCITXINTC_ISR                  
0     00339251  _SCIRXINTA_ISR                  
0     0033925b  _SCITXINTA_ISR                  
0     00339265  _SCIRXINTB_ISR                  
0     0033926f  _SCITXINTB_ISR                  
0     00339279  _ECAN0INTA_ISR                  
0     00339283  _ECAN1INTA_ISR                  
0     0033928d  _ECAN0INTB_ISR                  
0     00339297  _ECAN1INTB_ISR                  
0     003392a1  _XINT3_ISR                      
0     003392ab  _XINT4_ISR                      
0     003392b5  _XINT5_ISR                      
0     003392bf  _XINT6_ISR                      
0     003392c9  _XINT7_ISR                      
0     003392d3  _LVF_ISR                        
0     003392dd  _LUF_ISR                        
0     003392e7  _PIE_RESERVED                   
0     003392f1  _rsvd_ISR                       
0     003392fb  _scicRxFifoIsr                  
0     00339415  _cpu_timer0_isr                 
0     0033947f  LL$$DIV                         
0     003394bb  LL$$MOD                         
0     003394f5  ULL$$DIV                        
0     00339524  ULL$$MOD                        
0     00339586  _InitSysCtrl                    
0     0033958f  _ServiceDog                     
0     00339599  _DisableDog                     
0     003395a1  _InitPll                        
0     003395f2  _InitPeripheralClocks           
0     0033964d  _CsmUnlock                      
0     0033967e  _InitEPwm                       
0     0033967f  _InitEPwmGpio                   
0     0033968c  _InitEPwm1Gpio                  
0     0033969e  _InitEPwm2Gpio                  
0     003396b0  _InitEPwm3Gpio                  
0     003396c4  _InitEPwm4Gpio                  
0     003396d8  _InitEPwm5Gpio                  
0     003396ea  _InitEPwm6Gpio                  
0     003396fc  _InitEPwmSyncGpio               
0     00339710  _InitTzGpio                     
0     00339746  _ldexpl                         
0     00339746  _scalbnl                        
0     00339802  _InitSci                        
0     00339874  _InitSciGpio                    
0     0033987b  _InitSciaGpio                   
0     00339891  _InitScibGpio                   
0     003398a1  _InitScicGpio                   
0     003398b7  FD$$ADD                         
0     00339953  FD$$DIV                         
0     003399de  FD$$MPY                         
0     00339a61  _InitCpuTimers                  
0     00339a9a  _ConfigCpuTimer                 
0     00339ad4  _frexpl                         
0     00339b2f  _c_int00                        
0     00339b85  _copy_in                        
0     00339bcb  _sprintf                        
0     00339bfd  _atoi                           
0     00339c2e  _ltoa                           
0     00339c5c  FD$$CMP                         
0     00339c86  L$$DIV                          
0     00339c95  L$$MOD                          
0     00339ca3  UL$$DIV                         
0     00339caa  UL$$MOD                         
0     00339cb0  C$$EXIT                         
0     00339cb0  _abort                          
0     00339cb2  _exit                           
0     00339cd9  _InitPieCtrl                    
0     00339cf8  _EnableInterrupts               
0     00339d01  _copysignl                      
0     00339d23  FD$$TOI                         
0     00339d44  _InitPieVectTable               
0     00339d64  FD$$TOL                         
0     00339d83  LL$$CMP                         
0     00339d95  ULL$$CMP                        
0     00339da1  _memcpy                         
0     00339dbf  I$$TOFD                         
0     00339ddc  FS$$TOFD                        
0     00339df8  L$$TOFD                         
0     00339e14  FD$$TOUL                        
0     00339e2f  _ddcopy                         
0     00339e2f  _dpcopy                         
0     00339e2f  _pdcopy                         
0     00339e2f  _ppcopy                         
0     00339e49  __args_main                     
0     00339e62  LL$$AND                         
0     00339e6a  LL$$OR                          
0     00339e72  LL$$XOR                         
0     00339e7a  _MemCopy                        
0     00339e8d  _InitAdc                        
0     00339e9c  FD$$SUB                         
0     00339eaa  _memccpy                        
0     00339eb7  _memset                         
0     00339ec3  _strchr                         
0     00339ecf  __register_unlock               
0     00339ed3  __register_lock                 
0     00339ed7  __nop                           
0     00339ed8  FD$$NEG                         
0     00339ee9  _strlen                         
0     00339ef1  _DSP28x_DisableInt              
0     00339ef5  _DSP28x_RestoreInt              
0     00339ef8  _strcpy                         
0     00339efd  _SetDBGIER                      
0     00339f00  __system_pre_init               
0     00339f02  __system_post_cinit             
0     00339f03  ___etext__                      
0     00339f03  etext                           
0     00339f04  __ctypes_                       
0     0033a006  _PieVectTableInit               
0     0033a1d6  ___cinit__                      
0     0033a1d6  cinit                           
0     0033fff6  code_start                      
0     00380080  _ADC_cal                        
1     00000400  __stack                         
1     00000700  __STACK_END                     
1     00000880  _DevEmuRegs                     
1     00000a80  _FlashRegs                      
1     00000ae0  _CsmRegs                        
1     00000b00  _AdcMirror                      
1     00000b20  _XintfRegs                      
1     00000c00  _CpuTimer0Regs                  
1     00000c08  _CpuTimer1Regs                  
1     00000c10  _CpuTimer2Regs                  
1     00000ce0  _PieCtrlRegs                    
1     00000d00  _PieVectTable                   
1     00001000  _DmaRegs                        
1     00005000  _McbspaRegs                     
1     00005040  _McbspbRegs                     
1     00006000  _ECanaRegs                      
1     00006040  _ECanaLAMRegs                   
1     00006080  _ECanaMOTSRegs                  
1     000060c0  _ECanaMOTORegs                  
1     00006100  _ECanaMboxes                    
1     00006200  _ECanbRegs                      
1     00006240  _ECanbLAMRegs                   
1     00006280  _ECanbMOTSRegs                  
1     000062c0  _ECanbMOTORegs                  
1     00006300  _ECanbMboxes                    
1     00006800  _EPwm1Regs                      
1     00006840  _EPwm2Regs                      
1     00006880  _EPwm3Regs                      
1     000068c0  _EPwm4Regs                      
1     00006900  _EPwm5Regs                      
1     00006940  _EPwm6Regs                      
1     00006a00  _ECap1Regs                      
1     00006a20  _ECap2Regs                      
1     00006a40  _ECap3Regs                      
1     00006a60  _ECap4Regs                      
1     00006a80  _ECap5Regs                      
1     00006aa0  _ECap6Regs                      
1     00006b00  _EQep1Regs                      
1     00006b40  _EQep2Regs                      
1     00006f80  _GpioCtrlRegs                   
1     00006fc0  _GpioDataRegs                   
1     00006fe0  _GpioIntRegs                    
1     00007010  _SysCtrlRegs                    
1     00007040  _SpiaRegs                       
1     00007050  _SciaRegs                       
1     00007070  _XIntruptRegs                   
1     00007100  _AdcRegs                        
1     00007750  _ScibRegs                       
1     00007770  _ScicRegs                       
1     00007900  _I2caRegs                       
1     0000c000  _Receivedbuff                   
1     0000c001  _i                              
1     0000c002  _stuff_position2                
1     0000c003  _len                            
1     0000c004  _protocol_len                   
1     0000c005  _Flash_bit                      
1     0000c006  _a                              
1     0000c007  _stuff_position                 
1     0000c008  _E_i                            
1     0000c009  _M_i                            
1     0000c00a  _flag                           
1     0000c00b  _D_i                            
1     0000c00c  _buff_i                         
1     0000c00d  _Enable_num                     
1     0000c00e  _TimerCount                     
1     0000c00f  _TimerCount_2                   
1     0000c010  _MotorCount                     
1     0000c011  _stuff_i                        
1     0000c012  _torque                         
1     0000c014  _Cpu_Clk                        
1     0000c016  _usec_delay                     
1     0000c018  _Timer_Prd                      
1     0000c01a  _uart_buff                      
1     0000c022  _RxBuff                         
1     0000c040  _uart                           
1     0000c052  _RxBuff2                        
1     0000c080  _MIR1                           
1     0000c100  _buff                           
1     0000c164  _CpuTimer1                      
1     0000c16c  _CpuTimer2                      
1     0000c174  _CpuTimer0                      
1     0000c17c  __lock                          
1     0000c17e  __unlock                        
1     0000c180  ___TI_enable_exit_profile_output
1     0000c182  ___TI_cleanup_ptr               
1     0000c184  ___TI_dtors_ptr                 
1     0000c186  _errno                          
1     0033fff8  _CsmPwl                         
1     00380090  _PartIdRegs                     
abs   00000300  __STACK_SIZE                    
abs   ffffffff  ___TI_pprof_out_hndl            
abs   ffffffff  ___TI_prof_data_size            
abs   ffffffff  ___TI_prof_data_start           
abs   ffffffff  ___binit__                      
abs   ffffffff  ___c_args__                     
abs   ffffffff  ___pinit__                      
abs   ffffffff  binit                           
abs   ffffffff  pinit                           

[289 symbols]
