******************************************************************************
             TMS320C2000 Linker PC v15.12.3                    
******************************************************************************
>> Linked Tue Apr 07 19:45:02 2020

OUTPUT FILE NAME:   <maxon_torque_cont.out>
ENTRY POINT SYMBOL: "_c_int00"  address: 0033a94d


MEMORY CONFIGURATION

         name            origin    length      used     unused   attr    fill
----------------------  --------  ---------  --------  --------  ----  --------
PAGE 0:
  ZONE0                 00004000   00001000  00000000  00001000  RWIX
  RAML0                 00008000   00001000  00000b79  00000487  RWIX
  RAML1                 00009000   00001000  00000000  00001000  RWIX
  RAML2                 0000a000   00001000  00000000  00001000  RWIX
  RAML3                 0000b000   00001000  00000000  00001000  RWIX
  ZONE6                 00100000   00100000  00000000  00100000  RWIX
  ZONE7A                00200000   0000fc00  00000000  0000fc00  RWIX
  FLASHH                00300000   00008000  00000000  00008000  RWIX
  FLASHG                00308000   00008000  00000000  00008000  RWIX
  FLASHF                00310000   00008000  00000000  00008000  RWIX
  FLASHE                00318000   00008000  00000000  00008000  RWIX
  FLASHD                00320000   00008000  00000b79  00007487  RWIX
  FLASHC                00328000   00008000  00000000  00008000  RWIX
  FLASHA                00338000   00007f80  00003434  00004b4c  RWIX
  CSM_RSVD              0033ff80   00000076  00000076  00000000  RWIX
  BEGIN                 0033fff6   00000002  00000002  00000000  RWIX
  CSM_PWL               0033fff8   00000008  00000008  00000000  RWIX
  ADC_CAL               00380080   00000009  00000007  00000002  RWIX
  OTP                   00380400   00000400  00000000  00000400  RWIX
  IQTABLES              003fe000   00000b50  00000000  00000b50  RWIX
  IQTABLES2             003feb50   0000008c  00000000  0000008c  RWIX
  FPUTABLES             003febdc   000006a0  00000000  000006a0  RWIX
  ROM                   003ff27c   00000d44  00000000  00000d44  RWIX
  RESET                 003fffc0   00000002  00000000  00000002  RWIX
  VECTORS               003fffc2   0000003e  00000000  0000003e  RWIX

PAGE 1:
  BOOT_RSVD             00000000   00000050  00000000  00000050  RWIX
  RAMM0                 00000050   000003b0  00000000  000003b0  RWIX
  RAMM1                 00000400   00000400  00000300  00000100  RWIX
  DEV_EMU               00000880   00000180  000000d0  000000b0  RWIX
  FLASH_REGS            00000a80   00000060  00000008  00000058  RWIX
  CSM                   00000ae0   00000010  00000010  00000000  RWIX
  ADC_MIRROR            00000b00   00000010  00000010  00000000  RWIX
  XINTF                 00000b20   00000020  0000001e  00000002  RWIX
  CPU_TIMER0            00000c00   00000008  00000008  00000000  RWIX
  CPU_TIMER1            00000c08   00000008  00000008  00000000  RWIX
  CPU_TIMER2            00000c10   00000008  00000008  00000000  RWIX
  PIE_CTRL              00000ce0   00000020  0000001a  00000006  RWIX
  PIE_VECT              00000d00   00000100  00000100  00000000  RWIX
  DMA                   00001000   00000200  000000e0  00000120  RWIX
  MCBSPA                00005000   00000040  00000025  0000001b  RWIX
  MCBSPB                00005040   00000040  00000025  0000001b  RWIX
  ECANA                 00006000   00000040  00000034  0000000c  RWIX
  ECANA_LAM             00006040   00000040  00000040  00000000  RWIX
  ECANA_MOTS            00006080   00000040  00000040  00000000  RWIX
  ECANA_MOTO            000060c0   00000040  00000040  00000000  RWIX
  ECANA_MBOX            00006100   00000100  00000100  00000000  RWIX
  ECANB                 00006200   00000040  00000034  0000000c  RWIX
  ECANB_LAM             00006240   00000040  00000040  00000000  RWIX
  ECANB_MOTS            00006280   00000040  00000040  00000000  RWIX
  ECANB_MOTO            000062c0   00000040  00000040  00000000  RWIX
  ECANB_MBOX            00006300   00000100  00000100  00000000  RWIX
  EPWM1                 00006800   00000022  00000022  00000000  RWIX
  EPWM2                 00006840   00000022  00000022  00000000  RWIX
  EPWM3                 00006880   00000022  00000022  00000000  RWIX
  EPWM4                 000068c0   00000022  00000022  00000000  RWIX
  EPWM5                 00006900   00000022  00000022  00000000  RWIX
  EPWM6                 00006940   00000022  00000022  00000000  RWIX
  ECAP1                 00006a00   00000020  00000020  00000000  RWIX
  ECAP2                 00006a20   00000020  00000020  00000000  RWIX
  ECAP3                 00006a40   00000020  00000020  00000000  RWIX
  ECAP4                 00006a60   00000020  00000020  00000000  RWIX
  ECAP5                 00006a80   00000020  00000020  00000000  RWIX
  ECAP6                 00006aa0   00000020  00000020  00000000  RWIX
  EQEP1                 00006b00   00000040  00000040  00000000  RWIX
  EQEP2                 00006b40   00000040  00000040  00000000  RWIX
  GPIOCTRL              00006f80   00000040  0000002e  00000012  RWIX
  GPIODAT               00006fc0   00000020  00000020  00000000  RWIX
  GPIOINT               00006fe0   00000020  0000000a  00000016  RWIX
  SYSTEM                00007010   00000020  00000020  00000000  RWIX
  SPIA                  00007040   00000010  00000010  00000000  RWIX
  SCIA                  00007050   00000010  00000010  00000000  RWIX
  XINTRUPT              00007070   00000010  00000010  00000000  RWIX
  ADC                   00007100   00000020  0000001e  00000002  RWIX
  SCIB                  00007750   00000010  00000010  00000000  RWIX
  SCIC                  00007770   00000010  00000010  00000000  RWIX
  I2CA                  00007900   00000040  00000022  0000001e  RWIX
  RAML4                 0000c000   00001000  00000407  00000bf9  RWIX
  RAML5                 0000d000   00001000  00000000  00001000  RWIX
  RAML6                 0000e000   00001000  00000000  00001000  RWIX
  RAML7                 0000f000   00001000  00000000  00001000  RWIX
  ZONE7B                0020fc00   00000400  00000000  00000400  RWIX
  FLASHB                00330000   00008000  00000000  00008000  RWIX
  CSM_PWL               0033fff8   00000008  00000008  00000000  RWIX
  PARTID                00380090   00000001  00000001  00000000  RWIX


SECTION ALLOCATION MAP

 output                                  attributes/
section   page    origin      length       input sections
--------  ----  ----------  ----------   ----------------
ramfuncs   0    00320000    00000b79     RUN ADDR = 00008000
                  00320000    00000b5a     main.obj (ramfuncs)
                  00320b5a    0000001b     DSP2833x_SysCtrl.obj (ramfuncs)
                  00320b75    00000004     DSP2833x_usDelay.obj (ramfuncs)

.text      0    00338000    00002dac     
                  00338000    00000df2     main.obj (.text)
                  00338df2    00000bd9     rts2800_fpu32.lib : _printfi.obj (.text)
                  003399cb    0000035f     main.obj (.text:retain)
                  00339d2a    00000316     DSP2833x_DefaultIsr.obj (.text:retain)
                  0033a040    0000011c     rts2800_fpu32.lib : strtod.obj (.text)
                  0033a15c    00000107                       : ll_div.obj (.text)
                  0033a263    000000f8     DSP2833x_SysCtrl.obj (.text)
                  0033a35b    000000c8     DSP2833x_EPwm.obj (.text)
                  0033a423    000000bc     rts2800_fpu32.lib : s_scalbn.obj (.text)
                  0033a4df    000000b5     DSP2833x_Sci.obj (.text)
                  0033a594    0000009c     rts2800_fpu32.lib : fd_add.obj (.text)
                  0033a630    0000008b                       : fd_div.obj (.text)
                  0033a6bb    00000088                       : fs_div.obj (.text)
                  0033a743    00000083                       : fd_mpy.obj (.text)
                  0033a7c6    00000073     DSP2833x_CpuTimers.obj (.text)
                  0033a839    00000061     rts2800_fpu32.lib : s_cosf.obj (.text)
                  0033a89a    0000005b                       : s_frexp.obj (.text)
                  0033a8f5    00000058                       : s_sinf.obj (.text)
                  0033a94d    00000056                       : boot.obj (.text)
                  0033a9a3    00000046                       : cpy_tbl.obj (.text)
                  0033a9e9    00000032                       : sprintf.obj (.text)
                  0033aa1b    00000031                       : atoi.obj (.text)
                  0033aa4c    0000002e                       : ltoa.obj (.text)
                  0033aa7a    0000002a                       : fd_cmp.obj (.text)
                  0033aaa4    0000002a                       : l_div.obj (.text)
                  0033aace    00000029                       : exit.obj (.text)
                  0033aaf7    00000028     DSP2833x_PieCtrl.obj (.text)
                  0033ab1f    00000026     rts2800_fpu32.lib : fs_toll.obj (.text)
                  0033ab45    00000022                       : i_div.obj (.text)
                  0033ab67    00000022                       : s_copysign.obj (.text)
                  0033ab89    00000021                       : fd_toi.obj (.text)
                  0033abaa    00000020     DSP2833x_PieVect.obj (.text)
                  0033abca    00000020     rts2800_fpu32.lib : ll_tofs.obj (.text)
                  0033abea    0000001f                       : fd_tol.obj (.text)
                  0033ac09    0000001e                       : ll_cmp.obj (.text)
                  0033ac27    0000001e                       : memcpy.obj (.text)
                  0033ac45    0000001d                       : i_tofd.obj (.text)
                  0033ac62    0000001c                       : fs_tofd.obj (.text)
                  0033ac7e    0000001c                       : l_tofd.obj (.text)
                  0033ac9a    0000001b                       : fd_toul.obj (.text)
                  0033acb5    0000001a                       : cpy_utils.obj (.text)
                  0033accf    00000019                       : args_main.obj (.text)
                  0033ace8    00000018                       : ll_aox.obj (.text)
                  0033ad00    00000014                       : ll_mpy.obj (.text)
                  0033ad14    00000013     DSP2833x_MemCopy.obj (.text)
                  0033ad27    0000000f     DSP2833x_Adc.obj (.text)
                  0033ad36    0000000e     rts2800_fpu32.lib : fd_sub.obj (.text)
                  0033ad44    0000000d                       : memccpy.obj (.text)
                  0033ad51    0000000c                       : memset.obj (.text)
                  0033ad5d    0000000c                       : strchr.obj (.text)
                  0033ad69    0000000b                       : u_div.obj (.text)
                  0033ad74    00000009                       : _lock.obj (.text)
                  0033ad7d    00000009                       : fd_neg.obj (.text)
                  0033ad86    00000008     DSP2833x_CodeStartBranch.obj (.text)
                  0033ad8e    00000008     rts2800_fpu32.lib : strlen.obj (.text)
                  0033ad96    00000007     DSP2833x_DisInt.obj (.text)
                  0033ad9d    00000005     rts2800_fpu32.lib : strcpy.obj (.text)
                  0033ada2    00000004                       : atof.obj (.text)
                  0033ada6    00000003     DSP2833x_DBGIER.obj (.text)
                  0033ada9    00000002     rts2800_fpu32.lib : pre_init.obj (.text)
                  0033adab    00000001                       : startup.obj (.text)

.cinit     0    0033adac    00000378     
                  0033adac    0000035a     main.obj (.cinit)
                  0033b106    0000000e     rts2800_fpu32.lib : exit.obj (.cinit)
                  0033b114    00000005                       : _lock.obj (.cinit:__lock)
                  0033b119    00000005                       : _lock.obj (.cinit:__unlock)
                  0033b11e    00000004                       : errno.obj (.cinit)
                  0033b122    00000002     --HOLE-- [fill = 0]

.econst    0    0033b124    00000310     
                  0033b124    00000101     rts2800_fpu32.lib : ctype.obj (.econst:.string:__ctypes_)
                  0033b225    00000001     --HOLE-- [fill = 0]
                  0033b226    00000100     DSP2833x_PieVect.obj (.econst:_PieVectTableInit)
                  0033b326    00000078     main.obj (.econst:.string)
                  0033b39e    00000026     rts2800_fpu32.lib : _printfi.obj (.econst:.string)
                  0033b3c4    0000001c                       : _printfi.obj (.econst)
                  0033b3e0    0000001c                       : s_scalbn.obj (.econst)
                  0033b3fc    00000014                       : strtod.obj (.econst:_digits)
                  0033b410    00000010     main.obj (.econst)
                  0033b420    0000000c     rts2800_fpu32.lib : strtod.obj (.econst:_powerof10)
                  0033b42c    00000008                       : s_frexp.obj (.econst)

csm_rsvd   0    0033ff80    00000076     
                  0033ff80    00000076     DSP2833x_CSMPasswords.obj (csm_rsvd)

codestart 
*          0    0033fff6    00000002     
                  0033fff6    00000002     DSP2833x_CodeStartBranch.obj (codestart)

csmpasswds 
*          0    0033fff8    00000008     
                  0033fff8    00000008     DSP2833x_CSMPasswords.obj (csmpasswds)

.adc_cal   0    00380080    00000007     NOLOAD SECTION
                  00380080    00000007     DSP2833x_ADC_cal.obj (.adc_cal)

.stack     1    00000400    00000300     UNINITIALIZED
                  00000400    00000300     --HOLE--

DevEmuRegsFile 
*          1    00000880    000000d0     UNINITIALIZED
                  00000880    000000d0     DSP2833x_GlobalVariableDefs.obj (DevEmuRegsFile)

FlashRegsFile 
*          1    00000a80    00000008     UNINITIALIZED
                  00000a80    00000008     DSP2833x_GlobalVariableDefs.obj (FlashRegsFile)

CsmRegsFile 
*          1    00000ae0    00000010     UNINITIALIZED
                  00000ae0    00000010     DSP2833x_GlobalVariableDefs.obj (CsmRegsFile)

AdcMirrorFile 
*          1    00000b00    00000010     UNINITIALIZED
                  00000b00    00000010     DSP2833x_GlobalVariableDefs.obj (AdcMirrorFile)

XintfRegsFile 
*          1    00000b20    0000001e     UNINITIALIZED
                  00000b20    0000001e     DSP2833x_GlobalVariableDefs.obj (XintfRegsFile)

CpuTimer0RegsFile 
*          1    00000c00    00000008     UNINITIALIZED
                  00000c00    00000008     DSP2833x_GlobalVariableDefs.obj (CpuTimer0RegsFile)

CpuTimer1RegsFile 
*          1    00000c08    00000008     UNINITIALIZED
                  00000c08    00000008     DSP2833x_GlobalVariableDefs.obj (CpuTimer1RegsFile)

CpuTimer2RegsFile 
*          1    00000c10    00000008     UNINITIALIZED
                  00000c10    00000008     DSP2833x_GlobalVariableDefs.obj (CpuTimer2RegsFile)

PieCtrlRegsFile 
*          1    00000ce0    0000001a     UNINITIALIZED
                  00000ce0    0000001a     DSP2833x_GlobalVariableDefs.obj (PieCtrlRegsFile)

PieVectTableFile 
*          1    00000d00    00000100     UNINITIALIZED
                  00000d00    00000100     DSP2833x_GlobalVariableDefs.obj (PieVectTableFile)

DmaRegsFile 
*          1    00001000    000000e0     UNINITIALIZED
                  00001000    000000e0     DSP2833x_GlobalVariableDefs.obj (DmaRegsFile)

McbspaRegsFile 
*          1    00005000    00000025     UNINITIALIZED
                  00005000    00000025     DSP2833x_GlobalVariableDefs.obj (McbspaRegsFile)

McbspbRegsFile 
*          1    00005040    00000025     UNINITIALIZED
                  00005040    00000025     DSP2833x_GlobalVariableDefs.obj (McbspbRegsFile)

ECanaRegsFile 
*          1    00006000    00000034     UNINITIALIZED
                  00006000    00000034     DSP2833x_GlobalVariableDefs.obj (ECanaRegsFile)

ECanaLAMRegsFile 
*          1    00006040    00000040     UNINITIALIZED
                  00006040    00000040     DSP2833x_GlobalVariableDefs.obj (ECanaLAMRegsFile)

ECanaMOTSRegsFile 
*          1    00006080    00000040     UNINITIALIZED
                  00006080    00000040     DSP2833x_GlobalVariableDefs.obj (ECanaMOTSRegsFile)

ECanaMOTORegsFile 
*          1    000060c0    00000040     UNINITIALIZED
                  000060c0    00000040     DSP2833x_GlobalVariableDefs.obj (ECanaMOTORegsFile)

ECanaMboxesFile 
*          1    00006100    00000100     UNINITIALIZED
                  00006100    00000100     DSP2833x_GlobalVariableDefs.obj (ECanaMboxesFile)

ECanbRegsFile 
*          1    00006200    00000034     UNINITIALIZED
                  00006200    00000034     DSP2833x_GlobalVariableDefs.obj (ECanbRegsFile)

ECanbLAMRegsFile 
*          1    00006240    00000040     UNINITIALIZED
                  00006240    00000040     DSP2833x_GlobalVariableDefs.obj (ECanbLAMRegsFile)

ECanbMOTSRegsFile 
*          1    00006280    00000040     UNINITIALIZED
                  00006280    00000040     DSP2833x_GlobalVariableDefs.obj (ECanbMOTSRegsFile)

ECanbMOTORegsFile 
*          1    000062c0    00000040     UNINITIALIZED
                  000062c0    00000040     DSP2833x_GlobalVariableDefs.obj (ECanbMOTORegsFile)

ECanbMboxesFile 
*          1    00006300    00000100     UNINITIALIZED
                  00006300    00000100     DSP2833x_GlobalVariableDefs.obj (ECanbMboxesFile)

EPwm1RegsFile 
*          1    00006800    00000022     UNINITIALIZED
                  00006800    00000022     DSP2833x_GlobalVariableDefs.obj (EPwm1RegsFile)

EPwm2RegsFile 
*          1    00006840    00000022     UNINITIALIZED
                  00006840    00000022     DSP2833x_GlobalVariableDefs.obj (EPwm2RegsFile)

EPwm3RegsFile 
*          1    00006880    00000022     UNINITIALIZED
                  00006880    00000022     DSP2833x_GlobalVariableDefs.obj (EPwm3RegsFile)

EPwm4RegsFile 
*          1    000068c0    00000022     UNINITIALIZED
                  000068c0    00000022     DSP2833x_GlobalVariableDefs.obj (EPwm4RegsFile)

EPwm5RegsFile 
*          1    00006900    00000022     UNINITIALIZED
                  00006900    00000022     DSP2833x_GlobalVariableDefs.obj (EPwm5RegsFile)

EPwm6RegsFile 
*          1    00006940    00000022     UNINITIALIZED
                  00006940    00000022     DSP2833x_GlobalVariableDefs.obj (EPwm6RegsFile)

ECap1RegsFile 
*          1    00006a00    00000020     UNINITIALIZED
                  00006a00    00000020     DSP2833x_GlobalVariableDefs.obj (ECap1RegsFile)

ECap2RegsFile 
*          1    00006a20    00000020     UNINITIALIZED
                  00006a20    00000020     DSP2833x_GlobalVariableDefs.obj (ECap2RegsFile)

ECap3RegsFile 
*          1    00006a40    00000020     UNINITIALIZED
                  00006a40    00000020     DSP2833x_GlobalVariableDefs.obj (ECap3RegsFile)

ECap4RegsFile 
*          1    00006a60    00000020     UNINITIALIZED
                  00006a60    00000020     DSP2833x_GlobalVariableDefs.obj (ECap4RegsFile)

ECap5RegsFile 
*          1    00006a80    00000020     UNINITIALIZED
                  00006a80    00000020     DSP2833x_GlobalVariableDefs.obj (ECap5RegsFile)

ECap6RegsFile 
*          1    00006aa0    00000020     UNINITIALIZED
                  00006aa0    00000020     DSP2833x_GlobalVariableDefs.obj (ECap6RegsFile)

EQep1RegsFile 
*          1    00006b00    00000040     UNINITIALIZED
                  00006b00    00000040     DSP2833x_GlobalVariableDefs.obj (EQep1RegsFile)

EQep2RegsFile 
*          1    00006b40    00000040     UNINITIALIZED
                  00006b40    00000040     DSP2833x_GlobalVariableDefs.obj (EQep2RegsFile)

GpioCtrlRegsFile 
*          1    00006f80    0000002e     UNINITIALIZED
                  00006f80    0000002e     DSP2833x_GlobalVariableDefs.obj (GpioCtrlRegsFile)

GpioDataRegsFile 
*          1    00006fc0    00000020     UNINITIALIZED
                  00006fc0    00000020     DSP2833x_GlobalVariableDefs.obj (GpioDataRegsFile)

GpioIntRegsFile 
*          1    00006fe0    0000000a     UNINITIALIZED
                  00006fe0    0000000a     DSP2833x_GlobalVariableDefs.obj (GpioIntRegsFile)

SysCtrlRegsFile 
*          1    00007010    00000020     UNINITIALIZED
                  00007010    00000020     DSP2833x_GlobalVariableDefs.obj (SysCtrlRegsFile)

SpiaRegsFile 
*          1    00007040    00000010     UNINITIALIZED
                  00007040    00000010     DSP2833x_GlobalVariableDefs.obj (SpiaRegsFile)

SciaRegsFile 
*          1    00007050    00000010     UNINITIALIZED
                  00007050    00000010     DSP2833x_GlobalVariableDefs.obj (SciaRegsFile)

XIntruptRegsFile 
*          1    00007070    00000010     UNINITIALIZED
                  00007070    00000010     DSP2833x_GlobalVariableDefs.obj (XIntruptRegsFile)

AdcRegsFile 
*          1    00007100    0000001e     UNINITIALIZED
                  00007100    0000001e     DSP2833x_GlobalVariableDefs.obj (AdcRegsFile)

ScibRegsFile 
*          1    00007750    00000010     UNINITIALIZED
                  00007750    00000010     DSP2833x_GlobalVariableDefs.obj (ScibRegsFile)

ScicRegsFile 
*          1    00007770    00000010     UNINITIALIZED
                  00007770    00000010     DSP2833x_GlobalVariableDefs.obj (ScicRegsFile)

I2caRegsFile 
*          1    00007900    00000022     UNINITIALIZED
                  00007900    00000022     DSP2833x_GlobalVariableDefs.obj (I2caRegsFile)

.ebss      1    0000c000    00000407     UNINITIALIZED
                  0000c000    000003e4     main.obj (.ebss)
                  0000c3e4    00000018     DSP2833x_CpuTimers.obj (.ebss)
                  0000c3fc    00000002     rts2800_fpu32.lib : _lock.obj (.ebss:__lock)
                  0000c3fe    00000002                       : _lock.obj (.ebss:__unlock)
                  0000c400    00000006                       : exit.obj (.ebss)
                  0000c406    00000001                       : errno.obj (.ebss)

CsmPwlFile 
*          1    0033fff8    00000008     UNINITIALIZED
                  0033fff8    00000008     DSP2833x_GlobalVariableDefs.obj (CsmPwlFile)

PartIdRegsFile 
*          1    00380090    00000001     UNINITIALIZED
                  00380090    00000001     DSP2833x_GlobalVariableDefs.obj (PartIdRegsFile)

.pinit     0    00338000    00000000     UNINITIALIZED

.reset     0    003fffc0    00000002     DSECT
                  003fffc0    00000002     rts2800_fpu32.lib : boot.obj (.reset)

vectors    0    003fffc2    00000000     DSECT

MODULE SUMMARY

       Module                            code    ro data   rw data
       ------                            ----    -------   -------
    .\
       main.obj                          10245   0         1990   
       DSP2833x_GlobalVariableDefs.obj   0       0         2679   
       DSP2833x_DefaultIsr.obj           790     0         0      
       DSP2833x_SysCtrl.obj              302     0         0      
       DSP2833x_PieVect.obj              32      0         256    
       DSP2833x_EPwm.obj                 200     0         0      
       DSP2833x_Sci.obj                  181     0         0      
       DSP2833x_CpuTimers.obj            115     0         24     
       DSP2833x_CSMPasswords.obj         0       0         126    
       DSP2833x_PieCtrl.obj              40      0         0      
       DSP2833x_MemCopy.obj              19      0         0      
       DSP2833x_Adc.obj                  15      0         0      
       DSP2833x_CodeStartBranch.obj      10      0         0      
       DSP2833x_usDelay.obj              8       0         0      
       DSP2833x_ADC_cal.obj              7       0         0      
       DSP2833x_DisInt.obj               7       0         0      
       DSP2833x_DBGIER.obj               3       0         0      
    +--+---------------------------------+-------+---------+---------+
       Total:                            11974   0         5075   
                                                                  
    C:\ti\ccsv6\tools\compiler\c2000_15.12.3.LTS\lib\rts2800_fpu32.lib
       _printfi.obj                      3033    0         66     
       strtod.obj                        284     0         32     
       ll_div.obj                        263     0         0      
       ctype.obj                         0       0         257    
       s_scalbn.obj                      188     0         28     
       fd_add.obj                        156     0         0      
       fd_div.obj                        139     0         0      
       fs_div.obj                        136     0         0      
       fd_mpy.obj                        131     0         0      
       s_frexp.obj                       91      0         8      
       s_cosf.obj                        97      0         0      
       s_sinf.obj                        88      0         0      
       boot.obj                          86      0         0      
       cpy_tbl.obj                       70      0         0      
       exit.obj                          41      0         20     
       sprintf.obj                       50      0         0      
       atoi.obj                          49      0         0      
       ltoa.obj                          46      0         0      
       fd_cmp.obj                        42      0         0      
       l_div.obj                         42      0         0      
       fs_toll.obj                       38      0         0      
       i_div.obj                         34      0         0      
       s_copysign.obj                    34      0         0      
       fd_toi.obj                        33      0         0      
       ll_tofs.obj                       32      0         0      
       fd_tol.obj                        31      0         0      
       ll_cmp.obj                        30      0         0      
       memcpy.obj                        30      0         0      
       i_tofd.obj                        29      0         0      
       fs_tofd.obj                       28      0         0      
       l_tofd.obj                        28      0         0      
       fd_toul.obj                       27      0         0      
       cpy_utils.obj                     26      0         0      
       args_main.obj                     25      0         0      
       ll_aox.obj                        24      0         0      
       _lock.obj                         9       0         14     
       ll_mpy.obj                        20      0         0      
       fd_sub.obj                        14      0         0      
       memccpy.obj                       13      0         0      
       memset.obj                        12      0         0      
       strchr.obj                        12      0         0      
       u_div.obj                         11      0         0      
       fd_neg.obj                        9       0         0      
       strlen.obj                        8       0         0      
       errno.obj                         0       0         5      
       strcpy.obj                        5       0         0      
       atof.obj                          4       0         0      
       pre_init.obj                      2       0         0      
       startup.obj                       1       0         0      
    +--+---------------------------------+-------+---------+---------+
       Total:                            5601    0         430    
                                                                  
       Stack:                            0       0         768    
    +--+---------------------------------+-------+---------+---------+
       Grand Total:                      17575   0         6273   


GLOBAL DATA SYMBOLS: SORTED BY DATA PAGE

address     data page           name
--------    ----------------    ----
00000400      10 (00000400)     __stack

00000880      22 (00000880)     _DevEmuRegs

00000a80      2a (00000a80)     _FlashRegs

00000ae0      2b (00000ac0)     _CsmRegs

00000b00      2c (00000b00)     _AdcMirror
00000b20      2c (00000b00)     _XintfRegs

00000c00      30 (00000c00)     _CpuTimer0Regs
00000c08      30 (00000c00)     _CpuTimer1Regs
00000c10      30 (00000c00)     _CpuTimer2Regs

00000ce0      33 (00000cc0)     _PieCtrlRegs

00000d00      34 (00000d00)     _PieVectTable

00001000      40 (00001000)     _DmaRegs

00005000     140 (00005000)     _McbspaRegs

00005040     141 (00005040)     _McbspbRegs

00006000     180 (00006000)     _ECanaRegs

00006040     181 (00006040)     _ECanaLAMRegs

00006080     182 (00006080)     _ECanaMOTSRegs

000060c0     183 (000060c0)     _ECanaMOTORegs

00006100     184 (00006100)     _ECanaMboxes

00006200     188 (00006200)     _ECanbRegs

00006240     189 (00006240)     _ECanbLAMRegs

00006280     18a (00006280)     _ECanbMOTSRegs

000062c0     18b (000062c0)     _ECanbMOTORegs

00006300     18c (00006300)     _ECanbMboxes

00006800     1a0 (00006800)     _EPwm1Regs

00006840     1a1 (00006840)     _EPwm2Regs

00006880     1a2 (00006880)     _EPwm3Regs

000068c0     1a3 (000068c0)     _EPwm4Regs

00006900     1a4 (00006900)     _EPwm5Regs

00006940     1a5 (00006940)     _EPwm6Regs

00006a00     1a8 (00006a00)     _ECap1Regs
00006a20     1a8 (00006a00)     _ECap2Regs

00006a40     1a9 (00006a40)     _ECap3Regs
00006a60     1a9 (00006a40)     _ECap4Regs

00006a80     1aa (00006a80)     _ECap5Regs
00006aa0     1aa (00006a80)     _ECap6Regs

00006b00     1ac (00006b00)     _EQep1Regs

00006b40     1ad (00006b40)     _EQep2Regs

00006f80     1be (00006f80)     _GpioCtrlRegs

00006fc0     1bf (00006fc0)     _GpioDataRegs
00006fe0     1bf (00006fc0)     _GpioIntRegs

00007010     1c0 (00007000)     _SysCtrlRegs

00007040     1c1 (00007040)     _SpiaRegs
00007050     1c1 (00007040)     _SciaRegs
00007070     1c1 (00007040)     _XIntruptRegs

00007100     1c4 (00007100)     _AdcRegs

00007750     1dd (00007740)     _ScibRegs
00007770     1dd (00007740)     _ScicRegs

00007900     1e4 (00007900)     _I2caRegs

0000c000     300 (0000c000)     _break_bit2
0000c001     300 (0000c000)     _break_num
0000c002     300 (0000c000)     _break_bit1
0000c003     300 (0000c000)     _pause_finish
0000c004     300 (0000c000)     _time_now
0000c005     300 (0000c000)     _TimerCount1
0000c006     300 (0000c000)     _TimerCount
0000c007     300 (0000c000)     _pause_bit
0000c008     300 (0000c000)     _Type_sel
0000c009     300 (0000c000)     _Play_the_game
0000c00a     300 (0000c000)     _init_bit
0000c00b     300 (0000c000)     _TimerCount2
0000c00c     300 (0000c000)     _buff_i
0000c00d     300 (0000c000)     _stuff_position2
0000c00e     300 (0000c000)     _Receivedbuff
0000c00f     300 (0000c000)     _mass
0000c010     300 (0000c000)     _gear_ratio
0000c011     300 (0000c000)     _stuff_i
0000c012     300 (0000c000)     _Enable_num
0000c013     300 (0000c000)     _protocol_len
0000c014     300 (0000c000)     _mode_num
0000c015     300 (0000c000)     _Receivedbuff2
0000c016     300 (0000c000)     _stuff_position
0000c017     300 (0000c000)     _V_i
0000c018     300 (0000c000)     _time_now_sec_10
0000c019     300 (0000c000)     _time_now_min_1
0000c01a     300 (0000c000)     _Train_num
0000c01b     300 (0000c000)     _move_distance_1
0000c01c     300 (0000c000)     _move_distance_10
0000c01d     300 (0000c000)     _time_now_sec_1
0000c01e     300 (0000c000)     _break_time_100
0000c01f     300 (0000c000)     _break_time_10
0000c020     300 (0000c000)     _break_timer
0000c021     300 (0000c000)     _Train_target
0000c022     300 (0000c000)     _time_now_min_10
0000c023     300 (0000c000)     _break_time_now
0000c024     300 (0000c000)     _initial_timer
0000c025     300 (0000c000)     _slow_start_timer
0000c026     300 (0000c000)     _leg_num
0000c027     300 (0000c000)     _MotorCount
0000c028     300 (0000c000)     _len
0000c029     300 (0000c000)     _time
0000c02a     300 (0000c000)     _move_distance_1000
0000c02b     300 (0000c000)     _end_bit
0000c02c     300 (0000c000)     _break_time_1
0000c02d     300 (0000c000)     _start_bit
0000c02e     300 (0000c000)     _TimerCount_2
0000c02f     300 (0000c000)     _move_distance_100
0000c030     300 (0000c000)     _motor_bit
0000c031     300 (0000c000)     _E_i
0000c032     300 (0000c000)     _D_i
0000c033     300 (0000c000)     _i
0000c034     300 (0000c000)     _M_i
0000c035     300 (0000c000)     _a
0000c036     300 (0000c000)     _gain_bit
0000c037     300 (0000c000)     _flag2
0000c038     300 (0000c000)     _Flash_bit
0000c039     300 (0000c000)     _b
0000c03a     300 (0000c000)     _flag
0000c03b     300 (0000c000)     _ratio_bit
0000c03c     300 (0000c000)     _w_3
0000c03e     300 (0000c000)     _b4_3

0000c040     301 (0000c040)     _ae1
0000c042     301 (0000c040)     _w
0000c044     301 (0000c040)     _a1_1
0000c046     301 (0000c040)     _ae0
0000c048     301 (0000c040)     _be3
0000c04a     301 (0000c040)     _ae3
0000c04c     301 (0000c040)     _be4
0000c04e     301 (0000c040)     _ae4
0000c050     301 (0000c040)     _be1
0000c052     301 (0000c040)     _a0_1
0000c054     301 (0000c040)     _be2
0000c056     301 (0000c040)     _ae2
0000c058     301 (0000c040)     _b4_1
0000c05a     301 (0000c040)     _a4_1
0000c05c     301 (0000c040)     _w_1
0000c05e     301 (0000c040)     _b1_1
0000c060     301 (0000c040)     _b2_1
0000c062     301 (0000c040)     _a2_1
0000c064     301 (0000c040)     _b3_1
0000c066     301 (0000c040)     _a3_1
0000c068     301 (0000c040)     _a3_3
0000c06a     301 (0000c040)     _b2_3
0000c06c     301 (0000c040)     _a4_3
0000c06e     301 (0000c040)     _b3_3
0000c070     301 (0000c040)     _a1_3
0000c072     301 (0000c040)     _a0_3
0000c074     301 (0000c040)     _a2_3
0000c076     301 (0000c040)     _b1_3
0000c078     301 (0000c040)     _ae5
0000c07a     301 (0000c040)     _aa2
0000c07c     301 (0000c040)     _ba1
0000c07e     301 (0000c040)     _aa3

0000c080     302 (0000c080)     _ba2
0000c082     302 (0000c080)     _wv
0000c084     302 (0000c080)     _bv4
0000c086     302 (0000c080)     _aa1
0000c088     302 (0000c080)     _aa0
0000c08a     302 (0000c080)     _aa4
0000c08c     302 (0000c080)     _ba3
0000c08e     302 (0000c080)     _wa
0000c090     302 (0000c080)     _ba4
0000c092     302 (0000c080)     _usec_delay
0000c094     302 (0000c080)     _ae8
0000c096     302 (0000c080)     _be7
0000c098     302 (0000c080)     _we
0000c09a     302 (0000c080)     _be8
0000c09c     302 (0000c080)     _ae6
0000c09e     302 (0000c080)     _be5
0000c0a0     302 (0000c080)     _ae7
0000c0a2     302 (0000c080)     _be6
0000c0a4     302 (0000c080)     _bv2
0000c0a6     302 (0000c080)     _av2
0000c0a8     302 (0000c080)     _bv3
0000c0aa     302 (0000c080)     _av3
0000c0ac     302 (0000c080)     _av0
0000c0ae     302 (0000c080)     _w_base
0000c0b0     302 (0000c080)     _bv1
0000c0b2     302 (0000c080)     _av1
0000c0b4     302 (0000c080)     _av4
0000c0b6     302 (0000c080)     _gain_step
0000c0b8     302 (0000c080)     _current_gain
0000c0ba     302 (0000c080)     _mass_torque
0000c0bc     302 (0000c080)     _DegTimer
0000c0be     302 (0000c080)     _target_gain

0000c0c0     303 (0000c0c0)     _Kd_term
0000c0c2     303 (0000c0c0)     _ratio_gain
0000c0c4     303 (0000c0c0)     _ratio_target_gain
0000c0c6     303 (0000c0c0)     _Encoder_deg
0000c0c8     303 (0000c0c0)     _Encoder_deg_old
0000c0ca     303 (0000c0c0)     _Encoder_vel
0000c0cc     303 (0000c0c0)     _Encoder_revcnt
0000c0ce     303 (0000c0c0)     _Encoder_cnt
0000c0d0     303 (0000c0c0)     _Encoder_sum
0000c0d2     303 (0000c0c0)     _degree_offset
0000c0d4     303 (0000c0c0)     _Encoder_deg_new
0000c0d6     303 (0000c0c0)     _SetDegTimer
0000c0d8     303 (0000c0c0)     _Encoder_deg_time
0000c0da     303 (0000c0c0)     _E_vel_deg_time
0000c0dc     303 (0000c0c0)     _BaseDegTimer
0000c0de     303 (0000c0c0)     _Encoder_acc_deg
0000c0e0     303 (0000c0c0)     _time_Encoder_revcnt
0000c0e2     303 (0000c0c0)     _Encoder_deg_time_old
0000c0e4     303 (0000c0c0)     _Encoder_vel_deg
0000c0e6     303 (0000c0c0)     _Kv
0000c0e8     303 (0000c0c0)     _Kd
0000c0ea     303 (0000c0c0)     _Kp_term
0000c0ec     303 (0000c0c0)     _Ka
0000c0ee     303 (0000c0c0)     _Vel_error
0000c0f0     303 (0000c0c0)     _Position_error
0000c0f2     303 (0000c0c0)     _Kp
0000c0f4     303 (0000c0c0)     _Acc_error
0000c0f6     303 (0000c0c0)     _Encoder_vel_old
0000c0f8     303 (0000c0c0)     _torque_scale
0000c0fa     303 (0000c0c0)     _max_motor_torque
0000c0fc     303 (0000c0c0)     _target_dis
0000c0fe     303 (0000c0c0)     _training_timer

0000c100     304 (0000c100)     _break_duty
0000c102     304 (0000c100)     _under_velocity
0000c104     304 (0000c100)     _torque_fourier_1
0000c106     304 (0000c100)     _torque_fourier_3
0000c108     304 (0000c100)     _b2
0000c10a     304 (0000c100)     _a2
0000c10c     304 (0000c100)     _b3
0000c10e     304 (0000c100)     _a3
0000c110     304 (0000c100)     _a0
0000c112     304 (0000c100)     _target_time
0000c114     304 (0000c100)     _b1
0000c116     304 (0000c100)     _a1
0000c118     304 (0000c100)     _Timer_Prd
0000c11a     304 (0000c100)     _torque_interpolation
0000c11c     304 (0000c100)     _ED_mva_old
0000c11e     304 (0000c100)     _ED_mva
0000c120     304 (0000c100)     _E_vel_deg_new
0000c122     304 (0000c100)     _Encoder_acc
0000c124     304 (0000c100)     _torque_buffer
0000c126     304 (0000c100)     _E_vel_deg_old
0000c128     304 (0000c100)     _EV_mva
0000c12a     304 (0000c100)     _velocity
0000c12c     304 (0000c100)     _Cpu_Clk
0000c12e     304 (0000c100)     _tablet_velocity
0000c130     304 (0000c100)     _R_velocity
0000c132     304 (0000c100)     _EV_mva_old
0000c134     304 (0000c100)     _move_dis
0000c136     304 (0000c100)     _torque

0000c140     305 (0000c140)     _decimal2hexadecimal
0000c148     305 (0000c140)     _uart_buff
0000c150     305 (0000c140)     _RxBuff
0000c160     305 (0000c140)     _uart

0000c180     306 (0000c180)     _Encoder
0000c194     306 (0000c180)     _RxBuff2

0000c1c0     307 (0000c1c0)     _ED_Buff

0000c200     308 (0000c200)     _EV_Buff

0000c240     309 (0000c240)     _BT

0000c280     30a (0000c280)     _UT

0000c300     30c (0000c300)     _MAXON

0000c380     30e (0000c380)     _buff

0000c3e4     30f (0000c3c0)     _CpuTimer1
0000c3ec     30f (0000c3c0)     _CpuTimer2
0000c3f4     30f (0000c3c0)     _CpuTimer0
0000c3fc     30f (0000c3c0)     __lock
0000c3fe     30f (0000c3c0)     __unlock

0000c400     310 (0000c400)     ___TI_enable_exit_profile_output
0000c402     310 (0000c400)     ___TI_cleanup_ptr
0000c404     310 (0000c400)     ___TI_dtors_ptr
0000c406     310 (0000c400)     _errno

0033b124    cec4 (0033b100)     __ctypes_

0033b226    cec8 (0033b200)     _PieVectTableInit

0033fff8    cfff (0033ffc0)     _CsmPwl

00380090    e002 (00380080)     _PartIdRegs


GLOBAL SYMBOLS: SORTED ALPHABETICALLY BY Name 

page  address   name                            
----  -------   ----                            
0     00338000  .text                           
0     0033aace  C$$EXIT                         
0     0033a594  FD$$ADD                         
0     0033aa7a  FD$$CMP                         
0     0033a630  FD$$DIV                         
0     0033a743  FD$$MPY                         
0     0033ad7d  FD$$NEG                         
0     0033ad36  FD$$SUB                         
0     0033ab89  FD$$TOI                         
0     0033abea  FD$$TOL                         
0     0033ac9a  FD$$TOUL                        
0     0033a6bb  FS$$DIV                         
0     0033ac62  FS$$TOFD                        
0     0033ab1f  FS$$TOLL                        
0     0033ab45  I$$DIV                          
0     0033ab56  I$$MOD                          
0     0033ac45  I$$TOFD                         
0     0033aaa4  L$$DIV                          
0     0033aab3  L$$MOD                          
0     0033ac7e  L$$TOFD                         
0     0033ace8  LL$$AND                         
0     0033ac09  LL$$CMP                         
0     0033a15c  LL$$DIV                         
0     0033a198  LL$$MOD                         
0     0033ad00  LL$$MPY                         
0     0033acf0  LL$$OR                          
0     0033abca  LL$$TOFS                        
0     0033acf8  LL$$XOR                         
0     0033ad69  U$$DIV                          
0     0033ad6e  U$$MOD                          
0     0033aac1  UL$$DIV                         
0     0033aac8  UL$$MOD                         
0     0033ac1b  ULL$$CMP                        
0     0033a1d2  ULL$$DIV                        
0     0033a201  ULL$$MOD                        
0     00339e10  _ADCINT_ISR                     
0     00380080  _ADC_cal                        
1     0000c0f4  _Acc_error                      
1     00000b00  _AdcMirror                      
1     00007100  _AdcRegs                        
1     0000c240  _BT                             
0     0033854b  _BT_Put_String                  
0     00008010  _BT_transmit                    
1     0000c0dc  _BaseDegTimer                   
0     00338d21  _BeNormal                       
0     00338c83  _CalcFieldCRC                   
0     0033a7ff  _ConfigCpuTimer                 
0     00338a6d  _ConnectBluetooth               
1     0000c3f4  _CpuTimer0                      
1     00000c00  _CpuTimer0Regs                  
1     0000c3e4  _CpuTimer1                      
1     00000c08  _CpuTimer1Regs                  
1     0000c3ec  _CpuTimer2                      
1     00000c10  _CpuTimer2Regs                  
1     0000c12c  _Cpu_Clk                        
1     0033fff8  _CsmPwl                         
1     00000ae0  _CsmRegs                        
0     0033a32a  _CsmUnlock                      
0     00339d3e  _DATALOG_ISR                    
0     00339f32  _DINTCH1_ISR                    
0     00339f3c  _DINTCH2_ISR                    
0     00339f46  _DINTCH3_ISR                    
0     00339f50  _DINTCH4_ISR                    
0     00339f5a  _DINTCH5_ISR                    
0     00339f64  _DINTCH6_ISR                    
0     0033ad96  _DSP28x_DisableInt              
0     0033ad9a  _DSP28x_RestoreInt              
0     00008b75  _DSP28x_usDelay                 
1     0000c032  _D_i                            
1     0000c0bc  _DegTimer                       
1     00000880  _DevEmuRegs                     
0     0033a276  _DisableDog                     
1     00001000  _DmaRegs                        
0     00339fbe  _ECAN0INTA_ISR                  
0     00339fd2  _ECAN0INTB_ISR                  
0     00339fc8  _ECAN1INTA_ISR                  
0     00339fdc  _ECAN1INTB_ISR                  
0     00339ea6  _ECAP1_INT_ISR                  
0     00339eb0  _ECAP2_INT_ISR                  
0     00339eba  _ECAP3_INT_ISR                  
0     00339ec4  _ECAP4_INT_ISR                  
0     00339ece  _ECAP5_INT_ISR                  
0     00339ed8  _ECAP6_INT_ISR                  
1     00006040  _ECanaLAMRegs                   
1     000060c0  _ECanaMOTORegs                  
1     00006080  _ECanaMOTSRegs                  
1     00006100  _ECanaMboxes                    
1     00006000  _ECanaRegs                      
1     00006240  _ECanbLAMRegs                   
1     000062c0  _ECanbMOTORegs                  
1     00006280  _ECanbMOTSRegs                  
1     00006300  _ECanbMboxes                    
1     00006200  _ECanbRegs                      
1     00006a00  _ECap1Regs                      
1     00006a20  _ECap2Regs                      
1     00006a40  _ECap3Regs                      
1     00006a60  _ECap4Regs                      
1     00006a80  _ECap5Regs                      
1     00006aa0  _ECap6Regs                      
1     0000c1c0  _ED_Buff                        
1     0000c11e  _ED_mva                         
1     0000c11c  _ED_mva_old                     
0     00339d52  _EMUINT_ISR                     
0     00339e6a  _EPWM1_INT_ISR                  
0     00339e2e  _EPWM1_TZINT_ISR                
0     00339e74  _EPWM2_INT_ISR                  
0     00339e38  _EPWM2_TZINT_ISR                
0     00339e7e  _EPWM3_INT_ISR                  
0     00339e42  _EPWM3_TZINT_ISR                
0     00339e88  _EPWM4_INT_ISR                  
0     00339e4c  _EPWM4_TZINT_ISR                
0     00339e92  _EPWM5_INT_ISR                  
0     00339e56  _EPWM5_TZINT_ISR                
0     00339e9c  _EPWM6_INT_ISR                  
0     00339e60  _EPWM6_TZINT_ISR                
1     00006800  _EPwm1Regs                      
1     00006840  _EPwm2Regs                      
1     00006880  _EPwm3Regs                      
1     000068c0  _EPwm4Regs                      
1     00006900  _EPwm5Regs                      
1     00006940  _EPwm6Regs                      
0     00339ee2  _EQEP1_INT_ISR                  
0     00339eec  _EQEP2_INT_ISR                  
1     00006b00  _EQep1Regs                      
1     00006b40  _EQep2Regs                      
1     0000c200  _EV_Buff                        
1     0000c128  _EV_mva                         
1     0000c132  _EV_mva_old                     
1     0000c031  _E_i                            
1     0000c120  _E_vel_deg_new                  
1     0000c126  _E_vel_deg_old                  
1     0000c0da  _E_vel_deg_time                 
0     0033ab16  _EnableInterrupts               
1     0000c012  _Enable_num                     
1     0000c180  _Encoder                        
1     0000c122  _Encoder_acc                    
1     0000c0de  _Encoder_acc_deg                
1     0000c0ce  _Encoder_cnt                    
0     0000818e  _Encoder_define                 
1     0000c0c6  _Encoder_deg                    
1     0000c0d4  _Encoder_deg_new                
1     0000c0c8  _Encoder_deg_old                
1     0000c0d8  _Encoder_deg_time               
1     0000c0e2  _Encoder_deg_time_old           
0     0033855b  _Encoder_position_renew         
1     0000c0cc  _Encoder_revcnt                 
1     0000c0d0  _Encoder_sum                    
0     003385b5  _Encoder_value_calculation      
1     0000c0ca  _Encoder_vel                    
1     0000c0e4  _Encoder_vel_deg                
1     0000c0f6  _Encoder_vel_old                
1     00000a80  _FlashRegs                      
1     0000c038  _Flash_bit                      
1     00006f80  _GpioCtrlRegs                   
1     00006fc0  _GpioDataRegs                   
1     00006fe0  _GpioIntRegs                    
0     00339f6e  _I2CINT1A_ISR                   
0     00339f78  _I2CINT2A_ISR                   
1     00007900  _I2caRegs                       
0     00339d66  _ILLEGAL_ISR                    
0     00339d2a  _INT13_ISR                      
0     00339d34  _INT14_ISR                      
0     00338d07  _IncreaseTime                   
0     0033ad27  _InitAdc                        
0     0033a7c6  _InitCpuTimers                  
0     0033a35b  _InitEPwm                       
0     0033a369  _InitEPwm1Gpio                  
0     00338499  _InitEPwm1Module                
0     0033a37b  _InitEPwm2Gpio                  
0     0033a38d  _InitEPwm3Gpio                  
0     0033a3a1  _InitEPwm4Gpio                  
0     0033a3b5  _InitEPwm5Gpio                  
0     0033a3c7  _InitEPwm6Gpio                  
0     0033a35c  _InitEPwmGpio                   
0     0033a3d9  _InitEPwmSyncGpio               
0     00008b5a  _InitFlash                      
0     0033a2cf  _InitPeripheralClocks           
0     0033aaf7  _InitPieCtrl                    
0     0033abaa  _InitPieVectTable               
0     0033a27e  _InitPll                        
0     0033a4df  _InitSci                        
0     0033a551  _InitSciGpio                    
0     0033a558  _InitSciaGpio                   
0     0033a56e  _InitScibGpio                   
0     0033a57e  _InitScicGpio                   
0     0033a263  _InitSysCtrl                    
0     0033a3ed  _InitTzGpio                     
0     00338dc7  _Initial_breaking               
0     0033813f  _Initialize_motor               
0     00338d1d  _IsEnd                          
0     00338cd9  _IsPause                        
0     00338cd5  _IsStart                        
1     0000c0ec  _Ka                             
1     0000c0e8  _Kd                             
1     0000c0c0  _Kd_term                        
1     0000c0f2  _Kp                             
1     0000c0ea  _Kp_term                        
1     0000c0e6  _Kv                             
0     0033a022  _LUF_ISR                        
0     0033a018  _LVF_ISR                        
1     0000c300  _MAXON                          
0     00339f1e  _MRINTA_ISR                     
0     00339f0a  _MRINTB_ISR                     
0     00339f28  _MXINTA_ISR                     
0     00339f14  _MXINTB_ISR                     
1     0000c034  _M_i                            
1     00005000  _McbspaRegs                     
1     00005040  _McbspbRegs                     
0     0033ad14  _MemCopy                        
0     003387f2  _MetabolizeRehabilitationRobot  
1     0000c027  _MotorCount                     
0     00338a78  _Motor_Enable1                  
0     00338a9b  _Motor_Enable2                  
0     0033864c  _Moving_avg_degree              
0     00339d5c  _NMI_ISR                        
0     00338ca6  _OutputPWM                      
0     0033a02c  _PIE_RESERVED                   
1     00380090  _PartIdRegs                     
1     00000ce0  _PieCtrlRegs                    
1     00000d00  _PieVectTable                   
0     0033b226  _PieVectTableInit               
1     0000c009  _Play_the_game                  
1     0000c0f0  _Position_error                 
0     00339d48  _RTOSINT_ISR                    
1     0000c130  _R_velocity                     
0     00320b79  _RamfuncsLoadEnd                
0     00320000  _RamfuncsLoadStart              
0     00008000  _RamfuncsRunStart               
1     0000c00e  _Receivedbuff                   
1     0000c015  _Receivedbuff2                  
0     003380fc  _Reg_setting_fun                
0     0033832d  _Robot_Initialize               
1     0000c150  _RxBuff                         
1     0000c194  _RxBuff2                        
0     00339f96  _SCIRXINTA_ISR                  
0     00339faa  _SCIRXINTB_ISR                  
0     00339f82  _SCIRXINTC_ISR                  
0     00339fa0  _SCITXINTA_ISR                  
0     00339fb4  _SCITXINTB_ISR                  
0     00339f8c  _SCITXINTC_ISR                  
0     00339de8  _SEQ1INT_ISR                    
0     00339df2  _SEQ2INT_ISR                    
0     00339ef6  _SPIRXINTA_ISR                  
0     00339f00  _SPITXINTA_ISR                  
1     00007050  _SciaRegs                       
1     00007750  _ScibRegs                       
1     00007770  _ScicRegs                       
0     0033a26c  _ServiceDog                     
0     0033ada6  _SetDBGIER                      
1     0000c0d6  _SetDegTimer                    
1     00007040  _SpiaRegs                       
0     00338ddc  _Start_breaking                 
1     00007010  _SysCtrlRegs                    
0     00339e1a  _TINT0_ISR                      
1     0000c006  _TimerCount                     
1     0000c005  _TimerCount1                    
1     0000c00b  _TimerCount2                    
1     0000c02e  _TimerCount_2                   
1     0000c118  _Timer_Prd                      
0     00338834  _Timer_set                      
0     00338abe  _Torque_Calculate               
0     000081cb  _TrainAbnormalPerson            
1     0000c01a  _Train_num                      
1     0000c021  _Train_target                   
0     00338d3d  _Type_Check_fun                 
1     0000c008  _Type_sel                       
0     00008000  _UART_Put_String                
0     00339dca  _USER10_ISR                     
0     00339dd4  _USER11_ISR                     
0     00339dde  _USER12_ISR                     
0     00339d70  _USER1_ISR                      
0     00339d7a  _USER2_ISR                      
0     00339d84  _USER3_ISR                      
0     00339d8e  _USER4_ISR                      
0     00339d98  _USER5_ISR                      
0     00339da2  _USER6_ISR                      
0     00339dac  _USER7_ISR                      
0     00339db6  _USER8_ISR                      
0     00339dc0  _USER9_ISR                      
1     0000c280  _UT                             
0     00008040  _Uart_transmit                  
0     00008afa  _UpdateInformation              
1     0000c017  _V_i                            
1     0000c0ee  _Vel_error                      
0     00339e24  _WAKEINT_ISR                    
0     00339dfc  _XINT1_ISR                      
0     00339e06  _XINT2_ISR                      
0     00339fe6  _XINT3_ISR                      
0     00339ff0  _XINT4_ISR                      
0     00339ffa  _XINT5_ISR                      
0     0033a004  _XINT6_ISR                      
0     0033a00e  _XINT7_ISR                      
1     00007070  _XIntruptRegs                   
1     00000b20  _XintfRegs                      
1     00000700  __STACK_END                     
abs   00000300  __STACK_SIZE                    
1     0000c402  ___TI_cleanup_ptr               
1     0000c404  ___TI_dtors_ptr                 
1     0000c400  ___TI_enable_exit_profile_output
abs   ffffffff  ___TI_pprof_out_hndl            
0     003398a6  ___TI_printfi                   
abs   ffffffff  ___TI_prof_data_size            
abs   ffffffff  ___TI_prof_data_start           
abs   ffffffff  ___binit__                      
abs   ffffffff  ___c_args__                     
0     0033adac  ___cinit__                      
0     0033adac  ___etext__                      
abs   ffffffff  ___pinit__                      
0     00338000  ___text__                       
0     0033accf  __args_main                     
0     0033b124  __ctypes_                       
1     0000c3fc  __lock                          
0     0033ad7c  __nop                           
0     0033ad78  __register_lock                 
0     0033ad74  __register_unlock               
1     00000400  __stack                         
0     0033adab  __system_post_cinit             
0     0033ada9  __system_pre_init               
1     0000c3fe  __unlock                        
1     0000c035  _a                              
1     0000c110  _a0                             
1     0000c052  _a0_1                           
1     0000c072  _a0_3                           
1     0000c116  _a1                             
1     0000c044  _a1_1                           
1     0000c070  _a1_3                           
1     0000c10a  _a2                             
1     0000c062  _a2_1                           
1     0000c074  _a2_3                           
1     0000c10e  _a3                             
1     0000c066  _a3_1                           
1     0000c068  _a3_3                           
1     0000c05a  _a4_1                           
1     0000c06c  _a4_3                           
1     0000c088  _aa0                            
1     0000c086  _aa1                            
1     0000c07a  _aa2                            
1     0000c07e  _aa3                            
1     0000c08a  _aa4                            
0     0033aace  _abort                          
1     0000c046  _ae0                            
1     0000c040  _ae1                            
1     0000c056  _ae2                            
1     0000c04a  _ae3                            
1     0000c04e  _ae4                            
1     0000c078  _ae5                            
1     0000c09c  _ae6                            
1     0000c0a0  _ae7                            
1     0000c094  _ae8                            
0     0033ada2  _atof                           
0     0033aa1b  _atoi                           
1     0000c0ac  _av0                            
1     0000c0b2  _av1                            
1     0000c0a6  _av2                            
1     0000c0aa  _av3                            
1     0000c0b4  _av4                            
1     0000c039  _b                              
1     0000c114  _b1                             
1     0000c05e  _b1_1                           
1     0000c076  _b1_3                           
1     0000c108  _b2                             
1     0000c060  _b2_1                           
1     0000c06a  _b2_3                           
1     0000c10c  _b3                             
1     0000c064  _b3_1                           
1     0000c06e  _b3_3                           
1     0000c058  _b4_1                           
1     0000c03e  _b4_3                           
1     0000c07c  _ba1                            
1     0000c080  _ba2                            
1     0000c08c  _ba3                            
1     0000c090  _ba4                            
1     0000c050  _be1                            
1     0000c054  _be2                            
1     0000c048  _be3                            
1     0000c04c  _be4                            
1     0000c09e  _be5                            
1     0000c0a2  _be6                            
1     0000c096  _be7                            
1     0000c09a  _be8                            
1     0000c002  _break_bit1                     
1     0000c000  _break_bit2                     
1     0000c100  _break_duty                     
1     0000c001  _break_num                      
0     00338d9b  _break_time                     
1     0000c02c  _break_time_1                   
1     0000c01f  _break_time_10                  
1     0000c01e  _break_time_100                 
1     0000c023  _break_time_now                 
1     0000c020  _break_timer                    
1     0000c380  _buff                           
1     0000c00c  _buff_i                         
1     0000c0b0  _bv1                            
1     0000c0a4  _bv2                            
1     0000c0a8  _bv3                            
1     0000c084  _bv4                            
0     0033a94d  _c_int00                        
0     003383dd  _clear_variable                 
0     0033a9a3  _copy_in                        
0     0033ab67  _copysignl                      
0     0033a839  _cos                            
0     0033a839  _cosf                           
0     00339cb2  _cpu_timer0_isr                 
1     0000c0b8  _current_gain                   
0     0033acb5  _ddcopy                         
0     00338c4e  _decimal2hex                    
1     0000c140  _decimal2hexadecimal            
1     0000c0d2  _degree_offset                  
0     0033acb5  _dpcopy                         
1     0000c02b  _end_bit                        
1     0000c406  _errno                          
0     0033aad0  _exit                           
1     0000c03a  _flag                           
1     0000c037  _flag2                          
0     0033a89a  _frexpl                         
1     0000c036  _gain_bit                       
1     0000c0b6  _gain_step                      
1     0000c010  _gear_ratio                     
1     0000c033  _i                              
1     0000c00a  _init_bit                       
1     0000c024  _initial_timer                  
0     0033a423  _ldexpl                         
1     0000c026  _leg_num                        
1     0000c028  _len                            
0     0033aa4c  _ltoa                           
0     00338000  _main                           
1     0000c00f  _mass                           
1     0000c0ba  _mass_torque                    
1     0000c0fa  _max_motor_torque               
0     0033ad44  _memccpy                        
0     0033ac27  _memcpy                         
0     0033ad51  _memset                         
1     0000c014  _mode_num                       
1     0000c030  _motor_bit                      
1     0000c134  _move_dis                       
1     0000c01b  _move_distance_1                
1     0000c01c  _move_distance_10               
1     0000c02f  _move_distance_100              
1     0000c02a  _move_distance_1000             
1     0000c007  _pause_bit                      
1     0000c003  _pause_finish                   
0     0033acb5  _pdcopy                         
0     0033acb5  _ppcopy                         
1     0000c013  _protocol_len                   
1     0000c03b  _ratio_bit                      
1     0000c0c2  _ratio_gain                     
1     0000c0c4  _ratio_target_gain              
0     0033a036  _rsvd_ISR                       
0     0033a423  _scalbnl                        
0     00339a12  _sciaRxFifoIsr                  
0     003384d1  _scia_echoback_init             
0     003384e7  _scia_fifo_init                 
0     003384f7  _scib_echoback_init             
0     0033850d  _scib_fifo_init                 
0     003399cb  _scicTxFifoIsr                  
0     0033851d  _scic_echoback_init             
0     00338533  _scic_fifo_init                 
0     0033a8f5  _sin                            
0     0033a8f5  _sinf                           
1     0000c025  _slow_start_timer               
0     0033a9e9  _sprintf                        
1     0000c02d  _start_bit                      
0     0033ad5d  _strchr                         
0     0033ad9d  _strcpy                         
0     0033ad8e  _strlen                         
0     0033a040  _strtod                         
0     0033a040  _strtof                         
1     0000c011  _stuff_i                        
1     0000c016  _stuff_position                 
1     0000c00d  _stuff_position2                
1     0000c12e  _tablet_velocity                
1     0000c0fc  _target_dis                     
1     0000c0be  _target_gain                    
1     0000c112  _target_time                    
1     0000c029  _time                           
1     0000c0e0  _time_Encoder_revcnt            
1     0000c004  _time_now                       
1     0000c019  _time_now_min_1                 
1     0000c022  _time_now_min_10                
1     0000c01d  _time_now_sec_1                 
1     0000c018  _time_now_sec_10                
1     0000c136  _torque                         
1     0000c124  _torque_buffer                  
1     0000c104  _torque_fourier_1               
1     0000c106  _torque_fourier_3               
0     00338a3e  _torque_fourier_constant        
1     0000c11a  _torque_interpolation           
1     0000c0f8  _torque_scale                   
1     0000c0fe  _training_timer                 
1     0000c160  _uart                           
1     0000c148  _uart_buff                      
1     0000c102  _under_velocity                 
1     0000c092  _usec_delay                     
1     0000c12a  _velocity                       
1     0000c042  _w                              
1     0000c05c  _w_1                            
1     0000c03c  _w_3                            
1     0000c0ae  _w_base                         
1     0000c08e  _wa                             
1     0000c098  _we                             
1     0000c082  _wv                             
abs   ffffffff  binit                           
0     0033adac  cinit                           
0     0033fff6  code_start                      
0     0033adac  etext                           
abs   ffffffff  pinit                           


GLOBAL SYMBOLS: SORTED BY Symbol Address 

page  address   name                            
----  -------   ----                            
0     00008000  _RamfuncsRunStart               
0     00008000  _UART_Put_String                
0     00008010  _BT_transmit                    
0     00008040  _Uart_transmit                  
0     0000818e  _Encoder_define                 
0     000081cb  _TrainAbnormalPerson            
0     00008afa  _UpdateInformation              
0     00008b5a  _InitFlash                      
0     00008b75  _DSP28x_usDelay                 
0     00320000  _RamfuncsLoadStart              
0     00320b79  _RamfuncsLoadEnd                
0     00338000  .text                           
0     00338000  ___text__                       
0     00338000  _main                           
0     003380fc  _Reg_setting_fun                
0     0033813f  _Initialize_motor               
0     0033832d  _Robot_Initialize               
0     003383dd  _clear_variable                 
0     00338499  _InitEPwm1Module                
0     003384d1  _scia_echoback_init             
0     003384e7  _scia_fifo_init                 
0     003384f7  _scib_echoback_init             
0     0033850d  _scib_fifo_init                 
0     0033851d  _scic_echoback_init             
0     00338533  _scic_fifo_init                 
0     0033854b  _BT_Put_String                  
0     0033855b  _Encoder_position_renew         
0     003385b5  _Encoder_value_calculation      
0     0033864c  _Moving_avg_degree              
0     003387f2  _MetabolizeRehabilitationRobot  
0     00338834  _Timer_set                      
0     00338a3e  _torque_fourier_constant        
0     00338a6d  _ConnectBluetooth               
0     00338a78  _Motor_Enable1                  
0     00338a9b  _Motor_Enable2                  
0     00338abe  _Torque_Calculate               
0     00338c4e  _decimal2hex                    
0     00338c83  _CalcFieldCRC                   
0     00338ca6  _OutputPWM                      
0     00338cd5  _IsStart                        
0     00338cd9  _IsPause                        
0     00338d07  _IncreaseTime                   
0     00338d1d  _IsEnd                          
0     00338d21  _BeNormal                       
0     00338d3d  _Type_Check_fun                 
0     00338d9b  _break_time                     
0     00338dc7  _Initial_breaking               
0     00338ddc  _Start_breaking                 
0     003398a6  ___TI_printfi                   
0     003399cb  _scicTxFifoIsr                  
0     00339a12  _sciaRxFifoIsr                  
0     00339cb2  _cpu_timer0_isr                 
0     00339d2a  _INT13_ISR                      
0     00339d34  _INT14_ISR                      
0     00339d3e  _DATALOG_ISR                    
0     00339d48  _RTOSINT_ISR                    
0     00339d52  _EMUINT_ISR                     
0     00339d5c  _NMI_ISR                        
0     00339d66  _ILLEGAL_ISR                    
0     00339d70  _USER1_ISR                      
0     00339d7a  _USER2_ISR                      
0     00339d84  _USER3_ISR                      
0     00339d8e  _USER4_ISR                      
0     00339d98  _USER5_ISR                      
0     00339da2  _USER6_ISR                      
0     00339dac  _USER7_ISR                      
0     00339db6  _USER8_ISR                      
0     00339dc0  _USER9_ISR                      
0     00339dca  _USER10_ISR                     
0     00339dd4  _USER11_ISR                     
0     00339dde  _USER12_ISR                     
0     00339de8  _SEQ1INT_ISR                    
0     00339df2  _SEQ2INT_ISR                    
0     00339dfc  _XINT1_ISR                      
0     00339e06  _XINT2_ISR                      
0     00339e10  _ADCINT_ISR                     
0     00339e1a  _TINT0_ISR                      
0     00339e24  _WAKEINT_ISR                    
0     00339e2e  _EPWM1_TZINT_ISR                
0     00339e38  _EPWM2_TZINT_ISR                
0     00339e42  _EPWM3_TZINT_ISR                
0     00339e4c  _EPWM4_TZINT_ISR                
0     00339e56  _EPWM5_TZINT_ISR                
0     00339e60  _EPWM6_TZINT_ISR                
0     00339e6a  _EPWM1_INT_ISR                  
0     00339e74  _EPWM2_INT_ISR                  
0     00339e7e  _EPWM3_INT_ISR                  
0     00339e88  _EPWM4_INT_ISR                  
0     00339e92  _EPWM5_INT_ISR                  
0     00339e9c  _EPWM6_INT_ISR                  
0     00339ea6  _ECAP1_INT_ISR                  
0     00339eb0  _ECAP2_INT_ISR                  
0     00339eba  _ECAP3_INT_ISR                  
0     00339ec4  _ECAP4_INT_ISR                  
0     00339ece  _ECAP5_INT_ISR                  
0     00339ed8  _ECAP6_INT_ISR                  
0     00339ee2  _EQEP1_INT_ISR                  
0     00339eec  _EQEP2_INT_ISR                  
0     00339ef6  _SPIRXINTA_ISR                  
0     00339f00  _SPITXINTA_ISR                  
0     00339f0a  _MRINTB_ISR                     
0     00339f14  _MXINTB_ISR                     
0     00339f1e  _MRINTA_ISR                     
0     00339f28  _MXINTA_ISR                     
0     00339f32  _DINTCH1_ISR                    
0     00339f3c  _DINTCH2_ISR                    
0     00339f46  _DINTCH3_ISR                    
0     00339f50  _DINTCH4_ISR                    
0     00339f5a  _DINTCH5_ISR                    
0     00339f64  _DINTCH6_ISR                    
0     00339f6e  _I2CINT1A_ISR                   
0     00339f78  _I2CINT2A_ISR                   
0     00339f82  _SCIRXINTC_ISR                  
0     00339f8c  _SCITXINTC_ISR                  
0     00339f96  _SCIRXINTA_ISR                  
0     00339fa0  _SCITXINTA_ISR                  
0     00339faa  _SCIRXINTB_ISR                  
0     00339fb4  _SCITXINTB_ISR                  
0     00339fbe  _ECAN0INTA_ISR                  
0     00339fc8  _ECAN1INTA_ISR                  
0     00339fd2  _ECAN0INTB_ISR                  
0     00339fdc  _ECAN1INTB_ISR                  
0     00339fe6  _XINT3_ISR                      
0     00339ff0  _XINT4_ISR                      
0     00339ffa  _XINT5_ISR                      
0     0033a004  _XINT6_ISR                      
0     0033a00e  _XINT7_ISR                      
0     0033a018  _LVF_ISR                        
0     0033a022  _LUF_ISR                        
0     0033a02c  _PIE_RESERVED                   
0     0033a036  _rsvd_ISR                       
0     0033a040  _strtod                         
0     0033a040  _strtof                         
0     0033a15c  LL$$DIV                         
0     0033a198  LL$$MOD                         
0     0033a1d2  ULL$$DIV                        
0     0033a201  ULL$$MOD                        
0     0033a263  _InitSysCtrl                    
0     0033a26c  _ServiceDog                     
0     0033a276  _DisableDog                     
0     0033a27e  _InitPll                        
0     0033a2cf  _InitPeripheralClocks           
0     0033a32a  _CsmUnlock                      
0     0033a35b  _InitEPwm                       
0     0033a35c  _InitEPwmGpio                   
0     0033a369  _InitEPwm1Gpio                  
0     0033a37b  _InitEPwm2Gpio                  
0     0033a38d  _InitEPwm3Gpio                  
0     0033a3a1  _InitEPwm4Gpio                  
0     0033a3b5  _InitEPwm5Gpio                  
0     0033a3c7  _InitEPwm6Gpio                  
0     0033a3d9  _InitEPwmSyncGpio               
0     0033a3ed  _InitTzGpio                     
0     0033a423  _ldexpl                         
0     0033a423  _scalbnl                        
0     0033a4df  _InitSci                        
0     0033a551  _InitSciGpio                    
0     0033a558  _InitSciaGpio                   
0     0033a56e  _InitScibGpio                   
0     0033a57e  _InitScicGpio                   
0     0033a594  FD$$ADD                         
0     0033a630  FD$$DIV                         
0     0033a6bb  FS$$DIV                         
0     0033a743  FD$$MPY                         
0     0033a7c6  _InitCpuTimers                  
0     0033a7ff  _ConfigCpuTimer                 
0     0033a839  _cos                            
0     0033a839  _cosf                           
0     0033a89a  _frexpl                         
0     0033a8f5  _sin                            
0     0033a8f5  _sinf                           
0     0033a94d  _c_int00                        
0     0033a9a3  _copy_in                        
0     0033a9e9  _sprintf                        
0     0033aa1b  _atoi                           
0     0033aa4c  _ltoa                           
0     0033aa7a  FD$$CMP                         
0     0033aaa4  L$$DIV                          
0     0033aab3  L$$MOD                          
0     0033aac1  UL$$DIV                         
0     0033aac8  UL$$MOD                         
0     0033aace  C$$EXIT                         
0     0033aace  _abort                          
0     0033aad0  _exit                           
0     0033aaf7  _InitPieCtrl                    
0     0033ab16  _EnableInterrupts               
0     0033ab1f  FS$$TOLL                        
0     0033ab45  I$$DIV                          
0     0033ab56  I$$MOD                          
0     0033ab67  _copysignl                      
0     0033ab89  FD$$TOI                         
0     0033abaa  _InitPieVectTable               
0     0033abca  LL$$TOFS                        
0     0033abea  FD$$TOL                         
0     0033ac09  LL$$CMP                         
0     0033ac1b  ULL$$CMP                        
0     0033ac27  _memcpy                         
0     0033ac45  I$$TOFD                         
0     0033ac62  FS$$TOFD                        
0     0033ac7e  L$$TOFD                         
0     0033ac9a  FD$$TOUL                        
0     0033acb5  _ddcopy                         
0     0033acb5  _dpcopy                         
0     0033acb5  _pdcopy                         
0     0033acb5  _ppcopy                         
0     0033accf  __args_main                     
0     0033ace8  LL$$AND                         
0     0033acf0  LL$$OR                          
0     0033acf8  LL$$XOR                         
0     0033ad00  LL$$MPY                         
0     0033ad14  _MemCopy                        
0     0033ad27  _InitAdc                        
0     0033ad36  FD$$SUB                         
0     0033ad44  _memccpy                        
0     0033ad51  _memset                         
0     0033ad5d  _strchr                         
0     0033ad69  U$$DIV                          
0     0033ad6e  U$$MOD                          
0     0033ad74  __register_unlock               
0     0033ad78  __register_lock                 
0     0033ad7c  __nop                           
0     0033ad7d  FD$$NEG                         
0     0033ad8e  _strlen                         
0     0033ad96  _DSP28x_DisableInt              
0     0033ad9a  _DSP28x_RestoreInt              
0     0033ad9d  _strcpy                         
0     0033ada2  _atof                           
0     0033ada6  _SetDBGIER                      
0     0033ada9  __system_pre_init               
0     0033adab  __system_post_cinit             
0     0033adac  ___cinit__                      
0     0033adac  ___etext__                      
0     0033adac  cinit                           
0     0033adac  etext                           
0     0033b124  __ctypes_                       
0     0033b226  _PieVectTableInit               
0     0033fff6  code_start                      
0     00380080  _ADC_cal                        
1     00000400  __stack                         
1     00000700  __STACK_END                     
1     00000880  _DevEmuRegs                     
1     00000a80  _FlashRegs                      
1     00000ae0  _CsmRegs                        
1     00000b00  _AdcMirror                      
1     00000b20  _XintfRegs                      
1     00000c00  _CpuTimer0Regs                  
1     00000c08  _CpuTimer1Regs                  
1     00000c10  _CpuTimer2Regs                  
1     00000ce0  _PieCtrlRegs                    
1     00000d00  _PieVectTable                   
1     00001000  _DmaRegs                        
1     00005000  _McbspaRegs                     
1     00005040  _McbspbRegs                     
1     00006000  _ECanaRegs                      
1     00006040  _ECanaLAMRegs                   
1     00006080  _ECanaMOTSRegs                  
1     000060c0  _ECanaMOTORegs                  
1     00006100  _ECanaMboxes                    
1     00006200  _ECanbRegs                      
1     00006240  _ECanbLAMRegs                   
1     00006280  _ECanbMOTSRegs                  
1     000062c0  _ECanbMOTORegs                  
1     00006300  _ECanbMboxes                    
1     00006800  _EPwm1Regs                      
1     00006840  _EPwm2Regs                      
1     00006880  _EPwm3Regs                      
1     000068c0  _EPwm4Regs                      
1     00006900  _EPwm5Regs                      
1     00006940  _EPwm6Regs                      
1     00006a00  _ECap1Regs                      
1     00006a20  _ECap2Regs                      
1     00006a40  _ECap3Regs                      
1     00006a60  _ECap4Regs                      
1     00006a80  _ECap5Regs                      
1     00006aa0  _ECap6Regs                      
1     00006b00  _EQep1Regs                      
1     00006b40  _EQep2Regs                      
1     00006f80  _GpioCtrlRegs                   
1     00006fc0  _GpioDataRegs                   
1     00006fe0  _GpioIntRegs                    
1     00007010  _SysCtrlRegs                    
1     00007040  _SpiaRegs                       
1     00007050  _SciaRegs                       
1     00007070  _XIntruptRegs                   
1     00007100  _AdcRegs                        
1     00007750  _ScibRegs                       
1     00007770  _ScicRegs                       
1     00007900  _I2caRegs                       
1     0000c000  _break_bit2                     
1     0000c001  _break_num                      
1     0000c002  _break_bit1                     
1     0000c003  _pause_finish                   
1     0000c004  _time_now                       
1     0000c005  _TimerCount1                    
1     0000c006  _TimerCount                     
1     0000c007  _pause_bit                      
1     0000c008  _Type_sel                       
1     0000c009  _Play_the_game                  
1     0000c00a  _init_bit                       
1     0000c00b  _TimerCount2                    
1     0000c00c  _buff_i                         
1     0000c00d  _stuff_position2                
1     0000c00e  _Receivedbuff                   
1     0000c00f  _mass                           
1     0000c010  _gear_ratio                     
1     0000c011  _stuff_i                        
1     0000c012  _Enable_num                     
1     0000c013  _protocol_len                   
1     0000c014  _mode_num                       
1     0000c015  _Receivedbuff2                  
1     0000c016  _stuff_position                 
1     0000c017  _V_i                            
1     0000c018  _time_now_sec_10                
1     0000c019  _time_now_min_1                 
1     0000c01a  _Train_num                      
1     0000c01b  _move_distance_1                
1     0000c01c  _move_distance_10               
1     0000c01d  _time_now_sec_1                 
1     0000c01e  _break_time_100                 
1     0000c01f  _break_time_10                  
1     0000c020  _break_timer                    
1     0000c021  _Train_target                   
1     0000c022  _time_now_min_10                
1     0000c023  _break_time_now                 
1     0000c024  _initial_timer                  
1     0000c025  _slow_start_timer               
1     0000c026  _leg_num                        
1     0000c027  _MotorCount                     
1     0000c028  _len                            
1     0000c029  _time                           
1     0000c02a  _move_distance_1000             
1     0000c02b  _end_bit                        
1     0000c02c  _break_time_1                   
1     0000c02d  _start_bit                      
1     0000c02e  _TimerCount_2                   
1     0000c02f  _move_distance_100              
1     0000c030  _motor_bit                      
1     0000c031  _E_i                            
1     0000c032  _D_i                            
1     0000c033  _i                              
1     0000c034  _M_i                            
1     0000c035  _a                              
1     0000c036  _gain_bit                       
1     0000c037  _flag2                          
1     0000c038  _Flash_bit                      
1     0000c039  _b                              
1     0000c03a  _flag                           
1     0000c03b  _ratio_bit                      
1     0000c03c  _w_3                            
1     0000c03e  _b4_3                           
1     0000c040  _ae1                            
1     0000c042  _w                              
1     0000c044  _a1_1                           
1     0000c046  _ae0                            
1     0000c048  _be3                            
1     0000c04a  _ae3                            
1     0000c04c  _be4                            
1     0000c04e  _ae4                            
1     0000c050  _be1                            
1     0000c052  _a0_1                           
1     0000c054  _be2                            
1     0000c056  _ae2                            
1     0000c058  _b4_1                           
1     0000c05a  _a4_1                           
1     0000c05c  _w_1                            
1     0000c05e  _b1_1                           
1     0000c060  _b2_1                           
1     0000c062  _a2_1                           
1     0000c064  _b3_1                           
1     0000c066  _a3_1                           
1     0000c068  _a3_3                           
1     0000c06a  _b2_3                           
1     0000c06c  _a4_3                           
1     0000c06e  _b3_3                           
1     0000c070  _a1_3                           
1     0000c072  _a0_3                           
1     0000c074  _a2_3                           
1     0000c076  _b1_3                           
1     0000c078  _ae5                            
1     0000c07a  _aa2                            
1     0000c07c  _ba1                            
1     0000c07e  _aa3                            
1     0000c080  _ba2                            
1     0000c082  _wv                             
1     0000c084  _bv4                            
1     0000c086  _aa1                            
1     0000c088  _aa0                            
1     0000c08a  _aa4                            
1     0000c08c  _ba3                            
1     0000c08e  _wa                             
1     0000c090  _ba4                            
1     0000c092  _usec_delay                     
1     0000c094  _ae8                            
1     0000c096  _be7                            
1     0000c098  _we                             
1     0000c09a  _be8                            
1     0000c09c  _ae6                            
1     0000c09e  _be5                            
1     0000c0a0  _ae7                            
1     0000c0a2  _be6                            
1     0000c0a4  _bv2                            
1     0000c0a6  _av2                            
1     0000c0a8  _bv3                            
1     0000c0aa  _av3                            
1     0000c0ac  _av0                            
1     0000c0ae  _w_base                         
1     0000c0b0  _bv1                            
1     0000c0b2  _av1                            
1     0000c0b4  _av4                            
1     0000c0b6  _gain_step                      
1     0000c0b8  _current_gain                   
1     0000c0ba  _mass_torque                    
1     0000c0bc  _DegTimer                       
1     0000c0be  _target_gain                    
1     0000c0c0  _Kd_term                        
1     0000c0c2  _ratio_gain                     
1     0000c0c4  _ratio_target_gain              
1     0000c0c6  _Encoder_deg                    
1     0000c0c8  _Encoder_deg_old                
1     0000c0ca  _Encoder_vel                    
1     0000c0cc  _Encoder_revcnt                 
1     0000c0ce  _Encoder_cnt                    
1     0000c0d0  _Encoder_sum                    
1     0000c0d2  _degree_offset                  
1     0000c0d4  _Encoder_deg_new                
1     0000c0d6  _SetDegTimer                    
1     0000c0d8  _Encoder_deg_time               
1     0000c0da  _E_vel_deg_time                 
1     0000c0dc  _BaseDegTimer                   
1     0000c0de  _Encoder_acc_deg                
1     0000c0e0  _time_Encoder_revcnt            
1     0000c0e2  _Encoder_deg_time_old           
1     0000c0e4  _Encoder_vel_deg                
1     0000c0e6  _Kv                             
1     0000c0e8  _Kd                             
1     0000c0ea  _Kp_term                        
1     0000c0ec  _Ka                             
1     0000c0ee  _Vel_error                      
1     0000c0f0  _Position_error                 
1     0000c0f2  _Kp                             
1     0000c0f4  _Acc_error                      
1     0000c0f6  _Encoder_vel_old                
1     0000c0f8  _torque_scale                   
1     0000c0fa  _max_motor_torque               
1     0000c0fc  _target_dis                     
1     0000c0fe  _training_timer                 
1     0000c100  _break_duty                     
1     0000c102  _under_velocity                 
1     0000c104  _torque_fourier_1               
1     0000c106  _torque_fourier_3               
1     0000c108  _b2                             
1     0000c10a  _a2                             
1     0000c10c  _b3                             
1     0000c10e  _a3                             
1     0000c110  _a0                             
1     0000c112  _target_time                    
1     0000c114  _b1                             
1     0000c116  _a1                             
1     0000c118  _Timer_Prd                      
1     0000c11a  _torque_interpolation           
1     0000c11c  _ED_mva_old                     
1     0000c11e  _ED_mva                         
1     0000c120  _E_vel_deg_new                  
1     0000c122  _Encoder_acc                    
1     0000c124  _torque_buffer                  
1     0000c126  _E_vel_deg_old                  
1     0000c128  _EV_mva                         
1     0000c12a  _velocity                       
1     0000c12c  _Cpu_Clk                        
1     0000c12e  _tablet_velocity                
1     0000c130  _R_velocity                     
1     0000c132  _EV_mva_old                     
1     0000c134  _move_dis                       
1     0000c136  _torque                         
1     0000c140  _decimal2hexadecimal            
1     0000c148  _uart_buff                      
1     0000c150  _RxBuff                         
1     0000c160  _uart                           
1     0000c180  _Encoder                        
1     0000c194  _RxBuff2                        
1     0000c1c0  _ED_Buff                        
1     0000c200  _EV_Buff                        
1     0000c240  _BT                             
1     0000c280  _UT                             
1     0000c300  _MAXON                          
1     0000c380  _buff                           
1     0000c3e4  _CpuTimer1                      
1     0000c3ec  _CpuTimer2                      
1     0000c3f4  _CpuTimer0                      
1     0000c3fc  __lock                          
1     0000c3fe  __unlock                        
1     0000c400  ___TI_enable_exit_profile_output
1     0000c402  ___TI_cleanup_ptr               
1     0000c404  ___TI_dtors_ptr                 
1     0000c406  _errno                          
1     0033fff8  _CsmPwl                         
1     00380090  _PartIdRegs                     
abs   00000300  __STACK_SIZE                    
abs   ffffffff  ___TI_pprof_out_hndl            
abs   ffffffff  ___TI_prof_data_size            
abs   ffffffff  ___TI_prof_data_start           
abs   ffffffff  ___binit__                      
abs   ffffffff  ___c_args__                     
abs   ffffffff  ___pinit__                      
abs   ffffffff  binit                           
abs   ffffffff  pinit                           

[506 symbols]
