<?xml version="1.0"?>
<link_info>
   <banner>TMS320C2000 Linker PC v15.12.3.LTS</banner>
   <copyright>Copyright (c) 1996-2015 Texas Instruments Incorporated</copyright>
   <link_time>0x5e6733c5</link_time>
   <link_errors>0x0</link_errors>
   <output_file>maxon_torque_cont.out</output_file>
   <entry_point>
      <name>_c_int00</name>
      <address>0x33a045</address>
   </entry_point>
   <input_file_list>
      <input_file id="fl-2">
         <path>.\</path>
         <kind>object</kind>
         <file>DSP2833x_ADC_cal.obj</file>
         <name>DSP2833x_ADC_cal.obj</name>
      </input_file>
      <input_file id="fl-3">
         <path>.\</path>
         <kind>object</kind>
         <file>DSP2833x_Adc.obj</file>
         <name>DSP2833x_Adc.obj</name>
      </input_file>
      <input_file id="fl-4">
         <path>.\</path>
         <kind>object</kind>
         <file>DSP2833x_CSMPasswords.obj</file>
         <name>DSP2833x_CSMPasswords.obj</name>
      </input_file>
      <input_file id="fl-5">
         <path>.\</path>
         <kind>object</kind>
         <file>DSP2833x_CodeStartBranch.obj</file>
         <name>DSP2833x_CodeStartBranch.obj</name>
      </input_file>
      <input_file id="fl-6">
         <path>.\</path>
         <kind>object</kind>
         <file>DSP2833x_CpuTimers.obj</file>
         <name>DSP2833x_CpuTimers.obj</name>
      </input_file>
      <input_file id="fl-7">
         <path>.\</path>
         <kind>object</kind>
         <file>DSP2833x_DBGIER.obj</file>
         <name>DSP2833x_DBGIER.obj</name>
      </input_file>
      <input_file id="fl-8">
         <path>.\</path>
         <kind>object</kind>
         <file>DSP2833x_DMA.obj</file>
         <name>DSP2833x_DMA.obj</name>
      </input_file>
      <input_file id="fl-9">
         <path>.\</path>
         <kind>object</kind>
         <file>DSP2833x_DefaultIsr.obj</file>
         <name>DSP2833x_DefaultIsr.obj</name>
      </input_file>
      <input_file id="fl-a">
         <path>.\</path>
         <kind>object</kind>
         <file>DSP2833x_DisInt.obj</file>
         <name>DSP2833x_DisInt.obj</name>
      </input_file>
      <input_file id="fl-b">
         <path>.\</path>
         <kind>object</kind>
         <file>DSP2833x_ECan.obj</file>
         <name>DSP2833x_ECan.obj</name>
      </input_file>
      <input_file id="fl-c">
         <path>.\</path>
         <kind>object</kind>
         <file>DSP2833x_ECap.obj</file>
         <name>DSP2833x_ECap.obj</name>
      </input_file>
      <input_file id="fl-d">
         <path>.\</path>
         <kind>object</kind>
         <file>DSP2833x_EPwm.obj</file>
         <name>DSP2833x_EPwm.obj</name>
      </input_file>
      <input_file id="fl-e">
         <path>.\</path>
         <kind>object</kind>
         <file>DSP2833x_EQep.obj</file>
         <name>DSP2833x_EQep.obj</name>
      </input_file>
      <input_file id="fl-f">
         <path>.\</path>
         <kind>object</kind>
         <file>DSP2833x_GlobalVariableDefs.obj</file>
         <name>DSP2833x_GlobalVariableDefs.obj</name>
      </input_file>
      <input_file id="fl-10">
         <path>.\</path>
         <kind>object</kind>
         <file>DSP2833x_Gpio.obj</file>
         <name>DSP2833x_Gpio.obj</name>
      </input_file>
      <input_file id="fl-11">
         <path>.\</path>
         <kind>object</kind>
         <file>DSP2833x_I2C.obj</file>
         <name>DSP2833x_I2C.obj</name>
      </input_file>
      <input_file id="fl-12">
         <path>.\</path>
         <kind>object</kind>
         <file>DSP2833x_Mcbsp.obj</file>
         <name>DSP2833x_Mcbsp.obj</name>
      </input_file>
      <input_file id="fl-13">
         <path>.\</path>
         <kind>object</kind>
         <file>DSP2833x_MemCopy.obj</file>
         <name>DSP2833x_MemCopy.obj</name>
      </input_file>
      <input_file id="fl-14">
         <path>.\</path>
         <kind>object</kind>
         <file>DSP2833x_PieCtrl.obj</file>
         <name>DSP2833x_PieCtrl.obj</name>
      </input_file>
      <input_file id="fl-15">
         <path>.\</path>
         <kind>object</kind>
         <file>DSP2833x_PieVect.obj</file>
         <name>DSP2833x_PieVect.obj</name>
      </input_file>
      <input_file id="fl-16">
         <path>.\</path>
         <kind>object</kind>
         <file>DSP2833x_Sci.obj</file>
         <name>DSP2833x_Sci.obj</name>
      </input_file>
      <input_file id="fl-17">
         <path>.\</path>
         <kind>object</kind>
         <file>DSP2833x_Spi.obj</file>
         <name>DSP2833x_Spi.obj</name>
      </input_file>
      <input_file id="fl-18">
         <path>.\</path>
         <kind>object</kind>
         <file>DSP2833x_SysCtrl.obj</file>
         <name>DSP2833x_SysCtrl.obj</name>
      </input_file>
      <input_file id="fl-19">
         <path>.\</path>
         <kind>object</kind>
         <file>DSP2833x_Xintf.obj</file>
         <name>DSP2833x_Xintf.obj</name>
      </input_file>
      <input_file id="fl-1a">
         <path>.\</path>
         <kind>object</kind>
         <file>DSP2833x_usDelay.obj</file>
         <name>DSP2833x_usDelay.obj</name>
      </input_file>
      <input_file id="fl-1b">
         <path>.\</path>
         <kind>object</kind>
         <file>main.obj</file>
         <name>main.obj</name>
      </input_file>
      <input_file id="fl-26">
         <path>C:\ti\ccsv6\tools\compiler\c2000_15.12.3.LTS\lib\</path>
         <kind>archive</kind>
         <file>rts2800_fpu32.lib</file>
         <name>boot.obj</name>
      </input_file>
      <input_file id="fl-27">
         <path>C:\ti\ccsv6\tools\compiler\c2000_15.12.3.LTS\lib\</path>
         <kind>archive</kind>
         <file>rts2800_fpu32.lib</file>
         <name>cpy_tbl.obj</name>
      </input_file>
      <input_file id="fl-28">
         <path>C:\ti\ccsv6\tools\compiler\c2000_15.12.3.LTS\lib\</path>
         <kind>archive</kind>
         <file>rts2800_fpu32.lib</file>
         <name>cpy_utils.obj</name>
      </input_file>
      <input_file id="fl-29">
         <path>C:\ti\ccsv6\tools\compiler\c2000_15.12.3.LTS\lib\</path>
         <kind>archive</kind>
         <file>rts2800_fpu32.lib</file>
         <name>exit.obj</name>
      </input_file>
      <input_file id="fl-2a">
         <path>C:\ti\ccsv6\tools\compiler\c2000_15.12.3.LTS\lib\</path>
         <kind>archive</kind>
         <file>rts2800_fpu32.lib</file>
         <name>fd_div.obj</name>
      </input_file>
      <input_file id="fl-2b">
         <path>C:\ti\ccsv6\tools\compiler\c2000_15.12.3.LTS\lib\</path>
         <kind>archive</kind>
         <file>rts2800_fpu32.lib</file>
         <name>fd_mpy.obj</name>
      </input_file>
      <input_file id="fl-2c">
         <path>C:\ti\ccsv6\tools\compiler\c2000_15.12.3.LTS\lib\</path>
         <kind>archive</kind>
         <file>rts2800_fpu32.lib</file>
         <name>fd_sub.obj</name>
      </input_file>
      <input_file id="fl-2d">
         <path>C:\ti\ccsv6\tools\compiler\c2000_15.12.3.LTS\lib\</path>
         <kind>archive</kind>
         <file>rts2800_fpu32.lib</file>
         <name>fd_toul.obj</name>
      </input_file>
      <input_file id="fl-2e">
         <path>C:\ti\ccsv6\tools\compiler\c2000_15.12.3.LTS\lib\</path>
         <kind>archive</kind>
         <file>rts2800_fpu32.lib</file>
         <name>fs_div.obj</name>
      </input_file>
      <input_file id="fl-2f">
         <path>C:\ti\ccsv6\tools\compiler\c2000_15.12.3.LTS\lib\</path>
         <kind>archive</kind>
         <file>rts2800_fpu32.lib</file>
         <name>fs_tofd.obj</name>
      </input_file>
      <input_file id="fl-30">
         <path>C:\ti\ccsv6\tools\compiler\c2000_15.12.3.LTS\lib\</path>
         <kind>archive</kind>
         <file>rts2800_fpu32.lib</file>
         <name>l_div.obj</name>
      </input_file>
      <input_file id="fl-31">
         <path>C:\ti\ccsv6\tools\compiler\c2000_15.12.3.LTS\lib\</path>
         <kind>archive</kind>
         <file>rts2800_fpu32.lib</file>
         <name>pre_init.obj</name>
      </input_file>
      <input_file id="fl-32">
         <path>C:\ti\ccsv6\tools\compiler\c2000_15.12.3.LTS\lib\</path>
         <kind>archive</kind>
         <file>rts2800_fpu32.lib</file>
         <name>s_cosf.obj</name>
      </input_file>
      <input_file id="fl-33">
         <path>C:\ti\ccsv6\tools\compiler\c2000_15.12.3.LTS\lib\</path>
         <kind>archive</kind>
         <file>rts2800_fpu32.lib</file>
         <name>s_sinf.obj</name>
      </input_file>
      <input_file id="fl-34">
         <path>C:\ti\ccsv6\tools\compiler\c2000_15.12.3.LTS\lib\</path>
         <kind>archive</kind>
         <file>rts2800_fpu32.lib</file>
         <name>sprintf.obj</name>
      </input_file>
      <input_file id="fl-35">
         <path>C:\ti\ccsv6\tools\compiler\c2000_15.12.3.LTS\lib\</path>
         <kind>archive</kind>
         <file>rts2800_fpu32.lib</file>
         <name>startup.obj</name>
      </input_file>
      <input_file id="fl-36">
         <path>C:\ti\ccsv6\tools\compiler\c2000_15.12.3.LTS\lib\</path>
         <kind>archive</kind>
         <file>rts2800_fpu32.lib</file>
         <name>_lock.obj</name>
      </input_file>
      <input_file id="fl-37">
         <path>C:\ti\ccsv6\tools\compiler\c2000_15.12.3.LTS\lib\</path>
         <kind>archive</kind>
         <file>rts2800_fpu32.lib</file>
         <name>_printfi.obj</name>
      </input_file>
      <input_file id="fl-38">
         <path>C:\ti\ccsv6\tools\compiler\c2000_15.12.3.LTS\lib\</path>
         <kind>archive</kind>
         <file>rts2800_fpu32.lib</file>
         <name>args_main.obj</name>
      </input_file>
      <input_file id="fl-39">
         <path>C:\ti\ccsv6\tools\compiler\c2000_15.12.3.LTS\lib\</path>
         <kind>archive</kind>
         <file>rts2800_fpu32.lib</file>
         <name>atoi.obj</name>
      </input_file>
      <input_file id="fl-3a">
         <path>C:\ti\ccsv6\tools\compiler\c2000_15.12.3.LTS\lib\</path>
         <kind>archive</kind>
         <file>rts2800_fpu32.lib</file>
         <name>ctype.obj</name>
      </input_file>
      <input_file id="fl-3b">
         <path>C:\ti\ccsv6\tools\compiler\c2000_15.12.3.LTS\lib\</path>
         <kind>archive</kind>
         <file>rts2800_fpu32.lib</file>
         <name>fd_add.obj</name>
      </input_file>
      <input_file id="fl-3c">
         <path>C:\ti\ccsv6\tools\compiler\c2000_15.12.3.LTS\lib\</path>
         <kind>archive</kind>
         <file>rts2800_fpu32.lib</file>
         <name>fd_cmp.obj</name>
      </input_file>
      <input_file id="fl-3d">
         <path>C:\ti\ccsv6\tools\compiler\c2000_15.12.3.LTS\lib\</path>
         <kind>archive</kind>
         <file>rts2800_fpu32.lib</file>
         <name>fd_neg.obj</name>
      </input_file>
      <input_file id="fl-3e">
         <path>C:\ti\ccsv6\tools\compiler\c2000_15.12.3.LTS\lib\</path>
         <kind>archive</kind>
         <file>rts2800_fpu32.lib</file>
         <name>fd_toi.obj</name>
      </input_file>
      <input_file id="fl-3f">
         <path>C:\ti\ccsv6\tools\compiler\c2000_15.12.3.LTS\lib\</path>
         <kind>archive</kind>
         <file>rts2800_fpu32.lib</file>
         <name>fd_tol.obj</name>
      </input_file>
      <input_file id="fl-40">
         <path>C:\ti\ccsv6\tools\compiler\c2000_15.12.3.LTS\lib\</path>
         <kind>archive</kind>
         <file>rts2800_fpu32.lib</file>
         <name>i_tofd.obj</name>
      </input_file>
      <input_file id="fl-41">
         <path>C:\ti\ccsv6\tools\compiler\c2000_15.12.3.LTS\lib\</path>
         <kind>archive</kind>
         <file>rts2800_fpu32.lib</file>
         <name>l_tofd.obj</name>
      </input_file>
      <input_file id="fl-42">
         <path>C:\ti\ccsv6\tools\compiler\c2000_15.12.3.LTS\lib\</path>
         <kind>archive</kind>
         <file>rts2800_fpu32.lib</file>
         <name>ll_aox.obj</name>
      </input_file>
      <input_file id="fl-43">
         <path>C:\ti\ccsv6\tools\compiler\c2000_15.12.3.LTS\lib\</path>
         <kind>archive</kind>
         <file>rts2800_fpu32.lib</file>
         <name>ll_cmp.obj</name>
      </input_file>
      <input_file id="fl-44">
         <path>C:\ti\ccsv6\tools\compiler\c2000_15.12.3.LTS\lib\</path>
         <kind>archive</kind>
         <file>rts2800_fpu32.lib</file>
         <name>ll_div.obj</name>
      </input_file>
      <input_file id="fl-45">
         <path>C:\ti\ccsv6\tools\compiler\c2000_15.12.3.LTS\lib\</path>
         <kind>archive</kind>
         <file>rts2800_fpu32.lib</file>
         <name>ltoa.obj</name>
      </input_file>
      <input_file id="fl-46">
         <path>C:\ti\ccsv6\tools\compiler\c2000_15.12.3.LTS\lib\</path>
         <kind>archive</kind>
         <file>rts2800_fpu32.lib</file>
         <name>memccpy.obj</name>
      </input_file>
      <input_file id="fl-47">
         <path>C:\ti\ccsv6\tools\compiler\c2000_15.12.3.LTS\lib\</path>
         <kind>archive</kind>
         <file>rts2800_fpu32.lib</file>
         <name>memcpy.obj</name>
      </input_file>
      <input_file id="fl-48">
         <path>C:\ti\ccsv6\tools\compiler\c2000_15.12.3.LTS\lib\</path>
         <kind>archive</kind>
         <file>rts2800_fpu32.lib</file>
         <name>memset.obj</name>
      </input_file>
      <input_file id="fl-49">
         <path>C:\ti\ccsv6\tools\compiler\c2000_15.12.3.LTS\lib\</path>
         <kind>archive</kind>
         <file>rts2800_fpu32.lib</file>
         <name>s_frexp.obj</name>
      </input_file>
      <input_file id="fl-4a">
         <path>C:\ti\ccsv6\tools\compiler\c2000_15.12.3.LTS\lib\</path>
         <kind>archive</kind>
         <file>rts2800_fpu32.lib</file>
         <name>s_scalbn.obj</name>
      </input_file>
      <input_file id="fl-4b">
         <path>C:\ti\ccsv6\tools\compiler\c2000_15.12.3.LTS\lib\</path>
         <kind>archive</kind>
         <file>rts2800_fpu32.lib</file>
         <name>strchr.obj</name>
      </input_file>
      <input_file id="fl-4c">
         <path>C:\ti\ccsv6\tools\compiler\c2000_15.12.3.LTS\lib\</path>
         <kind>archive</kind>
         <file>rts2800_fpu32.lib</file>
         <name>strcpy.obj</name>
      </input_file>
      <input_file id="fl-4d">
         <path>C:\ti\ccsv6\tools\compiler\c2000_15.12.3.LTS\lib\</path>
         <kind>archive</kind>
         <file>rts2800_fpu32.lib</file>
         <name>strlen.obj</name>
      </input_file>
      <input_file id="fl-4e">
         <path>C:\ti\ccsv6\tools\compiler\c2000_15.12.3.LTS\lib\</path>
         <kind>archive</kind>
         <file>rts2800_fpu32.lib</file>
         <name>errno.obj</name>
      </input_file>
      <input_file id="fl-4f">
         <path>C:\ti\ccsv6\tools\compiler\c2000_15.12.3.LTS\lib\</path>
         <kind>archive</kind>
         <file>rts2800_fpu32.lib</file>
         <name>s_copysign.obj</name>
      </input_file>
   </input_file_list>
   <object_component_list>
      <object_component id="oc-c0">
         <name>PieVectTableFile</name>
         <uninitialized>true</uninitialized>
         <run_address>0xd00</run_address>
         <size>0x100</size>
         <input_file_ref idref="fl-f"/>
      </object_component>
      <object_component id="oc-bc">
         <name>DevEmuRegsFile</name>
         <uninitialized>true</uninitialized>
         <run_address>0x880</run_address>
         <size>0xd0</size>
         <input_file_ref idref="fl-f"/>
      </object_component>
      <object_component id="oc-92">
         <name>FlashRegsFile</name>
         <uninitialized>true</uninitialized>
         <run_address>0xa80</run_address>
         <size>0x8</size>
         <input_file_ref idref="fl-f"/>
      </object_component>
      <object_component id="oc-9a">
         <name>CsmRegsFile</name>
         <uninitialized>true</uninitialized>
         <run_address>0xae0</run_address>
         <size>0x10</size>
         <input_file_ref idref="fl-f"/>
      </object_component>
      <object_component id="oc-9b">
         <name>AdcMirrorFile</name>
         <uninitialized>true</uninitialized>
         <run_address>0xb00</run_address>
         <size>0x10</size>
         <input_file_ref idref="fl-f"/>
      </object_component>
      <object_component id="oc-9f">
         <name>XintfRegsFile</name>
         <uninitialized>true</uninitialized>
         <run_address>0xb20</run_address>
         <size>0x1e</size>
         <input_file_ref idref="fl-f"/>
      </object_component>
      <object_component id="oc-93">
         <name>CpuTimer0RegsFile</name>
         <uninitialized>true</uninitialized>
         <run_address>0xc00</run_address>
         <size>0x8</size>
         <input_file_ref idref="fl-f"/>
      </object_component>
      <object_component id="oc-94">
         <name>CpuTimer1RegsFile</name>
         <uninitialized>true</uninitialized>
         <run_address>0xc08</run_address>
         <size>0x8</size>
         <input_file_ref idref="fl-f"/>
      </object_component>
      <object_component id="oc-90">
         <name>CpuTimer2RegsFile</name>
         <uninitialized>true</uninitialized>
         <run_address>0xc10</run_address>
         <size>0x8</size>
         <input_file_ref idref="fl-f"/>
      </object_component>
      <object_component id="oc-9d">
         <name>PieCtrlRegsFile</name>
         <uninitialized>true</uninitialized>
         <run_address>0xce0</run_address>
         <size>0x1a</size>
         <input_file_ref idref="fl-f"/>
      </object_component>
      <object_component id="oc-bd">
         <name>DmaRegsFile</name>
         <uninitialized>true</uninitialized>
         <run_address>0x1000</run_address>
         <size>0xe0</size>
         <input_file_ref idref="fl-f"/>
      </object_component>
      <object_component id="oc-b0">
         <name>McbspaRegsFile</name>
         <uninitialized>true</uninitialized>
         <run_address>0x5000</run_address>
         <size>0x25</size>
         <input_file_ref idref="fl-f"/>
      </object_component>
      <object_component id="oc-af">
         <name>McbspbRegsFile</name>
         <uninitialized>true</uninitialized>
         <run_address>0x5040</run_address>
         <size>0x25</size>
         <input_file_ref idref="fl-f"/>
      </object_component>
      <object_component id="oc-b2">
         <name>ECanaRegsFile</name>
         <uninitialized>true</uninitialized>
         <run_address>0x6000</run_address>
         <size>0x34</size>
         <input_file_ref idref="fl-f"/>
      </object_component>
      <object_component id="oc-b6">
         <name>ECanaLAMRegsFile</name>
         <uninitialized>true</uninitialized>
         <run_address>0x6040</run_address>
         <size>0x40</size>
         <input_file_ref idref="fl-f"/>
      </object_component>
      <object_component id="oc-bf">
         <name>ECanaMboxesFile</name>
         <uninitialized>true</uninitialized>
         <run_address>0x6100</run_address>
         <size>0x100</size>
         <input_file_ref idref="fl-f"/>
      </object_component>
      <object_component id="oc-b7">
         <name>ECanaMOTSRegsFile</name>
         <uninitialized>true</uninitialized>
         <run_address>0x6080</run_address>
         <size>0x40</size>
         <input_file_ref idref="fl-f"/>
      </object_component>
      <object_component id="oc-b4">
         <name>ECanaMOTORegsFile</name>
         <uninitialized>true</uninitialized>
         <run_address>0x60c0</run_address>
         <size>0x40</size>
         <input_file_ref idref="fl-f"/>
      </object_component>
      <object_component id="oc-b3">
         <name>ECanbRegsFile</name>
         <uninitialized>true</uninitialized>
         <run_address>0x6200</run_address>
         <size>0x34</size>
         <input_file_ref idref="fl-f"/>
      </object_component>
      <object_component id="oc-bb">
         <name>ECanbLAMRegsFile</name>
         <uninitialized>true</uninitialized>
         <run_address>0x6240</run_address>
         <size>0x40</size>
         <input_file_ref idref="fl-f"/>
      </object_component>
      <object_component id="oc-be">
         <name>ECanbMboxesFile</name>
         <uninitialized>true</uninitialized>
         <run_address>0x6300</run_address>
         <size>0x100</size>
         <input_file_ref idref="fl-f"/>
      </object_component>
      <object_component id="oc-b5">
         <name>ECanbMOTSRegsFile</name>
         <uninitialized>true</uninitialized>
         <run_address>0x6280</run_address>
         <size>0x40</size>
         <input_file_ref idref="fl-f"/>
      </object_component>
      <object_component id="oc-b8">
         <name>ECanbMOTORegsFile</name>
         <uninitialized>true</uninitialized>
         <run_address>0x62c0</run_address>
         <size>0x40</size>
         <input_file_ref idref="fl-f"/>
      </object_component>
      <object_component id="oc-ad">
         <name>EPwm1RegsFile</name>
         <uninitialized>true</uninitialized>
         <run_address>0x6800</run_address>
         <size>0x22</size>
         <input_file_ref idref="fl-f"/>
      </object_component>
      <object_component id="oc-a8">
         <name>EPwm2RegsFile</name>
         <uninitialized>true</uninitialized>
         <run_address>0x6840</run_address>
         <size>0x22</size>
         <input_file_ref idref="fl-f"/>
      </object_component>
      <object_component id="oc-a9">
         <name>EPwm3RegsFile</name>
         <uninitialized>true</uninitialized>
         <run_address>0x6880</run_address>
         <size>0x22</size>
         <input_file_ref idref="fl-f"/>
      </object_component>
      <object_component id="oc-ae">
         <name>EPwm4RegsFile</name>
         <uninitialized>true</uninitialized>
         <run_address>0x68c0</run_address>
         <size>0x22</size>
         <input_file_ref idref="fl-f"/>
      </object_component>
      <object_component id="oc-ab">
         <name>EPwm5RegsFile</name>
         <uninitialized>true</uninitialized>
         <run_address>0x6900</run_address>
         <size>0x22</size>
         <input_file_ref idref="fl-f"/>
      </object_component>
      <object_component id="oc-ac">
         <name>EPwm6RegsFile</name>
         <uninitialized>true</uninitialized>
         <run_address>0x6940</run_address>
         <size>0x22</size>
         <input_file_ref idref="fl-f"/>
      </object_component>
      <object_component id="oc-a2">
         <name>ECap1RegsFile</name>
         <uninitialized>true</uninitialized>
         <run_address>0x6a00</run_address>
         <size>0x20</size>
         <input_file_ref idref="fl-f"/>
      </object_component>
      <object_component id="oc-a3">
         <name>ECap2RegsFile</name>
         <uninitialized>true</uninitialized>
         <run_address>0x6a20</run_address>
         <size>0x20</size>
         <input_file_ref idref="fl-f"/>
      </object_component>
      <object_component id="oc-a0">
         <name>ECap3RegsFile</name>
         <uninitialized>true</uninitialized>
         <run_address>0x6a40</run_address>
         <size>0x20</size>
         <input_file_ref idref="fl-f"/>
      </object_component>
      <object_component id="oc-a1">
         <name>ECap4RegsFile</name>
         <uninitialized>true</uninitialized>
         <run_address>0x6a60</run_address>
         <size>0x20</size>
         <input_file_ref idref="fl-f"/>
      </object_component>
      <object_component id="oc-a6">
         <name>ECap5RegsFile</name>
         <uninitialized>true</uninitialized>
         <run_address>0x6a80</run_address>
         <size>0x20</size>
         <input_file_ref idref="fl-f"/>
      </object_component>
      <object_component id="oc-a7">
         <name>ECap6RegsFile</name>
         <uninitialized>true</uninitialized>
         <run_address>0x6aa0</run_address>
         <size>0x20</size>
         <input_file_ref idref="fl-f"/>
      </object_component>
      <object_component id="oc-b9">
         <name>EQep1RegsFile</name>
         <uninitialized>true</uninitialized>
         <run_address>0x6b00</run_address>
         <size>0x40</size>
         <input_file_ref idref="fl-f"/>
      </object_component>
      <object_component id="oc-ba">
         <name>EQep2RegsFile</name>
         <uninitialized>true</uninitialized>
         <run_address>0x6b40</run_address>
         <size>0x40</size>
         <input_file_ref idref="fl-f"/>
      </object_component>
      <object_component id="oc-b1">
         <name>GpioCtrlRegsFile</name>
         <uninitialized>true</uninitialized>
         <run_address>0x6f80</run_address>
         <size>0x2e</size>
         <input_file_ref idref="fl-f"/>
      </object_component>
      <object_component id="oc-a4">
         <name>GpioDataRegsFile</name>
         <uninitialized>true</uninitialized>
         <run_address>0x6fc0</run_address>
         <size>0x20</size>
         <input_file_ref idref="fl-f"/>
      </object_component>
      <object_component id="oc-95">
         <name>GpioIntRegsFile</name>
         <uninitialized>true</uninitialized>
         <run_address>0x6fe0</run_address>
         <size>0xa</size>
         <input_file_ref idref="fl-f"/>
      </object_component>
      <object_component id="oc-a5">
         <name>SysCtrlRegsFile</name>
         <uninitialized>true</uninitialized>
         <run_address>0x7010</run_address>
         <size>0x20</size>
         <input_file_ref idref="fl-f"/>
      </object_component>
      <object_component id="oc-96">
         <name>SpiaRegsFile</name>
         <uninitialized>true</uninitialized>
         <run_address>0x7040</run_address>
         <size>0x10</size>
         <input_file_ref idref="fl-f"/>
      </object_component>
      <object_component id="oc-99">
         <name>SciaRegsFile</name>
         <uninitialized>true</uninitialized>
         <run_address>0x7050</run_address>
         <size>0x10</size>
         <input_file_ref idref="fl-f"/>
      </object_component>
      <object_component id="oc-9c">
         <name>XIntruptRegsFile</name>
         <uninitialized>true</uninitialized>
         <run_address>0x7070</run_address>
         <size>0x10</size>
         <input_file_ref idref="fl-f"/>
      </object_component>
      <object_component id="oc-9e">
         <name>AdcRegsFile</name>
         <uninitialized>true</uninitialized>
         <run_address>0x7100</run_address>
         <size>0x1e</size>
         <input_file_ref idref="fl-f"/>
      </object_component>
      <object_component id="oc-97">
         <name>ScibRegsFile</name>
         <uninitialized>true</uninitialized>
         <run_address>0x7750</run_address>
         <size>0x10</size>
         <input_file_ref idref="fl-f"/>
      </object_component>
      <object_component id="oc-98">
         <name>ScicRegsFile</name>
         <uninitialized>true</uninitialized>
         <run_address>0x7770</run_address>
         <size>0x10</size>
         <input_file_ref idref="fl-f"/>
      </object_component>
      <object_component id="oc-aa">
         <name>I2caRegsFile</name>
         <uninitialized>true</uninitialized>
         <run_address>0x7900</run_address>
         <size>0x22</size>
         <input_file_ref idref="fl-f"/>
      </object_component>
      <object_component id="oc-91">
         <name>CsmPwlFile</name>
         <uninitialized>true</uninitialized>
         <run_address>0x33fff8</run_address>
         <size>0x8</size>
         <input_file_ref idref="fl-f"/>
      </object_component>
      <object_component id="oc-8f">
         <name>PartIdRegsFile</name>
         <uninitialized>true</uninitialized>
         <run_address>0x380090</run_address>
         <size>0x1</size>
         <input_file_ref idref="fl-f"/>
      </object_component>
      <object_component id="oc-fa">
         <name>.cinit</name>
         <load_address>0x33a720</load_address>
         <run_address>0x33a720</run_address>
         <size>0x18e</size>
         <input_file_ref idref="fl-1b"/>
      </object_component>
      <object_component id="oc-114">
         <name>.cinit</name>
         <load_address>0x33a8ae</load_address>
         <run_address>0x33a8ae</run_address>
         <size>0xe</size>
         <input_file_ref idref="fl-29"/>
      </object_component>
      <object_component id="oc-1e1">
         <name>.cinit:__lock</name>
         <load_address>0x33a8bc</load_address>
         <run_address>0x33a8bc</run_address>
         <size>0x5</size>
         <input_file_ref idref="fl-36"/>
      </object_component>
      <object_component id="oc-1f0">
         <name>.cinit:__unlock</name>
         <load_address>0x33a8c1</load_address>
         <run_address>0x33a8c1</run_address>
         <size>0x5</size>
         <input_file_ref idref="fl-36"/>
      </object_component>
      <object_component id="oc-1d0">
         <name>.cinit</name>
         <load_address>0x33a8c6</load_address>
         <run_address>0x33a8c6</run_address>
         <size>0x4</size>
         <input_file_ref idref="fl-4e"/>
      </object_component>
      <object_component id="oc-1e2">
         <name>.text</name>
         <load_address>0x338000</load_address>
         <run_address>0x338000</run_address>
         <size>0xbd9</size>
         <input_file_ref idref="fl-37"/>
      </object_component>
      <object_component id="oc-1de">
         <name>.text</name>
         <load_address>0x338bd9</load_address>
         <run_address>0x338bd9</run_address>
         <size>0x802</size>
         <input_file_ref idref="fl-1b"/>
      </object_component>
      <object_component id="oc-70">
         <name>.text:retain</name>
         <load_address>0x3393db</load_address>
         <run_address>0x3393db</run_address>
         <size>0x316</size>
         <input_file_ref idref="fl-9"/>
      </object_component>
      <object_component id="oc-fc">
         <name>.text:retain</name>
         <load_address>0x3396f1</load_address>
         <run_address>0x3396f1</run_address>
         <size>0x163</size>
         <input_file_ref idref="fl-1b"/>
      </object_component>
      <object_component id="oc-19b">
         <name>.text</name>
         <load_address>0x339854</load_address>
         <run_address>0x339854</run_address>
         <size>0x107</size>
         <input_file_ref idref="fl-44"/>
      </object_component>
      <object_component id="oc-1e4">
         <name>.text</name>
         <load_address>0x33995b</load_address>
         <run_address>0x33995b</run_address>
         <size>0xf8</size>
         <input_file_ref idref="fl-18"/>
      </object_component>
      <object_component id="oc-1eb">
         <name>.text</name>
         <load_address>0x339a53</load_address>
         <run_address>0x339a53</run_address>
         <size>0xc8</size>
         <input_file_ref idref="fl-d"/>
      </object_component>
      <object_component id="oc-1f5">
         <name>.text</name>
         <load_address>0x339b1b</load_address>
         <run_address>0x339b1b</run_address>
         <size>0xbc</size>
         <input_file_ref idref="fl-4a"/>
      </object_component>
      <object_component id="oc-1e9">
         <name>.text</name>
         <load_address>0x339bd7</load_address>
         <run_address>0x339bd7</run_address>
         <size>0xb5</size>
         <input_file_ref idref="fl-16"/>
      </object_component>
      <object_component id="oc-16e">
         <name>.text</name>
         <load_address>0x339c8c</load_address>
         <run_address>0x339c8c</run_address>
         <size>0x9c</size>
         <input_file_ref idref="fl-3b"/>
      </object_component>
      <object_component id="oc-11a">
         <name>.text</name>
         <load_address>0x339d28</load_address>
         <run_address>0x339d28</run_address>
         <size>0x8b</size>
         <input_file_ref idref="fl-2a"/>
      </object_component>
      <object_component id="oc-12e">
         <name>.text</name>
         <load_address>0x339db3</load_address>
         <run_address>0x339db3</run_address>
         <size>0x88</size>
         <input_file_ref idref="fl-2e"/>
      </object_component>
      <object_component id="oc-11f">
         <name>.text</name>
         <load_address>0x339e3b</load_address>
         <run_address>0x339e3b</run_address>
         <size>0x83</size>
         <input_file_ref idref="fl-2b"/>
      </object_component>
      <object_component id="oc-1ec">
         <name>.text</name>
         <load_address>0x339ebe</load_address>
         <run_address>0x339ebe</run_address>
         <size>0x73</size>
         <input_file_ref idref="fl-6"/>
      </object_component>
      <object_component id="oc-1ed">
         <name>.text</name>
         <load_address>0x339f31</load_address>
         <run_address>0x339f31</run_address>
         <size>0x61</size>
         <input_file_ref idref="fl-32"/>
      </object_component>
      <object_component id="oc-1f4">
         <name>.text</name>
         <load_address>0x339f92</load_address>
         <run_address>0x339f92</run_address>
         <size>0x5b</size>
         <input_file_ref idref="fl-49"/>
      </object_component>
      <object_component id="oc-1ee">
         <name>.text</name>
         <load_address>0x339fed</load_address>
         <run_address>0x339fed</run_address>
         <size>0x58</size>
         <input_file_ref idref="fl-33"/>
      </object_component>
      <object_component id="oc-4c">
         <name>.text</name>
         <load_address>0x33a045</load_address>
         <run_address>0x33a045</run_address>
         <size>0x56</size>
         <input_file_ref idref="fl-26"/>
      </object_component>
      <object_component id="oc-1d9">
         <name>.text</name>
         <load_address>0x33a09b</load_address>
         <run_address>0x33a09b</run_address>
         <size>0x46</size>
         <input_file_ref idref="fl-27"/>
      </object_component>
      <object_component id="oc-1dd">
         <name>.text</name>
         <load_address>0x33a0e1</load_address>
         <run_address>0x33a0e1</run_address>
         <size>0x32</size>
         <input_file_ref idref="fl-34"/>
      </object_component>
      <object_component id="oc-1f1">
         <name>.text</name>
         <load_address>0x33a113</load_address>
         <run_address>0x33a113</run_address>
         <size>0x31</size>
         <input_file_ref idref="fl-39"/>
      </object_component>
      <object_component id="oc-1f3">
         <name>.text</name>
         <load_address>0x33a144</load_address>
         <run_address>0x33a144</run_address>
         <size>0x2e</size>
         <input_file_ref idref="fl-45"/>
      </object_component>
      <object_component id="oc-173">
         <name>.text</name>
         <load_address>0x33a172</load_address>
         <run_address>0x33a172</run_address>
         <size>0x2a</size>
         <input_file_ref idref="fl-3c"/>
      </object_component>
      <object_component id="oc-138">
         <name>.text</name>
         <load_address>0x33a19c</load_address>
         <run_address>0x33a19c</run_address>
         <size>0x2a</size>
         <input_file_ref idref="fl-30"/>
      </object_component>
      <object_component id="oc-1dc">
         <name>.text</name>
         <load_address>0x33a1c6</load_address>
         <run_address>0x33a1c6</run_address>
         <size>0x29</size>
         <input_file_ref idref="fl-29"/>
      </object_component>
      <object_component id="oc-1e7">
         <name>.text</name>
         <load_address>0x33a1ef</load_address>
         <run_address>0x33a1ef</run_address>
         <size>0x28</size>
         <input_file_ref idref="fl-14"/>
      </object_component>
      <object_component id="oc-1fd">
         <name>.text</name>
         <load_address>0x33a217</load_address>
         <run_address>0x33a217</run_address>
         <size>0x22</size>
         <input_file_ref idref="fl-4f"/>
      </object_component>
      <object_component id="oc-17d">
         <name>.text</name>
         <load_address>0x33a239</load_address>
         <run_address>0x33a239</run_address>
         <size>0x21</size>
         <input_file_ref idref="fl-3e"/>
      </object_component>
      <object_component id="oc-1e8">
         <name>.text</name>
         <load_address>0x33a25a</load_address>
         <run_address>0x33a25a</run_address>
         <size>0x20</size>
         <input_file_ref idref="fl-15"/>
      </object_component>
      <object_component id="oc-182">
         <name>.text</name>
         <load_address>0x33a27a</load_address>
         <run_address>0x33a27a</run_address>
         <size>0x1f</size>
         <input_file_ref idref="fl-3f"/>
      </object_component>
      <object_component id="oc-196">
         <name>.text</name>
         <load_address>0x33a299</load_address>
         <run_address>0x33a299</run_address>
         <size>0x1e</size>
         <input_file_ref idref="fl-43"/>
      </object_component>
      <object_component id="oc-1e3">
         <name>.text</name>
         <load_address>0x33a2b7</load_address>
         <run_address>0x33a2b7</run_address>
         <size>0x1e</size>
         <input_file_ref idref="fl-47"/>
      </object_component>
      <object_component id="oc-187">
         <name>.text</name>
         <load_address>0x33a2d5</load_address>
         <run_address>0x33a2d5</run_address>
         <size>0x1d</size>
         <input_file_ref idref="fl-40"/>
      </object_component>
      <object_component id="oc-133">
         <name>.text</name>
         <load_address>0x33a2f2</load_address>
         <run_address>0x33a2f2</run_address>
         <size>0x1c</size>
         <input_file_ref idref="fl-2f"/>
      </object_component>
      <object_component id="oc-18c">
         <name>.text</name>
         <load_address>0x33a30e</load_address>
         <run_address>0x33a30e</run_address>
         <size>0x1c</size>
         <input_file_ref idref="fl-41"/>
      </object_component>
      <object_component id="oc-129">
         <name>.text</name>
         <load_address>0x33a32a</load_address>
         <run_address>0x33a32a</run_address>
         <size>0x1b</size>
         <input_file_ref idref="fl-2d"/>
      </object_component>
      <object_component id="oc-10e">
         <name>.text</name>
         <load_address>0x33a345</load_address>
         <run_address>0x33a345</run_address>
         <size>0x1a</size>
         <input_file_ref idref="fl-28"/>
      </object_component>
      <object_component id="oc-1db">
         <name>.text</name>
         <load_address>0x33a35f</load_address>
         <run_address>0x33a35f</run_address>
         <size>0x19</size>
         <input_file_ref idref="fl-38"/>
      </object_component>
      <object_component id="oc-191">
         <name>.text</name>
         <load_address>0x33a378</load_address>
         <run_address>0x33a378</run_address>
         <size>0x18</size>
         <input_file_ref idref="fl-42"/>
      </object_component>
      <object_component id="oc-1e5">
         <name>.text</name>
         <load_address>0x33a390</load_address>
         <run_address>0x33a390</run_address>
         <size>0x13</size>
         <input_file_ref idref="fl-13"/>
      </object_component>
      <object_component id="oc-1ea">
         <name>.text</name>
         <load_address>0x33a3a3</load_address>
         <run_address>0x33a3a3</run_address>
         <size>0xf</size>
         <input_file_ref idref="fl-3"/>
      </object_component>
      <object_component id="oc-124">
         <name>.text</name>
         <load_address>0x33a3b2</load_address>
         <run_address>0x33a3b2</run_address>
         <size>0xe</size>
         <input_file_ref idref="fl-2c"/>
      </object_component>
      <object_component id="oc-1f9">
         <name>.text</name>
         <load_address>0x33a3c0</load_address>
         <run_address>0x33a3c0</run_address>
         <size>0xd</size>
         <input_file_ref idref="fl-46"/>
      </object_component>
      <object_component id="oc-1f7">
         <name>.text</name>
         <load_address>0x33a3cd</load_address>
         <run_address>0x33a3cd</run_address>
         <size>0xc</size>
         <input_file_ref idref="fl-48"/>
      </object_component>
      <object_component id="oc-1f6">
         <name>.text</name>
         <load_address>0x33a3d9</load_address>
         <run_address>0x33a3d9</run_address>
         <size>0xc</size>
         <input_file_ref idref="fl-4b"/>
      </object_component>
      <object_component id="oc-1ef">
         <name>.text</name>
         <load_address>0x33a3e5</load_address>
         <run_address>0x33a3e5</run_address>
         <size>0x9</size>
         <input_file_ref idref="fl-36"/>
      </object_component>
      <object_component id="oc-178">
         <name>.text</name>
         <load_address>0x33a3ee</load_address>
         <run_address>0x33a3ee</run_address>
         <size>0x9</size>
         <input_file_ref idref="fl-3d"/>
      </object_component>
      <object_component id="oc-59">
         <name>.text</name>
         <load_address>0x33a3f7</load_address>
         <run_address>0x33a3f7</run_address>
         <size>0x8</size>
         <input_file_ref idref="fl-5"/>
      </object_component>
      <object_component id="oc-1f2">
         <name>.text</name>
         <load_address>0x33a3ff</load_address>
         <run_address>0x33a3ff</run_address>
         <size>0x8</size>
         <input_file_ref idref="fl-4d"/>
      </object_component>
      <object_component id="oc-75">
         <name>.text</name>
         <load_address>0x33a407</load_address>
         <run_address>0x33a407</run_address>
         <size>0x7</size>
         <input_file_ref idref="fl-a"/>
      </object_component>
      <object_component id="oc-1f8">
         <name>.text</name>
         <load_address>0x33a40e</load_address>
         <run_address>0x33a40e</run_address>
         <size>0x5</size>
         <input_file_ref idref="fl-4c"/>
      </object_component>
      <object_component id="oc-65">
         <name>.text</name>
         <load_address>0x33a413</load_address>
         <run_address>0x33a413</run_address>
         <size>0x3</size>
         <input_file_ref idref="fl-7"/>
      </object_component>
      <object_component id="oc-1d8">
         <name>.text</name>
         <load_address>0x33a416</load_address>
         <run_address>0x33a416</run_address>
         <size>0x2</size>
         <input_file_ref idref="fl-31"/>
      </object_component>
      <object_component id="oc-1da">
         <name>.text</name>
         <load_address>0x33a418</load_address>
         <run_address>0x33a418</run_address>
         <size>0x1</size>
         <input_file_ref idref="fl-35"/>
      </object_component>
      <object_component id="oc-5a">
         <name>codestart</name>
         <load_address>0x33fff6</load_address>
         <run_address>0x33fff6</run_address>
         <size>0x2</size>
         <input_file_ref idref="fl-5"/>
      </object_component>
      <object_component id="oc-1df">
         <name>ramfuncs</name>
         <load_address>0x320000</load_address>
         <run_address>0x8000</run_address>
         <size>0x3c0</size>
         <input_file_ref idref="fl-1b"/>
      </object_component>
      <object_component id="oc-1e6">
         <name>ramfuncs</name>
         <load_address>0x3203c0</load_address>
         <run_address>0x83c0</run_address>
         <size>0x1b</size>
         <input_file_ref idref="fl-18"/>
      </object_component>
      <object_component id="oc-f4">
         <name>ramfuncs</name>
         <load_address>0x3203db</load_address>
         <run_address>0x83db</run_address>
         <size>0x4</size>
         <input_file_ref idref="fl-1a"/>
      </object_component>
      <object_component id="oc-57">
         <name>csmpasswds</name>
         <load_address>0x33fff8</load_address>
         <run_address>0x33fff8</run_address>
         <size>0x8</size>
         <input_file_ref idref="fl-4"/>
      </object_component>
      <object_component id="oc-58">
         <name>csm_rsvd</name>
         <load_address>0x33ff80</load_address>
         <run_address>0x33ff80</run_address>
         <size>0x76</size>
         <input_file_ref idref="fl-4"/>
      </object_component>
      <object_component id="oc-103">
         <name>.stack</name>
         <uninitialized>true</uninitialized>
         <run_address>0x400</run_address>
         <size>0x0</size>
         <input_file_ref idref="fl-26"/>
      </object_component>
      <object_component id="oc-254">
         <name>.stack</name>
         <uninitialized>true</uninitialized>
         <run_address>0x400</run_address>
         <size>0x0</size>
      </object_component>
      <object_component id="oc-60">
         <name>.ebss</name>
         <uninitialized>true</uninitialized>
         <run_address>0xc364</run_address>
         <size>0x18</size>
         <input_file_ref idref="fl-6"/>
      </object_component>
      <object_component id="oc-fb">
         <name>.ebss</name>
         <uninitialized>true</uninitialized>
         <run_address>0xc000</run_address>
         <size>0x364</size>
         <input_file_ref idref="fl-1b"/>
      </object_component>
      <object_component id="oc-115">
         <name>.ebss</name>
         <uninitialized>true</uninitialized>
         <run_address>0xc380</run_address>
         <size>0x6</size>
         <input_file_ref idref="fl-29"/>
      </object_component>
      <object_component id="oc-1fb">
         <name>.ebss:__unlock</name>
         <uninitialized>true</uninitialized>
         <run_address>0xc37e</run_address>
         <size>0x2</size>
         <input_file_ref idref="fl-36"/>
      </object_component>
      <object_component id="oc-1e0">
         <name>.ebss:__lock</name>
         <uninitialized>true</uninitialized>
         <run_address>0xc37c</run_address>
         <size>0x2</size>
         <input_file_ref idref="fl-36"/>
      </object_component>
      <object_component id="oc-1d1">
         <name>.ebss</name>
         <uninitialized>true</uninitialized>
         <run_address>0xc386</run_address>
         <size>0x1</size>
         <input_file_ref idref="fl-4e"/>
      </object_component>
      <object_component id="oc-1fc">
         <name>.econst:.string:__ctypes_</name>
         <load_address>0x33a41a</load_address>
         <run_address>0x33a41a</run_address>
         <size>0x101</size>
         <input_file_ref idref="fl-3a"/>
      </object_component>
      <object_component id="oc-1fa">
         <name>.econst:_PieVectTableInit</name>
         <load_address>0x33a51c</load_address>
         <run_address>0x33a51c</run_address>
         <size>0x100</size>
         <input_file_ref idref="fl-15"/>
      </object_component>
      <object_component id="oc-fe">
         <name>.econst:.string</name>
         <load_address>0x33a61c</load_address>
         <run_address>0x33a61c</run_address>
         <size>0x8d</size>
         <input_file_ref idref="fl-1b"/>
      </object_component>
      <object_component id="oc-15d">
         <name>.econst:.string</name>
         <load_address>0x33a6aa</load_address>
         <run_address>0x33a6aa</run_address>
         <size>0x26</size>
         <input_file_ref idref="fl-37"/>
      </object_component>
      <object_component id="oc-15c">
         <name>.econst</name>
         <load_address>0x33a6d0</load_address>
         <run_address>0x33a6d0</run_address>
         <size>0x1c</size>
         <input_file_ref idref="fl-37"/>
      </object_component>
      <object_component id="oc-1bb">
         <name>.econst</name>
         <load_address>0x33a6ec</load_address>
         <run_address>0x33a6ec</run_address>
         <size>0x1c</size>
         <input_file_ref idref="fl-4a"/>
      </object_component>
      <object_component id="oc-fd">
         <name>.econst</name>
         <load_address>0x33a708</load_address>
         <run_address>0x33a708</run_address>
         <size>0x10</size>
         <input_file_ref idref="fl-1b"/>
      </object_component>
      <object_component id="oc-1b5">
         <name>.econst</name>
         <load_address>0x33a718</load_address>
         <run_address>0x33a718</run_address>
         <size>0x8</size>
         <input_file_ref idref="fl-49"/>
      </object_component>
      <object_component id="oc-104">
         <name>.reset</name>
         <load_address>0x3fffc0</load_address>
         <run_address>0x3fffc0</run_address>
         <size>0x2</size>
         <input_file_ref idref="fl-26"/>
      </object_component>
      <object_component id="oc-4d">
         <name>.adc_cal</name>
         <load_address>0x380080</load_address>
         <run_address>0x380080</run_address>
         <size>0x7</size>
         <input_file_ref idref="fl-2"/>
      </object_component>
      <object_component id="oc-4e">
         <name>.debug_info</name>
         <load_address>0x0</load_address>
         <run_address>0x0</run_address>
         <size>0xff</size>
         <input_file_ref idref="fl-2"/>
      </object_component>
      <object_component id="oc-52">
         <name>.debug_info</name>
         <load_address>0xff</load_address>
         <run_address>0xff</run_address>
         <size>0x1ee7</size>
         <input_file_ref idref="fl-3"/>
      </object_component>
      <object_component id="oc-5b">
         <name>.debug_info</name>
         <load_address>0x1fe6</load_address>
         <run_address>0x1fe6</run_address>
         <size>0x146</size>
         <input_file_ref idref="fl-5"/>
      </object_component>
      <object_component id="oc-5f">
         <name>.debug_info</name>
         <load_address>0x212c</load_address>
         <run_address>0x212c</run_address>
         <size>0x9e4</size>
         <input_file_ref idref="fl-6"/>
      </object_component>
      <object_component id="oc-66">
         <name>.debug_info</name>
         <load_address>0x2b10</load_address>
         <run_address>0x2b10</run_address>
         <size>0xfd</size>
         <input_file_ref idref="fl-7"/>
      </object_component>
      <object_component id="oc-6a">
         <name>.debug_info</name>
         <load_address>0x2c0d</load_address>
         <run_address>0x2c0d</run_address>
         <size>0x1733</size>
         <input_file_ref idref="fl-8"/>
      </object_component>
      <object_component id="oc-6f">
         <name>.debug_info</name>
         <load_address>0x4340</load_address>
         <run_address>0x4340</run_address>
         <size>0x29ef</size>
         <input_file_ref idref="fl-9"/>
      </object_component>
      <object_component id="oc-76">
         <name>.debug_info</name>
         <load_address>0x6d2f</load_address>
         <run_address>0x6d2f</run_address>
         <size>0x103</size>
         <input_file_ref idref="fl-a"/>
      </object_component>
      <object_component id="oc-7a">
         <name>.debug_info</name>
         <load_address>0x6e32</load_address>
         <run_address>0x6e32</run_address>
         <size>0x5d9a</size>
         <input_file_ref idref="fl-b"/>
      </object_component>
      <object_component id="oc-7f">
         <name>.debug_info</name>
         <load_address>0xcbcc</load_address>
         <run_address>0xcbcc</run_address>
         <size>0x1ba8</size>
         <input_file_ref idref="fl-c"/>
      </object_component>
      <object_component id="oc-84">
         <name>.debug_info</name>
         <load_address>0xe774</load_address>
         <run_address>0xe774</run_address>
         <size>0x20fe</size>
         <input_file_ref idref="fl-d"/>
      </object_component>
      <object_component id="oc-89">
         <name>.debug_info</name>
         <load_address>0x10872</load_address>
         <run_address>0x10872</run_address>
         <size>0x1ba8</size>
         <input_file_ref idref="fl-e"/>
      </object_component>
      <object_component id="oc-8e">
         <name>.debug_info</name>
         <load_address>0x1241a</load_address>
         <run_address>0x1241a</run_address>
         <size>0x133b0</size>
         <input_file_ref idref="fl-f"/>
      </object_component>
      <object_component id="oc-c2">
         <name>.debug_info</name>
         <load_address>0x257ca</load_address>
         <run_address>0x257ca</run_address>
         <size>0x1ba8</size>
         <input_file_ref idref="fl-10"/>
      </object_component>
      <object_component id="oc-c7">
         <name>.debug_info</name>
         <load_address>0x27372</load_address>
         <run_address>0x27372</run_address>
         <size>0x1ba7</size>
         <input_file_ref idref="fl-11"/>
      </object_component>
      <object_component id="oc-cc">
         <name>.debug_info</name>
         <load_address>0x28f19</load_address>
         <run_address>0x28f19</run_address>
         <size>0x49c3</size>
         <input_file_ref idref="fl-12"/>
      </object_component>
      <object_component id="oc-d1">
         <name>.debug_info</name>
         <load_address>0x2d8dc</load_address>
         <run_address>0x2d8dc</run_address>
         <size>0x48b</size>
         <input_file_ref idref="fl-13"/>
      </object_component>
      <object_component id="oc-d6">
         <name>.debug_info</name>
         <load_address>0x2dd67</load_address>
         <run_address>0x2dd67</run_address>
         <size>0xb8c</size>
         <input_file_ref idref="fl-14"/>
      </object_component>
      <object_component id="oc-db">
         <name>.debug_info</name>
         <load_address>0x2e8f3</load_address>
         <run_address>0x2e8f3</run_address>
         <size>0x22de</size>
         <input_file_ref idref="fl-15"/>
      </object_component>
      <object_component id="oc-e0">
         <name>.debug_info</name>
         <load_address>0x30bd1</load_address>
         <run_address>0x30bd1</run_address>
         <size>0x28f5</size>
         <input_file_ref idref="fl-16"/>
      </object_component>
      <object_component id="oc-e5">
         <name>.debug_info</name>
         <load_address>0x334c6</load_address>
         <run_address>0x334c6</run_address>
         <size>0x1ba7</size>
         <input_file_ref idref="fl-17"/>
      </object_component>
      <object_component id="oc-ea">
         <name>.debug_info</name>
         <load_address>0x3506d</load_address>
         <run_address>0x3506d</run_address>
         <size>0x21a0</size>
         <input_file_ref idref="fl-18"/>
      </object_component>
      <object_component id="oc-ef">
         <name>.debug_info</name>
         <load_address>0x3720d</load_address>
         <run_address>0x3720d</run_address>
         <size>0x215f</size>
         <input_file_ref idref="fl-19"/>
      </object_component>
      <object_component id="oc-f5">
         <name>.debug_info</name>
         <load_address>0x3936c</load_address>
         <run_address>0x3936c</run_address>
         <size>0xff</size>
         <input_file_ref idref="fl-1a"/>
      </object_component>
      <object_component id="oc-f9">
         <name>.debug_info</name>
         <load_address>0x3946b</load_address>
         <run_address>0x3946b</run_address>
         <size>0x82cf</size>
         <input_file_ref idref="fl-1b"/>
      </object_component>
      <object_component id="oc-105">
         <name>.debug_info</name>
         <load_address>0x4173a</load_address>
         <run_address>0x4173a</run_address>
         <size>0x16c</size>
         <input_file_ref idref="fl-26"/>
      </object_component>
      <object_component id="oc-109">
         <name>.debug_info</name>
         <load_address>0x418a6</load_address>
         <run_address>0x418a6</run_address>
         <size>0x628</size>
         <input_file_ref idref="fl-27"/>
      </object_component>
      <object_component id="oc-10f">
         <name>.debug_info</name>
         <load_address>0x41ece</load_address>
         <run_address>0x41ece</run_address>
         <size>0x113</size>
         <input_file_ref idref="fl-28"/>
      </object_component>
      <object_component id="oc-113">
         <name>.debug_info</name>
         <load_address>0x41fe1</load_address>
         <run_address>0x41fe1</run_address>
         <size>0x5ac</size>
         <input_file_ref idref="fl-29"/>
      </object_component>
      <object_component id="oc-11b">
         <name>.debug_info</name>
         <load_address>0x4258d</load_address>
         <run_address>0x4258d</run_address>
         <size>0x10d</size>
         <input_file_ref idref="fl-2a"/>
      </object_component>
      <object_component id="oc-120">
         <name>.debug_info</name>
         <load_address>0x4269a</load_address>
         <run_address>0x4269a</run_address>
         <size>0x10d</size>
         <input_file_ref idref="fl-2b"/>
      </object_component>
      <object_component id="oc-125">
         <name>.debug_info</name>
         <load_address>0x427a7</load_address>
         <run_address>0x427a7</run_address>
         <size>0x11b</size>
         <input_file_ref idref="fl-2c"/>
      </object_component>
      <object_component id="oc-12a">
         <name>.debug_info</name>
         <load_address>0x428c2</load_address>
         <run_address>0x428c2</run_address>
         <size>0x110</size>
         <input_file_ref idref="fl-2d"/>
      </object_component>
      <object_component id="oc-12f">
         <name>.debug_info</name>
         <load_address>0x429d2</load_address>
         <run_address>0x429d2</run_address>
         <size>0x10d</size>
         <input_file_ref idref="fl-2e"/>
      </object_component>
      <object_component id="oc-134">
         <name>.debug_info</name>
         <load_address>0x42adf</load_address>
         <run_address>0x42adf</run_address>
         <size>0x113</size>
         <input_file_ref idref="fl-2f"/>
      </object_component>
      <object_component id="oc-139">
         <name>.debug_info</name>
         <load_address>0x42bf2</load_address>
         <run_address>0x42bf2</run_address>
         <size>0x19e</size>
         <input_file_ref idref="fl-30"/>
      </object_component>
      <object_component id="oc-13d">
         <name>.debug_info</name>
         <load_address>0x42d90</load_address>
         <run_address>0x42d90</run_address>
         <size>0x3e3</size>
         <input_file_ref idref="fl-31"/>
      </object_component>
      <object_component id="oc-142">
         <name>.debug_info</name>
         <load_address>0x43173</load_address>
         <run_address>0x43173</run_address>
         <size>0x423</size>
         <input_file_ref idref="fl-32"/>
      </object_component>
      <object_component id="oc-147">
         <name>.debug_info</name>
         <load_address>0x43596</load_address>
         <run_address>0x43596</run_address>
         <size>0x435</size>
         <input_file_ref idref="fl-33"/>
      </object_component>
      <object_component id="oc-14c">
         <name>.debug_info</name>
         <load_address>0x439cb</load_address>
         <run_address>0x439cb</run_address>
         <size>0x68c</size>
         <input_file_ref idref="fl-34"/>
      </object_component>
      <object_component id="oc-151">
         <name>.debug_info</name>
         <load_address>0x44057</load_address>
         <run_address>0x44057</run_address>
         <size>0x3e0</size>
         <input_file_ref idref="fl-35"/>
      </object_component>
      <object_component id="oc-156">
         <name>.debug_info</name>
         <load_address>0x44437</load_address>
         <run_address>0x44437</run_address>
         <size>0x502</size>
         <input_file_ref idref="fl-36"/>
      </object_component>
      <object_component id="oc-15b">
         <name>.debug_info</name>
         <load_address>0x44939</load_address>
         <run_address>0x44939</run_address>
         <size>0x2560</size>
         <input_file_ref idref="fl-37"/>
      </object_component>
      <object_component id="oc-162">
         <name>.debug_info</name>
         <load_address>0x46e99</load_address>
         <run_address>0x46e99</run_address>
         <size>0x4cf</size>
         <input_file_ref idref="fl-38"/>
      </object_component>
      <object_component id="oc-167">
         <name>.debug_info</name>
         <load_address>0x47368</load_address>
         <run_address>0x47368</run_address>
         <size>0x455</size>
         <input_file_ref idref="fl-39"/>
      </object_component>
      <object_component id="oc-16c">
         <name>.debug_info</name>
         <load_address>0x477bd</load_address>
         <run_address>0x477bd</run_address>
         <size>0x1dd</size>
         <input_file_ref idref="fl-3a"/>
      </object_component>
      <object_component id="oc-16f">
         <name>.debug_info</name>
         <load_address>0x4799a</load_address>
         <run_address>0x4799a</run_address>
         <size>0x10d</size>
         <input_file_ref idref="fl-3b"/>
      </object_component>
      <object_component id="oc-174">
         <name>.debug_info</name>
         <load_address>0x47aa7</load_address>
         <run_address>0x47aa7</run_address>
         <size>0x119</size>
         <input_file_ref idref="fl-3c"/>
      </object_component>
      <object_component id="oc-179">
         <name>.debug_info</name>
         <load_address>0x47bc0</load_address>
         <run_address>0x47bc0</run_address>
         <size>0x10d</size>
         <input_file_ref idref="fl-3d"/>
      </object_component>
      <object_component id="oc-17e">
         <name>.debug_info</name>
         <load_address>0x47ccd</load_address>
         <run_address>0x47ccd</run_address>
         <size>0x10d</size>
         <input_file_ref idref="fl-3e"/>
      </object_component>
      <object_component id="oc-183">
         <name>.debug_info</name>
         <load_address>0x47dda</load_address>
         <run_address>0x47dda</run_address>
         <size>0x10d</size>
         <input_file_ref idref="fl-3f"/>
      </object_component>
      <object_component id="oc-188">
         <name>.debug_info</name>
         <load_address>0x47ee7</load_address>
         <run_address>0x47ee7</run_address>
         <size>0x111</size>
         <input_file_ref idref="fl-40"/>
      </object_component>
      <object_component id="oc-18d">
         <name>.debug_info</name>
         <load_address>0x47ff8</load_address>
         <run_address>0x47ff8</run_address>
         <size>0x111</size>
         <input_file_ref idref="fl-41"/>
      </object_component>
      <object_component id="oc-192">
         <name>.debug_info</name>
         <load_address>0x48109</load_address>
         <run_address>0x48109</run_address>
         <size>0x16f</size>
         <input_file_ref idref="fl-42"/>
      </object_component>
      <object_component id="oc-197">
         <name>.debug_info</name>
         <load_address>0x48278</load_address>
         <run_address>0x48278</run_address>
         <size>0x147</size>
         <input_file_ref idref="fl-43"/>
      </object_component>
      <object_component id="oc-19c">
         <name>.debug_info</name>
         <load_address>0x483bf</load_address>
         <run_address>0x483bf</run_address>
         <size>0x22a</size>
         <input_file_ref idref="fl-44"/>
      </object_component>
      <object_component id="oc-1a0">
         <name>.debug_info</name>
         <load_address>0x485e9</load_address>
         <run_address>0x485e9</run_address>
         <size>0x4ef</size>
         <input_file_ref idref="fl-45"/>
      </object_component>
      <object_component id="oc-1a5">
         <name>.debug_info</name>
         <load_address>0x48ad8</load_address>
         <run_address>0x48ad8</run_address>
         <size>0x46e</size>
         <input_file_ref idref="fl-46"/>
      </object_component>
      <object_component id="oc-1aa">
         <name>.debug_info</name>
         <load_address>0x48f46</load_address>
         <run_address>0x48f46</run_address>
         <size>0x470</size>
         <input_file_ref idref="fl-47"/>
      </object_component>
      <object_component id="oc-1af">
         <name>.debug_info</name>
         <load_address>0x493b6</load_address>
         <run_address>0x493b6</run_address>
         <size>0x528</size>
         <input_file_ref idref="fl-48"/>
      </object_component>
      <object_component id="oc-1b4">
         <name>.debug_info</name>
         <load_address>0x498de</load_address>
         <run_address>0x498de</run_address>
         <size>0x538</size>
         <input_file_ref idref="fl-49"/>
      </object_component>
      <object_component id="oc-1ba">
         <name>.debug_info</name>
         <load_address>0x49e16</load_address>
         <run_address>0x49e16</run_address>
         <size>0x5e3</size>
         <input_file_ref idref="fl-4a"/>
      </object_component>
      <object_component id="oc-1c0">
         <name>.debug_info</name>
         <load_address>0x4a3f9</load_address>
         <run_address>0x4a3f9</run_address>
         <size>0x517</size>
         <input_file_ref idref="fl-4b"/>
      </object_component>
      <object_component id="oc-1c5">
         <name>.debug_info</name>
         <load_address>0x4a910</load_address>
         <run_address>0x4a910</run_address>
         <size>0x4f1</size>
         <input_file_ref idref="fl-4c"/>
      </object_component>
      <object_component id="oc-1ca">
         <name>.debug_info</name>
         <load_address>0x4ae01</load_address>
         <run_address>0x4ae01</run_address>
         <size>0x4d0</size>
         <input_file_ref idref="fl-4d"/>
      </object_component>
      <object_component id="oc-1cf">
         <name>.debug_info</name>
         <load_address>0x4b2d1</load_address>
         <run_address>0x4b2d1</run_address>
         <size>0x1bc</size>
         <input_file_ref idref="fl-4e"/>
      </object_component>
      <object_component id="oc-1d3">
         <name>.debug_info</name>
         <load_address>0x4b48d</load_address>
         <run_address>0x4b48d</run_address>
         <size>0x4c5</size>
         <input_file_ref idref="fl-4f"/>
      </object_component>
      <object_component id="oc-255">
         <name>.debug_info</name>
         <load_address>0x4b952</load_address>
         <run_address>0x4b952</run_address>
         <size>0x98</size>
      </object_component>
      <object_component id="oc-4f">
         <name>.debug_line</name>
         <load_address>0x0</load_address>
         <run_address>0x0</run_address>
         <size>0x59</size>
         <input_file_ref idref="fl-2"/>
      </object_component>
      <object_component id="oc-54">
         <name>.debug_line</name>
         <load_address>0x59</load_address>
         <run_address>0x59</run_address>
         <size>0x60</size>
         <input_file_ref idref="fl-3"/>
      </object_component>
      <object_component id="oc-5c">
         <name>.debug_line</name>
         <load_address>0xb9</load_address>
         <run_address>0xb9</run_address>
         <size>0x71</size>
         <input_file_ref idref="fl-5"/>
      </object_component>
      <object_component id="oc-62">
         <name>.debug_line</name>
         <load_address>0x12a</load_address>
         <run_address>0x12a</run_address>
         <size>0x94</size>
         <input_file_ref idref="fl-6"/>
      </object_component>
      <object_component id="oc-67">
         <name>.debug_line</name>
         <load_address>0x1be</load_address>
         <run_address>0x1be</run_address>
         <size>0x57</size>
         <input_file_ref idref="fl-7"/>
      </object_component>
      <object_component id="oc-6c">
         <name>.debug_line</name>
         <load_address>0x215</load_address>
         <run_address>0x215</run_address>
         <size>0x42</size>
         <input_file_ref idref="fl-8"/>
      </object_component>
      <object_component id="oc-72">
         <name>.debug_line</name>
         <load_address>0x257</load_address>
         <run_address>0x257</run_address>
         <size>0x75e</size>
         <input_file_ref idref="fl-9"/>
      </object_component>
      <object_component id="oc-77">
         <name>.debug_line</name>
         <load_address>0x9b5</load_address>
         <run_address>0x9b5</run_address>
         <size>0x5b</size>
         <input_file_ref idref="fl-a"/>
      </object_component>
      <object_component id="oc-7c">
         <name>.debug_line</name>
         <load_address>0xa10</load_address>
         <run_address>0xa10</run_address>
         <size>0x43</size>
         <input_file_ref idref="fl-b"/>
      </object_component>
      <object_component id="oc-81">
         <name>.debug_line</name>
         <load_address>0xa53</load_address>
         <run_address>0xa53</run_address>
         <size>0x43</size>
         <input_file_ref idref="fl-c"/>
      </object_component>
      <object_component id="oc-86">
         <name>.debug_line</name>
         <load_address>0xa96</load_address>
         <run_address>0xa96</run_address>
         <size>0x17a</size>
         <input_file_ref idref="fl-d"/>
      </object_component>
      <object_component id="oc-8b">
         <name>.debug_line</name>
         <load_address>0xc10</load_address>
         <run_address>0xc10</run_address>
         <size>0x43</size>
         <input_file_ref idref="fl-e"/>
      </object_component>
      <object_component id="oc-c4">
         <name>.debug_line</name>
         <load_address>0xc53</load_address>
         <run_address>0xc53</run_address>
         <size>0x43</size>
         <input_file_ref idref="fl-10"/>
      </object_component>
      <object_component id="oc-c9">
         <name>.debug_line</name>
         <load_address>0xc96</load_address>
         <run_address>0xc96</run_address>
         <size>0x42</size>
         <input_file_ref idref="fl-11"/>
      </object_component>
      <object_component id="oc-ce">
         <name>.debug_line</name>
         <load_address>0xcd8</load_address>
         <run_address>0xcd8</run_address>
         <size>0x44</size>
         <input_file_ref idref="fl-12"/>
      </object_component>
      <object_component id="oc-d3">
         <name>.debug_line</name>
         <load_address>0xd1c</load_address>
         <run_address>0xd1c</run_address>
         <size>0x67</size>
         <input_file_ref idref="fl-13"/>
      </object_component>
      <object_component id="oc-d8">
         <name>.debug_line</name>
         <load_address>0xd83</load_address>
         <run_address>0xd83</run_address>
         <size>0x96</size>
         <input_file_ref idref="fl-14"/>
      </object_component>
      <object_component id="oc-dd">
         <name>.debug_line</name>
         <load_address>0xe19</load_address>
         <run_address>0xe19</run_address>
         <size>0x78</size>
         <input_file_ref idref="fl-15"/>
      </object_component>
      <object_component id="oc-e2">
         <name>.debug_line</name>
         <load_address>0xe91</load_address>
         <run_address>0xe91</run_address>
         <size>0x112</size>
         <input_file_ref idref="fl-16"/>
      </object_component>
      <object_component id="oc-e7">
         <name>.debug_line</name>
         <load_address>0xfa3</load_address>
         <run_address>0xfa3</run_address>
         <size>0x42</size>
         <input_file_ref idref="fl-17"/>
      </object_component>
      <object_component id="oc-ec">
         <name>.debug_line</name>
         <load_address>0xfe5</load_address>
         <run_address>0xfe5</run_address>
         <size>0x175</size>
         <input_file_ref idref="fl-18"/>
      </object_component>
      <object_component id="oc-f1">
         <name>.debug_line</name>
         <load_address>0x115a</load_address>
         <run_address>0x115a</run_address>
         <size>0x44</size>
         <input_file_ref idref="fl-19"/>
      </object_component>
      <object_component id="oc-f6">
         <name>.debug_line</name>
         <load_address>0x119e</load_address>
         <run_address>0x119e</run_address>
         <size>0x58</size>
         <input_file_ref idref="fl-1a"/>
      </object_component>
      <object_component id="oc-100">
         <name>.debug_line</name>
         <load_address>0x11f6</load_address>
         <run_address>0x11f6</run_address>
         <size>0x80e</size>
         <input_file_ref idref="fl-1b"/>
      </object_component>
      <object_component id="oc-106">
         <name>.debug_line</name>
         <load_address>0x1a04</load_address>
         <run_address>0x1a04</run_address>
         <size>0x7e</size>
         <input_file_ref idref="fl-26"/>
      </object_component>
      <object_component id="oc-10b">
         <name>.debug_line</name>
         <load_address>0x1a82</load_address>
         <run_address>0x1a82</run_address>
         <size>0x6a</size>
         <input_file_ref idref="fl-27"/>
      </object_component>
      <object_component id="oc-110">
         <name>.debug_line</name>
         <load_address>0x1aec</load_address>
         <run_address>0x1aec</run_address>
         <size>0x50</size>
         <input_file_ref idref="fl-28"/>
      </object_component>
      <object_component id="oc-117">
         <name>.debug_line</name>
         <load_address>0x1b3c</load_address>
         <run_address>0x1b3c</run_address>
         <size>0x65</size>
         <input_file_ref idref="fl-29"/>
      </object_component>
      <object_component id="oc-11c">
         <name>.debug_line</name>
         <load_address>0x1ba1</load_address>
         <run_address>0x1ba1</run_address>
         <size>0xb3</size>
         <input_file_ref idref="fl-2a"/>
      </object_component>
      <object_component id="oc-121">
         <name>.debug_line</name>
         <load_address>0x1c54</load_address>
         <run_address>0x1c54</run_address>
         <size>0xa2</size>
         <input_file_ref idref="fl-2b"/>
      </object_component>
      <object_component id="oc-126">
         <name>.debug_line</name>
         <load_address>0x1cf6</load_address>
         <run_address>0x1cf6</run_address>
         <size>0x49</size>
         <input_file_ref idref="fl-2c"/>
      </object_component>
      <object_component id="oc-12b">
         <name>.debug_line</name>
         <load_address>0x1d3f</load_address>
         <run_address>0x1d3f</run_address>
         <size>0x57</size>
         <input_file_ref idref="fl-2d"/>
      </object_component>
      <object_component id="oc-130">
         <name>.debug_line</name>
         <load_address>0x1d96</load_address>
         <run_address>0x1d96</run_address>
         <size>0xad</size>
         <input_file_ref idref="fl-2e"/>
      </object_component>
      <object_component id="oc-135">
         <name>.debug_line</name>
         <load_address>0x1e43</load_address>
         <run_address>0x1e43</run_address>
         <size>0x58</size>
         <input_file_ref idref="fl-2f"/>
      </object_component>
      <object_component id="oc-13a">
         <name>.debug_line</name>
         <load_address>0x1e9b</load_address>
         <run_address>0x1e9b</run_address>
         <size>0x8e</size>
         <input_file_ref idref="fl-30"/>
      </object_component>
      <object_component id="oc-13f">
         <name>.debug_line</name>
         <load_address>0x1f29</load_address>
         <run_address>0x1f29</run_address>
         <size>0x3e</size>
         <input_file_ref idref="fl-31"/>
      </object_component>
      <object_component id="oc-144">
         <name>.debug_line</name>
         <load_address>0x1f67</load_address>
         <run_address>0x1f67</run_address>
         <size>0x50</size>
         <input_file_ref idref="fl-32"/>
      </object_component>
      <object_component id="oc-149">
         <name>.debug_line</name>
         <load_address>0x1fb7</load_address>
         <run_address>0x1fb7</run_address>
         <size>0x63</size>
         <input_file_ref idref="fl-33"/>
      </object_component>
      <object_component id="oc-14e">
         <name>.debug_line</name>
         <load_address>0x201a</load_address>
         <run_address>0x201a</run_address>
         <size>0x7d</size>
         <input_file_ref idref="fl-34"/>
      </object_component>
      <object_component id="oc-153">
         <name>.debug_line</name>
         <load_address>0x2097</load_address>
         <run_address>0x2097</run_address>
         <size>0x3a</size>
         <input_file_ref idref="fl-35"/>
      </object_component>
      <object_component id="oc-158">
         <name>.debug_line</name>
         <load_address>0x20d1</load_address>
         <run_address>0x20d1</run_address>
         <size>0x5e</size>
         <input_file_ref idref="fl-36"/>
      </object_component>
      <object_component id="oc-15f">
         <name>.debug_line</name>
         <load_address>0x212f</load_address>
         <run_address>0x212f</run_address>
         <size>0xc3c</size>
         <input_file_ref idref="fl-37"/>
      </object_component>
      <object_component id="oc-164">
         <name>.debug_line</name>
         <load_address>0x2d6b</load_address>
         <run_address>0x2d6b</run_address>
         <size>0x55</size>
         <input_file_ref idref="fl-38"/>
      </object_component>
      <object_component id="oc-169">
         <name>.debug_line</name>
         <load_address>0x2dc0</load_address>
         <run_address>0x2dc0</run_address>
         <size>0x6a</size>
         <input_file_ref idref="fl-39"/>
      </object_component>
      <object_component id="oc-170">
         <name>.debug_line</name>
         <load_address>0x2e2a</load_address>
         <run_address>0x2e2a</run_address>
         <size>0xc4</size>
         <input_file_ref idref="fl-3b"/>
      </object_component>
      <object_component id="oc-175">
         <name>.debug_line</name>
         <load_address>0x2eee</load_address>
         <run_address>0x2eee</run_address>
         <size>0x60</size>
         <input_file_ref idref="fl-3c"/>
      </object_component>
      <object_component id="oc-17a">
         <name>.debug_line</name>
         <load_address>0x2f4e</load_address>
         <run_address>0x2f4e</run_address>
         <size>0x45</size>
         <input_file_ref idref="fl-3d"/>
      </object_component>
      <object_component id="oc-17f">
         <name>.debug_line</name>
         <load_address>0x2f93</load_address>
         <run_address>0x2f93</run_address>
         <size>0x59</size>
         <input_file_ref idref="fl-3e"/>
      </object_component>
      <object_component id="oc-184">
         <name>.debug_line</name>
         <load_address>0x2fec</load_address>
         <run_address>0x2fec</run_address>
         <size>0x58</size>
         <input_file_ref idref="fl-3f"/>
      </object_component>
      <object_component id="oc-189">
         <name>.debug_line</name>
         <load_address>0x3044</load_address>
         <run_address>0x3044</run_address>
         <size>0x57</size>
         <input_file_ref idref="fl-40"/>
      </object_component>
      <object_component id="oc-18e">
         <name>.debug_line</name>
         <load_address>0x309b</load_address>
         <run_address>0x309b</run_address>
         <size>0x56</size>
         <input_file_ref idref="fl-41"/>
      </object_component>
      <object_component id="oc-193">
         <name>.debug_line</name>
         <load_address>0x30f1</load_address>
         <run_address>0x30f1</run_address>
         <size>0x6c</size>
         <input_file_ref idref="fl-42"/>
      </object_component>
      <object_component id="oc-198">
         <name>.debug_line</name>
         <load_address>0x315d</load_address>
         <run_address>0x315d</run_address>
         <size>0x63</size>
         <input_file_ref idref="fl-43"/>
      </object_component>
      <object_component id="oc-19d">
         <name>.debug_line</name>
         <load_address>0x31c0</load_address>
         <run_address>0x31c0</run_address>
         <size>0x16b</size>
         <input_file_ref idref="fl-44"/>
      </object_component>
      <object_component id="oc-1a2">
         <name>.debug_line</name>
         <load_address>0x332b</load_address>
         <run_address>0x332b</run_address>
         <size>0x5f</size>
         <input_file_ref idref="fl-45"/>
      </object_component>
      <object_component id="oc-1a7">
         <name>.debug_line</name>
         <load_address>0x338a</load_address>
         <run_address>0x338a</run_address>
         <size>0x48</size>
         <input_file_ref idref="fl-46"/>
      </object_component>
      <object_component id="oc-1ac">
         <name>.debug_line</name>
         <load_address>0x33d2</load_address>
         <run_address>0x33d2</run_address>
         <size>0x62</size>
         <input_file_ref idref="fl-47"/>
      </object_component>
[...]
         <name>_buff_i</name>
         <value>0xc00f</value>
         <object_component_ref idref="oc-fb"/>
      </symbol>
      <symbol id="sm-3ec">
         <name>_under_velocity</name>
         <value>0xc036</value>
         <object_component_ref idref="oc-fb"/>
      </symbol>
      <symbol id="sm-3ed">
         <name>_BT</name>
         <value>0xc1c0</value>
         <object_component_ref idref="oc-fb"/>
      </symbol>
      <symbol id="sm-3ee">
         <name>_CalcFieldCRC</name>
         <value>0x339349</value>
         <object_component_ref idref="oc-1de"/>
      </symbol>
      <symbol id="sm-3ef">
         <name>_Encoder_vel</name>
         <value>0xc092</value>
         <object_component_ref idref="oc-fb"/>
      </symbol>
      <symbol id="sm-3f0">
         <name>_buff</name>
         <value>0xc300</value>
         <object_component_ref idref="oc-fb"/>
      </symbol>
      <symbol id="sm-3f1">
         <name>_break_duty</name>
         <value>0xc030</value>
         <object_component_ref idref="oc-fb"/>
      </symbol>
      <symbol id="sm-3f2">
         <name>_Encoder_deg_old</name>
         <value>0xc082</value>
         <object_component_ref idref="oc-fb"/>
      </symbol>
      <symbol id="sm-3f3">
         <name>_Position_error</name>
         <value>0xc072</value>
         <object_component_ref idref="oc-fb"/>
      </symbol>
      <symbol id="sm-3f4">
         <name>_MAXON_transmit</name>
         <value>0x8029</value>
         <object_component_ref idref="oc-1df"/>
      </symbol>
      <symbol id="sm-3f5">
         <name>_Encoder_define</name>
         <value>0x339059</value>
         <object_component_ref idref="oc-1de"/>
      </symbol>
      <symbol id="sm-3f6">
         <name>_InitEPwm1Module</name>
         <value>0x338d2d</value>
         <object_component_ref idref="oc-1de"/>
      </symbol>
      <symbol id="sm-3f7">
         <name>_stuff_i</name>
         <value>0xc010</value>
         <object_component_ref idref="oc-fb"/>
      </symbol>
      <symbol id="sm-3f8">
         <name>_torque_offset</name>
         <value>0xc07a</value>
         <object_component_ref idref="oc-fb"/>
      </symbol>
      <symbol id="sm-3f9">
         <name>_scia_fifo_init</name>
         <value>0x338d7b</value>
         <object_component_ref idref="oc-1de"/>
      </symbol>
      <symbol id="sm-3fa">
         <name>_scib_fifo_init</name>
         <value>0x338da1</value>
         <object_component_ref idref="oc-1de"/>
      </symbol>
      <symbol id="sm-3fb">
         <name>_Encoder_deg</name>
         <value>0xc094</value>
         <object_component_ref idref="oc-fb"/>
      </symbol>
      <symbol id="sm-3fc">
         <name>_scic_fifo_init</name>
         <value>0x338dc7</value>
         <object_component_ref idref="oc-1de"/>
      </symbol>
      <symbol id="sm-3fd">
         <name>_TimerCount</name>
         <value>0xc013</value>
         <object_component_ref idref="oc-fb"/>
      </symbol>
      <symbol id="sm-3fe">
         <name>_Encoder_deg_time</name>
         <value>0xc06a</value>
         <object_component_ref idref="oc-fb"/>
      </symbol>
      <symbol id="sm-3ff">
         <name>_b4</name>
         <value>0xc056</value>
         <object_component_ref idref="oc-fb"/>
      </symbol>
      <symbol id="sm-400">
         <name>_b3</name>
         <value>0xc058</value>
         <object_component_ref idref="oc-fb"/>
      </symbol>
      <symbol id="sm-401">
         <name>_b2</name>
         <value>0xc01c</value>
         <object_component_ref idref="oc-fb"/>
      </symbol>
      <symbol id="sm-402">
         <name>_b1</name>
         <value>0xc018</value>
         <object_component_ref idref="oc-fb"/>
      </symbol>
      <symbol id="sm-403">
         <name>_M_i</name>
         <value>0xc008</value>
         <object_component_ref idref="oc-fb"/>
      </symbol>
      <symbol id="sm-404">
         <name>_a4</name>
         <value>0xc05a</value>
         <object_component_ref idref="oc-fb"/>
      </symbol>
      <symbol id="sm-405">
         <name>_a3</name>
         <value>0xc05c</value>
         <object_component_ref idref="oc-fb"/>
      </symbol>
      <symbol id="sm-406">
         <name>_a2</name>
         <value>0xc016</value>
         <object_component_ref idref="oc-fb"/>
      </symbol>
      <symbol id="sm-407">
         <name>_Torque_Calculate</name>
         <value>0x339188</value>
         <object_component_ref idref="oc-1de"/>
      </symbol>
      <symbol id="sm-408">
         <name>_a1</name>
         <value>0xc01a</value>
         <object_component_ref idref="oc-fb"/>
      </symbol>
      <symbol id="sm-409">
         <name>_a0</name>
         <value>0xc01e</value>
         <object_component_ref idref="oc-fb"/>
      </symbol>
      <symbol id="sm-40a">
         <name>_EV_Buff</name>
         <value>0xc180</value>
         <object_component_ref idref="oc-fb"/>
      </symbol>
      <symbol id="sm-40b">
         <name>_Encoder_vel_old</name>
         <value>0xc084</value>
         <object_component_ref idref="oc-fb"/>
      </symbol>
      <symbol id="sm-40c">
         <name>_BT_transmit</name>
         <value>0x802e</value>
         <object_component_ref idref="oc-1df"/>
      </symbol>
      <symbol id="sm-40d">
         <name>_Enable_num</name>
         <value>0xc003</value>
         <object_component_ref idref="oc-fb"/>
      </symbol>
      <symbol id="sm-40e">
         <name>_MAXON_Put_String</name>
         <value>0x8010</value>
         <object_component_ref idref="oc-1df"/>
      </symbol>
      <symbol id="sm-40f">
         <name>_stuff_position</name>
         <value>0xc015</value>
         <object_component_ref idref="oc-fb"/>
      </symbol>
      <symbol id="sm-410">
         <name>_ED_Buff</name>
         <value>0xc140</value>
         <object_component_ref idref="oc-fb"/>
      </symbol>
      <symbol id="sm-411">
         <name>_EV_mva_old</name>
         <value>0xc024</value>
         <object_component_ref idref="oc-fb"/>
      </symbol>
      <symbol id="sm-412">
         <name>_be8</name>
         <value>0xc04a</value>
         <object_component_ref idref="oc-fb"/>
      </symbol>
      <symbol id="sm-413">
         <name>_be7</name>
         <value>0xc04c</value>
         <object_component_ref idref="oc-fb"/>
      </symbol>
      <symbol id="sm-414">
         <name>_be6</name>
         <value>0xc03c</value>
         <object_component_ref idref="oc-fb"/>
      </symbol>
      <symbol id="sm-415">
         <name>_be5</name>
         <value>0xc03e</value>
         <object_component_ref idref="oc-fb"/>
      </symbol>
      <symbol id="sm-416">
         <name>_be4</name>
         <value>0xc040</value>
         <object_component_ref idref="oc-fb"/>
      </symbol>
      <symbol id="sm-417">
         <name>_be3</name>
         <value>0xc060</value>
         <object_component_ref idref="oc-fb"/>
      </symbol>
      <symbol id="sm-418">
         <name>_be2</name>
         <value>0xc062</value>
         <object_component_ref idref="oc-fb"/>
      </symbol>
      <symbol id="sm-419">
         <name>_be1</name>
         <value>0xc064</value>
         <object_component_ref idref="oc-fb"/>
      </symbol>
      <symbol id="sm-41a">
         <name>_E_vel_deg_time</name>
         <value>0xc070</value>
         <object_component_ref idref="oc-fb"/>
      </symbol>
      <symbol id="sm-41b">
         <name>_E_vel_deg_new</name>
         <value>0xc026</value>
         <object_component_ref idref="oc-fb"/>
      </symbol>
      <symbol id="sm-41c">
         <name>_tablet_velocity</name>
         <value>0xc02c</value>
         <object_component_ref idref="oc-fb"/>
      </symbol>
      <symbol id="sm-41d">
         <name>_RxBuff</name>
         <value>0xc0a6</value>
         <object_component_ref idref="oc-fb"/>
      </symbol>
      <symbol id="sm-41e">
         <name>_MetabolizeRehabilitationRobot</name>
         <value>0x338dd7</value>
         <object_component_ref idref="oc-1de"/>
      </symbol>
      <symbol id="sm-41f">
         <name>_w</name>
         <value>0xc052</value>
         <object_component_ref idref="oc-fb"/>
      </symbol>
      <symbol id="sm-420">
         <name>_i</name>
         <value>0xc005</value>
         <object_component_ref idref="oc-fb"/>
      </symbol>
      <symbol id="sm-421">
         <name>_a</name>
         <value>0xc007</value>
         <object_component_ref idref="oc-fb"/>
      </symbol>
      <symbol id="sm-422">
         <name>_ED_mva</name>
         <value>0xc022</value>
         <object_component_ref idref="oc-fb"/>
      </symbol>
      <symbol id="sm-423">
         <name>_torque_fourier</name>
         <value>0xc06c</value>
         <object_component_ref idref="oc-fb"/>
      </symbol>
      <symbol id="sm-424">
         <name>_Encoder_acc</name>
         <value>0xc028</value>
         <object_component_ref idref="oc-fb"/>
      </symbol>
      <symbol id="sm-425">
         <name>_Encoder_value_calculation</name>
         <value>0x338e5f</value>
         <object_component_ref idref="oc-1de"/>
      </symbol>
      <symbol id="sm-426">
         <name>_E_i</name>
         <value>0xc00b</value>
         <object_component_ref idref="oc-fb"/>
      </symbol>
      <symbol id="sm-427">
         <name>_velocity</name>
         <value>0xc038</value>
         <object_component_ref idref="oc-fb"/>
      </symbol>
      <symbol id="sm-428">
         <name>_MAXON</name>
         <value>0xc280</value>
         <object_component_ref idref="oc-fb"/>
      </symbol>
      <symbol id="sm-445">
         <name>_c_int00</name>
         <value>0x33a045</value>
         <object_component_ref idref="oc-4c"/>
      </symbol>
      <symbol id="sm-446">
         <name>__stack</name>
         <value>0x400</value>
         <object_component_ref idref="oc-103"/>
      </symbol>
      <symbol id="sm-45c">
         <name>_copy_in</name>
         <value>0x33a09b</value>
         <object_component_ref idref="oc-1d9"/>
      </symbol>
      <symbol id="sm-46b">
         <name>_ppcopy</name>
         <value>0x33a345</value>
         <object_component_ref idref="oc-10e"/>
      </symbol>
      <symbol id="sm-46c">
         <name>_dpcopy</name>
         <value>0x33a345</value>
         <object_component_ref idref="oc-10e"/>
      </symbol>
      <symbol id="sm-46d">
         <name>_pdcopy</name>
         <value>0x33a345</value>
         <object_component_ref idref="oc-10e"/>
      </symbol>
      <symbol id="sm-46e">
         <name>_ddcopy</name>
         <value>0x33a345</value>
         <object_component_ref idref="oc-10e"/>
      </symbol>
      <symbol id="sm-483">
         <name>C$$EXIT</name>
         <value>0x33a1c6</value>
         <object_component_ref idref="oc-1dc"/>
      </symbol>
      <symbol id="sm-484">
         <name>_exit</name>
         <value>0x33a1c8</value>
         <object_component_ref idref="oc-1dc"/>
      </symbol>
      <symbol id="sm-485">
         <name>___TI_cleanup_ptr</name>
         <value>0xc382</value>
         <object_component_ref idref="oc-115"/>
      </symbol>
      <symbol id="sm-486">
         <name>___TI_enable_exit_profile_output</name>
         <value>0xc380</value>
         <object_component_ref idref="oc-115"/>
      </symbol>
      <symbol id="sm-487">
         <name>_abort</name>
         <value>0x33a1c6</value>
         <object_component_ref idref="oc-1dc"/>
      </symbol>
      <symbol id="sm-488">
         <name>___TI_dtors_ptr</name>
         <value>0xc384</value>
         <object_component_ref idref="oc-115"/>
      </symbol>
      <symbol id="sm-49f">
         <name>FD$$DIV</name>
         <value>0x339d28</value>
         <object_component_ref idref="oc-11a"/>
      </symbol>
      <symbol id="sm-4b1">
         <name>FD$$MPY</name>
         <value>0x339e3b</value>
         <object_component_ref idref="oc-11f"/>
      </symbol>
      <symbol id="sm-4bd">
         <name>FD$$SUB</name>
         <value>0x33a3b2</value>
         <object_component_ref idref="oc-124"/>
      </symbol>
      <symbol id="sm-4cc">
         <name>FD$$TOUL</name>
         <value>0x33a32a</value>
         <object_component_ref idref="oc-129"/>
      </symbol>
      <symbol id="sm-4dd">
         <name>FS$$DIV</name>
         <value>0x339db3</value>
         <object_component_ref idref="oc-12e"/>
      </symbol>
      <symbol id="sm-4ed">
         <name>FS$$TOFD</name>
         <value>0x33a2f2</value>
         <object_component_ref idref="oc-133"/>
      </symbol>
      <symbol id="sm-4f9">
         <name>UL$$MOD</name>
         <value>0x33a1c0</value>
         <object_component_ref idref="oc-138"/>
      </symbol>
      <symbol id="sm-4fa">
         <name>L$$MOD</name>
         <value>0x33a1ab</value>
         <object_component_ref idref="oc-138"/>
      </symbol>
      <symbol id="sm-4fb">
         <name>L$$DIV</name>
         <value>0x33a19c</value>
         <object_component_ref idref="oc-138"/>
      </symbol>
      <symbol id="sm-4fc">
         <name>UL$$DIV</name>
         <value>0x33a1b9</value>
         <object_component_ref idref="oc-138"/>
      </symbol>
      <symbol id="sm-509">
         <name>__system_pre_init</name>
         <value>0x33a416</value>
         <object_component_ref idref="oc-1d8"/>
      </symbol>
      <symbol id="sm-518">
         <name>_cos</name>
         <value>0x339f31</value>
         <object_component_ref idref="oc-1ed"/>
      </symbol>
      <symbol id="sm-519">
         <name>_cosf</name>
         <value>0x339f31</value>
         <object_component_ref idref="oc-1ed"/>
      </symbol>
      <symbol id="sm-527">
         <name>_sin</name>
         <value>0x339fed</value>
         <object_component_ref idref="oc-1ee"/>
      </symbol>
      <symbol id="sm-528">
         <name>_sinf</name>
         <value>0x339fed</value>
         <object_component_ref idref="oc-1ee"/>
      </symbol>
      <symbol id="sm-537">
         <name>_sprintf</name>
         <value>0x33a0e1</value>
         <object_component_ref idref="oc-1dd"/>
      </symbol>
      <symbol id="sm-544">
         <name>__system_post_cinit</name>
         <value>0x33a418</value>
         <object_component_ref idref="oc-1da"/>
      </symbol>
      <symbol id="sm-559">
         <name>__unlock</name>
         <value>0xc37e</value>
         <object_component_ref idref="oc-1fb"/>
      </symbol>
      <symbol id="sm-55a">
         <name>__lock</name>
         <value>0xc37c</value>
         <object_component_ref idref="oc-1e0"/>
      </symbol>
      <symbol id="sm-55b">
         <name>__register_lock</name>
         <value>0x33a3e9</value>
         <object_component_ref idref="oc-1ef"/>
      </symbol>
      <symbol id="sm-55c">
         <name>__nop</name>
         <value>0x33a3ed</value>
         <object_component_ref idref="oc-1ef"/>
      </symbol>
      <symbol id="sm-55d">
         <name>__register_unlock</name>
         <value>0x33a3e5</value>
         <object_component_ref idref="oc-1ef"/>
      </symbol>
      <symbol id="sm-68b">
         <name>___TI_printfi</name>
         <value>0x338ab4</value>
         <object_component_ref idref="oc-1e2"/>
      </symbol>
      <symbol id="sm-69b">
         <name>__args_main</name>
         <value>0x33a35f</value>
         <object_component_ref idref="oc-1db"/>
      </symbol>
      <symbol id="sm-6b0">
         <name>_atoi</name>
         <value>0x33a113</value>
         <object_component_ref idref="oc-1f1"/>
      </symbol>
      <symbol id="sm-6b9">
         <name>__ctypes_</name>
         <value>0x33a41a</value>
         <object_component_ref idref="oc-1fc"/>
      </symbol>
      <symbol id="sm-6d4">
         <name>FD$$ADD</name>
         <value>0x339c8c</value>
         <object_component_ref idref="oc-16e"/>
      </symbol>
      <symbol id="sm-6e4">
         <name>FD$$CMP</name>
         <value>0x33a172</value>
         <object_component_ref idref="oc-173"/>
      </symbol>
      <symbol id="sm-6f1">
         <name>FD$$NEG</name>
         <value>0x33a3ee</value>
         <object_component_ref idref="oc-178"/>
      </symbol>
      <symbol id="sm-700">
         <name>FD$$TOI</name>
         <value>0x33a239</value>
         <object_component_ref idref="oc-17d"/>
      </symbol>
      <symbol id="sm-70f">
         <name>FD$$TOL</name>
         <value>0x33a27a</value>
         <object_component_ref idref="oc-182"/>
      </symbol>
      <symbol id="sm-71f">
         <name>I$$TOFD</name>
         <value>0x33a2d5</value>
         <object_component_ref idref="oc-187"/>
      </symbol>
      <symbol id="sm-72f">
         <name>L$$TOFD</name>
         <value>0x33a30e</value>
         <object_component_ref idref="oc-18c"/>
      </symbol>
      <symbol id="sm-73b">
         <name>LL$$AND</name>
         <value>0x33a378</value>
         <object_component_ref idref="oc-191"/>
      </symbol>
      <symbol id="sm-73c">
         <name>LL$$OR</name>
         <value>0x33a380</value>
         <object_component_ref idref="oc-191"/>
      </symbol>
      <symbol id="sm-73d">
         <name>LL$$XOR</name>
         <value>0x33a388</value>
         <object_component_ref idref="oc-191"/>
      </symbol>
      <symbol id="sm-74b">
         <name>ULL$$CMP</name>
         <value>0x33a2ab</value>
         <object_component_ref idref="oc-196"/>
      </symbol>
      <symbol id="sm-74c">
         <name>LL$$CMP</name>
         <value>0x33a299</value>
         <object_component_ref idref="oc-196"/>
      </symbol>
      <symbol id="sm-778">
         <name>ULL$$MOD</name>
         <value>0x3398f9</value>
         <object_component_ref idref="oc-19b"/>
      </symbol>
      <symbol id="sm-779">
         <name>ULL$$DIV</name>
         <value>0x3398ca</value>
         <object_component_ref idref="oc-19b"/>
      </symbol>
      <symbol id="sm-77a">
         <name>LL$$MOD</name>
         <value>0x339890</value>
         <object_component_ref idref="oc-19b"/>
      </symbol>
      <symbol id="sm-77b">
         <name>LL$$DIV</name>
         <value>0x339854</value>
         <object_component_ref idref="oc-19b"/>
      </symbol>
      <symbol id="sm-78a">
         <name>_ltoa</name>
         <value>0x33a144</value>
         <object_component_ref idref="oc-1f3"/>
      </symbol>
      <symbol id="sm-79a">
         <name>_memccpy</name>
         <value>0x33a3c0</value>
         <object_component_ref idref="oc-1f9"/>
      </symbol>
      <symbol id="sm-7ac">
         <name>_memcpy</name>
         <value>0x33a2b7</value>
         <object_component_ref idref="oc-1e3"/>
      </symbol>
      <symbol id="sm-7bb">
         <name>_memset</name>
         <value>0x33a3cd</value>
         <object_component_ref idref="oc-1f7"/>
      </symbol>
      <symbol id="sm-7cf">
         <name>_frexpl</name>
         <value>0x339f92</value>
         <object_component_ref idref="oc-1f4"/>
      </symbol>
      <symbol id="sm-7ed">
         <name>_scalbnl</name>
         <value>0x339b1b</value>
         <object_component_ref idref="oc-1f5"/>
      </symbol>
      <symbol id="sm-7ee">
         <name>_ldexpl</name>
         <value>0x339b1b</value>
         <object_component_ref idref="oc-1f5"/>
      </symbol>
      <symbol id="sm-7fe">
         <name>_strchr</name>
         <value>0x33a3d9</value>
         <object_component_ref idref="oc-1f6"/>
      </symbol>
      <symbol id="sm-80c">
         <name>_strcpy</name>
         <value>0x33a40e</value>
         <object_component_ref idref="oc-1f8"/>
      </symbol>
      <symbol id="sm-81a">
         <name>_strlen</name>
         <value>0x33a3ff</value>
         <object_component_ref idref="oc-1f2"/>
      </symbol>
      <symbol id="sm-825">
         <name>_errno</name>
         <value>0xc386</value>
         <object_component_ref idref="oc-1d1"/>
      </symbol>
      <symbol id="sm-833">
         <name>_copysignl</name>
         <value>0x33a217</value>
         <object_component_ref idref="oc-1fd"/>
      </symbol>
   </symbol_table>
   <title>Link successful</title>
</link_info>
